../platform/CallChain.cpp:37:5:mbed::CallChainLink::CallChainLink(mbed::Callback<void()>&)	16	static
../platform/CallChain.cpp:45:1:mbed::CallChain::CallChain(int)	16	static
../platform/CallChain.cpp:50:1:mbed::CallChain::~CallChain()	16	static
../platform/CallChain.cpp:50:1:virtual mbed::CallChain::~CallChain()	16	static
../platform/CallChain.cpp:55:20:mbed::Callback<void()>* mbed::CallChain::add(mbed::Callback<void()>)	24	static
../platform/CallChain.cpp:73:20:mbed::Callback<void()>* mbed::CallChain::add_front(mbed::Callback<void()>)	24	static
../platform/CallChain.cpp:81:5:int mbed::CallChain::size() const	16	static
../platform/CallChain.cpp:92:20:mbed::Callback<void()>* mbed::CallChain::get(int) const	16	static
../platform/CallChain.cpp:104:5:int mbed::CallChain::find(mbed::pFunctionPointer_t) const	16	static
../platform/CallChain.cpp:30:7:mbed::CallChainLink::~CallChainLink()	16	static
../platform/CallChain.cpp:118:6:void mbed::CallChain::clear()	24	static
../platform/CallChain.cpp:129:6:bool mbed::CallChain::remove(mbed::pFunctionPointer_t)	24	static
../platform/CallChain.cpp:142:6:void mbed::CallChain::call()	24	static
/home/pc/Desktop/Cours/micro_controller/labo1/mbed-os/./platform/Callback.h:281:5:mbed::Callback<R()>::~Callback() [with R = void]	16	static
/home/pc/Desktop/Cours/micro_controller/labo1/mbed-os/./platform/Callback.h:95:5:mbed::Callback<R()>::Callback(const mbed::Callback<R()>&) [with R = void]	16	static
/home/pc/Desktop/Cours/micro_controller/labo1/mbed-os/./platform/NonCopyable.h:174:5:mbed::NonCopyable<T>::NonCopyable() [with T = mbed::CallChain]	8	static
/home/pc/Desktop/Cours/micro_controller/labo1/mbed-os/./platform/NonCopyable.h:178:5:mbed::NonCopyable<T>::~NonCopyable() [with T = mbed::CallChain]	8	static
/home/pc/Desktop/Cours/micro_controller/labo1/mbed-os/./platform/Callback.h:568:7:R mbed::Callback<R()>::call() const [with R = void]	16	static
