../platform/FileHandle.h:99:17:virtual int mbed::FileHandle::sync()	8	static
../platform/FileHandle.h:110:17:virtual int mbed::FileHandle::isatty()	8	static
../platform/FileHandle.h:121:19:virtual off_t mbed::FileHandle::tell()	16	static
../platform/FileHandle.h:130:18:virtual void mbed::FileHandle::rewind()	16	static
../platform/FileHandle.h:154:19:virtual off_t mbed::FileHandle::lseek(off_t, int)	24	static
../platform/FileHandle.h:168:17:virtual int mbed::FileHandle::fsync()	16	static
../platform/FileHandle.h:180:19:virtual off_t mbed::FileHandle::flen()	16	static
../platform/FileHandle.h:194:17:virtual int mbed::FileHandle::set_blocking(bool)	8	static
../platform/FileHandle.h:203:18:virtual bool mbed::FileHandle::is_blocking() const	8	static
../platform/FileHandle.h:218:19:virtual short int mbed::FileHandle::poll(short int) const	8	static
../platform/FileHandle.h:263:18:virtual void mbed::FileHandle::sigio(mbed::Callback<void()>)	8	static
../platform/FileHandle.cpp:23:7:virtual off_t mbed::FileHandle::size()	24	static
