/usr/local/mcuxpressoide-11.8.0_1165/ide/plugins/com.nxp.mcuxpresso.tools.linux_11.8.0.202306131047/tools/arm-none-eabi/include/c++/12.2.1/new:174:33:void* operator new(std::size_t, void*)	8	static
/home/pc/Desktop/Cours/micro_controller/labo1/mbed-os/./platform/SingletonPtr.h:45:20:void singleton_lock()	0	static
/home/pc/Desktop/Cours/micro_controller/labo1/mbed-os/./platform/SingletonPtr.h:62:20:void singleton_unlock()	0	static
/home/pc/Desktop/Cours/micro_controller/labo1/mbed-os/./platform/PlatformMutex.h:53:5:PlatformMutex::PlatformMutex()	16	static
/home/pc/Desktop/Cours/micro_controller/labo1/mbed-os/./platform/PlatformMutex.h:71:10:void PlatformMutex::lock()	8	static
/home/pc/Desktop/Cours/micro_controller/labo1/mbed-os/./platform/PlatformMutex.h:81:10:void PlatformMutex::unlock()	8	static
../platform/FileBase.cpp:29:1:mbed::FileBase::FileBase(const char*, mbed::PathType)	24	static
../platform/FileBase.cpp:44:1:mbed::FileBase::~FileBase()	24	static
../platform/FileBase.cpp:44:1:virtual mbed::FileBase::~FileBase()	16	static
../platform/FileBase.cpp:72:6:void mbed::FileBase::set_as_default()	16	static
../platform/FileBase.cpp:79:11:static mbed::FileBase* mbed::FileBase::lookup(const char*, unsigned int)	24	static
../platform/FileBase.cpp:99:11:static mbed::FileBase* mbed::FileBase::get(int)	24	static
../platform/FileBase.cpp:117:13:const char* mbed::FileBase::getName()	8	static
../platform/FileBase.cpp:123:10:mbed::PathType mbed::FileBase::getPathType()	8	static
/home/pc/Desktop/Cours/micro_controller/labo1/mbed-os/./platform/NonCopyable.h:174:5:mbed::NonCopyable<T>::NonCopyable() [with T = PlatformMutex]	8	static
/home/pc/Desktop/Cours/micro_controller/labo1/mbed-os/./platform/NonCopyable.h:174:5:mbed::NonCopyable<T>::NonCopyable() [with T = mbed::FileBase]	8	static
/home/pc/Desktop/Cours/micro_controller/labo1/mbed-os/./platform/NonCopyable.h:178:5:mbed::NonCopyable<T>::~NonCopyable() [with T = mbed::FileBase]	8	static
/home/pc/Desktop/Cours/micro_controller/labo1/mbed-os/./platform/SingletonPtr.h:113:8:T* SingletonPtr<T>::operator->() const [with T = PlatformMutex]	16	static
/home/pc/Desktop/Cours/micro_controller/labo1/mbed-os/./platform/SingletonPtr.h:93:8:T* SingletonPtr<T>::get() const [with T = PlatformMutex]	16	static
