/home/pc/Desktop/Cours/micro_controller/labo1/mbed-os/./platform/PlatformMutex.h:53:5:PlatformMutex::PlatformMutex()	16	static
/home/pc/Desktop/Cours/micro_controller/labo1/mbed-os/./platform/PlatformMutex.h:61:5:PlatformMutex::~PlatformMutex()	16	static
/home/pc/Desktop/Cours/micro_controller/labo1/mbed-os/./platform/PlatformMutex.h:71:10:void PlatformMutex::lock()	8	static
/home/pc/Desktop/Cours/micro_controller/labo1/mbed-os/./platform/PlatformMutex.h:81:10:void PlatformMutex::unlock()	8	static
/home/pc/Desktop/Cours/micro_controller/labo1/mbed-os/./platform/FileHandle.h:48:13:mbed::FileHandle::~FileHandle()	16	static
/home/pc/Desktop/Cours/micro_controller/labo1/mbed-os/./platform/FileHandle.h:48:13:virtual mbed::FileHandle::~FileHandle()	16	static
/home/pc/Desktop/Cours/micro_controller/labo1/mbed-os/./platform/FileHandle.h:121:19:virtual off_t mbed::FileHandle::tell()	16	static
/home/pc/Desktop/Cours/micro_controller/labo1/mbed-os/./platform/FileHandle.h:130:18:virtual void mbed::FileHandle::rewind()	16	static
/home/pc/Desktop/Cours/micro_controller/labo1/mbed-os/./platform/FileHandle.h:154:19:virtual off_t mbed::FileHandle::lseek(off_t, int)	24	static
/home/pc/Desktop/Cours/micro_controller/labo1/mbed-os/./platform/FileHandle.h:168:17:virtual int mbed::FileHandle::fsync()	16	static
/home/pc/Desktop/Cours/micro_controller/labo1/mbed-os/./platform/FileHandle.h:180:19:virtual off_t mbed::FileHandle::flen()	16	static
/home/pc/Desktop/Cours/micro_controller/labo1/mbed-os/./platform/FileHandle.h:194:17:virtual int mbed::FileHandle::set_blocking(bool)	8	static
/home/pc/Desktop/Cours/micro_controller/labo1/mbed-os/./platform/FileHandle.h:203:18:virtual bool mbed::FileHandle::is_blocking() const	8	static
/home/pc/Desktop/Cours/micro_controller/labo1/mbed-os/./platform/FileHandle.h:218:19:virtual short int mbed::FileHandle::poll(short int) const	8	static
/home/pc/Desktop/Cours/micro_controller/labo1/mbed-os/./platform/FileHandle.h:263:18:virtual void mbed::FileHandle::sigio(mbed::Callback<void()>)	8	static
/home/pc/Desktop/Cours/micro_controller/labo1/mbed-os/./platform/DirHandle.h:58:13:mbed::DirHandle::~DirHandle()	16	static
/home/pc/Desktop/Cours/micro_controller/labo1/mbed-os/./platform/DirHandle.h:58:13:virtual mbed::DirHandle::~DirHandle()	16	static
/home/pc/Desktop/Cours/micro_controller/labo1/mbed-os/./platform/DirHandle.h:94:20:virtual size_t mbed::DirHandle::size()	32	static
/home/pc/Desktop/Cours/micro_controller/labo1/mbed-os/./platform/DirHandle.h:118:17:virtual int mbed::DirHandle::closedir()	16	static
/home/pc/Desktop/Cours/micro_controller/labo1/mbed-os/./platform/DirHandle.h:133:28:virtual dirent* mbed::DirHandle::readdir()	16	static
/home/pc/Desktop/Cours/micro_controller/labo1/mbed-os/./platform/DirHandle.h:143:18:virtual void mbed::DirHandle::rewinddir()	16	static
/home/pc/Desktop/Cours/micro_controller/labo1/mbed-os/./platform/DirHandle.h:156:19:virtual off_t mbed::DirHandle::telldir()	16	static
/home/pc/Desktop/Cours/micro_controller/labo1/mbed-os/./platform/DirHandle.h:167:18:virtual void mbed::DirHandle::seekdir(off_t)	16	static
/home/pc/Desktop/Cours/micro_controller/labo1/mbed-os/./platform/FileSystemHandle.h:48:13:mbed::FileSystemHandle::~FileSystemHandle()	16	static
/home/pc/Desktop/Cours/micro_controller/labo1/mbed-os/./platform/FileSystemHandle.h:48:13:virtual mbed::FileSystemHandle::~FileSystemHandle()	16	static
/home/pc/Desktop/Cours/micro_controller/labo1/mbed-os/./platform/FileSystemLike.h:49:13:mbed::FileSystemLike::~FileSystemLike()	16	static
/home/pc/Desktop/Cours/micro_controller/labo1/mbed-os/./platform/FileSystemLike.h:49:13:virtual mbed::FileSystemLike::~FileSystemLike()	16	static
/home/pc/Desktop/Cours/micro_controller/labo1/mbed-os/./platform/mbed_semihost_api.h:49:19:int __semihost(int, const void*)	32	static
../platform/LocalFileSystem.cpp:49:12:int mbed::xffind(const char*, XFINFO*)	32	static
../platform/LocalFileSystem.cpp:68:5:int mbed::posix_to_semihost_open_flags(int)	16	static
../platform/LocalFileSystem.cpp:100:12:FILEHANDLE mbed::local_file_open(const char*, int)	24	static
/home/pc/Desktop/Cours/micro_controller/labo1/mbed-os/./platform/FileHandle.h:46:7:mbed::FileHandle::FileHandle()	16	static
../platform/LocalFileSystem.cpp:115:1:mbed::LocalFileHandle::LocalFileHandle(FILEHANDLE)	16	static
../platform/LocalFileSystem.cpp:120:5:virtual int mbed::LocalFileHandle::close()	24	static
../platform/LocalFileSystem.cpp:127:9:virtual ssize_t mbed::LocalFileHandle::write(const void*, size_t)	32	static
../platform/LocalFileSystem.cpp:137:9:virtual ssize_t mbed::LocalFileHandle::read(void*, size_t)	32	static
../platform/LocalFileSystem.cpp:147:5:virtual int mbed::LocalFileHandle::isatty()	24	static
../platform/LocalFileSystem.cpp:155:7:virtual off_t mbed::LocalFileHandle::seek(off_t, int)	24	static
../platform/LocalFileSystem.cpp:171:5:virtual int mbed::LocalFileHandle::sync()	24	static
../platform/LocalFileSystem.cpp:179:7:virtual off_t mbed::LocalFileHandle::size()	24	static
../platform/LocalFileSystem.cpp:187:6:virtual void mbed::LocalFileHandle::lock()	16	static
../platform/LocalFileSystem.cpp:192:6:virtual void mbed::LocalFileHandle::unlock()	16	static
/home/pc/Desktop/Cours/micro_controller/labo1/mbed-os/./platform/DirHandle.h:56:7:mbed::DirHandle::DirHandle()	16	static
../platform/LocalFileSystem.cpp:202:5:mbed::LocalDirHandle::LocalDirHandle()	16	static
../platform/LocalFileSystem.cpp:206:17:virtual int mbed::LocalDirHandle::close()	16	static
../platform/LocalFileSystem.cpp:213:17:virtual int mbed::LocalDirHandle::read(dirent*)	16	static
../platform/LocalFileSystem.cpp:225:18:virtual void mbed::LocalDirHandle::rewind()	16	static
../platform/LocalFileSystem.cpp:232:19:virtual off_t mbed::LocalDirHandle::tell()	24	static
../platform/LocalFileSystem.cpp:240:18:virtual void mbed::LocalDirHandle::seek(off_t)	16	static
../platform/LocalFileSystem.cpp:250:18:virtual void mbed::LocalDirHandle::lock()	16	static
../platform/LocalFileSystem.cpp:255:18:virtual void mbed::LocalDirHandle::unlock()	16	static
../platform/LocalFileSystem.cpp:261:5:virtual int mbed::LocalFileSystem::open(mbed::FileHandle**, const char*, int)	40	static
../platform/LocalFileSystem.cpp:286:5:virtual int mbed::LocalFileSystem::remove(const char*)	16	static
../platform/LocalFileSystem.cpp:293:5:virtual int mbed::LocalFileSystem::open(mbed::DirHandle**, const char*)	24	static
/home/pc/Desktop/Cours/micro_controller/labo1/mbed-os/./platform/NonCopyable.h:174:5:mbed::NonCopyable<T>::NonCopyable() [with T = PlatformMutex]	8	static
/home/pc/Desktop/Cours/micro_controller/labo1/mbed-os/./platform/NonCopyable.h:178:5:mbed::NonCopyable<T>::~NonCopyable() [with T = PlatformMutex]	8	static
/home/pc/Desktop/Cours/micro_controller/labo1/mbed-os/./platform/NonCopyable.h:178:5:mbed::NonCopyable<T>::~NonCopyable() [with T = mbed::FileHandle]	8	static
/home/pc/Desktop/Cours/micro_controller/labo1/mbed-os/./platform/NonCopyable.h:178:5:mbed::NonCopyable<T>::~NonCopyable() [with T = mbed::DirHandle]	8	static
/home/pc/Desktop/Cours/micro_controller/labo1/mbed-os/./platform/NonCopyable.h:178:5:mbed::NonCopyable<T>::~NonCopyable() [with T = mbed::FileSystemHandle]	8	static
/home/pc/Desktop/Cours/micro_controller/labo1/mbed-os/./platform/NonCopyable.h:178:5:mbed::NonCopyable<T>::~NonCopyable() [with T = mbed::FileSystemLike]	8	static
/home/pc/Desktop/Cours/micro_controller/labo1/mbed-os/./platform/NonCopyable.h:178:5:mbed::NonCopyable<T>::~NonCopyable() [with T = mbed::LocalFileSystem]	8	static
/home/pc/Desktop/Cours/micro_controller/labo1/mbed-os/./platform/NonCopyable.h:174:5:mbed::NonCopyable<T>::NonCopyable() [with T = mbed::FileHandle]	8	static
/home/pc/Desktop/Cours/micro_controller/labo1/mbed-os/./platform/NonCopyable.h:174:5:mbed::NonCopyable<T>::NonCopyable() [with T = mbed::LocalFileHandle]	8	static
/home/pc/Desktop/Cours/micro_controller/labo1/mbed-os/./platform/NonCopyable.h:178:5:mbed::NonCopyable<T>::~NonCopyable() [with T = mbed::LocalFileHandle]	8	static
/home/pc/Desktop/Cours/micro_controller/labo1/mbed-os/./platform/NonCopyable.h:174:5:mbed::NonCopyable<T>::NonCopyable() [with T = mbed::DirHandle]	8	static
../platform/LocalFileSystem.cpp:197:7:mbed::LocalDirHandle::~LocalDirHandle()	16	static
../platform/LocalFileSystem.cpp:197:7:virtual mbed::LocalDirHandle::~LocalDirHandle()	16	static
/home/pc/Desktop/Cours/micro_controller/labo1/mbed-os/./platform/LocalFileSystem.h:106:7:mbed::LocalFileSystem::~LocalFileSystem()	16	static
/home/pc/Desktop/Cours/micro_controller/labo1/mbed-os/./platform/LocalFileSystem.h:106:7:virtual mbed::LocalFileSystem::~LocalFileSystem()	16	static
/home/pc/Desktop/Cours/micro_controller/labo1/mbed-os/./platform/LocalFileSystem.h:42:7:mbed::LocalFileHandle::~LocalFileHandle()	16	static
/home/pc/Desktop/Cours/micro_controller/labo1/mbed-os/./platform/LocalFileSystem.h:42:7:virtual mbed::LocalFileHandle::~LocalFileHandle()	16	static
