/home/pc/Desktop/Cours/micro_controller/labo1/mbed-os/./platform/mbed_semihost_api.h:49:19:__semihost	32	static
../platform/mbed_semihost_api.c:48:12:semihost_open	32	static
../platform/mbed_semihost_api.c:57:5:semihost_close	16	static
../platform/mbed_semihost_api.c:62:5:semihost_write	40	static
../platform/mbed_semihost_api.c:75:5:semihost_read	40	static
../platform/mbed_semihost_api.c:84:5:semihost_istty	16	static
../platform/mbed_semihost_api.c:89:5:semihost_seek	24	static
../platform/mbed_semihost_api.c:97:5:semihost_ensure	16	static
../platform/mbed_semihost_api.c:102:6:semihost_flen	16	static
../platform/mbed_semihost_api.c:107:5:semihost_remove	24	static
../platform/mbed_semihost_api.c:115:5:semihost_rename	32	static
../platform/mbed_semihost_api.c:126:5:semihost_exit	24	static
../platform/mbed_semihost_api.c:132:5:semihost_uid	24	static
../platform/mbed_semihost_api.c:140:5:semihost_reset	8	static
../platform/mbed_semihost_api.c:147:5:semihost_vbus	8	static
../platform/mbed_semihost_api.c:152:5:semihost_powerdown	8	static
../platform/mbed_semihost_api.c:159:5:semihost_connected	0	static
../platform/mbed_semihost_api.c:174:5:semihost_disabledebug	16	static
