../platform/mbed_error.c:70:21:compute_crc32	32	static
../platform/mbed_error.c:93:27:mbed_halt_system	8	static
../platform/mbed_error.c:114:25:error	24	static
../platform/mbed_error.c:133:28:handle_error	80	static
../platform/mbed_error.c:196:11:mbed_error_reboot_callback	8	static
../platform/mbed_error.c:202:21:mbed_error_initialize	0	static
../platform/mbed_error.c:238:21:mbed_get_first_error	0	static
../platform/mbed_error.c:245:21:mbed_get_last_error	0	static
../platform/mbed_error.c:252:5:mbed_get_error_count	0	static
../platform/mbed_error.c:259:21:mbed_warning	32	static
../platform/mbed_error.c:265:40:mbed_error	32	static
../platform/mbed_error.c:309:21:mbed_set_error_hook	8	static
../platform/mbed_error.c:321:21:mbed_reset_reboot_error_info	0	static
../platform/mbed_error.c:333:21:mbed_reset_reboot_count	0	static
../platform/mbed_error.c:351:21:mbed_get_reboot_error_info	16	static
../platform/mbed_error.c:368:21:mbed_get_first_error_info	16	static
../platform/mbed_error.c:375:21:mbed_get_last_error_info	16	static
../platform/mbed_error.c:382:21:mbed_make_error	8	static
../platform/mbed_error.c:416:21:mbed_clear_all_errors	16	static
../platform/mbed_error.c:434:20:name_or_unnamed	8	static
../platform/mbed_error.c:457:13:print_error_report	32	static
