../platform/mbed_critical.c:48:6:core_util_are_interrupts_enabled	8	static
../platform/mbed_critical.c:57:6:core_util_is_isr_active	8	static
../platform/mbed_critical.c:73:6:core_util_in_critical_section	8	static
../platform/mbed_critical.c:78:6:core_util_critical_section_enter	8	static
../platform/mbed_critical.c:88:6:core_util_critical_section_exit	8	static
../platform/mbed_critical.c:103:6:core_util_atomic_flag_clear	8	static
../platform/mbed_critical.c:115:6:core_util_atomic_flag_test_and_set	32	static
../platform/mbed_critical.c:124:6:core_util_atomic_cas_u8	40	static
../platform/mbed_critical.c:137:6:core_util_atomic_cas_u16	40	static
../platform/mbed_critical.c:151:6:core_util_atomic_cas_u32	40	static
../platform/mbed_critical.c:164:9:core_util_atomic_incr_u8	32	static
../platform/mbed_critical.c:173:10:core_util_atomic_incr_u16	32	static
../platform/mbed_critical.c:182:10:core_util_atomic_incr_u32	32	static
../platform/mbed_critical.c:192:9:core_util_atomic_decr_u8	32	static
../platform/mbed_critical.c:201:10:core_util_atomic_decr_u16	32	static
../platform/mbed_critical.c:210:10:core_util_atomic_decr_u32	32	static
../platform/mbed_critical.c:347:6:core_util_atomic_cas_ptr	24	static
../platform/mbed_critical.c:355:7:core_util_atomic_incr_ptr	16	static
../platform/mbed_critical.c:360:7:core_util_atomic_decr_ptr	16	static
