/home/pc/Desktop/Cours/micro_controller/labo1/mbed-os/./platform/FileHandle.h:48:13:mbed::FileHandle::~FileHandle()	16	static
/home/pc/Desktop/Cours/micro_controller/labo1/mbed-os/./platform/FileHandle.h:48:13:virtual mbed::FileHandle::~FileHandle()	16	static
/home/pc/Desktop/Cours/micro_controller/labo1/mbed-os/./platform/FileHandle.h:99:17:virtual int mbed::FileHandle::sync()	8	static
/home/pc/Desktop/Cours/micro_controller/labo1/mbed-os/./platform/FileHandle.h:110:17:virtual int mbed::FileHandle::isatty()	8	static
/home/pc/Desktop/Cours/micro_controller/labo1/mbed-os/./platform/FileHandle.h:121:19:virtual off_t mbed::FileHandle::tell()	16	static
/home/pc/Desktop/Cours/micro_controller/labo1/mbed-os/./platform/FileHandle.h:130:18:virtual void mbed::FileHandle::rewind()	16	static
/home/pc/Desktop/Cours/micro_controller/labo1/mbed-os/./platform/FileHandle.h:154:19:virtual off_t mbed::FileHandle::lseek(off_t, int)	24	static
/home/pc/Desktop/Cours/micro_controller/labo1/mbed-os/./platform/FileHandle.h:168:17:virtual int mbed::FileHandle::fsync()	16	static
/home/pc/Desktop/Cours/micro_controller/labo1/mbed-os/./platform/FileHandle.h:180:19:virtual off_t mbed::FileHandle::flen()	16	static
/home/pc/Desktop/Cours/micro_controller/labo1/mbed-os/./platform/FileHandle.h:194:17:virtual int mbed::FileHandle::set_blocking(bool)	8	static
/home/pc/Desktop/Cours/micro_controller/labo1/mbed-os/./platform/FileHandle.h:203:18:virtual bool mbed::FileHandle::is_blocking() const	8	static
/home/pc/Desktop/Cours/micro_controller/labo1/mbed-os/./platform/FileHandle.h:218:19:virtual short int mbed::FileHandle::poll(short int) const	8	static
/home/pc/Desktop/Cours/micro_controller/labo1/mbed-os/./platform/FileHandle.h:263:18:virtual void mbed::FileHandle::sigio(mbed::Callback<void()>)	8	static
/home/pc/Desktop/Cours/micro_controller/labo1/mbed-os/./platform/FileHandle.h:46:7:mbed::FileHandle::FileHandle()	16	static
/home/pc/Desktop/Cours/micro_controller/labo1/mbed-os/./platform/FileLike.h:45:5:mbed::FileLike::FileLike(const char*)	16	static
/home/pc/Desktop/Cours/micro_controller/labo1/mbed-os/./platform/FileLike.h:46:13:mbed::FileLike::~FileLike()	16	static
/home/pc/Desktop/Cours/micro_controller/labo1/mbed-os/./platform/FileLike.h:46:13:virtual mbed::FileLike::~FileLike()	16	static
/home/pc/Desktop/Cours/micro_controller/labo1/mbed-os/./platform/Stream.h:80:18:virtual void mbed::Stream::lock()	8	static
/home/pc/Desktop/Cours/micro_controller/labo1/mbed-os/./platform/Stream.h:87:18:virtual void mbed::Stream::unlock()	8	static
../platform/Stream.cpp:23:1:mbed::Stream::Stream(const char*)	24	static
../platform/Stream.cpp:38:1:mbed::Stream::~Stream()	16	static
../platform/Stream.cpp:38:1:virtual mbed::Stream::~Stream()	16	static
../platform/Stream.cpp:44:5:int mbed::Stream::putc(int)	24	static
../platform/Stream.cpp:52:5:int mbed::Stream::puts(const char*)	24	static
../platform/Stream.cpp:60:5:int mbed::Stream::getc()	24	static
../platform/Stream.cpp:68:7:char* mbed::Stream::gets(char*, int)	32	static
../platform/Stream.cpp:77:5:virtual int mbed::Stream::close()	8	static
../platform/Stream.cpp:82:9:virtual ssize_t mbed::Stream::write(const void*, size_t)	32	static
../platform/Stream.cpp:98:9:virtual ssize_t mbed::Stream::read(void*, size_t)	40	static
../platform/Stream.cpp:116:7:virtual off_t mbed::Stream::seek(off_t, int)	16	static
../platform/Stream.cpp:121:7:virtual off_t mbed::Stream::tell()	8	static
../platform/Stream.cpp:126:6:virtual void mbed::Stream::rewind()	8	static
../platform/Stream.cpp:130:5:virtual int mbed::Stream::isatty()	8	static
../platform/Stream.cpp:135:5:virtual int mbed::Stream::sync()	8	static
../platform/Stream.cpp:140:7:virtual off_t mbed::Stream::size()	8	static
../platform/Stream.cpp:145:5:)	20	static
../platform/Stream.cpp:157:5:)	20	static
../platform/Stream.cpp:169:5:int mbed::Stream::vprintf(const char*, va_list)	32	static
../platform/Stream.cpp:178:5:int mbed::Stream::vscanf(const char*, va_list)	32	static
/home/pc/Desktop/Cours/micro_controller/labo1/mbed-os/./platform/NonCopyable.h:178:5:mbed::NonCopyable<T>::~NonCopyable() [with T = mbed::FileHandle]	8	static
/home/pc/Desktop/Cours/micro_controller/labo1/mbed-os/./platform/NonCopyable.h:174:5:mbed::NonCopyable<T>::NonCopyable() [with T = mbed::FileHandle]	8	static
/home/pc/Desktop/Cours/micro_controller/labo1/mbed-os/./platform/NonCopyable.h:174:5:mbed::NonCopyable<T>::NonCopyable() [with T = mbed::FileLike]	8	static
/home/pc/Desktop/Cours/micro_controller/labo1/mbed-os/./platform/NonCopyable.h:178:5:mbed::NonCopyable<T>::~NonCopyable() [with T = mbed::FileLike]	8	static
/home/pc/Desktop/Cours/micro_controller/labo1/mbed-os/./platform/NonCopyable.h:174:5:mbed::NonCopyable<T>::NonCopyable() [with T = mbed::Stream]	8	static
/home/pc/Desktop/Cours/micro_controller/labo1/mbed-os/./platform/NonCopyable.h:178:5:mbed::NonCopyable<T>::~NonCopyable() [with T = mbed::Stream]	8	static
