/home/pc/Desktop/Cours/micro_controller/labo1/mbed-os/cmsis/TARGET_CORTEX_M/core_cm3.h:1512:22:__NVIC_EnableIRQ	8	static
/home/pc/Desktop/Cours/micro_controller/labo1/mbed-os/cmsis/TARGET_CORTEX_M/core_cm3.h:1548:22:__NVIC_DisableIRQ	8	static
/home/pc/Desktop/Cours/micro_controller/labo1/mbed-os/cmsis/TARGET_CORTEX_M/core_cm3.h:1737:22:__NVIC_SetVector	16	static
../targets/TARGET_NXP/TARGET_LPC176X/can_api.c:69:17:can_disable	16	static
../targets/TARGET_NXP/TARGET_LPC176X/can_api.c:75:20:can_enable	8	static
../targets/TARGET_NXP/TARGET_LPC176X/can_api.c:81:5:can_mode	24	static
../targets/TARGET_NXP/TARGET_LPC176X/can_api.c:123:5:can_filter	16	static
../targets/TARGET_NXP/TARGET_LPC176X/can_api.c:127:20:can_irq	24	static
../targets/TARGET_NXP/TARGET_LPC176X/can_api.c:151:6:can_irq_n	16	static
../targets/TARGET_NXP/TARGET_LPC176X/can_api.c:166:6:can_irq_init	16	static
../targets/TARGET_NXP/TARGET_LPC176X/can_api.c:172:6:can_irq_free	16	static
../targets/TARGET_NXP/TARGET_LPC176X/can_api.c:182:6:can_irq_set	32	static
../targets/TARGET_NXP/TARGET_LPC176X/can_api.c:217:12:can_pclk	16	static
../targets/TARGET_NXP/TARGET_LPC176X/can_api.c:260:21:can_speed	40	static
../targets/TARGET_NXP/TARGET_LPC176X/can_api.c:295:6:can_init_freq	32	static
../targets/TARGET_NXP/TARGET_LPC176X/can_api.c:321:6:can_init	24	static
../targets/TARGET_NXP/TARGET_LPC176X/can_api.c:325:6:can_free	8	static
../targets/TARGET_NXP/TARGET_LPC176X/can_api.c:332:5:can_frequency	32	static
../targets/TARGET_NXP/TARGET_LPC176X/can_api.c:347:5:can_write	40	static
../targets/TARGET_NXP/TARGET_LPC176X/can_api.c:407:5:can_read	48	static
../targets/TARGET_NXP/TARGET_LPC176X/can_api.c:431:6:can_reset	16	static
../targets/TARGET_NXP/TARGET_LPC176X/can_api.c:436:15:can_rderror	8	static
../targets/TARGET_NXP/TARGET_LPC176X/can_api.c:440:15:can_tderror	8	static
../targets/TARGET_NXP/TARGET_LPC176X/can_api.c:444:6:can_monitor	24	static
