/home/pc/Desktop/Cours/micro_controller/labo1/mbed-os/cmsis/TARGET_CORTEX_M/core_cm3.h:1512:22:__NVIC_EnableIRQ	8	static
/home/pc/Desktop/Cours/micro_controller/labo1/mbed-os/cmsis/TARGET_CORTEX_M/core_cm3.h:1548:22:__NVIC_DisableIRQ	8	static
/home/pc/Desktop/Cours/micro_controller/labo1/mbed-os/cmsis/TARGET_CORTEX_M/core_cm3.h:1737:22:__NVIC_SetVector	16	static
../targets/TARGET_NXP/TARGET_LPC176X/gpio_irq_api.c:27:13:handle_interrupt_in	32	static
../targets/TARGET_NXP/TARGET_LPC176X/gpio_irq_api.c:82:5:gpio_irq_init	32	static
../targets/TARGET_NXP/TARGET_LPC176X/gpio_irq_api.c:105:6:gpio_irq_free	8	static
../targets/TARGET_NXP/TARGET_LPC176X/gpio_irq_api.c:109:6:gpio_irq_set	16	static
../targets/TARGET_NXP/TARGET_LPC176X/gpio_irq_api.c:154:6:gpio_irq_enable	16	static
../targets/TARGET_NXP/TARGET_LPC176X/gpio_irq_api.c:158:6:gpio_irq_disable	16	static
