../targets/TARGET_NXP/TARGET_LPC176X/i2c_api.c:49:20:i2c_conclr	16	static
../targets/TARGET_NXP/TARGET_LPC176X/i2c_api.c:56:20:i2c_conset	16	static
../targets/TARGET_NXP/TARGET_LPC176X/i2c_api.c:64:20:i2c_clear_SI	24	static
../targets/TARGET_NXP/TARGET_LPC176X/i2c_api.c:68:19:i2c_status	8	static
../targets/TARGET_NXP/TARGET_LPC176X/i2c_api.c:73:12:i2c_wait_SI	16	static
../targets/TARGET_NXP/TARGET_LPC176X/i2c_api.c:82:20:i2c_interface_enable	8	static
../targets/TARGET_NXP/TARGET_LPC176X/i2c_api.c:86:20:i2c_power_enable	8	static
../targets/TARGET_NXP/TARGET_LPC176X/i2c_api.c:94:6:i2c_init	40	static
../targets/TARGET_NXP/TARGET_LPC176X/i2c_api.c:113:12:i2c_start	32	static
../targets/TARGET_NXP/TARGET_LPC176X/i2c_api.c:139:12:i2c_stop	32	static
../targets/TARGET_NXP/TARGET_LPC176X/i2c_api.c:155:19:i2c_do_write	24	static
../targets/TARGET_NXP/TARGET_LPC176X/i2c_api.c:167:19:i2c_do_read	24	static
../targets/TARGET_NXP/TARGET_LPC176X/i2c_api.c:185:6:i2c_frequency	16	static
../targets/TARGET_NXP/TARGET_LPC176X/i2c_api.c:210:5:i2c_read	40	static
../targets/TARGET_NXP/TARGET_LPC176X/i2c_api.c:255:5:i2c_write	32	static
../targets/TARGET_NXP/TARGET_LPC176X/i2c_api.c:291:6:i2c_reset	16	static
../targets/TARGET_NXP/TARGET_LPC176X/i2c_api.c:295:5:i2c_byte_read	16	static
../targets/TARGET_NXP/TARGET_LPC176X/i2c_api.c:299:5:i2c_byte_write	24	static
../targets/TARGET_NXP/TARGET_LPC176X/i2c_api.c:321:6:i2c_slave_mode	24	static
../targets/TARGET_NXP/TARGET_LPC176X/i2c_api.c:330:5:i2c_slave_receive	24	static
../targets/TARGET_NXP/TARGET_LPC176X/i2c_api.c:345:5:i2c_slave_read	32	static
../targets/TARGET_NXP/TARGET_LPC176X/i2c_api.c:376:5:i2c_slave_write	32	static
../targets/TARGET_NXP/TARGET_LPC176X/i2c_api.c:398:6:i2c_slave_address	24	static
