/home/pc/Desktop/Cours/micro_controller/labo1/mbed-os/cmsis/TARGET_CORTEX_M/core_cm3.h:1512:22:__NVIC_EnableIRQ	8	static
/home/pc/Desktop/Cours/micro_controller/labo1/mbed-os/cmsis/TARGET_CORTEX_M/core_cm3.h:1548:22:__NVIC_DisableIRQ	8	static
/home/pc/Desktop/Cours/micro_controller/labo1/mbed-os/cmsis/TARGET_CORTEX_M/core_cm3.h:1737:22:__NVIC_SetVector	16	static
/home/pc/Desktop/Cours/micro_controller/labo1/mbed-os/targets/TARGET_NXP/TARGET_LPC176X/gpio_object.h:35:20:gpio_write	16	static
/home/pc/Desktop/Cours/micro_controller/labo1/mbed-os/targets/TARGET_NXP/TARGET_LPC176X/gpio_object.h:43:19:gpio_read	16	static
../targets/TARGET_NXP/TARGET_LPC176X/serial_api.c:85:6:serial_init	40	static
../targets/TARGET_NXP/TARGET_LPC176X/serial_api.c:148:6:serial_free	8	static
../targets/TARGET_NXP/TARGET_LPC176X/serial_api.c:154:6:serial_baud	40	static
../targets/TARGET_NXP/TARGET_LPC176X/serial_api.c:250:6:serial_format	32	static
../targets/TARGET_NXP/TARGET_LPC176X/serial_api.c:279:20:uart_irq	32	static
../targets/TARGET_NXP/TARGET_LPC176X/serial_api.c:298:6:uart0_irq	8	static
../targets/TARGET_NXP/TARGET_LPC176X/serial_api.c:299:6:uart1_irq	8	static
../targets/TARGET_NXP/TARGET_LPC176X/serial_api.c:300:6:uart2_irq	8	static
../targets/TARGET_NXP/TARGET_LPC176X/serial_api.c:301:6:uart3_irq	8	static
../targets/TARGET_NXP/TARGET_LPC176X/serial_api.c:303:6:serial_irq_handler	16	static
../targets/TARGET_NXP/TARGET_LPC176X/serial_api.c:308:13:serial_irq_set_internal	40	static
../targets/TARGET_NXP/TARGET_LPC176X/serial_api.c:332:6:serial_irq_set	24	static
../targets/TARGET_NXP/TARGET_LPC176X/serial_api.c:338:13:serial_flow_irq_set	16	static
../targets/TARGET_NXP/TARGET_LPC176X/serial_api.c:346:5:serial_getc	24	static
../targets/TARGET_NXP/TARGET_LPC176X/serial_api.c:356:6:serial_putc	16	static
../targets/TARGET_NXP/TARGET_LPC176X/serial_api.c:362:5:serial_readable	8	static
../targets/TARGET_NXP/TARGET_LPC176X/serial_api.c:366:5:serial_writable	24	static
../targets/TARGET_NXP/TARGET_LPC176X/serial_api.c:379:6:serial_clear	8	static
../targets/TARGET_NXP/TARGET_LPC176X/serial_api.c:386:6:serial_pinout_tx	16	static
../targets/TARGET_NXP/TARGET_LPC176X/serial_api.c:390:6:serial_break_set	8	static
../targets/TARGET_NXP/TARGET_LPC176X/serial_api.c:394:6:serial_break_clear	8	static
../targets/TARGET_NXP/TARGET_LPC176X/serial_api.c:398:6:serial_set_flow_control	40	static
