15:20:39 **** Incremental Build of configuration Debug for project labo1 ****
make -r -j20 all 
Building file: ../src/labo1.cpp
Invoking: MCU C++ Compiler
arm-none-eabi-c++ -std=gnu++98 -DDEVICE_FLASH=1 -DARM_MATH_CM3 -DDEVICE_DIGITALIN=1 -DDEVICE_SLEEP=1 -DTARGET_CORTEX -DTARGET_NXP -DCOMPONENT_NSPE=1 -DDEVICE_I2CSLAVE=1 -DDEVICE_PWMOUT=1 -DDEVICE_I2C=1 -DTARGET_CORTEX_M -DTOOLCHAIN_GCC -DTARGET_LIKE_MBED -D__CMSIS_RTOS -DDEVICE_MPU=1 -DDEVICE_DEBUG_AWARENESS=1 -DTOOLCHAIN_GCC_ARM -D__CORTEX_M3 -DTARGET_LPC1768 -DDEVICE_ANALOGIN=1 -DTARGET_M3 -DCOMPONENT_PSA_SRV_EMUL=1 -DDEVICE_SPISLAVE=1 -DDEVICE_INTERRUPTIN=1 -D__MBED_CMSIS_RTOS_CM -DCOMPONENT_PSA_SRV_IMPL=1 -DTARGET_LPC176X -DTARGET_LPCTarget -D__MBED__=1 -DDEVICE_ETHERNET=1 -DDEVICE_CAN=1 -DDEVICE_EMAC=1 -DDEVICE_DIGITALOUT=1 -DMBED_BUILD_TIMESTAMP=1570193752.760802 -DDEVICE_SEMIHOST=1 -DDEVICE_STDIO_MESSAGES=1 -DDEVICE_SPI=1 -DDEVICE_SERIAL=1 -DDEVICE_LOCALFILESYSTEM=1 -DTARGET_NXP_EMAC -DTARGET_MBED_LPC1768 -DTARGET_DEBUG -DDEVICE_PORTOUT=1 -DDEVICE_RTC=1 -DTARGET_LIKE_CORTEX_M3 -DDEVICE_ANALOGOUT=1 -DTARGET_hepialight2 -DDEVICE_SERIAL_FC=1 -DDEVICE_PORTIN=1 -DDEVICE_PORTINOUT=1 -DDEVICE_USTICKER=1 -D__NEWLIB__ -DDEBUG -D__CODE_RED -DCORE_M3 -DCPP_USE_HEAP -D__LPC17XX__ -I"/home/pc/Desktop/Cours/micro_controller/labo1/labo1/." -I"/home/pc/Desktop/Cours/micro_controller/labo1/labo1/inc" -I"/home/pc/Desktop/Cours/micro_controller/labo1/mbed-os" -I"/home/pc/Desktop/Cours/micro_controller/labo1/mbed-os/cmsis" -I"/home/pc/Desktop/Cours/micro_controller/labo1/mbed-os/cmsis/TARGET_CORTEX_M" -I"/home/pc/Desktop/Cours/micro_controller/labo1/mbed-os/drivers" -I"/home/pc/Desktop/Cours/micro_controller/labo1/mbed-os/hal" -I"/home/pc/Desktop/Cours/micro_controller/labo1/mbed-os/hal/storage_abstraction" -I"/home/pc/Desktop/Cours/micro_controller/labo1/mbed-os/platform" -I"/home/pc/Desktop/Cours/micro_controller/labo1/mbed-os/targets/TARGET_NXP" -I"/home/pc/Desktop/Cours/micro_controller/labo1/mbed-os/targets/TARGET_NXP/TARGET_LPC176X" -I"/home/pc/Desktop/Cours/micro_controller/labo1/mbed-os/targets/TARGET_NXP/TARGET_LPC176X/TARGET_MBED_LPC1768" -I"/home/pc/Desktop/Cours/micro_controller/labo1/mbed-os/targets/TARGET_NXP/TARGET_LPC176X/device" -include"/home/pc/Desktop/Cours/micro_controller/labo1/mbed-os/mbed_config.h" -O0 -fno-rtti -fmessage-length=0 -fno-exceptions -fno-builtin -ffunction-sections -fdata-sections -funsigned-char -fno-delete-null-pointer-checks -fomit-frame-pointer -g3 -Wall -Wextra -c -DMBED_DEBUG -DMBED_TRAP_ERRORS_ENABLED=1 -Wno-unused-parameter -Wno-missing-field-initializers -fmerge-constants -fmacro-prefix-map="../src/"= -mcpu=cortex-m3 -mthumb -D__NEWLIB__ -fstack-usage -MMD -MP -MF"src/labo1.d" -MT"src/labo1.o" -MT"src/labo1.d" -o "src/labo1.o" "../src/labo1.cpp"
Finished building: ../src/labo1.cpp
 
Building target: labo1.axf
Invoking: MCU C++ Linker
arm-none-eabi-c++ -L"/home/pc/Desktop/Cours/micro_controller/labo1/mbed-os/Debug" -DMBED_DEBUG -DMBED_TRAP_ERRORS_ENABLED=1 -Wl,-n -Wl,--start-group -lstdc++ -lsupc++ -lm -lc -lgcc -lnosys -lmbed-os -Wl,--end-group -Xlinker -Map="labo1.map" -Xlinker -print-memory-usage -Xlinker --gc-sections -Xlinker --wrap=main -Xlinker --wrap=_malloc_r -Xlinker --wrap=_free_r -Xlinker --wrap=_realloc_r -Xlinker --wrap=_memalign_r -Xlinker --wrap=_calloc_r -Xlinker --wrap=exit -Xlinker --wrap=atexit -mcpu=cortex-m3 -mthumb -T ../../mbed-os/targets/TARGET_NXP/TARGET_LPC176X/device/TOOLCHAIN_GCC_ARM/LPC1768.ld -o "labo1.axf" ./src/labo1.o    -lstdc++ -lsupc++ -lm -lc -lgcc -lnosys -lmbed-os
/usr/local/mcuxpressoide-11.8.0_1165/ide/plugins/com.nxp.mcuxpresso.tools.linux_11.8.0.202306131047/tools/bin/../lib/gcc/arm-none-eabi/12.2.1/../../../../arm-none-eabi/bin/ld: /usr/local/mcuxpressoide-11.8.0_1165/ide/plugins/com.nxp.mcuxpresso.tools.linux_11.8.0.202306131047/tools/bin/../lib/gcc/arm-none-eabi/12.2.1/../../../../arm-none-eabi/lib/thumb/v7-m/nofp/libc.a(libc_a-signalr.o): in function `_getpid_r':
signalr.c:(.text._getpid_r+0x0): warning: _getpid is not implemented and will always fail
/usr/local/mcuxpressoide-11.8.0_1165/ide/plugins/com.nxp.mcuxpresso.tools.linux_11.8.0.202306131047/tools/bin/../lib/gcc/arm-none-eabi/12.2.1/../../../../arm-none-eabi/bin/ld: /usr/local/mcuxpressoide-11.8.0_1165/ide/plugins/com.nxp.mcuxpresso.tools.linux_11.8.0.202306131047/tools/bin/../lib/gcc/arm-none-eabi/12.2.1/../../../../arm-none-eabi/lib/thumb/v7-m/nofp/libc.a(libc_a-signalr.o): in function `_kill_r':
signalr.c:(.text._kill_r+0xe): warning: _kill is not implemented and will always fail
Memory region         Used Size  Region Size  %age Used
           FLASH:       54336 B       512 KB     10.36%
             RAM:        3060 B      32512 B      9.41%
            RAM2:          0 GB        32 KB      0.00%
Finished building target: labo1.axf
 
Performing post-build steps
arm-none-eabi-size "labo1.axf"; # arm-none-eabi-objcopy -v -O binary "labo1.axf" "labo1.bin" ; # checksum -p LPC1769 -d "labo1.bin";
   text	   data	    bss	    dec	    hex	filename
  54336	   1996	   1060	  57392	   e030	labo1.axf
 
15:20:50 **** Incremental Build of configuration Debug for project labo1 ****
make -r -j20 all 
make[1]: Nothing to be done for 'main-build'.
Performing post-build steps
arm-none-eabi-size "labo1.axf"; # arm-none-eabi-objcopy -v -O binary "labo1.axf" "labo1.bin" ; # checksum -p LPC1769 -d "labo1.bin";
   text	   data	    bss	    dec	    hex	filename
  54336	   1996	   1060	  57392	   e030	labo1.axf
 
15:29:22 **** Incremental Build of configuration Debug for project labo1 ****
make -r -j20 all 
Building file: ../src/labo1.cpp
Invoking: MCU C++ Compiler
arm-none-eabi-c++ -std=gnu++98 -DDEVICE_FLASH=1 -DARM_MATH_CM3 -DDEVICE_DIGITALIN=1 -DDEVICE_SLEEP=1 -DTARGET_CORTEX -DTARGET_NXP -DCOMPONENT_NSPE=1 -DDEVICE_I2CSLAVE=1 -DDEVICE_PWMOUT=1 -DDEVICE_I2C=1 -DTARGET_CORTEX_M -DTOOLCHAIN_GCC -DTARGET_LIKE_MBED -D__CMSIS_RTOS -DDEVICE_MPU=1 -DDEVICE_DEBUG_AWARENESS=1 -DTOOLCHAIN_GCC_ARM -D__CORTEX_M3 -DTARGET_LPC1768 -DDEVICE_ANALOGIN=1 -DTARGET_M3 -DCOMPONENT_PSA_SRV_EMUL=1 -DDEVICE_SPISLAVE=1 -DDEVICE_INTERRUPTIN=1 -D__MBED_CMSIS_RTOS_CM -DCOMPONENT_PSA_SRV_IMPL=1 -DTARGET_LPC176X -DTARGET_LPCTarget -D__MBED__=1 -DDEVICE_ETHERNET=1 -DDEVICE_CAN=1 -DDEVICE_EMAC=1 -DDEVICE_DIGITALOUT=1 -DMBED_BUILD_TIMESTAMP=1570193752.760802 -DDEVICE_SEMIHOST=1 -DDEVICE_STDIO_MESSAGES=1 -DDEVICE_SPI=1 -DDEVICE_SERIAL=1 -DDEVICE_LOCALFILESYSTEM=1 -DTARGET_NXP_EMAC -DTARGET_MBED_LPC1768 -DTARGET_DEBUG -DDEVICE_PORTOUT=1 -DDEVICE_RTC=1 -DTARGET_LIKE_CORTEX_M3 -DDEVICE_ANALOGOUT=1 -DTARGET_hepialight2 -DDEVICE_SERIAL_FC=1 -DDEVICE_PORTIN=1 -DDEVICE_PORTINOUT=1 -DDEVICE_USTICKER=1 -D__NEWLIB__ -DDEBUG -D__CODE_RED -DCORE_M3 -DCPP_USE_HEAP -D__LPC17XX__ -I"/home/pc/Desktop/Cours/micro_controller/labo1/labo1/." -I"/home/pc/Desktop/Cours/micro_controller/labo1/labo1/inc" -I"/home/pc/Desktop/Cours/micro_controller/labo1/mbed-os" -I"/home/pc/Desktop/Cours/micro_controller/labo1/mbed-os/cmsis" -I"/home/pc/Desktop/Cours/micro_controller/labo1/mbed-os/cmsis/TARGET_CORTEX_M" -I"/home/pc/Desktop/Cours/micro_controller/labo1/mbed-os/drivers" -I"/home/pc/Desktop/Cours/micro_controller/labo1/mbed-os/hal" -I"/home/pc/Desktop/Cours/micro_controller/labo1/mbed-os/hal/storage_abstraction" -I"/home/pc/Desktop/Cours/micro_controller/labo1/mbed-os/platform" -I"/home/pc/Desktop/Cours/micro_controller/labo1/mbed-os/targets/TARGET_NXP" -I"/home/pc/Desktop/Cours/micro_controller/labo1/mbed-os/targets/TARGET_NXP/TARGET_LPC176X" -I"/home/pc/Desktop/Cours/micro_controller/labo1/mbed-os/targets/TARGET_NXP/TARGET_LPC176X/TARGET_MBED_LPC1768" -I"/home/pc/Desktop/Cours/micro_controller/labo1/mbed-os/targets/TARGET_NXP/TARGET_LPC176X/device" -include"/home/pc/Desktop/Cours/micro_controller/labo1/mbed-os/mbed_config.h" -O0 -fno-rtti -fmessage-length=0 -fno-exceptions -fno-builtin -ffunction-sections -fdata-sections -funsigned-char -fno-delete-null-pointer-checks -fomit-frame-pointer -g3 -Wall -Wextra -c -DMBED_DEBUG -DMBED_TRAP_ERRORS_ENABLED=1 -Wno-unused-parameter -Wno-missing-field-initializers -fmerge-constants -fmacro-prefix-map="../src/"= -mcpu=cortex-m3 -mthumb -D__NEWLIB__ -fstack-usage -MMD -MP -MF"src/labo1.d" -MT"src/labo1.o" -MT"src/labo1.d" -o "src/labo1.o" "../src/labo1.cpp"
Finished building: ../src/labo1.cpp
 
Building target: labo1.axf
Invoking: MCU C++ Linker
arm-none-eabi-c++ -L"/home/pc/Desktop/Cours/micro_controller/labo1/mbed-os/Debug" -DMBED_DEBUG -DMBED_TRAP_ERRORS_ENABLED=1 -Wl,-n -Wl,--start-group -lstdc++ -lsupc++ -lm -lc -lgcc -lnosys -lmbed-os -Wl,--end-group -Xlinker -Map="labo1.map" -Xlinker -print-memory-usage -Xlinker --gc-sections -Xlinker --wrap=main -Xlinker --wrap=_malloc_r -Xlinker --wrap=_free_r -Xlinker --wrap=_realloc_r -Xlinker --wrap=_memalign_r -Xlinker --wrap=_calloc_r -Xlinker --wrap=exit -Xlinker --wrap=atexit -mcpu=cortex-m3 -mthumb -T ../../mbed-os/targets/TARGET_NXP/TARGET_LPC176X/device/TOOLCHAIN_GCC_ARM/LPC1768.ld -o "labo1.axf" ./src/labo1.o    -lstdc++ -lsupc++ -lm -lc -lgcc -lnosys -lmbed-os
/usr/local/mcuxpressoide-11.8.0_1165/ide/plugins/com.nxp.mcuxpresso.tools.linux_11.8.0.202306131047/tools/bin/../lib/gcc/arm-none-eabi/12.2.1/../../../../arm-none-eabi/bin/ld: /usr/local/mcuxpressoide-11.8.0_1165/ide/plugins/com.nxp.mcuxpresso.tools.linux_11.8.0.202306131047/tools/bin/../lib/gcc/arm-none-eabi/12.2.1/../../../../arm-none-eabi/lib/thumb/v7-m/nofp/libc.a(libc_a-signalr.o): in function `_getpid_r':
signalr.c:(.text._getpid_r+0x0): warning: _getpid is not implemented and will always fail
/usr/local/mcuxpressoide-11.8.0_1165/ide/plugins/com.nxp.mcuxpresso.tools.linux_11.8.0.202306131047/tools/bin/../lib/gcc/arm-none-eabi/12.2.1/../../../../arm-none-eabi/bin/ld: /usr/local/mcuxpressoide-11.8.0_1165/ide/plugins/com.nxp.mcuxpresso.tools.linux_11.8.0.202306131047/tools/bin/../lib/gcc/arm-none-eabi/12.2.1/../../../../arm-none-eabi/lib/thumb/v7-m/nofp/libc.a(libc_a-signalr.o): in function `_kill_r':
signalr.c:(.text._kill_r+0xe): warning: _kill is not implemented and will always fail
Memory region         Used Size  Region Size  %age Used
           FLASH:       54360 B       512 KB     10.37%
             RAM:        3060 B      32512 B      9.41%
            RAM2:          0 GB        32 KB      0.00%
Finished building target: labo1.axf
 
Performing post-build steps
arm-none-eabi-size "labo1.axf"; # arm-none-eabi-objcopy -v -O binary "labo1.axf" "labo1.bin" ; # checksum -p LPC1769 -d "labo1.bin";
   text	   data	    bss	    dec	    hex	filename
  54360	   1996	   1060	  57416	   e048	labo1.axf
 
15:29:32 **** Incremental Build of configuration Debug for project labo1 ****
make -r -j20 all 
make[1]: Nothing to be done for 'main-build'.
Performing post-build steps
arm-none-eabi-size "labo1.axf"; # arm-none-eabi-objcopy -v -O binary "labo1.axf" "labo1.bin" ; # checksum -p LPC1769 -d "labo1.bin";
   text	   data	    bss	    dec	    hex	filename
  54360	   1996	   1060	  57416	   e048	labo1.axf
 
15:50:48 **** Incremental Build of configuration Debug for project labo1 ****
make -r -j20 all 
Building file: ../src/labo1.cpp
Invoking: MCU C++ Compiler
arm-none-eabi-c++ -std=gnu++98 -DDEVICE_FLASH=1 -DARM_MATH_CM3 -DDEVICE_DIGITALIN=1 -DDEVICE_SLEEP=1 -DTARGET_CORTEX -DTARGET_NXP -DCOMPONENT_NSPE=1 -DDEVICE_I2CSLAVE=1 -DDEVICE_PWMOUT=1 -DDEVICE_I2C=1 -DTARGET_CORTEX_M -DTOOLCHAIN_GCC -DTARGET_LIKE_MBED -D__CMSIS_RTOS -DDEVICE_MPU=1 -DDEVICE_DEBUG_AWARENESS=1 -DTOOLCHAIN_GCC_ARM -D__CORTEX_M3 -DTARGET_LPC1768 -DDEVICE_ANALOGIN=1 -DTARGET_M3 -DCOMPONENT_PSA_SRV_EMUL=1 -DDEVICE_SPISLAVE=1 -DDEVICE_INTERRUPTIN=1 -D__MBED_CMSIS_RTOS_CM -DCOMPONENT_PSA_SRV_IMPL=1 -DTARGET_LPC176X -DTARGET_LPCTarget -D__MBED__=1 -DDEVICE_ETHERNET=1 -DDEVICE_CAN=1 -DDEVICE_EMAC=1 -DDEVICE_DIGITALOUT=1 -DMBED_BUILD_TIMESTAMP=1570193752.760802 -DDEVICE_SEMIHOST=1 -DDEVICE_STDIO_MESSAGES=1 -DDEVICE_SPI=1 -DDEVICE_SERIAL=1 -DDEVICE_LOCALFILESYSTEM=1 -DTARGET_NXP_EMAC -DTARGET_MBED_LPC1768 -DTARGET_DEBUG -DDEVICE_PORTOUT=1 -DDEVICE_RTC=1 -DTARGET_LIKE_CORTEX_M3 -DDEVICE_ANALOGOUT=1 -DTARGET_hepialight2 -DDEVICE_SERIAL_FC=1 -DDEVICE_PORTIN=1 -DDEVICE_PORTINOUT=1 -DDEVICE_USTICKER=1 -D__NEWLIB__ -DDEBUG -D__CODE_RED -DCORE_M3 -DCPP_USE_HEAP -D__LPC17XX__ -I"/home/pc/Desktop/Cours/micro_controller/labo1/labo1/." -I"/home/pc/Desktop/Cours/micro_controller/labo1/labo1/inc" -I"/home/pc/Desktop/Cours/micro_controller/labo1/mbed-os" -I"/home/pc/Desktop/Cours/micro_controller/labo1/mbed-os/cmsis" -I"/home/pc/Desktop/Cours/micro_controller/labo1/mbed-os/cmsis/TARGET_CORTEX_M" -I"/home/pc/Desktop/Cours/micro_controller/labo1/mbed-os/drivers" -I"/home/pc/Desktop/Cours/micro_controller/labo1/mbed-os/hal" -I"/home/pc/Desktop/Cours/micro_controller/labo1/mbed-os/hal/storage_abstraction" -I"/home/pc/Desktop/Cours/micro_controller/labo1/mbed-os/platform" -I"/home/pc/Desktop/Cours/micro_controller/labo1/mbed-os/targets/TARGET_NXP" -I"/home/pc/Desktop/Cours/micro_controller/labo1/mbed-os/targets/TARGET_NXP/TARGET_LPC176X" -I"/home/pc/Desktop/Cours/micro_controller/labo1/mbed-os/targets/TARGET_NXP/TARGET_LPC176X/TARGET_MBED_LPC1768" -I"/home/pc/Desktop/Cours/micro_controller/labo1/mbed-os/targets/TARGET_NXP/TARGET_LPC176X/device" -include"/home/pc/Desktop/Cours/micro_controller/labo1/mbed-os/mbed_config.h" -O0 -fno-rtti -fmessage-length=0 -fno-exceptions -fno-builtin -ffunction-sections -fdata-sections -funsigned-char -fno-delete-null-pointer-checks -fomit-frame-pointer -g3 -Wall -Wextra -c -DMBED_DEBUG -DMBED_TRAP_ERRORS_ENABLED=1 -Wno-unused-parameter -Wno-missing-field-initializers -fmerge-constants -fmacro-prefix-map="../src/"= -mcpu=cortex-m3 -mthumb -D__NEWLIB__ -fstack-usage -MMD -MP -MF"src/labo1.d" -MT"src/labo1.o" -MT"src/labo1.d" -o "src/labo1.o" "../src/labo1.cpp"
Finished building: ../src/labo1.cpp
 
Building target: labo1.axf
Invoking: MCU C++ Linker
arm-none-eabi-c++ -L"/home/pc/Desktop/Cours/micro_controller/labo1/mbed-os/Debug" -DMBED_DEBUG -DMBED_TRAP_ERRORS_ENABLED=1 -Wl,-n -Wl,--start-group -lstdc++ -lsupc++ -lm -lc -lgcc -lnosys -lmbed-os -Wl,--end-group -Xlinker -Map="labo1.map" -Xlinker -print-memory-usage -Xlinker --gc-sections -Xlinker --wrap=main -Xlinker --wrap=_malloc_r -Xlinker --wrap=_free_r -Xlinker --wrap=_realloc_r -Xlinker --wrap=_memalign_r -Xlinker --wrap=_calloc_r -Xlinker --wrap=exit -Xlinker --wrap=atexit -mcpu=cortex-m3 -mthumb -T ../../mbed-os/targets/TARGET_NXP/TARGET_LPC176X/device/TOOLCHAIN_GCC_ARM/LPC1768.ld -o "labo1.axf" ./src/labo1.o    -lstdc++ -lsupc++ -lm -lc -lgcc -lnosys -lmbed-os
/usr/local/mcuxpressoide-11.8.0_1165/ide/plugins/com.nxp.mcuxpresso.tools.linux_11.8.0.202306131047/tools/bin/../lib/gcc/arm-none-eabi/12.2.1/../../../../arm-none-eabi/bin/ld: /usr/local/mcuxpressoide-11.8.0_1165/ide/plugins/com.nxp.mcuxpresso.tools.linux_11.8.0.202306131047/tools/bin/../lib/gcc/arm-none-eabi/12.2.1/../../../../arm-none-eabi/lib/thumb/v7-m/nofp/libc.a(libc_a-signalr.o): in function `_getpid_r':
signalr.c:(.text._getpid_r+0x0): warning: _getpid is not implemented and will always fail
/usr/local/mcuxpressoide-11.8.0_1165/ide/plugins/com.nxp.mcuxpresso.tools.linux_11.8.0.202306131047/tools/bin/../lib/gcc/arm-none-eabi/12.2.1/../../../../arm-none-eabi/bin/ld: /usr/local/mcuxpressoide-11.8.0_1165/ide/plugins/com.nxp.mcuxpresso.tools.linux_11.8.0.202306131047/tools/bin/../lib/gcc/arm-none-eabi/12.2.1/../../../../arm-none-eabi/lib/thumb/v7-m/nofp/libc.a(libc_a-signalr.o): in function `_kill_r':
signalr.c:(.text._kill_r+0xe): warning: _kill is not implemented and will always fail
Memory region         Used Size  Region Size  %age Used
           FLASH:       54576 B       512 KB     10.41%
             RAM:        3088 B      32512 B      9.50%
            RAM2:          0 GB        32 KB      0.00%
Finished building target: labo1.axf
 
Performing post-build steps
arm-none-eabi-size "labo1.axf"; # arm-none-eabi-objcopy -v -O binary "labo1.axf" "labo1.bin" ; # checksum -p LPC1769 -d "labo1.bin";
   text	   data	    bss	    dec	    hex	filename
  54576	   1996	   1088	  57660	   e13c	labo1.axf
 
15:50:53 **** Incremental Build of configuration Debug for project labo1 ****
make -r -j20 all 
make[1]: Nothing to be done for 'main-build'.
Performing post-build steps
arm-none-eabi-size "labo1.axf"; # arm-none-eabi-objcopy -v -O binary "labo1.axf" "labo1.bin" ; # checksum -p LPC1769 -d "labo1.bin";
   text	   data	    bss	    dec	    hex	filename
  54576	   1996	   1088	  57660	   e13c	labo1.axf
 
14:22:12 **** Incremental Build of configuration Debug for project labo1 ****
make -r -j20 all 
Building file: ../src/labo1.cpp
Invoking: MCU C++ Compiler
arm-none-eabi-c++ -std=gnu++98 -DDEVICE_FLASH=1 -DARM_MATH_CM3 -DDEVICE_DIGITALIN=1 -DDEVICE_SLEEP=1 -DTARGET_CORTEX -DTARGET_NXP -DCOMPONENT_NSPE=1 -DDEVICE_I2CSLAVE=1 -DDEVICE_PWMOUT=1 -DDEVICE_I2C=1 -DTARGET_CORTEX_M -DTOOLCHAIN_GCC -DTARGET_LIKE_MBED -D__CMSIS_RTOS -DDEVICE_MPU=1 -DDEVICE_DEBUG_AWARENESS=1 -DTOOLCHAIN_GCC_ARM -D__CORTEX_M3 -DTARGET_LPC1768 -DDEVICE_ANALOGIN=1 -DTARGET_M3 -DCOMPONENT_PSA_SRV_EMUL=1 -DDEVICE_SPISLAVE=1 -DDEVICE_INTERRUPTIN=1 -D__MBED_CMSIS_RTOS_CM -DCOMPONENT_PSA_SRV_IMPL=1 -DTARGET_LPC176X -DTARGET_LPCTarget -D__MBED__=1 -DDEVICE_ETHERNET=1 -DDEVICE_CAN=1 -DDEVICE_EMAC=1 -DDEVICE_DIGITALOUT=1 -DMBED_BUILD_TIMESTAMP=1570193752.760802 -DDEVICE_SEMIHOST=1 -DDEVICE_STDIO_MESSAGES=1 -DDEVICE_SPI=1 -DDEVICE_SERIAL=1 -DDEVICE_LOCALFILESYSTEM=1 -DTARGET_NXP_EMAC -DTARGET_MBED_LPC1768 -DTARGET_DEBUG -DDEVICE_PORTOUT=1 -DDEVICE_RTC=1 -DTARGET_LIKE_CORTEX_M3 -DDEVICE_ANALOGOUT=1 -DTARGET_hepialight2 -DDEVICE_SERIAL_FC=1 -DDEVICE_PORTIN=1 -DDEVICE_PORTINOUT=1 -DDEVICE_USTICKER=1 -D__NEWLIB__ -DDEBUG -D__CODE_RED -DCORE_M3 -DCPP_USE_HEAP -D__LPC17XX__ -I"/home/pc/Desktop/Cours/micro_controller/labo1/labo1/." -I"/home/pc/Desktop/Cours/micro_controller/labo1/labo1/inc" -I"/home/pc/Desktop/Cours/micro_controller/labo1/mbed-os" -I"/home/pc/Desktop/Cours/micro_controller/labo1/mbed-os/cmsis" -I"/home/pc/Desktop/Cours/micro_controller/labo1/mbed-os/cmsis/TARGET_CORTEX_M" -I"/home/pc/Desktop/Cours/micro_controller/labo1/mbed-os/drivers" -I"/home/pc/Desktop/Cours/micro_controller/labo1/mbed-os/hal" -I"/home/pc/Desktop/Cours/micro_controller/labo1/mbed-os/hal/storage_abstraction" -I"/home/pc/Desktop/Cours/micro_controller/labo1/mbed-os/platform" -I"/home/pc/Desktop/Cours/micro_controller/labo1/mbed-os/targets/TARGET_NXP" -I"/home/pc/Desktop/Cours/micro_controller/labo1/mbed-os/targets/TARGET_NXP/TARGET_LPC176X" -I"/home/pc/Desktop/Cours/micro_controller/labo1/mbed-os/targets/TARGET_NXP/TARGET_LPC176X/TARGET_MBED_LPC1768" -I"/home/pc/Desktop/Cours/micro_controller/labo1/mbed-os/targets/TARGET_NXP/TARGET_LPC176X/device" -include"/home/pc/Desktop/Cours/micro_controller/labo1/mbed-os/mbed_config.h" -O0 -fno-rtti -fmessage-length=0 -fno-exceptions -fno-builtin -ffunction-sections -fdata-sections -funsigned-char -fno-delete-null-pointer-checks -fomit-frame-pointer -g3 -Wall -Wextra -c -DMBED_DEBUG -DMBED_TRAP_ERRORS_ENABLED=1 -Wno-unused-parameter -Wno-missing-field-initializers -fmerge-constants -fmacro-prefix-map="../src/"= -mcpu=cortex-m3 -mthumb -D__NEWLIB__ -fstack-usage -MMD -MP -MF"src/labo1.d" -MT"src/labo1.o" -MT"src/labo1.d" -o "src/labo1.o" "../src/labo1.cpp"
Finished building: ../src/labo1.cpp
 
Building target: labo1.axf
Invoking: MCU C++ Linker
arm-none-eabi-c++ -L"/home/pc/Desktop/Cours/micro_controller/labo1/mbed-os/Debug" -DMBED_DEBUG -DMBED_TRAP_ERRORS_ENABLED=1 -Wl,-n -Wl,--start-group -lstdc++ -lsupc++ -lm -lc -lgcc -lnosys -lmbed-os -Wl,--end-group -Xlinker -Map="labo1.map" -Xlinker -print-memory-usage -Xlinker --gc-sections -Xlinker --wrap=main -Xlinker --wrap=_malloc_r -Xlinker --wrap=_free_r -Xlinker --wrap=_realloc_r -Xlinker --wrap=_memalign_r -Xlinker --wrap=_calloc_r -Xlinker --wrap=exit -Xlinker --wrap=atexit -mcpu=cortex-m3 -mthumb -T ../../mbed-os/targets/TARGET_NXP/TARGET_LPC176X/device/TOOLCHAIN_GCC_ARM/LPC1768.ld -o "labo1.axf" ./src/labo1.o    -lstdc++ -lsupc++ -lm -lc -lgcc -lnosys -lmbed-os
/usr/local/mcuxpressoide-11.8.0_1165/ide/plugins/com.nxp.mcuxpresso.tools.linux_11.8.0.202306131047/tools/bin/../lib/gcc/arm-none-eabi/12.2.1/../../../../arm-none-eabi/bin/ld: /usr/local/mcuxpressoide-11.8.0_1165/ide/plugins/com.nxp.mcuxpresso.tools.linux_11.8.0.202306131047/tools/bin/../lib/gcc/arm-none-eabi/12.2.1/../../../../arm-none-eabi/lib/thumb/v7-m/nofp/libc.a(libc_a-signalr.o): in function `_getpid_r':
signalr.c:(.text._getpid_r+0x0): warning: _getpid is not implemented and will always fail
/usr/local/mcuxpressoide-11.8.0_1165/ide/plugins/com.nxp.mcuxpresso.tools.linux_11.8.0.202306131047/tools/bin/../lib/gcc/arm-none-eabi/12.2.1/../../../../arm-none-eabi/bin/ld: /usr/local/mcuxpressoide-11.8.0_1165/ide/plugins/com.nxp.mcuxpresso.tools.linux_11.8.0.202306131047/tools/bin/../lib/gcc/arm-none-eabi/12.2.1/../../../../arm-none-eabi/lib/thumb/v7-m/nofp/libc.a(libc_a-signalr.o): in function `_kill_r':
signalr.c:(.text._kill_r+0xe): warning: _kill is not implemented and will always fail
Memory region         Used Size  Region Size  %age Used
           FLASH:       54544 B       512 KB     10.40%
             RAM:        3088 B      32512 B      9.50%
            RAM2:          0 GB        32 KB      0.00%
Finished building target: labo1.axf
 
Performing post-build steps
arm-none-eabi-size "labo1.axf"; # arm-none-eabi-objcopy -v -O binary "labo1.axf" "labo1.bin" ; # checksum -p LPC1769 -d "labo1.bin";
   text	   data	    bss	    dec	    hex	filename
  54544	   1996	   1088	  57628	   e11c	labo1.axf
 
14:22:17 **** Incremental Build of configuration Debug for project labo1 ****
make -r -j20 all 
make[1]: Nothing to be done for 'main-build'.
Performing post-build steps
arm-none-eabi-size "labo1.axf"; # arm-none-eabi-objcopy -v -O binary "labo1.axf" "labo1.bin" ; # checksum -p LPC1769 -d "labo1.bin";
   text	   data	    bss	    dec	    hex	filename
  54544	   1996	   1088	  57628	   e11c	labo1.axf
 
14:51:32 **** Incremental Build of configuration Debug for project labo1 ****
make -r -j20 all 
Building file: ../src/labo1.cpp
Invoking: MCU C++ Compiler
arm-none-eabi-c++ -std=gnu++98 -DDEVICE_FLASH=1 -DARM_MATH_CM3 -DDEVICE_DIGITALIN=1 -DDEVICE_SLEEP=1 -DTARGET_CORTEX -DTARGET_NXP -DCOMPONENT_NSPE=1 -DDEVICE_I2CSLAVE=1 -DDEVICE_PWMOUT=1 -DDEVICE_I2C=1 -DTARGET_CORTEX_M -DTOOLCHAIN_GCC -DTARGET_LIKE_MBED -D__CMSIS_RTOS -DDEVICE_MPU=1 -DDEVICE_DEBUG_AWARENESS=1 -DTOOLCHAIN_GCC_ARM -D__CORTEX_M3 -DTARGET_LPC1768 -DDEVICE_ANALOGIN=1 -DTARGET_M3 -DCOMPONENT_PSA_SRV_EMUL=1 -DDEVICE_SPISLAVE=1 -DDEVICE_INTERRUPTIN=1 -D__MBED_CMSIS_RTOS_CM -DCOMPONENT_PSA_SRV_IMPL=1 -DTARGET_LPC176X -DTARGET_LPCTarget -D__MBED__=1 -DDEVICE_ETHERNET=1 -DDEVICE_CAN=1 -DDEVICE_EMAC=1 -DDEVICE_DIGITALOUT=1 -DMBED_BUILD_TIMESTAMP=1570193752.760802 -DDEVICE_SEMIHOST=1 -DDEVICE_STDIO_MESSAGES=1 -DDEVICE_SPI=1 -DDEVICE_SERIAL=1 -DDEVICE_LOCALFILESYSTEM=1 -DTARGET_NXP_EMAC -DTARGET_MBED_LPC1768 -DTARGET_DEBUG -DDEVICE_PORTOUT=1 -DDEVICE_RTC=1 -DTARGET_LIKE_CORTEX_M3 -DDEVICE_ANALOGOUT=1 -DTARGET_hepialight2 -DDEVICE_SERIAL_FC=1 -DDEVICE_PORTIN=1 -DDEVICE_PORTINOUT=1 -DDEVICE_USTICKER=1 -D__NEWLIB__ -DDEBUG -D__CODE_RED -DCORE_M3 -DCPP_USE_HEAP -D__LPC17XX__ -I"/home/pc/Desktop/Cours/micro_controller/labo1/labo1/." -I"/home/pc/Desktop/Cours/micro_controller/labo1/labo1/inc" -I"/home/pc/Desktop/Cours/micro_controller/labo1/mbed-os" -I"/home/pc/Desktop/Cours/micro_controller/labo1/mbed-os/cmsis" -I"/home/pc/Desktop/Cours/micro_controller/labo1/mbed-os/cmsis/TARGET_CORTEX_M" -I"/home/pc/Desktop/Cours/micro_controller/labo1/mbed-os/drivers" -I"/home/pc/Desktop/Cours/micro_controller/labo1/mbed-os/hal" -I"/home/pc/Desktop/Cours/micro_controller/labo1/mbed-os/hal/storage_abstraction" -I"/home/pc/Desktop/Cours/micro_controller/labo1/mbed-os/platform" -I"/home/pc/Desktop/Cours/micro_controller/labo1/mbed-os/targets/TARGET_NXP" -I"/home/pc/Desktop/Cours/micro_controller/labo1/mbed-os/targets/TARGET_NXP/TARGET_LPC176X" -I"/home/pc/Desktop/Cours/micro_controller/labo1/mbed-os/targets/TARGET_NXP/TARGET_LPC176X/TARGET_MBED_LPC1768" -I"/home/pc/Desktop/Cours/micro_controller/labo1/mbed-os/targets/TARGET_NXP/TARGET_LPC176X/device" -include"/home/pc/Desktop/Cours/micro_controller/labo1/mbed-os/mbed_config.h" -O0 -fno-rtti -fmessage-length=0 -fno-exceptions -fno-builtin -ffunction-sections -fdata-sections -funsigned-char -fno-delete-null-pointer-checks -fomit-frame-pointer -g3 -Wall -Wextra -c -DMBED_DEBUG -DMBED_TRAP_ERRORS_ENABLED=1 -Wno-unused-parameter -Wno-missing-field-initializers -fmerge-constants -fmacro-prefix-map="../src/"= -mcpu=cortex-m3 -mthumb -D__NEWLIB__ -fstack-usage -MMD -MP -MF"src/labo1.d" -MT"src/labo1.o" -MT"src/labo1.d" -o "src/labo1.o" "../src/labo1.cpp"
Finished building: ../src/labo1.cpp
 
Building target: labo1.axf
Invoking: MCU C++ Linker
arm-none-eabi-c++ -L"/home/pc/Desktop/Cours/micro_controller/labo1/mbed-os/Debug" -DMBED_DEBUG -DMBED_TRAP_ERRORS_ENABLED=1 -Wl,-n -Wl,--start-group -lstdc++ -lsupc++ -lm -lc -lgcc -lnosys -lmbed-os -Wl,--end-group -Xlinker -Map="labo1.map" -Xlinker -print-memory-usage -Xlinker --gc-sections -Xlinker --wrap=main -Xlinker --wrap=_malloc_r -Xlinker --wrap=_free_r -Xlinker --wrap=_realloc_r -Xlinker --wrap=_memalign_r -Xlinker --wrap=_calloc_r -Xlinker --wrap=exit -Xlinker --wrap=atexit -mcpu=cortex-m3 -mthumb -T ../../mbed-os/targets/TARGET_NXP/TARGET_LPC176X/device/TOOLCHAIN_GCC_ARM/LPC1768.ld -o "labo1.axf" ./src/labo1.o    -lstdc++ -lsupc++ -lm -lc -lgcc -lnosys -lmbed-os
/usr/local/mcuxpressoide-11.8.0_1165/ide/plugins/com.nxp.mcuxpresso.tools.linux_11.8.0.202306131047/tools/bin/../lib/gcc/arm-none-eabi/12.2.1/../../../../arm-none-eabi/bin/ld: /usr/local/mcuxpressoide-11.8.0_1165/ide/plugins/com.nxp.mcuxpresso.tools.linux_11.8.0.202306131047/tools/bin/../lib/gcc/arm-none-eabi/12.2.1/../../../../arm-none-eabi/lib/thumb/v7-m/nofp/libc.a(libc_a-signalr.o): in function `_getpid_r':
signalr.c:(.text._getpid_r+0x0): warning: _getpid is not implemented and will always fail
/usr/local/mcuxpressoide-11.8.0_1165/ide/plugins/com.nxp.mcuxpresso.tools.linux_11.8.0.202306131047/tools/bin/../lib/gcc/arm-none-eabi/12.2.1/../../../../arm-none-eabi/bin/ld: /usr/local/mcuxpressoide-11.8.0_1165/ide/plugins/com.nxp.mcuxpresso.tools.linux_11.8.0.202306131047/tools/bin/../lib/gcc/arm-none-eabi/12.2.1/../../../../arm-none-eabi/lib/thumb/v7-m/nofp/libc.a(libc_a-signalr.o): in function `_kill_r':
signalr.c:(.text._kill_r+0xe): warning: _kill is not implemented and will always fail
Memory region         Used Size  Region Size  %age Used
           FLASH:       54544 B       512 KB     10.40%
             RAM:        3088 B      32512 B      9.50%
            RAM2:          0 GB        32 KB      0.00%
Finished building target: labo1.axf
 
Performing post-build steps
arm-none-eabi-size "labo1.axf"; # arm-none-eabi-objcopy -v -O binary "labo1.axf" "labo1.bin" ; # checksum -p LPC1769 -d "labo1.bin";
   text	   data	    bss	    dec	    hex	filename
  54544	   1996	   1088	  57628	   e11c	labo1.axf
 
14:51:32 **** Incremental Build of configuration Debug for project labo1 ****
make -r -j20 all 
make[1]: Nothing to be done for 'main-build'.
Performing post-build steps
arm-none-eabi-size "labo1.axf"; # arm-none-eabi-objcopy -v -O binary "labo1.axf" "labo1.bin" ; # checksum -p LPC1769 -d "labo1.bin";
   text	   data	    bss	    dec	    hex	filename
  54544	   1996	   1088	  57628	   e11c	labo1.axf
 
14:51:39 **** Incremental Build of configuration Debug for project labo1 ****
make -r -j20 all 
make[1]: Nothing to be done for 'main-build'.
Performing post-build steps
arm-none-eabi-size "labo1.axf"; # arm-none-eabi-objcopy -v -O binary "labo1.axf" "labo1.bin" ; # checksum -p LPC1769 -d "labo1.bin";
   text	   data	    bss	    dec	    hex	filename
  54544	   1996	   1088	  57628	   e11c	labo1.axf
 
14:51:43 **** Incremental Build of configuration Debug for project labo1 ****
make -r -j20 all 
make[1]: Nothing to be done for 'main-build'.
Performing post-build steps
arm-none-eabi-size "labo1.axf"; # arm-none-eabi-objcopy -v -O binary "labo1.axf" "labo1.bin" ; # checksum -p LPC1769 -d "labo1.bin";
   text	   data	    bss	    dec	    hex	filename
  54544	   1996	   1088	  57628	   e11c	labo1.axf
 
15:07:00 **** Incremental Build of configuration Debug for project labo1 ****
make -r -j20 all 
Building file: ../src/labo1.cpp
Invoking: MCU C++ Compiler
arm-none-eabi-c++ -std=gnu++98 -DDEVICE_FLASH=1 -DARM_MATH_CM3 -DDEVICE_DIGITALIN=1 -DDEVICE_SLEEP=1 -DTARGET_CORTEX -DTARGET_NXP -DCOMPONENT_NSPE=1 -DDEVICE_I2CSLAVE=1 -DDEVICE_PWMOUT=1 -DDEVICE_I2C=1 -DTARGET_CORTEX_M -DTOOLCHAIN_GCC -DTARGET_LIKE_MBED -D__CMSIS_RTOS -DDEVICE_MPU=1 -DDEVICE_DEBUG_AWARENESS=1 -DTOOLCHAIN_GCC_ARM -D__CORTEX_M3 -DTARGET_LPC1768 -DDEVICE_ANALOGIN=1 -DTARGET_M3 -DCOMPONENT_PSA_SRV_EMUL=1 -DDEVICE_SPISLAVE=1 -DDEVICE_INTERRUPTIN=1 -D__MBED_CMSIS_RTOS_CM -DCOMPONENT_PSA_SRV_IMPL=1 -DTARGET_LPC176X -DTARGET_LPCTarget -D__MBED__=1 -DDEVICE_ETHERNET=1 -DDEVICE_CAN=1 -DDEVICE_EMAC=1 -DDEVICE_DIGITALOUT=1 -DMBED_BUILD_TIMESTAMP=1570193752.760802 -DDEVICE_SEMIHOST=1 -DDEVICE_STDIO_MESSAGES=1 -DDEVICE_SPI=1 -DDEVICE_SERIAL=1 -DDEVICE_LOCALFILESYSTEM=1 -DTARGET_NXP_EMAC -DTARGET_MBED_LPC1768 -DTARGET_DEBUG -DDEVICE_PORTOUT=1 -DDEVICE_RTC=1 -DTARGET_LIKE_CORTEX_M3 -DDEVICE_ANALOGOUT=1 -DTARGET_hepialight2 -DDEVICE_SERIAL_FC=1 -DDEVICE_PORTIN=1 -DDEVICE_PORTINOUT=1 -DDEVICE_USTICKER=1 -D__NEWLIB__ -DDEBUG -D__CODE_RED -DCORE_M3 -DCPP_USE_HEAP -D__LPC17XX__ -I"/home/pc/Desktop/Cours/micro_controller/labo1/labo1/." -I"/home/pc/Desktop/Cours/micro_controller/labo1/labo1/inc" -I"/home/pc/Desktop/Cours/micro_controller/labo1/mbed-os" -I"/home/pc/Desktop/Cours/micro_controller/labo1/mbed-os/cmsis" -I"/home/pc/Desktop/Cours/micro_controller/labo1/mbed-os/cmsis/TARGET_CORTEX_M" -I"/home/pc/Desktop/Cours/micro_controller/labo1/mbed-os/drivers" -I"/home/pc/Desktop/Cours/micro_controller/labo1/mbed-os/hal" -I"/home/pc/Desktop/Cours/micro_controller/labo1/mbed-os/hal/storage_abstraction" -I"/home/pc/Desktop/Cours/micro_controller/labo1/mbed-os/platform" -I"/home/pc/Desktop/Cours/micro_controller/labo1/mbed-os/targets/TARGET_NXP" -I"/home/pc/Desktop/Cours/micro_controller/labo1/mbed-os/targets/TARGET_NXP/TARGET_LPC176X" -I"/home/pc/Desktop/Cours/micro_controller/labo1/mbed-os/targets/TARGET_NXP/TARGET_LPC176X/TARGET_MBED_LPC1768" -I"/home/pc/Desktop/Cours/micro_controller/labo1/mbed-os/targets/TARGET_NXP/TARGET_LPC176X/device" -include"/home/pc/Desktop/Cours/micro_controller/labo1/mbed-os/mbed_config.h" -O0 -fno-rtti -fmessage-length=0 -fno-exceptions -fno-builtin -ffunction-sections -fdata-sections -funsigned-char -fno-delete-null-pointer-checks -fomit-frame-pointer -g3 -Wall -Wextra -c -DMBED_DEBUG -DMBED_TRAP_ERRORS_ENABLED=1 -Wno-unused-parameter -Wno-missing-field-initializers -fmerge-constants -fmacro-prefix-map="../src/"= -mcpu=cortex-m3 -mthumb -D__NEWLIB__ -fstack-usage -MMD -MP -MF"src/labo1.d" -MT"src/labo1.o" -MT"src/labo1.d" -o "src/labo1.o" "../src/labo1.cpp"
Finished building: ../src/labo1.cpp
 
Building target: labo1.axf
Invoking: MCU C++ Linker
arm-none-eabi-c++ -L"/home/pc/Desktop/Cours/micro_controller/labo1/mbed-os/Debug" -DMBED_DEBUG -DMBED_TRAP_ERRORS_ENABLED=1 -Wl,-n -Wl,--start-group -lstdc++ -lsupc++ -lm -lc -lgcc -lnosys -lmbed-os -Wl,--end-group -Xlinker -Map="labo1.map" -Xlinker -print-memory-usage -Xlinker --gc-sections -Xlinker --wrap=main -Xlinker --wrap=_malloc_r -Xlinker --wrap=_free_r -Xlinker --wrap=_realloc_r -Xlinker --wrap=_memalign_r -Xlinker --wrap=_calloc_r -Xlinker --wrap=exit -Xlinker --wrap=atexit -mcpu=cortex-m3 -mthumb -T ../../mbed-os/targets/TARGET_NXP/TARGET_LPC176X/device/TOOLCHAIN_GCC_ARM/LPC1768.ld -o "labo1.axf" ./src/labo1.o    -lstdc++ -lsupc++ -lm -lc -lgcc -lnosys -lmbed-os
/usr/local/mcuxpressoide-11.8.0_1165/ide/plugins/com.nxp.mcuxpresso.tools.linux_11.8.0.202306131047/tools/bin/../lib/gcc/arm-none-eabi/12.2.1/../../../../arm-none-eabi/bin/ld: /usr/local/mcuxpressoide-11.8.0_1165/ide/plugins/com.nxp.mcuxpresso.tools.linux_11.8.0.202306131047/tools/bin/../lib/gcc/arm-none-eabi/12.2.1/../../../../arm-none-eabi/lib/thumb/v7-m/nofp/libc.a(libc_a-signalr.o): in function `_getpid_r':
signalr.c:(.text._getpid_r+0x0): warning: _getpid is not implemented and will always fail
/usr/local/mcuxpressoide-11.8.0_1165/ide/plugins/com.nxp.mcuxpresso.tools.linux_11.8.0.202306131047/tools/bin/../lib/gcc/arm-none-eabi/12.2.1/../../../../arm-none-eabi/bin/ld: /usr/local/mcuxpressoide-11.8.0_1165/ide/plugins/com.nxp.mcuxpresso.tools.linux_11.8.0.202306131047/tools/bin/../lib/gcc/arm-none-eabi/12.2.1/../../../../arm-none-eabi/lib/thumb/v7-m/nofp/libc.a(libc_a-signalr.o): in function `_kill_r':
signalr.c:(.text._kill_r+0xe): warning: _kill is not implemented and will always fail
Memory region         Used Size  Region Size  %age Used
           FLASH:       54544 B       512 KB     10.40%
             RAM:        3088 B      32512 B      9.50%
            RAM2:          0 GB        32 KB      0.00%
Finished building target: labo1.axf
 
Performing post-build steps
arm-none-eabi-size "labo1.axf"; # arm-none-eabi-objcopy -v -O binary "labo1.axf" "labo1.bin" ; # checksum -p LPC1769 -d "labo1.bin";
   text	   data	    bss	    dec	    hex	filename
  54544	   1996	   1088	  57628	   e11c	labo1.axf
 
15:07:04 **** Incremental Build of configuration Debug for project labo1 ****
make -r -j20 all 
make[1]: Nothing to be done for 'main-build'.
Performing post-build steps
arm-none-eabi-size "labo1.axf"; # arm-none-eabi-objcopy -v -O binary "labo1.axf" "labo1.bin" ; # checksum -p LPC1769 -d "labo1.bin";
   text	   data	    bss	    dec	    hex	filename
  54544	   1996	   1088	  57628	   e11c	labo1.axf
 
15:37:45 **** Incremental Build of configuration Debug for project labo1 ****
make -r -j20 all 
Building file: ../src/labo1.cpp
Invoking: MCU C++ Compiler
arm-none-eabi-c++ -std=gnu++98 -DDEVICE_FLASH=1 -DARM_MATH_CM3 -DDEVICE_DIGITALIN=1 -DDEVICE_SLEEP=1 -DTARGET_CORTEX -DTARGET_NXP -DCOMPONENT_NSPE=1 -DDEVICE_I2CSLAVE=1 -DDEVICE_PWMOUT=1 -DDEVICE_I2C=1 -DTARGET_CORTEX_M -DTOOLCHAIN_GCC -DTARGET_LIKE_MBED -D__CMSIS_RTOS -DDEVICE_MPU=1 -DDEVICE_DEBUG_AWARENESS=1 -DTOOLCHAIN_GCC_ARM -D__CORTEX_M3 -DTARGET_LPC1768 -DDEVICE_ANALOGIN=1 -DTARGET_M3 -DCOMPONENT_PSA_SRV_EMUL=1 -DDEVICE_SPISLAVE=1 -DDEVICE_INTERRUPTIN=1 -D__MBED_CMSIS_RTOS_CM -DCOMPONENT_PSA_SRV_IMPL=1 -DTARGET_LPC176X -DTARGET_LPCTarget -D__MBED__=1 -DDEVICE_ETHERNET=1 -DDEVICE_CAN=1 -DDEVICE_EMAC=1 -DDEVICE_DIGITALOUT=1 -DMBED_BUILD_TIMESTAMP=1570193752.760802 -DDEVICE_SEMIHOST=1 -DDEVICE_STDIO_MESSAGES=1 -DDEVICE_SPI=1 -DDEVICE_SERIAL=1 -DDEVICE_LOCALFILESYSTEM=1 -DTARGET_NXP_EMAC -DTARGET_MBED_LPC1768 -DTARGET_DEBUG -DDEVICE_PORTOUT=1 -DDEVICE_RTC=1 -DTARGET_LIKE_CORTEX_M3 -DDEVICE_ANALOGOUT=1 -DTARGET_hepialight2 -DDEVICE_SERIAL_FC=1 -DDEVICE_PORTIN=1 -DDEVICE_PORTINOUT=1 -DDEVICE_USTICKER=1 -D__NEWLIB__ -DDEBUG -D__CODE_RED -DCORE_M3 -DCPP_USE_HEAP -D__LPC17XX__ -I"/home/pc/Desktop/Cours/micro_controller/labo1/labo1/." -I"/home/pc/Desktop/Cours/micro_controller/labo1/labo1/inc" -I"/home/pc/Desktop/Cours/micro_controller/labo1/mbed-os" -I"/home/pc/Desktop/Cours/micro_controller/labo1/mbed-os/cmsis" -I"/home/pc/Desktop/Cours/micro_controller/labo1/mbed-os/cmsis/TARGET_CORTEX_M" -I"/home/pc/Desktop/Cours/micro_controller/labo1/mbed-os/drivers" -I"/home/pc/Desktop/Cours/micro_controller/labo1/mbed-os/hal" -I"/home/pc/Desktop/Cours/micro_controller/labo1/mbed-os/hal/storage_abstraction" -I"/home/pc/Desktop/Cours/micro_controller/labo1/mbed-os/platform" -I"/home/pc/Desktop/Cours/micro_controller/labo1/mbed-os/targets/TARGET_NXP" -I"/home/pc/Desktop/Cours/micro_controller/labo1/mbed-os/targets/TARGET_NXP/TARGET_LPC176X" -I"/home/pc/Desktop/Cours/micro_controller/labo1/mbed-os/targets/TARGET_NXP/TARGET_LPC176X/TARGET_MBED_LPC1768" -I"/home/pc/Desktop/Cours/micro_controller/labo1/mbed-os/targets/TARGET_NXP/TARGET_LPC176X/device" -include"/home/pc/Desktop/Cours/micro_controller/labo1/mbed-os/mbed_config.h" -O0 -fno-rtti -fmessage-length=0 -fno-exceptions -fno-builtin -ffunction-sections -fdata-sections -funsigned-char -fno-delete-null-pointer-checks -fomit-frame-pointer -g3 -Wall -Wextra -c -DMBED_DEBUG -DMBED_TRAP_ERRORS_ENABLED=1 -Wno-unused-parameter -Wno-missing-field-initializers -fmerge-constants -fmacro-prefix-map="../src/"= -mcpu=cortex-m3 -mthumb -D__NEWLIB__ -fstack-usage -MMD -MP -MF"src/labo1.d" -MT"src/labo1.o" -MT"src/labo1.d" -o "src/labo1.o" "../src/labo1.cpp"
../src/labo1.cpp: In function 'int main()':
../src/labo1.cpp:80:25: error: duplicate case value
   80 |                         case 3: exercice4(); break;
      |                         ^~~~
../src/labo1.cpp:79:25: note: previously used here
   79 |                         case 3: exercice3(); break;
      |                         ^~~~
make[1]: *** [src/subdir.mk:20: src/labo1.o] Error 1
make: *** [makefile:50: all] Error 2
"make -r -j20 all" terminated with exit code 2. Build might be incomplete.
15:37:58 **** Incremental Build of configuration Debug for project labo1 ****
make -r -j20 all 
Building file: ../src/labo1.cpp
Invoking: MCU C++ Compiler
arm-none-eabi-c++ -std=gnu++98 -DDEVICE_FLASH=1 -DARM_MATH_CM3 -DDEVICE_DIGITALIN=1 -DDEVICE_SLEEP=1 -DTARGET_CORTEX -DTARGET_NXP -DCOMPONENT_NSPE=1 -DDEVICE_I2CSLAVE=1 -DDEVICE_PWMOUT=1 -DDEVICE_I2C=1 -DTARGET_CORTEX_M -DTOOLCHAIN_GCC -DTARGET_LIKE_MBED -D__CMSIS_RTOS -DDEVICE_MPU=1 -DDEVICE_DEBUG_AWARENESS=1 -DTOOLCHAIN_GCC_ARM -D__CORTEX_M3 -DTARGET_LPC1768 -DDEVICE_ANALOGIN=1 -DTARGET_M3 -DCOMPONENT_PSA_SRV_EMUL=1 -DDEVICE_SPISLAVE=1 -DDEVICE_INTERRUPTIN=1 -D__MBED_CMSIS_RTOS_CM -DCOMPONENT_PSA_SRV_IMPL=1 -DTARGET_LPC176X -DTARGET_LPCTarget -D__MBED__=1 -DDEVICE_ETHERNET=1 -DDEVICE_CAN=1 -DDEVICE_EMAC=1 -DDEVICE_DIGITALOUT=1 -DMBED_BUILD_TIMESTAMP=1570193752.760802 -DDEVICE_SEMIHOST=1 -DDEVICE_STDIO_MESSAGES=1 -DDEVICE_SPI=1 -DDEVICE_SERIAL=1 -DDEVICE_LOCALFILESYSTEM=1 -DTARGET_NXP_EMAC -DTARGET_MBED_LPC1768 -DTARGET_DEBUG -DDEVICE_PORTOUT=1 -DDEVICE_RTC=1 -DTARGET_LIKE_CORTEX_M3 -DDEVICE_ANALOGOUT=1 -DTARGET_hepialight2 -DDEVICE_SERIAL_FC=1 -DDEVICE_PORTIN=1 -DDEVICE_PORTINOUT=1 -DDEVICE_USTICKER=1 -D__NEWLIB__ -DDEBUG -D__CODE_RED -DCORE_M3 -DCPP_USE_HEAP -D__LPC17XX__ -I"/home/pc/Desktop/Cours/micro_controller/labo1/labo1/." -I"/home/pc/Desktop/Cours/micro_controller/labo1/labo1/inc" -I"/home/pc/Desktop/Cours/micro_controller/labo1/mbed-os" -I"/home/pc/Desktop/Cours/micro_controller/labo1/mbed-os/cmsis" -I"/home/pc/Desktop/Cours/micro_controller/labo1/mbed-os/cmsis/TARGET_CORTEX_M" -I"/home/pc/Desktop/Cours/micro_controller/labo1/mbed-os/drivers" -I"/home/pc/Desktop/Cours/micro_controller/labo1/mbed-os/hal" -I"/home/pc/Desktop/Cours/micro_controller/labo1/mbed-os/hal/storage_abstraction" -I"/home/pc/Desktop/Cours/micro_controller/labo1/mbed-os/platform" -I"/home/pc/Desktop/Cours/micro_controller/labo1/mbed-os/targets/TARGET_NXP" -I"/home/pc/Desktop/Cours/micro_controller/labo1/mbed-os/targets/TARGET_NXP/TARGET_LPC176X" -I"/home/pc/Desktop/Cours/micro_controller/labo1/mbed-os/targets/TARGET_NXP/TARGET_LPC176X/TARGET_MBED_LPC1768" -I"/home/pc/Desktop/Cours/micro_controller/labo1/mbed-os/targets/TARGET_NXP/TARGET_LPC176X/device" -include"/home/pc/Desktop/Cours/micro_controller/labo1/mbed-os/mbed_config.h" -O0 -fno-rtti -fmessage-length=0 -fno-exceptions -fno-builtin -ffunction-sections -fdata-sections -funsigned-char -fno-delete-null-pointer-checks -fomit-frame-pointer -g3 -Wall -Wextra -c -DMBED_DEBUG -DMBED_TRAP_ERRORS_ENABLED=1 -Wno-unused-parameter -Wno-missing-field-initializers -fmerge-constants -fmacro-prefix-map="../src/"= -mcpu=cortex-m3 -mthumb -D__NEWLIB__ -fstack-usage -MMD -MP -MF"src/labo1.d" -MT"src/labo1.o" -MT"src/labo1.d" -o "src/labo1.o" "../src/labo1.cpp"
Finished building: ../src/labo1.cpp
 
Building target: labo1.axf
Invoking: MCU C++ Linker
arm-none-eabi-c++ -L"/home/pc/Desktop/Cours/micro_controller/labo1/mbed-os/Debug" -DMBED_DEBUG -DMBED_TRAP_ERRORS_ENABLED=1 -Wl,-n -Wl,--start-group -lstdc++ -lsupc++ -lm -lc -lgcc -lnosys -lmbed-os -Wl,--end-group -Xlinker -Map="labo1.map" -Xlinker -print-memory-usage -Xlinker --gc-sections -Xlinker --wrap=main -Xlinker --wrap=_malloc_r -Xlinker --wrap=_free_r -Xlinker --wrap=_realloc_r -Xlinker --wrap=_memalign_r -Xlinker --wrap=_calloc_r -Xlinker --wrap=exit -Xlinker --wrap=atexit -mcpu=cortex-m3 -mthumb -T ../../mbed-os/targets/TARGET_NXP/TARGET_LPC176X/device/TOOLCHAIN_GCC_ARM/LPC1768.ld -o "labo1.axf" ./src/labo1.o    -lstdc++ -lsupc++ -lm -lc -lgcc -lnosys -lmbed-os
/usr/local/mcuxpressoide-11.8.0_1165/ide/plugins/com.nxp.mcuxpresso.tools.linux_11.8.0.202306131047/tools/bin/../lib/gcc/arm-none-eabi/12.2.1/../../../../arm-none-eabi/bin/ld: /usr/local/mcuxpressoide-11.8.0_1165/ide/plugins/com.nxp.mcuxpresso.tools.linux_11.8.0.202306131047/tools/bin/../lib/gcc/arm-none-eabi/12.2.1/../../../../arm-none-eabi/lib/thumb/v7-m/nofp/libc.a(libc_a-signalr.o): in function `_getpid_r':
signalr.c:(.text._getpid_r+0x0): warning: _getpid is not implemented and will always fail
/usr/local/mcuxpressoide-11.8.0_1165/ide/plugins/com.nxp.mcuxpresso.tools.linux_11.8.0.202306131047/tools/bin/../lib/gcc/arm-none-eabi/12.2.1/../../../../arm-none-eabi/bin/ld: /usr/local/mcuxpressoide-11.8.0_1165/ide/plugins/com.nxp.mcuxpresso.tools.linux_11.8.0.202306131047/tools/bin/../lib/gcc/arm-none-eabi/12.2.1/../../../../arm-none-eabi/lib/thumb/v7-m/nofp/libc.a(libc_a-signalr.o): in function `_kill_r':
signalr.c:(.text._kill_r+0xe): warning: _kill is not implemented and will always fail
Memory region         Used Size  Region Size  %age Used
           FLASH:       54632 B       512 KB     10.42%
             RAM:        3088 B      32512 B      9.50%
            RAM2:          0 GB        32 KB      0.00%
Finished building target: labo1.axf
 
Performing post-build steps
arm-none-eabi-size "labo1.axf"; # arm-none-eabi-objcopy -v -O binary "labo1.axf" "labo1.bin" ; # checksum -p LPC1769 -d "labo1.bin";
   text	   data	    bss	    dec	    hex	filename
  54632	   1996	   1088	  57716	   e174	labo1.axf
 
15:38:03 **** Incremental Build of configuration Debug for project labo1 ****
make -r -j20 all 
make[1]: Nothing to be done for 'main-build'.
Performing post-build steps
arm-none-eabi-size "labo1.axf"; # arm-none-eabi-objcopy -v -O binary "labo1.axf" "labo1.bin" ; # checksum -p LPC1769 -d "labo1.bin";
   text	   data	    bss	    dec	    hex	filename
  54632	   1996	   1088	  57716	   e174	labo1.axf
 
15:56:07 **** Incremental Build of configuration Debug for project labo1 ****
make -r -j20 all 
Building file: ../src/labo1.cpp
Invoking: MCU C++ Compiler
arm-none-eabi-c++ -std=gnu++98 -DDEVICE_FLASH=1 -DARM_MATH_CM3 -DDEVICE_DIGITALIN=1 -DDEVICE_SLEEP=1 -DTARGET_CORTEX -DTARGET_NXP -DCOMPONENT_NSPE=1 -DDEVICE_I2CSLAVE=1 -DDEVICE_PWMOUT=1 -DDEVICE_I2C=1 -DTARGET_CORTEX_M -DTOOLCHAIN_GCC -DTARGET_LIKE_MBED -D__CMSIS_RTOS -DDEVICE_MPU=1 -DDEVICE_DEBUG_AWARENESS=1 -DTOOLCHAIN_GCC_ARM -D__CORTEX_M3 -DTARGET_LPC1768 -DDEVICE_ANALOGIN=1 -DTARGET_M3 -DCOMPONENT_PSA_SRV_EMUL=1 -DDEVICE_SPISLAVE=1 -DDEVICE_INTERRUPTIN=1 -D__MBED_CMSIS_RTOS_CM -DCOMPONENT_PSA_SRV_IMPL=1 -DTARGET_LPC176X -DTARGET_LPCTarget -D__MBED__=1 -DDEVICE_ETHERNET=1 -DDEVICE_CAN=1 -DDEVICE_EMAC=1 -DDEVICE_DIGITALOUT=1 -DMBED_BUILD_TIMESTAMP=1570193752.760802 -DDEVICE_SEMIHOST=1 -DDEVICE_STDIO_MESSAGES=1 -DDEVICE_SPI=1 -DDEVICE_SERIAL=1 -DDEVICE_LOCALFILESYSTEM=1 -DTARGET_NXP_EMAC -DTARGET_MBED_LPC1768 -DTARGET_DEBUG -DDEVICE_PORTOUT=1 -DDEVICE_RTC=1 -DTARGET_LIKE_CORTEX_M3 -DDEVICE_ANALOGOUT=1 -DTARGET_hepialight2 -DDEVICE_SERIAL_FC=1 -DDEVICE_PORTIN=1 -DDEVICE_PORTINOUT=1 -DDEVICE_USTICKER=1 -D__NEWLIB__ -DDEBUG -D__CODE_RED -DCORE_M3 -DCPP_USE_HEAP -D__LPC17XX__ -I"/home/pc/Desktop/Cours/micro_controller/labo1/labo1/." -I"/home/pc/Desktop/Cours/micro_controller/labo1/labo1/inc" -I"/home/pc/Desktop/Cours/micro_controller/labo1/mbed-os" -I"/home/pc/Desktop/Cours/micro_controller/labo1/mbed-os/cmsis" -I"/home/pc/Desktop/Cours/micro_controller/labo1/mbed-os/cmsis/TARGET_CORTEX_M" -I"/home/pc/Desktop/Cours/micro_controller/labo1/mbed-os/drivers" -I"/home/pc/Desktop/Cours/micro_controller/labo1/mbed-os/hal" -I"/home/pc/Desktop/Cours/micro_controller/labo1/mbed-os/hal/storage_abstraction" -I"/home/pc/Desktop/Cours/micro_controller/labo1/mbed-os/platform" -I"/home/pc/Desktop/Cours/micro_controller/labo1/mbed-os/targets/TARGET_NXP" -I"/home/pc/Desktop/Cours/micro_controller/labo1/mbed-os/targets/TARGET_NXP/TARGET_LPC176X" -I"/home/pc/Desktop/Cours/micro_controller/labo1/mbed-os/targets/TARGET_NXP/TARGET_LPC176X/TARGET_MBED_LPC1768" -I"/home/pc/Desktop/Cours/micro_controller/labo1/mbed-os/targets/TARGET_NXP/TARGET_LPC176X/device" -include"/home/pc/Desktop/Cours/micro_controller/labo1/mbed-os/mbed_config.h" -O0 -fno-rtti -fmessage-length=0 -fno-exceptions -fno-builtin -ffunction-sections -fdata-sections -funsigned-char -fno-delete-null-pointer-checks -fomit-frame-pointer -g3 -Wall -Wextra -c -DMBED_DEBUG -DMBED_TRAP_ERRORS_ENABLED=1 -Wno-unused-parameter -Wno-missing-field-initializers -fmerge-constants -fmacro-prefix-map="../src/"= -mcpu=cortex-m3 -mthumb -D__NEWLIB__ -fstack-usage -MMD -MP -MF"src/labo1.d" -MT"src/labo1.o" -MT"src/labo1.d" -o "src/labo1.o" "../src/labo1.cpp"
Finished building: ../src/labo1.cpp
 
Building target: labo1.axf
Invoking: MCU C++ Linker
arm-none-eabi-c++ -L"/home/pc/Desktop/Cours/micro_controller/labo1/mbed-os/Debug" -DMBED_DEBUG -DMBED_TRAP_ERRORS_ENABLED=1 -Wl,-n -Wl,--start-group -lstdc++ -lsupc++ -lm -lc -lgcc -lnosys -lmbed-os -Wl,--end-group -Xlinker -Map="labo1.map" -Xlinker -print-memory-usage -Xlinker --gc-sections -Xlinker --wrap=main -Xlinker --wrap=_malloc_r -Xlinker --wrap=_free_r -Xlinker --wrap=_realloc_r -Xlinker --wrap=_memalign_r -Xlinker --wrap=_calloc_r -Xlinker --wrap=exit -Xlinker --wrap=atexit -mcpu=cortex-m3 -mthumb -T ../../mbed-os/targets/TARGET_NXP/TARGET_LPC176X/device/TOOLCHAIN_GCC_ARM/LPC1768.ld -o "labo1.axf" ./src/labo1.o    -lstdc++ -lsupc++ -lm -lc -lgcc -lnosys -lmbed-os
/usr/local/mcuxpressoide-11.8.0_1165/ide/plugins/com.nxp.mcuxpresso.tools.linux_11.8.0.202306131047/tools/bin/../lib/gcc/arm-none-eabi/12.2.1/../../../../arm-none-eabi/bin/ld: /usr/local/mcuxpressoide-11.8.0_1165/ide/plugins/com.nxp.mcuxpresso.tools.linux_11.8.0.202306131047/tools/bin/../lib/gcc/arm-none-eabi/12.2.1/../../../../arm-none-eabi/lib/thumb/v7-m/nofp/libc.a(libc_a-signalr.o): in function `_getpid_r':
signalr.c:(.text._getpid_r+0x0): warning: _getpid is not implemented and will always fail
/usr/local/mcuxpressoide-11.8.0_1165/ide/plugins/com.nxp.mcuxpresso.tools.linux_11.8.0.202306131047/tools/bin/../lib/gcc/arm-none-eabi/12.2.1/../../../../arm-none-eabi/bin/ld: /usr/local/mcuxpressoide-11.8.0_1165/ide/plugins/com.nxp.mcuxpresso.tools.linux_11.8.0.202306131047/tools/bin/../lib/gcc/arm-none-eabi/12.2.1/../../../../arm-none-eabi/lib/thumb/v7-m/nofp/libc.a(libc_a-signalr.o): in function `_kill_r':
signalr.c:(.text._kill_r+0xe): warning: _kill is not implemented and will always fail
Memory region         Used Size  Region Size  %age Used
           FLASH:       54632 B       512 KB     10.42%
             RAM:        3088 B      32512 B      9.50%
            RAM2:          0 GB        32 KB      0.00%
Finished building target: labo1.axf
 
Performing post-build steps
arm-none-eabi-size "labo1.axf"; # arm-none-eabi-objcopy -v -O binary "labo1.axf" "labo1.bin" ; # checksum -p LPC1769 -d "labo1.bin";
   text	   data	    bss	    dec	    hex	filename
  54632	   1996	   1088	  57716	   e174	labo1.axf
 
15:56:12 **** Incremental Build of configuration Debug for project labo1 ****
make -r -j20 all 
make[1]: Nothing to be done for 'main-build'.
Performing post-build steps
arm-none-eabi-size "labo1.axf"; # arm-none-eabi-objcopy -v -O binary "labo1.axf" "labo1.bin" ; # checksum -p LPC1769 -d "labo1.bin";
   text	   data	    bss	    dec	    hex	filename
  54632	   1996	   1088	  57716	   e174	labo1.axf
 
15:56:16 **** Incremental Build of configuration Debug for project labo1 ****
make -r -j20 all 
make[1]: Nothing to be done for 'main-build'.
Performing post-build steps
arm-none-eabi-size "labo1.axf"; # arm-none-eabi-objcopy -v -O binary "labo1.axf" "labo1.bin" ; # checksum -p LPC1769 -d "labo1.bin";
   text	   data	    bss	    dec	    hex	filename
  54632	   1996	   1088	  57716	   e174	labo1.axf
 
16:02:19 **** Incremental Build of configuration Debug for project labo1 ****
make -r -j20 all 
Building file: ../src/labo1.cpp
Invoking: MCU C++ Compiler
arm-none-eabi-c++ -std=gnu++98 -DDEVICE_FLASH=1 -DARM_MATH_CM3 -DDEVICE_DIGITALIN=1 -DDEVICE_SLEEP=1 -DTARGET_CORTEX -DTARGET_NXP -DCOMPONENT_NSPE=1 -DDEVICE_I2CSLAVE=1 -DDEVICE_PWMOUT=1 -DDEVICE_I2C=1 -DTARGET_CORTEX_M -DTOOLCHAIN_GCC -DTARGET_LIKE_MBED -D__CMSIS_RTOS -DDEVICE_MPU=1 -DDEVICE_DEBUG_AWARENESS=1 -DTOOLCHAIN_GCC_ARM -D__CORTEX_M3 -DTARGET_LPC1768 -DDEVICE_ANALOGIN=1 -DTARGET_M3 -DCOMPONENT_PSA_SRV_EMUL=1 -DDEVICE_SPISLAVE=1 -DDEVICE_INTERRUPTIN=1 -D__MBED_CMSIS_RTOS_CM -DCOMPONENT_PSA_SRV_IMPL=1 -DTARGET_LPC176X -DTARGET_LPCTarget -D__MBED__=1 -DDEVICE_ETHERNET=1 -DDEVICE_CAN=1 -DDEVICE_EMAC=1 -DDEVICE_DIGITALOUT=1 -DMBED_BUILD_TIMESTAMP=1570193752.760802 -DDEVICE_SEMIHOST=1 -DDEVICE_STDIO_MESSAGES=1 -DDEVICE_SPI=1 -DDEVICE_SERIAL=1 -DDEVICE_LOCALFILESYSTEM=1 -DTARGET_NXP_EMAC -DTARGET_MBED_LPC1768 -DTARGET_DEBUG -DDEVICE_PORTOUT=1 -DDEVICE_RTC=1 -DTARGET_LIKE_CORTEX_M3 -DDEVICE_ANALOGOUT=1 -DTARGET_hepialight2 -DDEVICE_SERIAL_FC=1 -DDEVICE_PORTIN=1 -DDEVICE_PORTINOUT=1 -DDEVICE_USTICKER=1 -D__NEWLIB__ -DDEBUG -D__CODE_RED -DCORE_M3 -DCPP_USE_HEAP -D__LPC17XX__ -I"/home/pc/Desktop/Cours/micro_controller/labo1/labo1/." -I"/home/pc/Desktop/Cours/micro_controller/labo1/labo1/inc" -I"/home/pc/Desktop/Cours/micro_controller/labo1/mbed-os" -I"/home/pc/Desktop/Cours/micro_controller/labo1/mbed-os/cmsis" -I"/home/pc/Desktop/Cours/micro_controller/labo1/mbed-os/cmsis/TARGET_CORTEX_M" -I"/home/pc/Desktop/Cours/micro_controller/labo1/mbed-os/drivers" -I"/home/pc/Desktop/Cours/micro_controller/labo1/mbed-os/hal" -I"/home/pc/Desktop/Cours/micro_controller/labo1/mbed-os/hal/storage_abstraction" -I"/home/pc/Desktop/Cours/micro_controller/labo1/mbed-os/platform" -I"/home/pc/Desktop/Cours/micro_controller/labo1/mbed-os/targets/TARGET_NXP" -I"/home/pc/Desktop/Cours/micro_controller/labo1/mbed-os/targets/TARGET_NXP/TARGET_LPC176X" -I"/home/pc/Desktop/Cours/micro_controller/labo1/mbed-os/targets/TARGET_NXP/TARGET_LPC176X/TARGET_MBED_LPC1768" -I"/home/pc/Desktop/Cours/micro_controller/labo1/mbed-os/targets/TARGET_NXP/TARGET_LPC176X/device" -include"/home/pc/Desktop/Cours/micro_controller/labo1/mbed-os/mbed_config.h" -O0 -fno-rtti -fmessage-length=0 -fno-exceptions -fno-builtin -ffunction-sections -fdata-sections -funsigned-char -fno-delete-null-pointer-checks -fomit-frame-pointer -g3 -Wall -Wextra -c -DMBED_DEBUG -DMBED_TRAP_ERRORS_ENABLED=1 -Wno-unused-parameter -Wno-missing-field-initializers -fmerge-constants -fmacro-prefix-map="../src/"= -mcpu=cortex-m3 -mthumb -D__NEWLIB__ -fstack-usage -MMD -MP -MF"src/labo1.d" -MT"src/labo1.o" -MT"src/labo1.d" -o "src/labo1.o" "../src/labo1.cpp"
Finished building: ../src/labo1.cpp
 
Building target: labo1.axf
Invoking: MCU C++ Linker
arm-none-eabi-c++ -L"/home/pc/Desktop/Cours/micro_controller/labo1/mbed-os/Debug" -DMBED_DEBUG -DMBED_TRAP_ERRORS_ENABLED=1 -Wl,-n -Wl,--start-group -lstdc++ -lsupc++ -lm -lc -lgcc -lnosys -lmbed-os -Wl,--end-group -Xlinker -Map="labo1.map" -Xlinker -print-memory-usage -Xlinker --gc-sections -Xlinker --wrap=main -Xlinker --wrap=_malloc_r -Xlinker --wrap=_free_r -Xlinker --wrap=_realloc_r -Xlinker --wrap=_memalign_r -Xlinker --wrap=_calloc_r -Xlinker --wrap=exit -Xlinker --wrap=atexit -mcpu=cortex-m3 -mthumb -T ../../mbed-os/targets/TARGET_NXP/TARGET_LPC176X/device/TOOLCHAIN_GCC_ARM/LPC1768.ld -o "labo1.axf" ./src/labo1.o    -lstdc++ -lsupc++ -lm -lc -lgcc -lnosys -lmbed-os
/usr/local/mcuxpressoide-11.8.0_1165/ide/plugins/com.nxp.mcuxpresso.tools.linux_11.8.0.202306131047/tools/bin/../lib/gcc/arm-none-eabi/12.2.1/../../../../arm-none-eabi/bin/ld: /usr/local/mcuxpressoide-11.8.0_1165/ide/plugins/com.nxp.mcuxpresso.tools.linux_11.8.0.202306131047/tools/bin/../lib/gcc/arm-none-eabi/12.2.1/../../../../arm-none-eabi/lib/thumb/v7-m/nofp/libc.a(libc_a-signalr.o): in function `_getpid_r':
signalr.c:(.text._getpid_r+0x0): warning: _getpid is not implemented and will always fail
/usr/local/mcuxpressoide-11.8.0_1165/ide/plugins/com.nxp.mcuxpresso.tools.linux_11.8.0.202306131047/tools/bin/../lib/gcc/arm-none-eabi/12.2.1/../../../../arm-none-eabi/bin/ld: /usr/local/mcuxpressoide-11.8.0_1165/ide/plugins/com.nxp.mcuxpresso.tools.linux_11.8.0.202306131047/tools/bin/../lib/gcc/arm-none-eabi/12.2.1/../../../../arm-none-eabi/lib/thumb/v7-m/nofp/libc.a(libc_a-signalr.o): in function `_kill_r':
signalr.c:(.text._kill_r+0xe): warning: _kill is not implemented and will always fail
Memory region         Used Size  Region Size  %age Used
           FLASH:       54632 B       512 KB     10.42%
             RAM:        3088 B      32512 B      9.50%
            RAM2:          0 GB        32 KB      0.00%
Finished building target: labo1.axf
 
Performing post-build steps
arm-none-eabi-size "labo1.axf"; # arm-none-eabi-objcopy -v -O binary "labo1.axf" "labo1.bin" ; # checksum -p LPC1769 -d "labo1.bin";
   text	   data	    bss	    dec	    hex	filename
  54632	   1996	   1088	  57716	   e174	labo1.axf
 
16:02:24 **** Incremental Build of configuration Debug for project labo1 ****
make -r -j20 all 
make[1]: Nothing to be done for 'main-build'.
Performing post-build steps
arm-none-eabi-size "labo1.axf"; # arm-none-eabi-objcopy -v -O binary "labo1.axf" "labo1.bin" ; # checksum -p LPC1769 -d "labo1.bin";
   text	   data	    bss	    dec	    hex	filename
  54632	   1996	   1088	  57716	   e174	labo1.axf
 
16:03:26 **** Incremental Build of configuration Debug for project labo1 ****
make -r -j20 all 
Building file: ../src/labo1.cpp
Invoking: MCU C++ Compiler
arm-none-eabi-c++ -std=gnu++98 -DDEVICE_FLASH=1 -DARM_MATH_CM3 -DDEVICE_DIGITALIN=1 -DDEVICE_SLEEP=1 -DTARGET_CORTEX -DTARGET_NXP -DCOMPONENT_NSPE=1 -DDEVICE_I2CSLAVE=1 -DDEVICE_PWMOUT=1 -DDEVICE_I2C=1 -DTARGET_CORTEX_M -DTOOLCHAIN_GCC -DTARGET_LIKE_MBED -D__CMSIS_RTOS -DDEVICE_MPU=1 -DDEVICE_DEBUG_AWARENESS=1 -DTOOLCHAIN_GCC_ARM -D__CORTEX_M3 -DTARGET_LPC1768 -DDEVICE_ANALOGIN=1 -DTARGET_M3 -DCOMPONENT_PSA_SRV_EMUL=1 -DDEVICE_SPISLAVE=1 -DDEVICE_INTERRUPTIN=1 -D__MBED_CMSIS_RTOS_CM -DCOMPONENT_PSA_SRV_IMPL=1 -DTARGET_LPC176X -DTARGET_LPCTarget -D__MBED__=1 -DDEVICE_ETHERNET=1 -DDEVICE_CAN=1 -DDEVICE_EMAC=1 -DDEVICE_DIGITALOUT=1 -DMBED_BUILD_TIMESTAMP=1570193752.760802 -DDEVICE_SEMIHOST=1 -DDEVICE_STDIO_MESSAGES=1 -DDEVICE_SPI=1 -DDEVICE_SERIAL=1 -DDEVICE_LOCALFILESYSTEM=1 -DTARGET_NXP_EMAC -DTARGET_MBED_LPC1768 -DTARGET_DEBUG -DDEVICE_PORTOUT=1 -DDEVICE_RTC=1 -DTARGET_LIKE_CORTEX_M3 -DDEVICE_ANALOGOUT=1 -DTARGET_hepialight2 -DDEVICE_SERIAL_FC=1 -DDEVICE_PORTIN=1 -DDEVICE_PORTINOUT=1 -DDEVICE_USTICKER=1 -D__NEWLIB__ -DDEBUG -D__CODE_RED -DCORE_M3 -DCPP_USE_HEAP -D__LPC17XX__ -I"/home/pc/Desktop/Cours/micro_controller/labo1/labo1/." -I"/home/pc/Desktop/Cours/micro_controller/labo1/labo1/inc" -I"/home/pc/Desktop/Cours/micro_controller/labo1/mbed-os" -I"/home/pc/Desktop/Cours/micro_controller/labo1/mbed-os/cmsis" -I"/home/pc/Desktop/Cours/micro_controller/labo1/mbed-os/cmsis/TARGET_CORTEX_M" -I"/home/pc/Desktop/Cours/micro_controller/labo1/mbed-os/drivers" -I"/home/pc/Desktop/Cours/micro_controller/labo1/mbed-os/hal" -I"/home/pc/Desktop/Cours/micro_controller/labo1/mbed-os/hal/storage_abstraction" -I"/home/pc/Desktop/Cours/micro_controller/labo1/mbed-os/platform" -I"/home/pc/Desktop/Cours/micro_controller/labo1/mbed-os/targets/TARGET_NXP" -I"/home/pc/Desktop/Cours/micro_controller/labo1/mbed-os/targets/TARGET_NXP/TARGET_LPC176X" -I"/home/pc/Desktop/Cours/micro_controller/labo1/mbed-os/targets/TARGET_NXP/TARGET_LPC176X/TARGET_MBED_LPC1768" -I"/home/pc/Desktop/Cours/micro_controller/labo1/mbed-os/targets/TARGET_NXP/TARGET_LPC176X/device" -include"/home/pc/Desktop/Cours/micro_controller/labo1/mbed-os/mbed_config.h" -O0 -fno-rtti -fmessage-length=0 -fno-exceptions -fno-builtin -ffunction-sections -fdata-sections -funsigned-char -fno-delete-null-pointer-checks -fomit-frame-pointer -g3 -Wall -Wextra -c -DMBED_DEBUG -DMBED_TRAP_ERRORS_ENABLED=1 -Wno-unused-parameter -Wno-missing-field-initializers -fmerge-constants -fmacro-prefix-map="../src/"= -mcpu=cortex-m3 -mthumb -D__NEWLIB__ -fstack-usage -MMD -MP -MF"src/labo1.d" -MT"src/labo1.o" -MT"src/labo1.d" -o "src/labo1.o" "../src/labo1.cpp"
Finished building: ../src/labo1.cpp
 
Building target: labo1.axf
Invoking: MCU C++ Linker
arm-none-eabi-c++ -L"/home/pc/Desktop/Cours/micro_controller/labo1/mbed-os/Debug" -DMBED_DEBUG -DMBED_TRAP_ERRORS_ENABLED=1 -Wl,-n -Wl,--start-group -lstdc++ -lsupc++ -lm -lc -lgcc -lnosys -lmbed-os -Wl,--end-group -Xlinker -Map="labo1.map" -Xlinker -print-memory-usage -Xlinker --gc-sections -Xlinker --wrap=main -Xlinker --wrap=_malloc_r -Xlinker --wrap=_free_r -Xlinker --wrap=_realloc_r -Xlinker --wrap=_memalign_r -Xlinker --wrap=_calloc_r -Xlinker --wrap=exit -Xlinker --wrap=atexit -mcpu=cortex-m3 -mthumb -T ../../mbed-os/targets/TARGET_NXP/TARGET_LPC176X/device/TOOLCHAIN_GCC_ARM/LPC1768.ld -o "labo1.axf" ./src/labo1.o    -lstdc++ -lsupc++ -lm -lc -lgcc -lnosys -lmbed-os
/usr/local/mcuxpressoide-11.8.0_1165/ide/plugins/com.nxp.mcuxpresso.tools.linux_11.8.0.202306131047/tools/bin/../lib/gcc/arm-none-eabi/12.2.1/../../../../arm-none-eabi/bin/ld: /usr/local/mcuxpressoide-11.8.0_1165/ide/plugins/com.nxp.mcuxpresso.tools.linux_11.8.0.202306131047/tools/bin/../lib/gcc/arm-none-eabi/12.2.1/../../../../arm-none-eabi/lib/thumb/v7-m/nofp/libc.a(libc_a-signalr.o): in function `_getpid_r':
signalr.c:(.text._getpid_r+0x0): warning: _getpid is not implemented and will always fail
/usr/local/mcuxpressoide-11.8.0_1165/ide/plugins/com.nxp.mcuxpresso.tools.linux_11.8.0.202306131047/tools/bin/../lib/gcc/arm-none-eabi/12.2.1/../../../../arm-none-eabi/bin/ld: /usr/local/mcuxpressoide-11.8.0_1165/ide/plugins/com.nxp.mcuxpresso.tools.linux_11.8.0.202306131047/tools/bin/../lib/gcc/arm-none-eabi/12.2.1/../../../../arm-none-eabi/lib/thumb/v7-m/nofp/libc.a(libc_a-signalr.o): in function `_kill_r':
signalr.c:(.text._kill_r+0xe): warning: _kill is not implemented and will always fail
Memory region         Used Size  Region Size  %age Used
           FLASH:       54632 B       512 KB     10.42%
             RAM:        3088 B      32512 B      9.50%
            RAM2:          0 GB        32 KB      0.00%
Finished building target: labo1.axf
 
Performing post-build steps
arm-none-eabi-size "labo1.axf"; # arm-none-eabi-objcopy -v -O binary "labo1.axf" "labo1.bin" ; # checksum -p LPC1769 -d "labo1.bin";
   text	   data	    bss	    dec	    hex	filename
  54632	   1996	   1088	  57716	   e174	labo1.axf
 
16:03:31 **** Incremental Build of configuration Debug for project labo1 ****
make -r -j20 all 
make[1]: Nothing to be done for 'main-build'.
Performing post-build steps
arm-none-eabi-size "labo1.axf"; # arm-none-eabi-objcopy -v -O binary "labo1.axf" "labo1.bin" ; # checksum -p LPC1769 -d "labo1.bin";
   text	   data	    bss	    dec	    hex	filename
  54632	   1996	   1088	  57716	   e174	labo1.axf
 
14:25:39 **** Incremental Build of configuration Debug for project labo1 ****
make -r -j20 all 
Building file: ../src/labo1.cpp
Invoking: MCU C++ Compiler
arm-none-eabi-c++ -std=gnu++98 -DDEVICE_FLASH=1 -DARM_MATH_CM3 -DDEVICE_DIGITALIN=1 -DDEVICE_SLEEP=1 -DTARGET_CORTEX -DTARGET_NXP -DCOMPONENT_NSPE=1 -DDEVICE_I2CSLAVE=1 -DDEVICE_PWMOUT=1 -DDEVICE_I2C=1 -DTARGET_CORTEX_M -DTOOLCHAIN_GCC -DTARGET_LIKE_MBED -D__CMSIS_RTOS -DDEVICE_MPU=1 -DDEVICE_DEBUG_AWARENESS=1 -DTOOLCHAIN_GCC_ARM -D__CORTEX_M3 -DTARGET_LPC1768 -DDEVICE_ANALOGIN=1 -DTARGET_M3 -DCOMPONENT_PSA_SRV_EMUL=1 -DDEVICE_SPISLAVE=1 -DDEVICE_INTERRUPTIN=1 -D__MBED_CMSIS_RTOS_CM -DCOMPONENT_PSA_SRV_IMPL=1 -DTARGET_LPC176X -DTARGET_LPCTarget -D__MBED__=1 -DDEVICE_ETHERNET=1 -DDEVICE_CAN=1 -DDEVICE_EMAC=1 -DDEVICE_DIGITALOUT=1 -DMBED_BUILD_TIMESTAMP=1570193752.760802 -DDEVICE_SEMIHOST=1 -DDEVICE_STDIO_MESSAGES=1 -DDEVICE_SPI=1 -DDEVICE_SERIAL=1 -DDEVICE_LOCALFILESYSTEM=1 -DTARGET_NXP_EMAC -DTARGET_MBED_LPC1768 -DTARGET_DEBUG -DDEVICE_PORTOUT=1 -DDEVICE_RTC=1 -DTARGET_LIKE_CORTEX_M3 -DDEVICE_ANALOGOUT=1 -DTARGET_hepialight2 -DDEVICE_SERIAL_FC=1 -DDEVICE_PORTIN=1 -DDEVICE_PORTINOUT=1 -DDEVICE_USTICKER=1 -D__NEWLIB__ -DDEBUG -D__CODE_RED -DCORE_M3 -DCPP_USE_HEAP -D__LPC17XX__ -I"/home/pc/Desktop/Cours/micro_controller/labo1/labo1/." -I"/home/pc/Desktop/Cours/micro_controller/labo1/labo1/inc" -I"/home/pc/Desktop/Cours/micro_controller/labo1/mbed-os" -I"/home/pc/Desktop/Cours/micro_controller/labo1/mbed-os/cmsis" -I"/home/pc/Desktop/Cours/micro_controller/labo1/mbed-os/cmsis/TARGET_CORTEX_M" -I"/home/pc/Desktop/Cours/micro_controller/labo1/mbed-os/drivers" -I"/home/pc/Desktop/Cours/micro_controller/labo1/mbed-os/hal" -I"/home/pc/Desktop/Cours/micro_controller/labo1/mbed-os/hal/storage_abstraction" -I"/home/pc/Desktop/Cours/micro_controller/labo1/mbed-os/platform" -I"/home/pc/Desktop/Cours/micro_controller/labo1/mbed-os/targets/TARGET_NXP" -I"/home/pc/Desktop/Cours/micro_controller/labo1/mbed-os/targets/TARGET_NXP/TARGET_LPC176X" -I"/home/pc/Desktop/Cours/micro_controller/labo1/mbed-os/targets/TARGET_NXP/TARGET_LPC176X/TARGET_MBED_LPC1768" -I"/home/pc/Desktop/Cours/micro_controller/labo1/mbed-os/targets/TARGET_NXP/TARGET_LPC176X/device" -include"/home/pc/Desktop/Cours/micro_controller/labo1/mbed-os/mbed_config.h" -O0 -fno-rtti -fmessage-length=0 -fno-exceptions -fno-builtin -ffunction-sections -fdata-sections -funsigned-char -fno-delete-null-pointer-checks -fomit-frame-pointer -g3 -Wall -Wextra -c -DMBED_DEBUG -DMBED_TRAP_ERRORS_ENABLED=1 -Wno-unused-parameter -Wno-missing-field-initializers -fmerge-constants -fmacro-prefix-map="../src/"= -mcpu=cortex-m3 -mthumb -D__NEWLIB__ -fstack-usage -MMD -MP -MF"src/labo1.d" -MT"src/labo1.o" -MT"src/labo1.d" -o "src/labo1.o" "../src/labo1.cpp"
../src/labo1.cpp: In function 'void exercice1()':
../src/labo1.cpp:18:9: error: 'myled' was not declared in this scope
   18 |         myled = 1;
      |         ^~~~~
../src/labo1.cpp:19:9: error: 'myled2' was not declared in this scope
   19 |         myled2 = 0;
      |         ^~~~~~
../src/labo1.cpp: In function 'void exercice2()':
../src/labo1.cpp:26:13: error: 'btn1' was not declared in this scope
   26 |         if(!btn1){
      |             ^~~~
../src/labo1.cpp:27:17: error: 'myled' was not declared in this scope
   27 |                 myled = 1;
      |                 ^~~~~
../src/labo1.cpp:28:17: error: 'myled2' was not declared in this scope
   28 |                 myled2= 1;
      |                 ^~~~~~
../src/labo1.cpp:31:17: error: 'myled' was not declared in this scope
   31 |                 myled = 0;
      |                 ^~~~~
../src/labo1.cpp:32:17: error: 'myled2' was not declared in this scope
   32 |                 myled2= 0;
      |                 ^~~~~~
../src/labo1.cpp: In function 'void exercice3()':
../src/labo1.cpp:38:13: error: 'btn1' was not declared in this scope
   38 |         if(!btn1){
      |             ^~~~
../src/labo1.cpp:39:17: error: 'clignote' was not declared in this scope
   39 |                 clignote = true;
      |                 ^~~~~~~~
../src/labo1.cpp:40:17: error: 'eteint' was not declared in this scope
   40 |                 eteint = false;
      |                 ^~~~~~
../src/labo1.cpp:42:18: error: 'btn2' was not declared in this scope
   42 |         else if(!btn2){
      |                  ^~~~
../src/labo1.cpp:43:17: error: 'clignote' was not declared in this scope
   43 |                 clignote = false;
      |                 ^~~~~~~~
../src/labo1.cpp:44:17: error: 'eteint' was not declared in this scope
   44 |                 eteint = true;
      |                 ^~~~~~
../src/labo1.cpp:47:12: error: 'eteint' was not declared in this scope
   47 |         if(eteint){
      |            ^~~~~~
../src/labo1.cpp:48:17: error: 'myled' was not declared in this scope
   48 |                 myled = 0;
      |                 ^~~~~
../src/labo1.cpp:49:17: error: 'myled2' was not declared in this scope
   49 |                 myled2= 0;
      |                 ^~~~~~
../src/labo1.cpp:51:17: error: 'clignote' was not declared in this scope
   51 |         else if(clignote){
      |                 ^~~~~~~~
../src/labo1.cpp:52:17: error: 'myled' was not declared in this scope
   52 |                 myled = 1;
      |                 ^~~~~
../src/labo1.cpp:53:17: error: 'myled2' was not declared in this scope
   53 |                 myled2= 1;
      |                 ^~~~~~
../src/labo1.cpp: In function 'void exercice4()':
../src/labo1.cpp:63:9: error: 'myled2' was not declared in this scope
   63 |         myled2= 1;
      |         ^~~~~~
../src/labo1.cpp: In function 'void LedOn()':
../src/labo1.cpp:73:9: error: 'myLed' was not declared in this scope; did you mean 'myled'?
   73 |         myLed = 1;
      |         ^~~~~
      |         myled
../src/labo1.cpp: In function 'void LedOff()':
../src/labo1.cpp:77:9: error: 'myLed' was not declared in this scope; did you mean 'myled'?
   77 |         myLed = 0;
      |         ^~~~~
      |         myled
make[1]: *** [src/subdir.mk:20: src/labo1.o] Error 1
make: *** [makefile:50: all] Error 2
"make -r -j20 all" terminated with exit code 2. Build might be incomplete.
14:26:18 **** Incremental Build of configuration Debug for project labo1 ****
make -r -j20 all 
Building file: ../src/labo1.cpp
Invoking: MCU C++ Compiler
arm-none-eabi-c++ -std=gnu++98 -DDEVICE_FLASH=1 -DARM_MATH_CM3 -DDEVICE_DIGITALIN=1 -DDEVICE_SLEEP=1 -DTARGET_CORTEX -DTARGET_NXP -DCOMPONENT_NSPE=1 -DDEVICE_I2CSLAVE=1 -DDEVICE_PWMOUT=1 -DDEVICE_I2C=1 -DTARGET_CORTEX_M -DTOOLCHAIN_GCC -DTARGET_LIKE_MBED -D__CMSIS_RTOS -DDEVICE_MPU=1 -DDEVICE_DEBUG_AWARENESS=1 -DTOOLCHAIN_GCC_ARM -D__CORTEX_M3 -DTARGET_LPC1768 -DDEVICE_ANALOGIN=1 -DTARGET_M3 -DCOMPONENT_PSA_SRV_EMUL=1 -DDEVICE_SPISLAVE=1 -DDEVICE_INTERRUPTIN=1 -D__MBED_CMSIS_RTOS_CM -DCOMPONENT_PSA_SRV_IMPL=1 -DTARGET_LPC176X -DTARGET_LPCTarget -D__MBED__=1 -DDEVICE_ETHERNET=1 -DDEVICE_CAN=1 -DDEVICE_EMAC=1 -DDEVICE_DIGITALOUT=1 -DMBED_BUILD_TIMESTAMP=1570193752.760802 -DDEVICE_SEMIHOST=1 -DDEVICE_STDIO_MESSAGES=1 -DDEVICE_SPI=1 -DDEVICE_SERIAL=1 -DDEVICE_LOCALFILESYSTEM=1 -DTARGET_NXP_EMAC -DTARGET_MBED_LPC1768 -DTARGET_DEBUG -DDEVICE_PORTOUT=1 -DDEVICE_RTC=1 -DTARGET_LIKE_CORTEX_M3 -DDEVICE_ANALOGOUT=1 -DTARGET_hepialight2 -DDEVICE_SERIAL_FC=1 -DDEVICE_PORTIN=1 -DDEVICE_PORTINOUT=1 -DDEVICE_USTICKER=1 -D__NEWLIB__ -DDEBUG -D__CODE_RED -DCORE_M3 -DCPP_USE_HEAP -D__LPC17XX__ -I"/home/pc/Desktop/Cours/micro_controller/labo1/labo1/." -I"/home/pc/Desktop/Cours/micro_controller/labo1/labo1/inc" -I"/home/pc/Desktop/Cours/micro_controller/labo1/mbed-os" -I"/home/pc/Desktop/Cours/micro_controller/labo1/mbed-os/cmsis" -I"/home/pc/Desktop/Cours/micro_controller/labo1/mbed-os/cmsis/TARGET_CORTEX_M" -I"/home/pc/Desktop/Cours/micro_controller/labo1/mbed-os/drivers" -I"/home/pc/Desktop/Cours/micro_controller/labo1/mbed-os/hal" -I"/home/pc/Desktop/Cours/micro_controller/labo1/mbed-os/hal/storage_abstraction" -I"/home/pc/Desktop/Cours/micro_controller/labo1/mbed-os/platform" -I"/home/pc/Desktop/Cours/micro_controller/labo1/mbed-os/targets/TARGET_NXP" -I"/home/pc/Desktop/Cours/micro_controller/labo1/mbed-os/targets/TARGET_NXP/TARGET_LPC176X" -I"/home/pc/Desktop/Cours/micro_controller/labo1/mbed-os/targets/TARGET_NXP/TARGET_LPC176X/TARGET_MBED_LPC1768" -I"/home/pc/Desktop/Cours/micro_controller/labo1/mbed-os/targets/TARGET_NXP/TARGET_LPC176X/device" -include"/home/pc/Desktop/Cours/micro_controller/labo1/mbed-os/mbed_config.h" -O0 -fno-rtti -fmessage-length=0 -fno-exceptions -fno-builtin -ffunction-sections -fdata-sections -funsigned-char -fno-delete-null-pointer-checks -fomit-frame-pointer -g3 -Wall -Wextra -c -DMBED_DEBUG -DMBED_TRAP_ERRORS_ENABLED=1 -Wno-unused-parameter -Wno-missing-field-initializers -fmerge-constants -fmacro-prefix-map="../src/"= -mcpu=cortex-m3 -mthumb -D__NEWLIB__ -fstack-usage -MMD -MP -MF"src/labo1.d" -MT"src/labo1.o" -MT"src/labo1.d" -o "src/labo1.o" "../src/labo1.cpp"
../src/labo1.cpp: In function 'void exercice1()':
../src/labo1.cpp:18:9: error: 'myled' was not declared in this scope
   18 |         myled = 1;
      |         ^~~~~
../src/labo1.cpp:19:9: error: 'myled2' was not declared in this scope
   19 |         myled2 = 0;
      |         ^~~~~~
../src/labo1.cpp: In function 'void exercice2()':
../src/labo1.cpp:26:13: error: 'btn1' was not declared in this scope
   26 |         if(!btn1){
      |             ^~~~
../src/labo1.cpp:27:17: error: 'myled' was not declared in this scope
   27 |                 myled = 1;
      |                 ^~~~~
../src/labo1.cpp:28:17: error: 'myled2' was not declared in this scope
   28 |                 myled2= 1;
      |                 ^~~~~~
../src/labo1.cpp:31:17: error: 'myled' was not declared in this scope
   31 |                 myled = 0;
      |                 ^~~~~
../src/labo1.cpp:32:17: error: 'myled2' was not declared in this scope
   32 |                 myled2= 0;
      |                 ^~~~~~
../src/labo1.cpp: In function 'void exercice3()':
../src/labo1.cpp:38:13: error: 'btn1' was not declared in this scope
   38 |         if(!btn1){
      |             ^~~~
../src/labo1.cpp:39:17: error: 'clignote' was not declared in this scope
   39 |                 clignote = true;
      |                 ^~~~~~~~
../src/labo1.cpp:40:17: error: 'eteint' was not declared in this scope
   40 |                 eteint = false;
      |                 ^~~~~~
../src/labo1.cpp:42:18: error: 'btn2' was not declared in this scope
   42 |         else if(!btn2){
      |                  ^~~~
../src/labo1.cpp:43:17: error: 'clignote' was not declared in this scope
   43 |                 clignote = false;
      |                 ^~~~~~~~
../src/labo1.cpp:44:17: error: 'eteint' was not declared in this scope
   44 |                 eteint = true;
      |                 ^~~~~~
../src/labo1.cpp:47:12: error: 'eteint' was not declared in this scope
   47 |         if(eteint){
      |            ^~~~~~
../src/labo1.cpp:48:17: error: 'myled' was not declared in this scope
   48 |                 myled = 0;
      |                 ^~~~~
../src/labo1.cpp:49:17: error: 'myled2' was not declared in this scope
   49 |                 myled2= 0;
      |                 ^~~~~~
../src/labo1.cpp:51:17: error: 'clignote' was not declared in this scope
   51 |         else if(clignote){
      |                 ^~~~~~~~
../src/labo1.cpp:52:17: error: 'myled' was not declared in this scope
   52 |                 myled = 1;
      |                 ^~~~~
../src/labo1.cpp:53:17: error: 'myled2' was not declared in this scope
   53 |                 myled2= 1;
      |                 ^~~~~~
../src/labo1.cpp: In function 'void exercice4()':
../src/labo1.cpp:63:9: error: 'myled2' was not declared in this scope
   63 |         myled2= 1;
      |         ^~~~~~
make[1]: *** [src/subdir.mk:20: src/labo1.o] Error 1
make: *** [makefile:50: all] Error 2
"make -r -j20 all" terminated with exit code 2. Build might be incomplete.
14:27:20 **** Incremental Build of configuration Debug for project labo1 ****
make -r -j20 all 
Building file: ../src/labo1.cpp
Invoking: MCU C++ Compiler
arm-none-eabi-c++ -std=gnu++98 -DDEVICE_FLASH=1 -DARM_MATH_CM3 -DDEVICE_DIGITALIN=1 -DDEVICE_SLEEP=1 -DTARGET_CORTEX -DTARGET_NXP -DCOMPONENT_NSPE=1 -DDEVICE_I2CSLAVE=1 -DDEVICE_PWMOUT=1 -DDEVICE_I2C=1 -DTARGET_CORTEX_M -DTOOLCHAIN_GCC -DTARGET_LIKE_MBED -D__CMSIS_RTOS -DDEVICE_MPU=1 -DDEVICE_DEBUG_AWARENESS=1 -DTOOLCHAIN_GCC_ARM -D__CORTEX_M3 -DTARGET_LPC1768 -DDEVICE_ANALOGIN=1 -DTARGET_M3 -DCOMPONENT_PSA_SRV_EMUL=1 -DDEVICE_SPISLAVE=1 -DDEVICE_INTERRUPTIN=1 -D__MBED_CMSIS_RTOS_CM -DCOMPONENT_PSA_SRV_IMPL=1 -DTARGET_LPC176X -DTARGET_LPCTarget -D__MBED__=1 -DDEVICE_ETHERNET=1 -DDEVICE_CAN=1 -DDEVICE_EMAC=1 -DDEVICE_DIGITALOUT=1 -DMBED_BUILD_TIMESTAMP=1570193752.760802 -DDEVICE_SEMIHOST=1 -DDEVICE_STDIO_MESSAGES=1 -DDEVICE_SPI=1 -DDEVICE_SERIAL=1 -DDEVICE_LOCALFILESYSTEM=1 -DTARGET_NXP_EMAC -DTARGET_MBED_LPC1768 -DTARGET_DEBUG -DDEVICE_PORTOUT=1 -DDEVICE_RTC=1 -DTARGET_LIKE_CORTEX_M3 -DDEVICE_ANALOGOUT=1 -DTARGET_hepialight2 -DDEVICE_SERIAL_FC=1 -DDEVICE_PORTIN=1 -DDEVICE_PORTINOUT=1 -DDEVICE_USTICKER=1 -D__NEWLIB__ -DDEBUG -D__CODE_RED -DCORE_M3 -DCPP_USE_HEAP -D__LPC17XX__ -I"/home/pc/Desktop/Cours/micro_controller/labo1/labo1/." -I"/home/pc/Desktop/Cours/micro_controller/labo1/labo1/inc" -I"/home/pc/Desktop/Cours/micro_controller/labo1/mbed-os" -I"/home/pc/Desktop/Cours/micro_controller/labo1/mbed-os/cmsis" -I"/home/pc/Desktop/Cours/micro_controller/labo1/mbed-os/cmsis/TARGET_CORTEX_M" -I"/home/pc/Desktop/Cours/micro_controller/labo1/mbed-os/drivers" -I"/home/pc/Desktop/Cours/micro_controller/labo1/mbed-os/hal" -I"/home/pc/Desktop/Cours/micro_controller/labo1/mbed-os/hal/storage_abstraction" -I"/home/pc/Desktop/Cours/micro_controller/labo1/mbed-os/platform" -I"/home/pc/Desktop/Cours/micro_controller/labo1/mbed-os/targets/TARGET_NXP" -I"/home/pc/Desktop/Cours/micro_controller/labo1/mbed-os/targets/TARGET_NXP/TARGET_LPC176X" -I"/home/pc/Desktop/Cours/micro_controller/labo1/mbed-os/targets/TARGET_NXP/TARGET_LPC176X/TARGET_MBED_LPC1768" -I"/home/pc/Desktop/Cours/micro_controller/labo1/mbed-os/targets/TARGET_NXP/TARGET_LPC176X/device" -include"/home/pc/Desktop/Cours/micro_controller/labo1/mbed-os/mbed_config.h" -O0 -fno-rtti -fmessage-length=0 -fno-exceptions -fno-builtin -ffunction-sections -fdata-sections -funsigned-char -fno-delete-null-pointer-checks -fomit-frame-pointer -g3 -Wall -Wextra -c -DMBED_DEBUG -DMBED_TRAP_ERRORS_ENABLED=1 -Wno-unused-parameter -Wno-missing-field-initializers -fmerge-constants -fmacro-prefix-map="../src/"= -mcpu=cortex-m3 -mthumb -D__NEWLIB__ -fstack-usage -MMD -MP -MF"src/labo1.d" -MT"src/labo1.o" -MT"src/labo1.d" -o "src/labo1.o" "../src/labo1.cpp"
../src/labo1.cpp: In function 'int main()':
../src/labo1.cpp:93:33: error: 'exercice1' was not declared in this scope
   93 |                         case 1: exercice1(); break;
      |                                 ^~~~~~~~~
../src/labo1.cpp:94:33: error: 'exercice2' was not declared in this scope
   94 |                         case 2: exercice2(); break;
      |                                 ^~~~~~~~~
../src/labo1.cpp:95:33: error: 'exercice3' was not declared in this scope
   95 |                         case 3: exercice3(); break;
      |                                 ^~~~~~~~~
../src/labo1.cpp:96:33: error: 'exercice4' was not declared in this scope
   96 |                         case 4: exercice4(); break;
      |                                 ^~~~~~~~~
make[1]: *** [src/subdir.mk:20: src/labo1.o] Error 1
make: *** [makefile:50: all] Error 2
"make -r -j20 all" terminated with exit code 2. Build might be incomplete.
14:27:40 **** Incremental Build of configuration Debug for project labo1 ****
make -r -j20 all 
Building file: ../src/labo1.cpp
Invoking: MCU C++ Compiler
arm-none-eabi-c++ -std=gnu++98 -DDEVICE_FLASH=1 -DARM_MATH_CM3 -DDEVICE_DIGITALIN=1 -DDEVICE_SLEEP=1 -DTARGET_CORTEX -DTARGET_NXP -DCOMPONENT_NSPE=1 -DDEVICE_I2CSLAVE=1 -DDEVICE_PWMOUT=1 -DDEVICE_I2C=1 -DTARGET_CORTEX_M -DTOOLCHAIN_GCC -DTARGET_LIKE_MBED -D__CMSIS_RTOS -DDEVICE_MPU=1 -DDEVICE_DEBUG_AWARENESS=1 -DTOOLCHAIN_GCC_ARM -D__CORTEX_M3 -DTARGET_LPC1768 -DDEVICE_ANALOGIN=1 -DTARGET_M3 -DCOMPONENT_PSA_SRV_EMUL=1 -DDEVICE_SPISLAVE=1 -DDEVICE_INTERRUPTIN=1 -D__MBED_CMSIS_RTOS_CM -DCOMPONENT_PSA_SRV_IMPL=1 -DTARGET_LPC176X -DTARGET_LPCTarget -D__MBED__=1 -DDEVICE_ETHERNET=1 -DDEVICE_CAN=1 -DDEVICE_EMAC=1 -DDEVICE_DIGITALOUT=1 -DMBED_BUILD_TIMESTAMP=1570193752.760802 -DDEVICE_SEMIHOST=1 -DDEVICE_STDIO_MESSAGES=1 -DDEVICE_SPI=1 -DDEVICE_SERIAL=1 -DDEVICE_LOCALFILESYSTEM=1 -DTARGET_NXP_EMAC -DTARGET_MBED_LPC1768 -DTARGET_DEBUG -DDEVICE_PORTOUT=1 -DDEVICE_RTC=1 -DTARGET_LIKE_CORTEX_M3 -DDEVICE_ANALOGOUT=1 -DTARGET_hepialight2 -DDEVICE_SERIAL_FC=1 -DDEVICE_PORTIN=1 -DDEVICE_PORTINOUT=1 -DDEVICE_USTICKER=1 -D__NEWLIB__ -DDEBUG -D__CODE_RED -DCORE_M3 -DCPP_USE_HEAP -D__LPC17XX__ -I"/home/pc/Desktop/Cours/micro_controller/labo1/labo1/." -I"/home/pc/Desktop/Cours/micro_controller/labo1/labo1/inc" -I"/home/pc/Desktop/Cours/micro_controller/labo1/mbed-os" -I"/home/pc/Desktop/Cours/micro_controller/labo1/mbed-os/cmsis" -I"/home/pc/Desktop/Cours/micro_controller/labo1/mbed-os/cmsis/TARGET_CORTEX_M" -I"/home/pc/Desktop/Cours/micro_controller/labo1/mbed-os/drivers" -I"/home/pc/Desktop/Cours/micro_controller/labo1/mbed-os/hal" -I"/home/pc/Desktop/Cours/micro_controller/labo1/mbed-os/hal/storage_abstraction" -I"/home/pc/Desktop/Cours/micro_controller/labo1/mbed-os/platform" -I"/home/pc/Desktop/Cours/micro_controller/labo1/mbed-os/targets/TARGET_NXP" -I"/home/pc/Desktop/Cours/micro_controller/labo1/mbed-os/targets/TARGET_NXP/TARGET_LPC176X" -I"/home/pc/Desktop/Cours/micro_controller/labo1/mbed-os/targets/TARGET_NXP/TARGET_LPC176X/TARGET_MBED_LPC1768" -I"/home/pc/Desktop/Cours/micro_controller/labo1/mbed-os/targets/TARGET_NXP/TARGET_LPC176X/device" -include"/home/pc/Desktop/Cours/micro_controller/labo1/mbed-os/mbed_config.h" -O0 -fno-rtti -fmessage-length=0 -fno-exceptions -fno-builtin -ffunction-sections -fdata-sections -funsigned-char -fno-delete-null-pointer-checks -fomit-frame-pointer -g3 -Wall -Wextra -c -DMBED_DEBUG -DMBED_TRAP_ERRORS_ENABLED=1 -Wno-unused-parameter -Wno-missing-field-initializers -fmerge-constants -fmacro-prefix-map="../src/"= -mcpu=cortex-m3 -mthumb -D__NEWLIB__ -fstack-usage -MMD -MP -MF"src/labo1.d" -MT"src/labo1.o" -MT"src/labo1.d" -o "src/labo1.o" "../src/labo1.cpp"
Finished building: ../src/labo1.cpp
 
Building target: labo1.axf
Invoking: MCU C++ Linker
arm-none-eabi-c++ -L"/home/pc/Desktop/Cours/micro_controller/labo1/mbed-os/Debug" -DMBED_DEBUG -DMBED_TRAP_ERRORS_ENABLED=1 -Wl,-n -Wl,--start-group -lstdc++ -lsupc++ -lm -lc -lgcc -lnosys -lmbed-os -Wl,--end-group -Xlinker -Map="labo1.map" -Xlinker -print-memory-usage -Xlinker --gc-sections -Xlinker --wrap=main -Xlinker --wrap=_malloc_r -Xlinker --wrap=_free_r -Xlinker --wrap=_realloc_r -Xlinker --wrap=_memalign_r -Xlinker --wrap=_calloc_r -Xlinker --wrap=exit -Xlinker --wrap=atexit -mcpu=cortex-m3 -mthumb -T ../../mbed-os/targets/TARGET_NXP/TARGET_LPC176X/device/TOOLCHAIN_GCC_ARM/LPC1768.ld -o "labo1.axf" ./src/labo1.o    -lstdc++ -lsupc++ -lm -lc -lgcc -lnosys -lmbed-os
/usr/local/mcuxpressoide-11.8.0_1165/ide/plugins/com.nxp.mcuxpresso.tools.linux_11.8.0.202306131047/tools/bin/../lib/gcc/arm-none-eabi/12.2.1/../../../../arm-none-eabi/bin/ld: /usr/local/mcuxpressoide-11.8.0_1165/ide/plugins/com.nxp.mcuxpresso.tools.linux_11.8.0.202306131047/tools/bin/../lib/gcc/arm-none-eabi/12.2.1/../../../../arm-none-eabi/lib/thumb/v7-m/nofp/libc.a(libc_a-signalr.o): in function `_getpid_r':
signalr.c:(.text._getpid_r+0x0): warning: _getpid is not implemented and will always fail
/usr/local/mcuxpressoide-11.8.0_1165/ide/plugins/com.nxp.mcuxpresso.tools.linux_11.8.0.202306131047/tools/bin/../lib/gcc/arm-none-eabi/12.2.1/../../../../arm-none-eabi/bin/ld: /usr/local/mcuxpressoide-11.8.0_1165/ide/plugins/com.nxp.mcuxpresso.tools.linux_11.8.0.202306131047/tools/bin/../lib/gcc/arm-none-eabi/12.2.1/../../../../arm-none-eabi/lib/thumb/v7-m/nofp/libc.a(libc_a-signalr.o): in function `_kill_r':
signalr.c:(.text._kill_r+0xe): warning: _kill is not implemented and will always fail
Memory region         Used Size  Region Size  %age Used
           FLASH:       56524 B       512 KB     10.78%
             RAM:        3352 B      32512 B     10.31%
            RAM2:          0 GB        32 KB      0.00%
Finished building target: labo1.axf
 
Performing post-build steps
[...]
make -r -j20 all 
make[1]: Nothing to be done for 'main-build'.
Performing post-build steps
arm-none-eabi-size "labo3.axf"; # arm-none-eabi-objcopy -v -O binary "labo3.axf" "labo3.bin" ; # checksum -p LPC1769 -d "labo3.bin";
   text	   data	    bss	    dec	    hex	filename
  49672	   1996	   1028	  52696	   cdd8	labo3.axf
 
15:08:57 **** Incremental Build of configuration Debug for project labo3 ****
make -r -j20 all 
Building file: ../src/IC2.cpp
Invoking: MCU C++ Compiler
arm-none-eabi-c++ -std=gnu++98 -DDEVICE_FLASH=1 -DARM_MATH_CM3 -DDEVICE_DIGITALIN=1 -DDEVICE_SLEEP=1 -DTARGET_CORTEX -DTARGET_NXP -DCOMPONENT_NSPE=1 -DDEVICE_I2CSLAVE=1 -DDEVICE_PWMOUT=1 -DDEVICE_I2C=1 -DTARGET_CORTEX_M -DTOOLCHAIN_GCC -DTARGET_LIKE_MBED -D__CMSIS_RTOS -DDEVICE_MPU=1 -DDEVICE_DEBUG_AWARENESS=1 -DTOOLCHAIN_GCC_ARM -D__CORTEX_M3 -DTARGET_LPC1768 -DDEVICE_ANALOGIN=1 -DTARGET_M3 -DCOMPONENT_PSA_SRV_EMUL=1 -DDEVICE_SPISLAVE=1 -DDEVICE_INTERRUPTIN=1 -D__MBED_CMSIS_RTOS_CM -DCOMPONENT_PSA_SRV_IMPL=1 -DTARGET_LPC176X -DTARGET_LPCTarget -D__MBED__=1 -DDEVICE_ETHERNET=1 -DDEVICE_CAN=1 -DDEVICE_EMAC=1 -DDEVICE_DIGITALOUT=1 -DMBED_BUILD_TIMESTAMP=1570193752.760802 -DDEVICE_SEMIHOST=1 -DDEVICE_STDIO_MESSAGES=1 -DDEVICE_SPI=1 -DDEVICE_SERIAL=1 -DDEVICE_LOCALFILESYSTEM=1 -DTARGET_NXP_EMAC -DTARGET_MBED_LPC1768 -DTARGET_DEBUG -DDEVICE_PORTOUT=1 -DDEVICE_RTC=1 -DTARGET_LIKE_CORTEX_M3 -DDEVICE_ANALOGOUT=1 -DTARGET_hepialight2 -DDEVICE_SERIAL_FC=1 -DDEVICE_PORTIN=1 -DDEVICE_PORTINOUT=1 -DDEVICE_USTICKER=1 -D__NEWLIB__ -DDEBUG -D__CODE_RED -DCORE_M3 -DCPP_USE_HEAP -D__LPC17XX__ -I"/home/pc/Desktop/Cours/micro_controller/labo1/labo3/." -I"/home/pc/Desktop/Cours/micro_controller/labo1/labo3/inc" -I"/home/pc/Desktop/Cours/micro_controller/labo1/mbed-os" -I"/home/pc/Desktop/Cours/micro_controller/labo1/mbed-os/cmsis" -I"/home/pc/Desktop/Cours/micro_controller/labo1/mbed-os/cmsis/TARGET_CORTEX_M" -I"/home/pc/Desktop/Cours/micro_controller/labo1/mbed-os/drivers" -I"/home/pc/Desktop/Cours/micro_controller/labo1/mbed-os/hal" -I"/home/pc/Desktop/Cours/micro_controller/labo1/mbed-os/hal/storage_abstraction" -I"/home/pc/Desktop/Cours/micro_controller/labo1/mbed-os/platform" -I"/home/pc/Desktop/Cours/micro_controller/labo1/mbed-os/targets/TARGET_NXP" -I"/home/pc/Desktop/Cours/micro_controller/labo1/mbed-os/targets/TARGET_NXP/TARGET_LPC176X" -I"/home/pc/Desktop/Cours/micro_controller/labo1/mbed-os/targets/TARGET_NXP/TARGET_LPC176X/TARGET_MBED_LPC1768" -I"/home/pc/Desktop/Cours/micro_controller/labo1/mbed-os/targets/TARGET_NXP/TARGET_LPC176X/device" -include"/home/pc/Desktop/Cours/micro_controller/labo1/mbed-os/mbed_config.h" -O0 -fno-rtti -fmessage-length=0 -fno-exceptions -fno-builtin -ffunction-sections -fdata-sections -funsigned-char -fno-delete-null-pointer-checks -fomit-frame-pointer -g3 -Wall -Wextra -c -DMBED_DEBUG -DMBED_TRAP_ERRORS_ENABLED=1 -Wno-unused-parameter -Wno-missing-field-initializers -fmerge-constants -fmacro-prefix-map="../src/"= -mcpu=cortex-m3 -mthumb -D__NEWLIB__ -fstack-usage -MMD -MP -MF"src/IC2.d" -MT"src/IC2.o" -MT"src/IC2.d" -o "src/IC2.o" "../src/IC2.cpp"
../src/IC2.cpp: In function 'void exercice1()':
../src/IC2.cpp:37:17: warning: unused variable 'val' [-Wunused-variable]
   37 |         uint8_t val = (uint8_t) i2c.read(1);
      |                 ^~~
../src/IC2.cpp: In function 'int main()':
../src/IC2.cpp:63:25: warning: unused variable 'val' [-Wunused-variable]
   63 |                 uint8_t val = (uint8_t) i2c.read(1);
      |                         ^~~
../src/IC2.cpp:45:17: warning: unused variable 'exo' [-Wunused-variable]
   45 |         uint8_t exo = 1;
      |                 ^~~
Finished building: ../src/IC2.cpp
 
Building target: labo3.axf
Invoking: MCU C++ Linker
arm-none-eabi-c++ -L"/home/pc/Desktop/Cours/micro_controller/labo1/mbed-os/Debug" -DMBED_DEBUG -DMBED_TRAP_ERRORS_ENABLED=1 -Wl,-n -Wl,--start-group -lstdc++ -lsupc++ -lm -lc -lgcc -lnosys -lmbed-os -Wl,--end-group -Xlinker -Map="labo3.map" -Xlinker -print-memory-usage -Xlinker --gc-sections -Xlinker --wrap=main -Xlinker --wrap=_malloc_r -Xlinker --wrap=_free_r -Xlinker --wrap=_realloc_r -Xlinker --wrap=_memalign_r -Xlinker --wrap=_calloc_r -Xlinker --wrap=exit -Xlinker --wrap=atexit -mcpu=cortex-m3 -mthumb -T ../../mbed-os/targets/TARGET_NXP/TARGET_LPC176X/device/TOOLCHAIN_GCC_ARM/LPC1768.ld -o "labo3.axf" ./src/IC2.o    -lstdc++ -lsupc++ -lm -lc -lgcc -lnosys -lmbed-os
/usr/local/mcuxpressoide-11.8.0_1165/ide/plugins/com.nxp.mcuxpresso.tools.linux_11.8.0.202306131047/tools/bin/../lib/gcc/arm-none-eabi/12.2.1/../../../../arm-none-eabi/bin/ld: /usr/local/mcuxpressoide-11.8.0_1165/ide/plugins/com.nxp.mcuxpresso.tools.linux_11.8.0.202306131047/tools/bin/../lib/gcc/arm-none-eabi/12.2.1/../../../../arm-none-eabi/lib/thumb/v7-m/nofp/libc.a(libc_a-signalr.o): in function `_getpid_r':
signalr.c:(.text._getpid_r+0x0): warning: _getpid is not implemented and will always fail
/usr/local/mcuxpressoide-11.8.0_1165/ide/plugins/com.nxp.mcuxpresso.tools.linux_11.8.0.202306131047/tools/bin/../lib/gcc/arm-none-eabi/12.2.1/../../../../arm-none-eabi/bin/ld: /usr/local/mcuxpressoide-11.8.0_1165/ide/plugins/com.nxp.mcuxpresso.tools.linux_11.8.0.202306131047/tools/bin/../lib/gcc/arm-none-eabi/12.2.1/../../../../arm-none-eabi/lib/thumb/v7-m/nofp/libc.a(libc_a-signalr.o): in function `_kill_r':
signalr.c:(.text._kill_r+0xe): warning: _kill is not implemented and will always fail
Memory region         Used Size  Region Size  %age Used
           FLASH:       49680 B       512 KB      9.48%
             RAM:        3028 B      32512 B      9.31%
            RAM2:          0 GB        32 KB      0.00%
Finished building target: labo3.axf
 
Performing post-build steps
arm-none-eabi-size "labo3.axf"; # arm-none-eabi-objcopy -v -O binary "labo3.axf" "labo3.bin" ; # checksum -p LPC1769 -d "labo3.bin";
   text	   data	    bss	    dec	    hex	filename
  49680	   1996	   1028	  52704	   cde0	labo3.axf
 
15:09:07 **** Incremental Build of configuration Debug for project labo3 ****
make -r -j20 all 
make[1]: Nothing to be done for 'main-build'.
Performing post-build steps
arm-none-eabi-size "labo3.axf"; # arm-none-eabi-objcopy -v -O binary "labo3.axf" "labo3.bin" ; # checksum -p LPC1769 -d "labo3.bin";
   text	   data	    bss	    dec	    hex	filename
  49680	   1996	   1028	  52704	   cde0	labo3.axf
 
15:10:51 **** Incremental Build of configuration Debug for project labo3 ****
make -r -j20 all 
make[1]: Nothing to be done for 'main-build'.
Performing post-build steps
arm-none-eabi-size "labo3.axf"; # arm-none-eabi-objcopy -v -O binary "labo3.axf" "labo3.bin" ; # checksum -p LPC1769 -d "labo3.bin";
   text	   data	    bss	    dec	    hex	filename
  49680	   1996	   1028	  52704	   cde0	labo3.axf
 
15:11:35 **** Incremental Build of configuration Debug for project labo3 ****
make -r -j20 all 
make[1]: Nothing to be done for 'main-build'.
Performing post-build steps
arm-none-eabi-size "labo3.axf"; # arm-none-eabi-objcopy -v -O binary "labo3.axf" "labo3.bin" ; # checksum -p LPC1769 -d "labo3.bin";
   text	   data	    bss	    dec	    hex	filename
  49680	   1996	   1028	  52704	   cde0	labo3.axf
 
15:12:59 **** Incremental Build of configuration Debug for project labo3 ****
make -r -j20 all 
make[1]: Nothing to be done for 'main-build'.
Performing post-build steps
arm-none-eabi-size "labo3.axf"; # arm-none-eabi-objcopy -v -O binary "labo3.axf" "labo3.bin" ; # checksum -p LPC1769 -d "labo3.bin";
   text	   data	    bss	    dec	    hex	filename
  49680	   1996	   1028	  52704	   cde0	labo3.axf
 
15:14:47 **** Incremental Build of configuration Debug for project labo3 ****
make -r -j20 all 
Building file: ../src/IC2.cpp
Invoking: MCU C++ Compiler
arm-none-eabi-c++ -std=gnu++98 -DDEVICE_FLASH=1 -DARM_MATH_CM3 -DDEVICE_DIGITALIN=1 -DDEVICE_SLEEP=1 -DTARGET_CORTEX -DTARGET_NXP -DCOMPONENT_NSPE=1 -DDEVICE_I2CSLAVE=1 -DDEVICE_PWMOUT=1 -DDEVICE_I2C=1 -DTARGET_CORTEX_M -DTOOLCHAIN_GCC -DTARGET_LIKE_MBED -D__CMSIS_RTOS -DDEVICE_MPU=1 -DDEVICE_DEBUG_AWARENESS=1 -DTOOLCHAIN_GCC_ARM -D__CORTEX_M3 -DTARGET_LPC1768 -DDEVICE_ANALOGIN=1 -DTARGET_M3 -DCOMPONENT_PSA_SRV_EMUL=1 -DDEVICE_SPISLAVE=1 -DDEVICE_INTERRUPTIN=1 -D__MBED_CMSIS_RTOS_CM -DCOMPONENT_PSA_SRV_IMPL=1 -DTARGET_LPC176X -DTARGET_LPCTarget -D__MBED__=1 -DDEVICE_ETHERNET=1 -DDEVICE_CAN=1 -DDEVICE_EMAC=1 -DDEVICE_DIGITALOUT=1 -DMBED_BUILD_TIMESTAMP=1570193752.760802 -DDEVICE_SEMIHOST=1 -DDEVICE_STDIO_MESSAGES=1 -DDEVICE_SPI=1 -DDEVICE_SERIAL=1 -DDEVICE_LOCALFILESYSTEM=1 -DTARGET_NXP_EMAC -DTARGET_MBED_LPC1768 -DTARGET_DEBUG -DDEVICE_PORTOUT=1 -DDEVICE_RTC=1 -DTARGET_LIKE_CORTEX_M3 -DDEVICE_ANALOGOUT=1 -DTARGET_hepialight2 -DDEVICE_SERIAL_FC=1 -DDEVICE_PORTIN=1 -DDEVICE_PORTINOUT=1 -DDEVICE_USTICKER=1 -D__NEWLIB__ -DDEBUG -D__CODE_RED -DCORE_M3 -DCPP_USE_HEAP -D__LPC17XX__ -I"/home/pc/Desktop/Cours/micro_controller/labo1/labo3/." -I"/home/pc/Desktop/Cours/micro_controller/labo1/labo3/inc" -I"/home/pc/Desktop/Cours/micro_controller/labo1/mbed-os" -I"/home/pc/Desktop/Cours/micro_controller/labo1/mbed-os/cmsis" -I"/home/pc/Desktop/Cours/micro_controller/labo1/mbed-os/cmsis/TARGET_CORTEX_M" -I"/home/pc/Desktop/Cours/micro_controller/labo1/mbed-os/drivers" -I"/home/pc/Desktop/Cours/micro_controller/labo1/mbed-os/hal" -I"/home/pc/Desktop/Cours/micro_controller/labo1/mbed-os/hal/storage_abstraction" -I"/home/pc/Desktop/Cours/micro_controller/labo1/mbed-os/platform" -I"/home/pc/Desktop/Cours/micro_controller/labo1/mbed-os/targets/TARGET_NXP" -I"/home/pc/Desktop/Cours/micro_controller/labo1/mbed-os/targets/TARGET_NXP/TARGET_LPC176X" -I"/home/pc/Desktop/Cours/micro_controller/labo1/mbed-os/targets/TARGET_NXP/TARGET_LPC176X/TARGET_MBED_LPC1768" -I"/home/pc/Desktop/Cours/micro_controller/labo1/mbed-os/targets/TARGET_NXP/TARGET_LPC176X/device" -include"/home/pc/Desktop/Cours/micro_controller/labo1/mbed-os/mbed_config.h" -O0 -fno-rtti -fmessage-length=0 -fno-exceptions -fno-builtin -ffunction-sections -fdata-sections -funsigned-char -fno-delete-null-pointer-checks -fomit-frame-pointer -g3 -Wall -Wextra -c -DMBED_DEBUG -DMBED_TRAP_ERRORS_ENABLED=1 -Wno-unused-parameter -Wno-missing-field-initializers -fmerge-constants -fmacro-prefix-map="../src/"= -mcpu=cortex-m3 -mthumb -D__NEWLIB__ -fstack-usage -MMD -MP -MF"src/IC2.d" -MT"src/IC2.o" -MT"src/IC2.d" -o "src/IC2.o" "../src/IC2.cpp"
../src/IC2.cpp: In function 'void exercice1()':
../src/IC2.cpp:37:17: warning: unused variable 'val' [-Wunused-variable]
   37 |         uint8_t val = (uint8_t) i2c.read(1);
      |                 ^~~
../src/IC2.cpp: In function 'int main()':
../src/IC2.cpp:63:25: warning: unused variable 'val' [-Wunused-variable]
   63 |                 uint8_t val = (uint8_t) i2c.read(1);
      |                         ^~~
../src/IC2.cpp:45:17: warning: unused variable 'exo' [-Wunused-variable]
   45 |         uint8_t exo = 1;
      |                 ^~~
Finished building: ../src/IC2.cpp
 
Building target: labo3.axf
Invoking: MCU C++ Linker
arm-none-eabi-c++ -L"/home/pc/Desktop/Cours/micro_controller/labo1/mbed-os/Debug" -DMBED_DEBUG -DMBED_TRAP_ERRORS_ENABLED=1 -Wl,-n -Wl,--start-group -lstdc++ -lsupc++ -lm -lc -lgcc -lnosys -lmbed-os -Wl,--end-group -Xlinker -Map="labo3.map" -Xlinker -print-memory-usage -Xlinker --gc-sections -Xlinker --wrap=main -Xlinker --wrap=_malloc_r -Xlinker --wrap=_free_r -Xlinker --wrap=_realloc_r -Xlinker --wrap=_memalign_r -Xlinker --wrap=_calloc_r -Xlinker --wrap=exit -Xlinker --wrap=atexit -mcpu=cortex-m3 -mthumb -T ../../mbed-os/targets/TARGET_NXP/TARGET_LPC176X/device/TOOLCHAIN_GCC_ARM/LPC1768.ld -o "labo3.axf" ./src/IC2.o    -lstdc++ -lsupc++ -lm -lc -lgcc -lnosys -lmbed-os
/usr/local/mcuxpressoide-11.8.0_1165/ide/plugins/com.nxp.mcuxpresso.tools.linux_11.8.0.202306131047/tools/bin/../lib/gcc/arm-none-eabi/12.2.1/../../../../arm-none-eabi/bin/ld: /usr/local/mcuxpressoide-11.8.0_1165/ide/plugins/com.nxp.mcuxpresso.tools.linux_11.8.0.202306131047/tools/bin/../lib/gcc/arm-none-eabi/12.2.1/../../../../arm-none-eabi/lib/thumb/v7-m/nofp/libc.a(libc_a-signalr.o): in function `_getpid_r':
signalr.c:(.text._getpid_r+0x0): warning: _getpid is not implemented and will always fail
/usr/local/mcuxpressoide-11.8.0_1165/ide/plugins/com.nxp.mcuxpresso.tools.linux_11.8.0.202306131047/tools/bin/../lib/gcc/arm-none-eabi/12.2.1/../../../../arm-none-eabi/bin/ld: /usr/local/mcuxpressoide-11.8.0_1165/ide/plugins/com.nxp.mcuxpresso.tools.linux_11.8.0.202306131047/tools/bin/../lib/gcc/arm-none-eabi/12.2.1/../../../../arm-none-eabi/lib/thumb/v7-m/nofp/libc.a(libc_a-signalr.o): in function `_kill_r':
signalr.c:(.text._kill_r+0xe): warning: _kill is not implemented and will always fail
Memory region         Used Size  Region Size  %age Used
           FLASH:       49680 B       512 KB      9.48%
             RAM:        3028 B      32512 B      9.31%
            RAM2:          0 GB        32 KB      0.00%
Finished building target: labo3.axf
 
Performing post-build steps
arm-none-eabi-size "labo3.axf"; # arm-none-eabi-objcopy -v -O binary "labo3.axf" "labo3.bin" ; # checksum -p LPC1769 -d "labo3.bin";
   text	   data	    bss	    dec	    hex	filename
  49680	   1996	   1028	  52704	   cde0	labo3.axf
 
15:15:00 **** Incremental Build of configuration Debug for project labo3 ****
make -r -j20 all 
make[1]: Nothing to be done for 'main-build'.
Performing post-build steps
arm-none-eabi-size "labo3.axf"; # arm-none-eabi-objcopy -v -O binary "labo3.axf" "labo3.bin" ; # checksum -p LPC1769 -d "labo3.bin";
   text	   data	    bss	    dec	    hex	filename
  49680	   1996	   1028	  52704	   cde0	labo3.axf
 
15:17:56 **** Incremental Build of configuration Debug for project labo3 ****
make -r -j20 all 
Building file: ../src/IC2.cpp
Invoking: MCU C++ Compiler
arm-none-eabi-c++ -std=gnu++98 -DDEVICE_FLASH=1 -DARM_MATH_CM3 -DDEVICE_DIGITALIN=1 -DDEVICE_SLEEP=1 -DTARGET_CORTEX -DTARGET_NXP -DCOMPONENT_NSPE=1 -DDEVICE_I2CSLAVE=1 -DDEVICE_PWMOUT=1 -DDEVICE_I2C=1 -DTARGET_CORTEX_M -DTOOLCHAIN_GCC -DTARGET_LIKE_MBED -D__CMSIS_RTOS -DDEVICE_MPU=1 -DDEVICE_DEBUG_AWARENESS=1 -DTOOLCHAIN_GCC_ARM -D__CORTEX_M3 -DTARGET_LPC1768 -DDEVICE_ANALOGIN=1 -DTARGET_M3 -DCOMPONENT_PSA_SRV_EMUL=1 -DDEVICE_SPISLAVE=1 -DDEVICE_INTERRUPTIN=1 -D__MBED_CMSIS_RTOS_CM -DCOMPONENT_PSA_SRV_IMPL=1 -DTARGET_LPC176X -DTARGET_LPCTarget -D__MBED__=1 -DDEVICE_ETHERNET=1 -DDEVICE_CAN=1 -DDEVICE_EMAC=1 -DDEVICE_DIGITALOUT=1 -DMBED_BUILD_TIMESTAMP=1570193752.760802 -DDEVICE_SEMIHOST=1 -DDEVICE_STDIO_MESSAGES=1 -DDEVICE_SPI=1 -DDEVICE_SERIAL=1 -DDEVICE_LOCALFILESYSTEM=1 -DTARGET_NXP_EMAC -DTARGET_MBED_LPC1768 -DTARGET_DEBUG -DDEVICE_PORTOUT=1 -DDEVICE_RTC=1 -DTARGET_LIKE_CORTEX_M3 -DDEVICE_ANALOGOUT=1 -DTARGET_hepialight2 -DDEVICE_SERIAL_FC=1 -DDEVICE_PORTIN=1 -DDEVICE_PORTINOUT=1 -DDEVICE_USTICKER=1 -D__NEWLIB__ -DDEBUG -D__CODE_RED -DCORE_M3 -DCPP_USE_HEAP -D__LPC17XX__ -I"/home/pc/Desktop/Cours/micro_controller/labo1/labo3/." -I"/home/pc/Desktop/Cours/micro_controller/labo1/labo3/inc" -I"/home/pc/Desktop/Cours/micro_controller/labo1/mbed-os" -I"/home/pc/Desktop/Cours/micro_controller/labo1/mbed-os/cmsis" -I"/home/pc/Desktop/Cours/micro_controller/labo1/mbed-os/cmsis/TARGET_CORTEX_M" -I"/home/pc/Desktop/Cours/micro_controller/labo1/mbed-os/drivers" -I"/home/pc/Desktop/Cours/micro_controller/labo1/mbed-os/hal" -I"/home/pc/Desktop/Cours/micro_controller/labo1/mbed-os/hal/storage_abstraction" -I"/home/pc/Desktop/Cours/micro_controller/labo1/mbed-os/platform" -I"/home/pc/Desktop/Cours/micro_controller/labo1/mbed-os/targets/TARGET_NXP" -I"/home/pc/Desktop/Cours/micro_controller/labo1/mbed-os/targets/TARGET_NXP/TARGET_LPC176X" -I"/home/pc/Desktop/Cours/micro_controller/labo1/mbed-os/targets/TARGET_NXP/TARGET_LPC176X/TARGET_MBED_LPC1768" -I"/home/pc/Desktop/Cours/micro_controller/labo1/mbed-os/targets/TARGET_NXP/TARGET_LPC176X/device" -include"/home/pc/Desktop/Cours/micro_controller/labo1/mbed-os/mbed_config.h" -O0 -fno-rtti -fmessage-length=0 -fno-exceptions -fno-builtin -ffunction-sections -fdata-sections -funsigned-char -fno-delete-null-pointer-checks -fomit-frame-pointer -g3 -Wall -Wextra -c -DMBED_DEBUG -DMBED_TRAP_ERRORS_ENABLED=1 -Wno-unused-parameter -Wno-missing-field-initializers -fmerge-constants -fmacro-prefix-map="../src/"= -mcpu=cortex-m3 -mthumb -D__NEWLIB__ -fstack-usage -MMD -MP -MF"src/IC2.d" -MT"src/IC2.o" -MT"src/IC2.d" -o "src/IC2.o" "../src/IC2.cpp"
../src/IC2.cpp: In function 'void exercice1()':
../src/IC2.cpp:37:17: warning: unused variable 'val' [-Wunused-variable]
   37 |         uint8_t val = (uint8_t) i2c.read(1);
      |                 ^~~
../src/IC2.cpp: In function 'int main()':
../src/IC2.cpp:63:25: warning: unused variable 'val' [-Wunused-variable]
   63 |                 uint8_t val = (uint8_t) i2c.read(1);
      |                         ^~~
../src/IC2.cpp:45:17: warning: unused variable 'exo' [-Wunused-variable]
   45 |         uint8_t exo = 1;
      |                 ^~~
Finished building: ../src/IC2.cpp
 
Building target: labo3.axf
Invoking: MCU C++ Linker
arm-none-eabi-c++ -L"/home/pc/Desktop/Cours/micro_controller/labo1/mbed-os/Debug" -DMBED_DEBUG -DMBED_TRAP_ERRORS_ENABLED=1 -Wl,-n -Wl,--start-group -lstdc++ -lsupc++ -lm -lc -lgcc -lnosys -lmbed-os -Wl,--end-group -Xlinker -Map="labo3.map" -Xlinker -print-memory-usage -Xlinker --gc-sections -Xlinker --wrap=main -Xlinker --wrap=_malloc_r -Xlinker --wrap=_free_r -Xlinker --wrap=_realloc_r -Xlinker --wrap=_memalign_r -Xlinker --wrap=_calloc_r -Xlinker --wrap=exit -Xlinker --wrap=atexit -mcpu=cortex-m3 -mthumb -T ../../mbed-os/targets/TARGET_NXP/TARGET_LPC176X/device/TOOLCHAIN_GCC_ARM/LPC1768.ld -o "labo3.axf" ./src/IC2.o    -lstdc++ -lsupc++ -lm -lc -lgcc -lnosys -lmbed-os
/usr/local/mcuxpressoide-11.8.0_1165/ide/plugins/com.nxp.mcuxpresso.tools.linux_11.8.0.202306131047/tools/bin/../lib/gcc/arm-none-eabi/12.2.1/../../../../arm-none-eabi/bin/ld: /usr/local/mcuxpressoide-11.8.0_1165/ide/plugins/com.nxp.mcuxpresso.tools.linux_11.8.0.202306131047/tools/bin/../lib/gcc/arm-none-eabi/12.2.1/../../../../arm-none-eabi/lib/thumb/v7-m/nofp/libc.a(libc_a-signalr.o): in function `_getpid_r':
signalr.c:(.text._getpid_r+0x0): warning: _getpid is not implemented and will always fail
/usr/local/mcuxpressoide-11.8.0_1165/ide/plugins/com.nxp.mcuxpresso.tools.linux_11.8.0.202306131047/tools/bin/../lib/gcc/arm-none-eabi/12.2.1/../../../../arm-none-eabi/bin/ld: /usr/local/mcuxpressoide-11.8.0_1165/ide/plugins/com.nxp.mcuxpresso.tools.linux_11.8.0.202306131047/tools/bin/../lib/gcc/arm-none-eabi/12.2.1/../../../../arm-none-eabi/lib/thumb/v7-m/nofp/libc.a(libc_a-signalr.o): in function `_kill_r':
signalr.c:(.text._kill_r+0xe): warning: _kill is not implemented and will always fail
Memory region         Used Size  Region Size  %age Used
           FLASH:       48912 B       512 KB      9.33%
             RAM:        3028 B      32512 B      9.31%
            RAM2:          0 GB        32 KB      0.00%
Finished building target: labo3.axf
 
Performing post-build steps
arm-none-eabi-size "labo3.axf"; # arm-none-eabi-objcopy -v -O binary "labo3.axf" "labo3.bin" ; # checksum -p LPC1769 -d "labo3.bin";
   text	   data	    bss	    dec	    hex	filename
  48912	   1996	   1028	  51936	   cae0	labo3.axf
 
15:19:01 **** Incremental Build of configuration Debug for project labo3 ****
make -r -j20 all 
make[1]: Nothing to be done for 'main-build'.
Performing post-build steps
arm-none-eabi-size "labo3.axf"; # arm-none-eabi-objcopy -v -O binary "labo3.axf" "labo3.bin" ; # checksum -p LPC1769 -d "labo3.bin";
   text	   data	    bss	    dec	    hex	filename
  48912	   1996	   1028	  51936	   cae0	labo3.axf
 
15:19:04 **** Incremental Build of configuration Debug for project labo3 ****
make -r -j20 all 
make[1]: Nothing to be done for 'main-build'.
Performing post-build steps
arm-none-eabi-size "labo3.axf"; # arm-none-eabi-objcopy -v -O binary "labo3.axf" "labo3.bin" ; # checksum -p LPC1769 -d "labo3.bin";
   text	   data	    bss	    dec	    hex	filename
  48912	   1996	   1028	  51936	   cae0	labo3.axf
 
