15:14:59 **** Incremental Build of configuration Debug for project labo1 ****
make -r -j20 all 
Building target: labo1.axf
Invoking: MCU C++ Linker
arm-none-eabi-c++ -L"/home/pc/Desktop/Cours/micro_controller/mbed-os/Debug" -DMBED_DEBUG -DMBED_TRAP_ERRORS_ENABLED=1 -Wl,-n -Wl,--start-group -lstdc++ -lsupc++ -lm -lc -lgcc -lnosys -lmbed-os -Wl,--end-group -Xlinker -Map="labo1.map" -Xlinker -print-memory-usage -Xlinker --gc-sections -Xlinker --wrap=main -Xlinker --wrap=_malloc_r -Xlinker --wrap=_free_r -Xlinker --wrap=_realloc_r -Xlinker --wrap=_memalign_r -Xlinker --wrap=_calloc_r -Xlinker --wrap=exit -Xlinker --wrap=atexit -mcpu=cortex-m3 -mthumb -T ../../mbed-os/targets/TARGET_NXP/TARGET_LPC176X/device/TOOLCHAIN_GCC_ARM/LPC1768.ld -o "labo1.axf" ./src/labo1.o    -lstdc++ -lsupc++ -lm -lc -lgcc -lnosys -lmbed-os
/usr/local/mcuxpressoide-11.8.0_1165/ide/plugins/com.nxp.mcuxpresso.tools.linux_11.8.0.202306131047/tools/bin/../lib/gcc/arm-none-eabi/12.2.1/../../../../arm-none-eabi/bin/ld: /usr/local/mcuxpressoide-11.8.0_1165/ide/plugins/com.nxp.mcuxpresso.tools.linux_11.8.0.202306131047/tools/bin/../lib/gcc/arm-none-eabi/12.2.1/../../../../arm-none-eabi/lib/thumb/v7-m/nofp/libc.a(libc_a-signalr.o): in function `_getpid_r':
signalr.c:(.text._getpid_r+0x0): warning: _getpid is not implemented and will always fail
/usr/local/mcuxpressoide-11.8.0_1165/ide/plugins/com.nxp.mcuxpresso.tools.linux_11.8.0.202306131047/tools/bin/../lib/gcc/arm-none-eabi/12.2.1/../../../../arm-none-eabi/bin/ld: /usr/local/mcuxpressoide-11.8.0_1165/ide/plugins/com.nxp.mcuxpresso.tools.linux_11.8.0.202306131047/tools/bin/../lib/gcc/arm-none-eabi/12.2.1/../../../../arm-none-eabi/lib/thumb/v7-m/nofp/libc.a(libc_a-signalr.o): in function `_kill_r':
signalr.c:(.text._kill_r+0xe): warning: _kill is not implemented and will always fail
Memory region         Used Size  Region Size  %age Used
           FLASH:       54056 B       512 KB     10.31%
             RAM:        3012 B      32512 B      9.26%
            RAM2:          0 GB        32 KB      0.00%
Finished building target: labo1.axf
 
Performing post-build steps
arm-none-eabi-size "labo1.axf"; # arm-none-eabi-objcopy -v -O binary "labo1.axf" "labo1.bin" ; # checksum -p LPC1769 -d "labo1.bin";
   text	   data	    bss	    dec	    hex	filename
  54056	   1996	   1012	  57064	   dee8	labo1.axf
 

15:14:59 Build Finished. 0 errors, 2 warnings. (took 453ms)

