15:15:00 **** Build of configuration Debug for project labo2 ****
make -r -j20 all 
Building file: ../src/labo2.cpp
Invoking: MCU C++ Compiler
arm-none-eabi-c++ -std=gnu++98 -DDEVICE_FLASH=1 -DARM_MATH_CM3 -DDEVICE_DIGITALIN=1 -DDEVICE_SLEEP=1 -DTARGET_CORTEX -DTARGET_NXP -DCOMPONENT_NSPE=1 -DDEVICE_I2CSLAVE=1 -DDEVICE_PWMOUT=1 -DDEVICE_I2C=1 -DTARGET_CORTEX_M -DTOOLCHAIN_GCC -DTARGET_LIKE_MBED -D__CMSIS_RTOS -DDEVICE_MPU=1 -DDEVICE_DEBUG_AWARENESS=1 -DTOOLCHAIN_GCC_ARM -D__CORTEX_M3 -DTARGET_LPC1768 -DDEVICE_ANALOGIN=1 -DTARGET_M3 -DCOMPONENT_PSA_SRV_EMUL=1 -DDEVICE_SPISLAVE=1 -DDEVICE_INTERRUPTIN=1 -D__MBED_CMSIS_RTOS_CM -DCOMPONENT_PSA_SRV_IMPL=1 -DTARGET_LPC176X -DTARGET_LPCTarget -D__MBED__=1 -DDEVICE_ETHERNET=1 -DDEVICE_CAN=1 -DDEVICE_EMAC=1 -DDEVICE_DIGITALOUT=1 -DMBED_BUILD_TIMESTAMP=1570193752.760802 -DDEVICE_SEMIHOST=1 -DDEVICE_STDIO_MESSAGES=1 -DDEVICE_SPI=1 -DDEVICE_SERIAL=1 -DDEVICE_LOCALFILESYSTEM=1 -DTARGET_NXP_EMAC -DTARGET_MBED_LPC1768 -DTARGET_DEBUG -DDEVICE_PORTOUT=1 -DDEVICE_RTC=1 -DTARGET_LIKE_CORTEX_M3 -DDEVICE_ANALOGOUT=1 -DTARGET_hepialight2 -DDEVICE_SERIAL_FC=1 -DDEVICE_PORTIN=1 -DDEVICE_PORTINOUT=1 -DDEVICE_USTICKER=1 -D__NEWLIB__ -DDEBUG -D__CODE_RED -DCORE_M3 -DCPP_USE_HEAP -D__LPC17XX__ -I"/home/pc/Desktop/Cours/micro_controller/labo2/." -I"/home/pc/Desktop/Cours/micro_controller/labo2/inc" -I"/home/pc/Desktop/Cours/micro_controller/mbed-os" -I"/home/pc/Desktop/Cours/micro_controller/mbed-os/cmsis" -I"/home/pc/Desktop/Cours/micro_controller/mbed-os/cmsis/TARGET_CORTEX_M" -I"/home/pc/Desktop/Cours/micro_controller/mbed-os/drivers" -I"/home/pc/Desktop/Cours/micro_controller/mbed-os/hal" -I"/home/pc/Desktop/Cours/micro_controller/mbed-os/hal/storage_abstraction" -I"/home/pc/Desktop/Cours/micro_controller/mbed-os/platform" -I"/home/pc/Desktop/Cours/micro_controller/mbed-os/targets/TARGET_NXP" -I"/home/pc/Desktop/Cours/micro_controller/mbed-os/targets/TARGET_NXP/TARGET_LPC176X" -I"/home/pc/Desktop/Cours/micro_controller/mbed-os/targets/TARGET_NXP/TARGET_LPC176X/TARGET_MBED_LPC1768" -I"/home/pc/Desktop/Cours/micro_controller/mbed-os/targets/TARGET_NXP/TARGET_LPC176X/device" -include"/home/pc/Desktop/Cours/micro_controller/mbed-os/mbed_config.h" -O0 -fno-rtti -fmessage-length=0 -fno-exceptions -fno-builtin -ffunction-sections -fdata-sections -funsigned-char -fno-delete-null-pointer-checks -fomit-frame-pointer -g3 -Wall -Wextra -c -DMBED_DEBUG -DMBED_TRAP_ERRORS_ENABLED=1 -Wno-unused-parameter -Wno-missing-field-initializers -fmerge-constants -fmacro-prefix-map="../src/"= -mcpu=cortex-m3 -mthumb -D__NEWLIB__ -fstack-usage -MMD -MP -MF"src/labo2.d" -MT"src/labo2.o" -MT"src/labo2.d" -o "src/labo2.o" "../src/labo2.cpp"
Finished building: ../src/labo2.cpp
 
Building target: labo2.axf
Invoking: MCU C++ Linker
arm-none-eabi-c++ -L"/home/pc/Desktop/Cours/micro_controller/mbed-os/Debug" -DMBED_DEBUG -DMBED_TRAP_ERRORS_ENABLED=1 -Wl,-n -Wl,--start-group -lstdc++ -lsupc++ -lm -lc -lgcc -lnosys -lmbed-os -Wl,--end-group -Xlinker -Map="labo2.map" -Xlinker -print-memory-usage -Xlinker --gc-sections -Xlinker --wrap=main -Xlinker --wrap=_malloc_r -Xlinker --wrap=_free_r -Xlinker --wrap=_realloc_r -Xlinker --wrap=_memalign_r -Xlinker --wrap=_calloc_r -Xlinker --wrap=exit -Xlinker --wrap=atexit -mcpu=cortex-m3 -mthumb -T ../../mbed-os/targets/TARGET_NXP/TARGET_LPC176X/device/TOOLCHAIN_GCC_ARM/LPC1768.ld -o "labo2.axf" ./src/labo2.o    -lstdc++ -lsupc++ -lm -lc -lgcc -lnosys -lmbed-os
/usr/local/mcuxpressoide-11.8.0_1165/ide/plugins/com.nxp.mcuxpresso.tools.linux_11.8.0.202306131047/tools/bin/../lib/gcc/arm-none-eabi/12.2.1/../../../../arm-none-eabi/bin/ld: /usr/local/mcuxpressoide-11.8.0_1165/ide/plugins/com.nxp.mcuxpresso.tools.linux_11.8.0.202306131047/tools/bin/../lib/gcc/arm-none-eabi/12.2.1/../../../../arm-none-eabi/lib/thumb/v7-m/nofp/libc.a(libc_a-signalr.o): in function `_getpid_r':
signalr.c:(.text._getpid_r+0x0): warning: _getpid is not implemented and will always fail
/usr/local/mcuxpressoide-11.8.0_1165/ide/plugins/com.nxp.mcuxpresso.tools.linux_11.8.0.202306131047/tools/bin/../lib/gcc/arm-none-eabi/12.2.1/../../../../arm-none-eabi/bin/ld: /usr/local/mcuxpressoide-11.8.0_1165/ide/plugins/com.nxp.mcuxpresso.tools.linux_11.8.0.202306131047/tools/bin/../lib/gcc/arm-none-eabi/12.2.1/../../../../arm-none-eabi/lib/thumb/v7-m/nofp/libc.a(libc_a-signalr.o): in function `_kill_r':
signalr.c:(.text._kill_r+0xe): warning: _kill is not implemented and will always fail
Memory region         Used Size  Region Size  %age Used
           FLASH:       53808 B       512 KB     10.26%
             RAM:        2980 B      32512 B      9.17%
            RAM2:          0 GB        32 KB      0.00%
Finished building target: labo2.axf
 
Performing post-build steps
arm-none-eabi-size "labo2.axf"; # arm-none-eabi-objcopy -v -O binary "labo2.axf" "labo2.bin" ; # checksum -p LPC1769 -d "labo2.bin";
   text	   data	    bss	    dec	    hex	filename
  53808	   1992	    988	  56788	   ddd4	labo2.axf
 

15:15:00 Build Finished. 0 errors, 2 warnings. (took 739ms)

