/home/pc/Desktop/Cours/micro_controller/labo1/mbed-os/targets/TARGET_NXP/TARGET_LPC176X/gpio_object.h:35:20:void gpio_write(gpio_t*, int)	16	static
/home/pc/Desktop/Cours/micro_controller/labo1/mbed-os/targets/TARGET_NXP/TARGET_LPC176X/gpio_object.h:43:19:int gpio_read(gpio_t*)	16	static
/home/pc/Desktop/Cours/micro_controller/labo1/mbed-os/drivers/DigitalOut.h:54:5:mbed::DigitalOut::DigitalOut(PinName)	16	static
/home/pc/Desktop/Cours/micro_controller/labo1/mbed-os/drivers/DigitalOut.h:76:10:void mbed::DigitalOut::write(int)	16	static
/home/pc/Desktop/Cours/micro_controller/labo1/mbed-os/drivers/DigitalOut.h:88:9:int mbed::DigitalOut::read()	16	static
/home/pc/Desktop/Cours/micro_controller/labo1/mbed-os/drivers/DigitalOut.h:114:17:mbed::DigitalOut& mbed::DigitalOut::operator=(int)	16	static
/home/pc/Desktop/Cours/micro_controller/labo1/mbed-os/drivers/DigitalOut.h:141:5:mbed::DigitalOut::operator int()	16	static
/usr/local/mcuxpressoide-11.8.0_1165/ide/plugins/com.nxp.mcuxpresso.tools.linux_11.8.0.202306131047/tools/arm-none-eabi/include/c++/12.2.1/new:174:33:void* operator new(std::size_t, void*)	8	static
/home/pc/Desktop/Cours/micro_controller/labo1/mbed-os/drivers/Ticker.h:70:5:mbed::Ticker::Ticker()	16	static
/home/pc/Desktop/Cours/micro_controller/labo1/mbed-os/drivers/Ticker.h:87:10:void mbed::Ticker::attach(mbed::Callback<void()>, float)	40	static
/home/pc/Desktop/Cours/micro_controller/labo1/mbed-os/drivers/Ticker.h:140:13:mbed::Ticker::~Ticker()	16	static
/home/pc/Desktop/Cours/micro_controller/labo1/mbed-os/drivers/Ticker.h:140:13:virtual mbed::Ticker::~Ticker()	16	static
../src/labo1.cpp:74:6:void flip()	8	static
../src/labo1.cpp:77:6:void LedOn()	24	static
../src/labo1.cpp:81:6:void LedOff()	8	static
../src/labo1.cpp:87:6:void labo4()	40	static
../src/labo1.cpp:92:5:int main()	16	static
/home/pc/Desktop/Cours/micro_controller/labo1/mbed-os/platform/NonCopyable.h:174:5:mbed::NonCopyable<T>::NonCopyable() [with T = mbed::Ticker]	8	static
/home/pc/Desktop/Cours/micro_controller/labo1/mbed-os/platform/NonCopyable.h:178:5:mbed::NonCopyable<T>::~NonCopyable() [with T = mbed::Ticker]	8	static
/home/pc/Desktop/Cours/micro_controller/labo1/mbed-os/platform/Callback.h:83:5:mbed::Callback<R()>::Callback(R (*)()) [with R = void]	16	static
/home/pc/Desktop/Cours/micro_controller/labo1/mbed-os/platform/Callback.h:281:5:mbed::Callback<R()>::~Callback() [with R = void]	16	static
/home/pc/Desktop/Cours/micro_controller/labo1/mbed-os/platform/Callback.h:95:5:mbed::Callback<R()>::Callback(const mbed::Callback<R()>&) [with R = void]	16	static
/home/pc/Desktop/Cours/micro_controller/labo1/mbed-os/platform/Callback.h:633:10:void mbed::Callback<R()>::generate(const F&) [with F = void (*)(); R = void]	16	static
/home/pc/Desktop/Cours/micro_controller/labo1/mbed-os/platform/Callback.h:650:14:static R mbed::Callback<R()>::function_call(const void*) [with F = void (*)(); R = void]	16	static
/home/pc/Desktop/Cours/micro_controller/labo1/mbed-os/platform/Callback.h:656:17:static void mbed::Callback<R()>::function_move(void*, const void*) [with F = void (*)(); R = void]	16	static
/home/pc/Desktop/Cours/micro_controller/labo1/mbed-os/platform/Callback.h:662:17:static void mbed::Callback<R()>::function_dtor(void*) [with F = void (*)(); R = void]	8	static
../src/labo1.cpp:110:1:void __static_initialization_and_destruction_0(int, int)	16	static
../src/labo1.cpp:110:1:cpp)	8	static
