/home/pc/Desktop/Cours/micro_controller/labo1/mbed-os/targets/TARGET_NXP/TARGET_LPC176X/gpio_object.h:43:19:int gpio_read(gpio_t*)	16	static
/home/pc/Desktop/Cours/micro_controller/labo1/mbed-os/./drivers/DigitalIn.h:59:5:mbed::DigitalIn::DigitalIn(PinName)	16	static
/home/pc/Desktop/Cours/micro_controller/labo1/mbed-os/./drivers/DigitalIn.h:81:9:int mbed::DigitalIn::read()	16	static
/home/pc/Desktop/Cours/micro_controller/labo1/mbed-os/./drivers/DigitalIn.h:91:10:void mbed::DigitalIn::mode(PinMode)	16	static
/home/pc/Desktop/Cours/micro_controller/labo1/mbed-os/./platform/PlatformMutex.h:53:5:PlatformMutex::PlatformMutex()	16	static
/home/pc/Desktop/Cours/micro_controller/labo1/mbed-os/./platform/PlatformMutex.h:61:5:PlatformMutex::~PlatformMutex()	16	static
/home/pc/Desktop/Cours/micro_controller/labo1/mbed-os/./platform/PlatformMutex.h:71:10:void PlatformMutex::lock()	8	static
/home/pc/Desktop/Cours/micro_controller/labo1/mbed-os/./platform/PlatformMutex.h:81:10:void PlatformMutex::unlock()	8	static
../drivers/BusIn.cpp:22:1:mbed::BusIn::BusIn(PinName, PinName, PinName, PinName, PinName, PinName, PinName, PinName, PinName, PinName, PinName, PinName, PinName, PinName, PinName, PinName)	96	static
../drivers/BusIn.cpp:36:1:mbed::BusIn::BusIn(PinName*)	24	static
../drivers/BusIn.cpp:48:1:mbed::BusIn::~BusIn()	24	static
../drivers/BusIn.cpp:48:1:virtual mbed::BusIn::~BusIn()	16	static
../drivers/BusIn.cpp:58:5:int mbed::BusIn::read()	24	static
../drivers/BusIn.cpp:71:6:void mbed::BusIn::mode(PinMode)	24	static
../drivers/BusIn.cpp:82:6:virtual void mbed::BusIn::lock()	16	static
../drivers/BusIn.cpp:87:6:virtual void mbed::BusIn::unlock()	16	static
../drivers/BusIn.cpp:92:1:mbed::BusIn::operator int()	16	static
../drivers/BusIn.cpp:98:12:mbed::DigitalIn& mbed::BusIn::operator[](int)	16	static
/home/pc/Desktop/Cours/micro_controller/labo1/mbed-os/./platform/NonCopyable.h:174:5:mbed::NonCopyable<T>::NonCopyable() [with T = PlatformMutex]	8	static
/home/pc/Desktop/Cours/micro_controller/labo1/mbed-os/./platform/NonCopyable.h:178:5:mbed::NonCopyable<T>::~NonCopyable() [with T = PlatformMutex]	8	static
/home/pc/Desktop/Cours/micro_controller/labo1/mbed-os/./platform/NonCopyable.h:174:5:mbed::NonCopyable<T>::NonCopyable() [with T = mbed::BusIn]	8	static
/home/pc/Desktop/Cours/micro_controller/labo1/mbed-os/./platform/NonCopyable.h:178:5:mbed::NonCopyable<T>::~NonCopyable() [with T = mbed::BusIn]	8	static
