/home/pc/Desktop/Cours/micro_controller/labo1/mbed-os/targets/TARGET_NXP/TARGET_LPC176X/gpio_object.h:35:20:void gpio_write(gpio_t*, int)	16	static
/home/pc/Desktop/Cours/micro_controller/labo1/mbed-os/targets/TARGET_NXP/TARGET_LPC176X/gpio_object.h:43:19:int gpio_read(gpio_t*)	16	static
/home/pc/Desktop/Cours/micro_controller/labo1/mbed-os/./drivers/DigitalInOut.h:40:5:mbed::DigitalInOut::DigitalInOut(PinName)	16	static
/home/pc/Desktop/Cours/micro_controller/labo1/mbed-os/./drivers/DigitalInOut.h:64:10:void mbed::DigitalInOut::write(int)	16	static
/home/pc/Desktop/Cours/micro_controller/labo1/mbed-os/./drivers/DigitalInOut.h:76:9:int mbed::DigitalInOut::read()	16	static
/home/pc/Desktop/Cours/micro_controller/labo1/mbed-os/./drivers/DigitalInOut.h:84:10:void mbed::DigitalInOut::output()	16	static
/home/pc/Desktop/Cours/micro_controller/labo1/mbed-os/./drivers/DigitalInOut.h:93:10:void mbed::DigitalInOut::input()	16	static
/home/pc/Desktop/Cours/micro_controller/labo1/mbed-os/./drivers/DigitalInOut.h:104:10:void mbed::DigitalInOut::mode(PinMode)	16	static
/home/pc/Desktop/Cours/micro_controller/labo1/mbed-os/./platform/PlatformMutex.h:53:5:PlatformMutex::PlatformMutex()	16	static
/home/pc/Desktop/Cours/micro_controller/labo1/mbed-os/./platform/PlatformMutex.h:61:5:PlatformMutex::~PlatformMutex()	16	static
/home/pc/Desktop/Cours/micro_controller/labo1/mbed-os/./platform/PlatformMutex.h:71:10:void PlatformMutex::lock()	8	static
/home/pc/Desktop/Cours/micro_controller/labo1/mbed-os/./platform/PlatformMutex.h:81:10:void PlatformMutex::unlock()	8	static
../drivers/BusInOut.cpp:22:1:mbed::BusInOut::BusInOut(PinName, PinName, PinName, PinName, PinName, PinName, PinName, PinName, PinName, PinName, PinName, PinName, PinName, PinName, PinName, PinName)	96	static
../drivers/BusInOut.cpp:36:1:mbed::BusInOut::BusInOut(PinName*)	24	static
../drivers/BusInOut.cpp:48:1:mbed::BusInOut::~BusInOut()	24	static
../drivers/BusInOut.cpp:48:1:virtual mbed::BusInOut::~BusInOut()	16	static
../drivers/BusInOut.cpp:58:6:void mbed::BusInOut::write(int)	24	static
../drivers/BusInOut.cpp:69:5:int mbed::BusInOut::read()	24	static
../drivers/BusInOut.cpp:82:6:void mbed::BusInOut::output()	24	static
../drivers/BusInOut.cpp:93:6:void mbed::BusInOut::input()	24	static
../drivers/BusInOut.cpp:104:6:void mbed::BusInOut::mode(PinMode)	24	static
../drivers/BusInOut.cpp:115:11:mbed::BusInOut& mbed::BusInOut::operator=(int)	16	static
../drivers/BusInOut.cpp:122:11:mbed::BusInOut& mbed::BusInOut::operator=(mbed::BusInOut&)	16	static
../drivers/BusInOut.cpp:129:15:mbed::DigitalInOut& mbed::BusInOut::operator[](int)	16	static
../drivers/BusInOut.cpp:137:1:mbed::BusInOut::operator int()	16	static
../drivers/BusInOut.cpp:143:6:virtual void mbed::BusInOut::lock()	16	static
../drivers/BusInOut.cpp:148:6:virtual void mbed::BusInOut::unlock()	16	static
/home/pc/Desktop/Cours/micro_controller/labo1/mbed-os/./platform/NonCopyable.h:174:5:mbed::NonCopyable<T>::NonCopyable() [with T = PlatformMutex]	8	static
/home/pc/Desktop/Cours/micro_controller/labo1/mbed-os/./platform/NonCopyable.h:178:5:mbed::NonCopyable<T>::~NonCopyable() [with T = PlatformMutex]	8	static
/home/pc/Desktop/Cours/micro_controller/labo1/mbed-os/./platform/NonCopyable.h:174:5:mbed::NonCopyable<T>::NonCopyable() [with T = mbed::BusInOut]	8	static
/home/pc/Desktop/Cours/micro_controller/labo1/mbed-os/./platform/NonCopyable.h:178:5:mbed::NonCopyable<T>::~NonCopyable() [with T = mbed::BusInOut]	8	static
