/home/pc/Desktop/Cours/micro_controller/labo1/mbed-os/targets/TARGET_NXP/TARGET_LPC176X/gpio_object.h:35:20:void gpio_write(gpio_t*, int)	16	static
/home/pc/Desktop/Cours/micro_controller/labo1/mbed-os/targets/TARGET_NXP/TARGET_LPC176X/gpio_object.h:43:19:int gpio_read(gpio_t*)	16	static
/home/pc/Desktop/Cours/micro_controller/labo1/mbed-os/./drivers/DigitalOut.h:54:5:mbed::DigitalOut::DigitalOut(PinName)	16	static
/home/pc/Desktop/Cours/micro_controller/labo1/mbed-os/./drivers/DigitalOut.h:76:10:void mbed::DigitalOut::write(int)	16	static
/home/pc/Desktop/Cours/micro_controller/labo1/mbed-os/./drivers/DigitalOut.h:88:9:int mbed::DigitalOut::read()	16	static
/home/pc/Desktop/Cours/micro_controller/labo1/mbed-os/./platform/PlatformMutex.h:53:5:PlatformMutex::PlatformMutex()	16	static
/home/pc/Desktop/Cours/micro_controller/labo1/mbed-os/./platform/PlatformMutex.h:61:5:PlatformMutex::~PlatformMutex()	16	static
/home/pc/Desktop/Cours/micro_controller/labo1/mbed-os/./platform/PlatformMutex.h:71:10:void PlatformMutex::lock()	8	static
/home/pc/Desktop/Cours/micro_controller/labo1/mbed-os/./platform/PlatformMutex.h:81:10:void PlatformMutex::unlock()	8	static
../drivers/BusOut.cpp:22:1:mbed::BusOut::BusOut(PinName, PinName, PinName, PinName, PinName, PinName, PinName, PinName, PinName, PinName, PinName, PinName, PinName, PinName, PinName, PinName)	96	static
../drivers/BusOut.cpp:36:1:mbed::BusOut::BusOut(PinName*)	24	static
../drivers/BusOut.cpp:48:1:mbed::BusOut::~BusOut()	24	static
../drivers/BusOut.cpp:48:1:virtual mbed::BusOut::~BusOut()	16	static
../drivers/BusOut.cpp:58:6:void mbed::BusOut::write(int)	24	static
../drivers/BusOut.cpp:69:5:int mbed::BusOut::read()	24	static
../drivers/BusOut.cpp:82:9:mbed::BusOut& mbed::BusOut::operator=(int)	16	static
../drivers/BusOut.cpp:89:9:mbed::BusOut& mbed::BusOut::operator=(mbed::BusOut&)	16	static
../drivers/BusOut.cpp:96:13:mbed::DigitalOut& mbed::BusOut::operator[](int)	16	static
../drivers/BusOut.cpp:104:1:mbed::BusOut::operator int()	16	static
../drivers/BusOut.cpp:110:6:virtual void mbed::BusOut::lock()	16	static
../drivers/BusOut.cpp:115:6:virtual void mbed::BusOut::unlock()	16	static
/home/pc/Desktop/Cours/micro_controller/labo1/mbed-os/./platform/NonCopyable.h:174:5:mbed::NonCopyable<T>::NonCopyable() [with T = PlatformMutex]	8	static
/home/pc/Desktop/Cours/micro_controller/labo1/mbed-os/./platform/NonCopyable.h:178:5:mbed::NonCopyable<T>::~NonCopyable() [with T = PlatformMutex]	8	static
/home/pc/Desktop/Cours/micro_controller/labo1/mbed-os/./platform/NonCopyable.h:174:5:mbed::NonCopyable<T>::NonCopyable() [with T = mbed::BusOut]	8	static
/home/pc/Desktop/Cours/micro_controller/labo1/mbed-os/./platform/NonCopyable.h:178:5:mbed::NonCopyable<T>::~NonCopyable() [with T = mbed::BusOut]	8	static
