/usr/local/mcuxpressoide-11.8.0_1165/ide/plugins/com.nxp.mcuxpresso.tools.linux_11.8.0.202306131047/tools/arm-none-eabi/include/c++/12.2.1/new:174:33:void* operator new(std::size_t, void*)	8	static
/home/pc/Desktop/Cours/micro_controller/labo1/mbed-os/./platform/PlatformMutex.h:53:5:PlatformMutex::PlatformMutex()	16	static
/home/pc/Desktop/Cours/micro_controller/labo1/mbed-os/./platform/PlatformMutex.h:61:5:PlatformMutex::~PlatformMutex()	16	static
/home/pc/Desktop/Cours/micro_controller/labo1/mbed-os/./platform/PlatformMutex.h:71:10:void PlatformMutex::lock()	8	static
/home/pc/Desktop/Cours/micro_controller/labo1/mbed-os/./platform/PlatformMutex.h:81:10:void PlatformMutex::unlock()	8	static
../drivers/CAN.cpp:25:1:mbed::CAN::CAN(PinName, PinName)	56	static
../drivers/CAN.cpp:37:1:mbed::CAN::CAN(PinName, PinName, int)	56	static
../drivers/CAN.cpp:49:1:mbed::CAN::~CAN()	40	static
../drivers/CAN.cpp:49:1:virtual mbed::CAN::~CAN()	16	static
../drivers/CAN.cpp:61:5:int mbed::CAN::frequency(int)	24	static
../drivers/CAN.cpp:69:5:int mbed::CAN::write(mbed::CANMessage)	32	static
../drivers/CAN.cpp:77:5:int mbed::CAN::read(mbed::CANMessage&, int)	32	static
../drivers/CAN.cpp:85:6:void mbed::CAN::reset()	16	static
../drivers/CAN.cpp:92:15:unsigned char mbed::CAN::rderror()	24	static
../drivers/CAN.cpp:100:15:unsigned char mbed::CAN::tderror()	24	static
../drivers/CAN.cpp:108:6:void mbed::CAN::monitor(bool)	16	static
../drivers/CAN.cpp:115:5:int mbed::CAN::mode(Mode)	24	static
../drivers/CAN.cpp:123:5:int mbed::CAN::filter(unsigned int, unsigned int, CANFormat, int)	40	static
../drivers/CAN.cpp:131:6:void mbed::CAN::attach(mbed::Callback<void()>, IrqType)	40	static
../drivers/CAN.cpp:152:6:static void mbed::CAN::_irq_handler(uint32_t, CanIrqType)	24	static
../drivers/CAN.cpp:160:6:virtual void mbed::CAN::lock()	16	static
../drivers/CAN.cpp:165:6:virtual void mbed::CAN::unlock()	16	static
/home/pc/Desktop/Cours/micro_controller/labo1/mbed-os/./platform/NonCopyable.h:174:5:mbed::NonCopyable<T>::NonCopyable() [with T = PlatformMutex]	8	static
/home/pc/Desktop/Cours/micro_controller/labo1/mbed-os/./platform/NonCopyable.h:178:5:mbed::NonCopyable<T>::~NonCopyable() [with T = PlatformMutex]	8	static
/home/pc/Desktop/Cours/micro_controller/labo1/mbed-os/./platform/NonCopyable.h:174:5:mbed::NonCopyable<T>::NonCopyable() [with T = mbed::CAN]	8	static
/home/pc/Desktop/Cours/micro_controller/labo1/mbed-os/./platform/NonCopyable.h:178:5:mbed::NonCopyable<T>::~NonCopyable() [with T = mbed::CAN]	8	static
/home/pc/Desktop/Cours/micro_controller/labo1/mbed-os/./platform/Callback.h:83:5:mbed::Callback<R()>::Callback(R (*)()) [with R = void]	16	static
/home/pc/Desktop/Cours/micro_controller/labo1/mbed-os/./platform/Callback.h:281:5:mbed::Callback<R()>::~Callback() [with R = void]	16	static
/home/pc/Desktop/Cours/micro_controller/labo1/mbed-os/./platform/Callback.h:556:15:mbed::Callback<R()>& mbed::Callback<R()>::operator=(const mbed::Callback<R()>&) [with R = void]	16	static
/home/pc/Desktop/Cours/micro_controller/labo1/mbed-os/./platform/Callback.h:95:5:mbed::Callback<R()>::Callback(const mbed::Callback<R()>&) [with R = void]	16	static
/home/pc/Desktop/Cours/micro_controller/labo1/mbed-os/./platform/Callback.h:583:5:mbed::Callback<R()>::operator bool() const [with R = void]	8	static
/home/pc/Desktop/Cours/micro_controller/labo1/mbed-os/./platform/Callback.h:568:7:R mbed::Callback<R()>::call() const [with R = void]	16	static
/home/pc/Desktop/Cours/micro_controller/labo1/mbed-os/./platform/Callback.h:633:10:void mbed::Callback<R()>::generate(const F&) [with F = void (*)(); R = void]	16	static
/home/pc/Desktop/Cours/micro_controller/labo1/mbed-os/./platform/Callback.h:650:14:static R mbed::Callback<R()>::function_call(const void*) [with F = void (*)(); R = void]	16	static
/home/pc/Desktop/Cours/micro_controller/labo1/mbed-os/./platform/Callback.h:656:17:static void mbed::Callback<R()>::function_move(void*, const void*) [with F = void (*)(); R = void]	16	static
/home/pc/Desktop/Cours/micro_controller/labo1/mbed-os/./platform/Callback.h:662:17:static void mbed::Callback<R()>::function_dtor(void*) [with F = void (*)(); R = void]	8	static
