../drivers/Ethernet.cpp:25:1:mbed::Ethernet::Ethernet()	16	static
../drivers/Ethernet.cpp:30:1:mbed::Ethernet::~Ethernet()	16	static
../drivers/Ethernet.cpp:30:1:virtual mbed::Ethernet::~Ethernet()	16	static
../drivers/Ethernet.cpp:35:5:int mbed::Ethernet::write(const char*, int)	24	static
../drivers/Ethernet.cpp:40:5:int mbed::Ethernet::send()	16	static
../drivers/Ethernet.cpp:45:5:int mbed::Ethernet::receive()	16	static
../drivers/Ethernet.cpp:50:5:int mbed::Ethernet::read(char*, int)	24	static
../drivers/Ethernet.cpp:55:6:void mbed::Ethernet::address(char*)	16	static
../drivers/Ethernet.cpp:60:5:int mbed::Ethernet::link()	16	static
../drivers/Ethernet.cpp:65:6:void mbed::Ethernet::set_link(Mode)	24	static
/home/pc/Desktop/Cours/micro_controller/labo1/mbed-os/./platform/NonCopyable.h:174:5:mbed::NonCopyable<T>::NonCopyable() [with T = mbed::Ethernet]	8	static
/home/pc/Desktop/Cours/micro_controller/labo1/mbed-os/./platform/NonCopyable.h:178:5:mbed::NonCopyable<T>::~NonCopyable() [with T = mbed::Ethernet]	8	static
