/usr/local/mcuxpressoide-11.8.0_1165/ide/plugins/com.nxp.mcuxpresso.tools.linux_11.8.0.202306131047/tools/arm-none-eabi/include/c++/12.2.1/new:174:33:void* operator new(std::size_t, void*)	8	static
/home/pc/Desktop/Cours/micro_controller/labo1/mbed-os/./platform/SingletonPtr.h:45:20:void singleton_lock()	0	static
/home/pc/Desktop/Cours/micro_controller/labo1/mbed-os/./platform/SingletonPtr.h:62:20:void singleton_unlock()	0	static
/home/pc/Desktop/Cours/micro_controller/labo1/mbed-os/./platform/PlatformMutex.h:53:5:PlatformMutex::PlatformMutex()	16	static
/home/pc/Desktop/Cours/micro_controller/labo1/mbed-os/./platform/PlatformMutex.h:71:10:void PlatformMutex::lock()	8	static
/home/pc/Desktop/Cours/micro_controller/labo1/mbed-os/./platform/PlatformMutex.h:81:10:void PlatformMutex::unlock()	8	static
/home/pc/Desktop/Cours/micro_controller/labo1/mbed-os/./platform/ScopedRamExecutionLock.h:51:5:mbed::ScopedRamExecutionLock::ScopedRamExecutionLock()	16	static
/home/pc/Desktop/Cours/micro_controller/labo1/mbed-os/./platform/ScopedRamExecutionLock.h:62:5:mbed::ScopedRamExecutionLock::~ScopedRamExecutionLock()	16	static
/home/pc/Desktop/Cours/micro_controller/labo1/mbed-os/./platform/ScopedRomWriteLock.h:51:5:mbed::ScopedRomWriteLock::ScopedRomWriteLock()	16	static
/home/pc/Desktop/Cours/micro_controller/labo1/mbed-os/./platform/ScopedRomWriteLock.h:62:5:mbed::ScopedRomWriteLock::~ScopedRomWriteLock()	16	static
../drivers/FlashIAP.cpp:40:20:bool mbed::is_aligned(uint32_t, uint32_t)	8	static
../drivers/FlashIAP.cpp:49:1:mbed::FlashIAP::FlashIAP()	16	static
../drivers/FlashIAP.cpp:54:1:mbed::FlashIAP::~FlashIAP()	16	static
../drivers/FlashIAP.cpp:59:5:int mbed::FlashIAP::init()	32	static
../drivers/FlashIAP.cpp:77:5:int mbed::FlashIAP::deinit()	32	static
../drivers/FlashIAP.cpp:94:5:int mbed::FlashIAP::read(void*, uint32_t, uint32_t)	40	static
../drivers/FlashIAP.cpp:107:5:int mbed::FlashIAP::program(const void*, uint32_t, uint32_t)	80	static
../drivers/FlashIAP.cpp:168:6:bool mbed::FlashIAP::is_aligned_to_sector(uint32_t, uint32_t)	32	static
../drivers/FlashIAP.cpp:179:5:int mbed::FlashIAP::erase(uint32_t, uint32_t)	64	static
../drivers/FlashIAP.cpp:219:10:uint32_t mbed::FlashIAP::get_page_size() const	16	static
../drivers/FlashIAP.cpp:224:10:uint32_t mbed::FlashIAP::get_sector_size(uint32_t) const	16	static
../drivers/FlashIAP.cpp:229:10:uint32_t mbed::FlashIAP::get_flash_start() const	16	static
../drivers/FlashIAP.cpp:234:10:uint32_t mbed::FlashIAP::get_flash_size() const	16	static
../drivers/FlashIAP.cpp:239:9:uint8_t mbed::FlashIAP::get_erase_value() const	16	static
/home/pc/Desktop/Cours/micro_controller/labo1/mbed-os/./platform/NonCopyable.h:174:5:mbed::NonCopyable<T>::NonCopyable() [with T = PlatformMutex]	8	static
/home/pc/Desktop/Cours/micro_controller/labo1/mbed-os/./platform/NonCopyable.h:174:5:mbed::NonCopyable<T>::NonCopyable() [with T = mbed::ScopedRamExecutionLock]	8	static
/home/pc/Desktop/Cours/micro_controller/labo1/mbed-os/./platform/NonCopyable.h:178:5:mbed::NonCopyable<T>::~NonCopyable() [with T = mbed::ScopedRamExecutionLock]	8	static
/home/pc/Desktop/Cours/micro_controller/labo1/mbed-os/./platform/NonCopyable.h:174:5:mbed::NonCopyable<T>::NonCopyable() [with T = mbed::ScopedRomWriteLock]	8	static
/home/pc/Desktop/Cours/micro_controller/labo1/mbed-os/./platform/NonCopyable.h:178:5:mbed::NonCopyable<T>::~NonCopyable() [with T = mbed::ScopedRomWriteLock]	8	static
/home/pc/Desktop/Cours/micro_controller/labo1/mbed-os/./platform/NonCopyable.h:174:5:mbed::NonCopyable<T>::NonCopyable() [with T = mbed::FlashIAP]	8	static
/home/pc/Desktop/Cours/micro_controller/labo1/mbed-os/./platform/NonCopyable.h:178:5:mbed::NonCopyable<T>::~NonCopyable() [with T = mbed::FlashIAP]	8	static
/home/pc/Desktop/Cours/micro_controller/labo1/mbed-os/./platform/SingletonPtr.h:113:8:T* SingletonPtr<T>::operator->() const [with T = PlatformMutex]	16	static
/usr/local/mcuxpressoide-11.8.0_1165/ide/plugins/com.nxp.mcuxpresso.tools.linux_11.8.0.202306131047/tools/arm-none-eabi/include/c++/12.2.1/bits/stl_algobase.h:230:5:const _Tp& std::min(const _Tp&, const _Tp&) [with _Tp = long unsigned int]	8	static
/home/pc/Desktop/Cours/micro_controller/labo1/mbed-os/./platform/SingletonPtr.h:93:8:T* SingletonPtr<T>::get() const [with T = PlatformMutex]	16	static
