/home/pc/Desktop/Cours/micro_controller/labo1/mbed-os/targets/TARGET_NXP/TARGET_LPC176X/gpio_object.h:43:19:int gpio_read(gpio_t*)	16	static
/usr/local/mcuxpressoide-11.8.0_1165/ide/plugins/com.nxp.mcuxpresso.tools.linux_11.8.0.202306131047/tools/arm-none-eabi/include/c++/12.2.1/new:174:33:void* operator new(std::size_t, void*)	8	static
../drivers/InterruptIn.cpp:27:1:mbed::InterruptIn::InterruptIn(PinName)	16	static
../drivers/InterruptIn.cpp:37:1:mbed::InterruptIn::InterruptIn(PinName, PinMode)	24	static
../drivers/InterruptIn.cpp:48:6:void mbed::InterruptIn::irq_init(PinName)	16	static
../drivers/InterruptIn.cpp:53:1:mbed::InterruptIn::~InterruptIn()	16	static
../drivers/InterruptIn.cpp:53:1:virtual mbed::InterruptIn::~InterruptIn()	16	static
../drivers/InterruptIn.cpp:59:5:int mbed::InterruptIn::read()	16	static
../drivers/InterruptIn.cpp:65:6:void mbed::InterruptIn::mode(PinMode)	16	static
../drivers/InterruptIn.cpp:72:6:void mbed::InterruptIn::rise(mbed::Callback<void()>)	32	static
../drivers/InterruptIn.cpp:85:6:void mbed::InterruptIn::fall(mbed::Callback<void()>)	32	static
../drivers/InterruptIn.cpp:98:6:static void mbed::InterruptIn::_irq_handler(uint32_t, gpio_irq_event)	24	static
../drivers/InterruptIn.cpp:117:6:void mbed::InterruptIn::enable_irq()	16	static
../drivers/InterruptIn.cpp:124:6:void mbed::InterruptIn::disable_irq()	16	static
../drivers/InterruptIn.cpp:131:1:mbed::InterruptIn::operator int()	16	static
/home/pc/Desktop/Cours/micro_controller/labo1/mbed-os/./platform/NonCopyable.h:174:5:mbed::NonCopyable<T>::NonCopyable() [with T = mbed::InterruptIn]	8	static
/home/pc/Desktop/Cours/micro_controller/labo1/mbed-os/./platform/NonCopyable.h:178:5:mbed::NonCopyable<T>::~NonCopyable() [with T = mbed::InterruptIn]	8	static
/home/pc/Desktop/Cours/micro_controller/labo1/mbed-os/./platform/Callback.h:83:5:mbed::Callback<R()>::Callback(R (*)()) [with R = void]	16	static
/home/pc/Desktop/Cours/micro_controller/labo1/mbed-os/./platform/Callback.h:281:5:mbed::Callback<R()>::~Callback() [with R = void]	16	static
/home/pc/Desktop/Cours/micro_controller/labo1/mbed-os/./platform/Callback.h:583:5:mbed::Callback<R()>::operator bool() const [with R = void]	8	static
/home/pc/Desktop/Cours/micro_controller/labo1/mbed-os/./platform/Callback.h:556:15:mbed::Callback<R()>& mbed::Callback<R()>::operator=(const mbed::Callback<R()>&) [with R = void]	16	static
/home/pc/Desktop/Cours/micro_controller/labo1/mbed-os/./platform/Callback.h:576:7:R mbed::Callback<R()>::operator()() const [with R = void]	16	static
/home/pc/Desktop/Cours/micro_controller/labo1/mbed-os/./platform/Callback.h:633:10:void mbed::Callback<R()>::generate(const F&) [with F = void (*)(); R = void]	16	static
/home/pc/Desktop/Cours/micro_controller/labo1/mbed-os/./platform/Callback.h:95:5:mbed::Callback<R()>::Callback(const mbed::Callback<R()>&) [with R = void]	16	static
/home/pc/Desktop/Cours/micro_controller/labo1/mbed-os/./platform/Callback.h:568:7:R mbed::Callback<R()>::call() const [with R = void]	16	static
/home/pc/Desktop/Cours/micro_controller/labo1/mbed-os/./platform/Callback.h:650:14:static R mbed::Callback<R()>::function_call(const void*) [with F = void (*)(); R = void]	16	static
/home/pc/Desktop/Cours/micro_controller/labo1/mbed-os/./platform/Callback.h:656:17:static void mbed::Callback<R()>::function_move(void*, const void*) [with F = void (*)(); R = void]	16	static
/home/pc/Desktop/Cours/micro_controller/labo1/mbed-os/./platform/Callback.h:662:17:static void mbed::Callback<R()>::function_dtor(void*) [with F = void (*)(); R = void]	8	static
