/home/pc/Desktop/Cours/micro_controller/labo1/mbed-os/cmsis/TARGET_CORTEX_M/core_cm3.h:1737:22:void __NVIC_SetVector(IRQn_Type, uint32_t)	16	static
/home/pc/Desktop/Cours/micro_controller/labo1/mbed-os/cmsis/TARGET_CORTEX_M/core_cm3.h:1752:26:uint32_t __NVIC_GetVector(IRQn_Type)	16	static
/usr/local/mcuxpressoide-11.8.0_1165/ide/plugins/com.nxp.mcuxpresso.tools.linux_11.8.0.202306131047/tools/arm-none-eabi/include/c++/12.2.1/new:174:33:void* operator new(std::size_t, void*)	8	static
/home/pc/Desktop/Cours/micro_controller/labo1/mbed-os/./platform/PlatformMutex.h:53:5:PlatformMutex::PlatformMutex()	16	static
/home/pc/Desktop/Cours/micro_controller/labo1/mbed-os/./platform/PlatformMutex.h:61:5:PlatformMutex::~PlatformMutex()	16	static
/home/pc/Desktop/Cours/micro_controller/labo1/mbed-os/./platform/PlatformMutex.h:71:10:void PlatformMutex::lock()	8	static
/home/pc/Desktop/Cours/micro_controller/labo1/mbed-os/./platform/PlatformMutex.h:81:10:void PlatformMutex::unlock()	8	static
../drivers/InterruptManager.cpp:38:19:static mbed::InterruptManager* mbed::InterruptManager::get()	16	static
../drivers/InterruptManager.cpp:60:1:mbed::InterruptManager::InterruptManager()	16	static
../drivers/InterruptManager.cpp:66:6:static void mbed::InterruptManager::destroy()	8	static
../drivers/InterruptManager.cpp:77:1:mbed::InterruptManager::~InterruptManager()	24	static
../drivers/InterruptManager.cpp:85:6:bool mbed::InterruptManager::must_replace_vector(IRQn_Type)	40	static
../drivers/InterruptManager.cpp:100:20:mbed::Callback<void()>* mbed::InterruptManager::add_common(void (*)(), IRQn_Type, bool)	80	static
../drivers/InterruptManager.cpp:114:6:bool mbed::InterruptManager::remove_handler(mbed::pFunctionPointer_t, IRQn_Type)	32	static
../drivers/InterruptManager.cpp:130:6:void mbed::InterruptManager::irq_helper()	24	static
../drivers/InterruptManager.cpp:135:5:int mbed::InterruptManager::get_irq_index(IRQn_Type)	8	static
../drivers/InterruptManager.cpp:141:6:static void mbed::InterruptManager::static_irq_helper()	8	static
../drivers/InterruptManager.cpp:146:6:void mbed::InterruptManager::lock()	16	static
../drivers/InterruptManager.cpp:151:6:void mbed::InterruptManager::unlock()	16	static
/home/pc/Desktop/Cours/micro_controller/labo1/mbed-os/./platform/NonCopyable.h:174:5:mbed::NonCopyable<T>::NonCopyable() [with T = PlatformMutex]	8	static
/home/pc/Desktop/Cours/micro_controller/labo1/mbed-os/./platform/NonCopyable.h:178:5:mbed::NonCopyable<T>::~NonCopyable() [with T = PlatformMutex]	8	static
/home/pc/Desktop/Cours/micro_controller/labo1/mbed-os/./platform/NonCopyable.h:174:5:mbed::NonCopyable<T>::NonCopyable() [with T = mbed::InterruptManager]	8	static
/home/pc/Desktop/Cours/micro_controller/labo1/mbed-os/./platform/NonCopyable.h:178:5:mbed::NonCopyable<T>::~NonCopyable() [with T = mbed::InterruptManager]	8	static
/home/pc/Desktop/Cours/micro_controller/labo1/mbed-os/./platform/Callback.h:83:5:mbed::Callback<R()>::Callback(R (*)()) [with R = void]	16	static
/home/pc/Desktop/Cours/micro_controller/labo1/mbed-os/./platform/Callback.h:281:5:mbed::Callback<R()>::~Callback() [with R = void]	16	static
/home/pc/Desktop/Cours/micro_controller/labo1/mbed-os/./platform/Callback.h:633:10:void mbed::Callback<R()>::generate(const F&) [with F = void (*)(); R = void]	16	static
/home/pc/Desktop/Cours/micro_controller/labo1/mbed-os/./platform/Callback.h:650:14:static R mbed::Callback<R()>::function_call(const void*) [with F = void (*)(); R = void]	16	static
/home/pc/Desktop/Cours/micro_controller/labo1/mbed-os/./platform/Callback.h:656:17:static void mbed::Callback<R()>::function_move(void*, const void*) [with F = void (*)(); R = void]	16	static
/home/pc/Desktop/Cours/micro_controller/labo1/mbed-os/./platform/Callback.h:662:17:static void mbed::Callback<R()>::function_dtor(void*) [with F = void (*)(); R = void]	8	static
