../drivers/MbedCRC.cpp:31:1:mbed::MbedCRC<polynomial, width>::MbedCRC() [with long unsigned int polynomial = 79764919; unsigned char width = 32]	16	static
../drivers/MbedCRC.cpp:39:1:mbed::MbedCRC<polynomial, width>::MbedCRC() [with long unsigned int polynomial = 3988292384; unsigned char width = 32]	16	static
../drivers/MbedCRC.cpp:47:1:mbed::MbedCRC<polynomial, width>::MbedCRC() [with long unsigned int polynomial = 32773; unsigned char width = 16]	16	static
../drivers/MbedCRC.cpp:55:1:mbed::MbedCRC<polynomial, width>::MbedCRC() [with long unsigned int polynomial = 4129; unsigned char width = 16]	16	static
../drivers/MbedCRC.cpp:63:1:mbed::MbedCRC<polynomial, width>::MbedCRC() [with long unsigned int polynomial = 9; unsigned char width = 7]	16	static
../drivers/MbedCRC.cpp:71:1:mbed::MbedCRC<polynomial, width>::MbedCRC() [with long unsigned int polynomial = 7; unsigned char width = 8]	16	static
/home/pc/Desktop/Cours/micro_controller/labo1/mbed-os/./drivers/MbedCRC.h:502:10:void mbed::MbedCRC<polynomial, width>::mbed_crc_ctor() [with long unsigned int polynomial = 79764919; unsigned char width = 32]	8	static
/home/pc/Desktop/Cours/micro_controller/labo1/mbed-os/./drivers/MbedCRC.h:502:10:void mbed::MbedCRC<polynomial, width>::mbed_crc_ctor() [with long unsigned int polynomial = 3988292384; unsigned char width = 32]	8	static
/home/pc/Desktop/Cours/micro_controller/labo1/mbed-os/./drivers/MbedCRC.h:502:10:void mbed::MbedCRC<polynomial, width>::mbed_crc_ctor() [with long unsigned int polynomial = 32773; unsigned char width = 16]	8	static
/home/pc/Desktop/Cours/micro_controller/labo1/mbed-os/./drivers/MbedCRC.h:502:10:void mbed::MbedCRC<polynomial, width>::mbed_crc_ctor() [with long unsigned int polynomial = 4129; unsigned char width = 16]	8	static
/home/pc/Desktop/Cours/micro_controller/labo1/mbed-os/./drivers/MbedCRC.h:502:10:void mbed::MbedCRC<polynomial, width>::mbed_crc_ctor() [with long unsigned int polynomial = 9; unsigned char width = 7]	8	static
/home/pc/Desktop/Cours/micro_controller/labo1/mbed-os/./drivers/MbedCRC.h:502:10:void mbed::MbedCRC<polynomial, width>::mbed_crc_ctor() [with long unsigned int polynomial = 7; unsigned char width = 8]	8	static
/home/pc/Desktop/Cours/micro_controller/labo1/mbed-os/./drivers/MbedCRC.h:135:13:mbed::MbedCRC<polynomial, width>::~MbedCRC() [with long unsigned int polynomial = 7; unsigned char width = 8]	8	static
/home/pc/Desktop/Cours/micro_controller/labo1/mbed-os/./drivers/MbedCRC.h:135:13:mbed::MbedCRC<polynomial, width>::~MbedCRC() [with long unsigned int polynomial = 7; unsigned char width = 8]	16	static
/home/pc/Desktop/Cours/micro_controller/labo1/mbed-os/./drivers/MbedCRC.h:328:18:void mbed::MbedCRC<polynomial, width>::unlock() [with long unsigned int polynomial = 7; unsigned char width = 8]	8	static
/home/pc/Desktop/Cours/micro_controller/labo1/mbed-os/./drivers/MbedCRC.h:135:13:mbed::MbedCRC<polynomial, width>::~MbedCRC() [with long unsigned int polynomial = 9; unsigned char width = 7]	8	static
/home/pc/Desktop/Cours/micro_controller/labo1/mbed-os/./drivers/MbedCRC.h:135:13:mbed::MbedCRC<polynomial, width>::~MbedCRC() [with long unsigned int polynomial = 9; unsigned char width = 7]	16	static
/home/pc/Desktop/Cours/micro_controller/labo1/mbed-os/./drivers/MbedCRC.h:328:18:void mbed::MbedCRC<polynomial, width>::unlock() [with long unsigned int polynomial = 9; unsigned char width = 7]	8	static
/home/pc/Desktop/Cours/micro_controller/labo1/mbed-os/./drivers/MbedCRC.h:135:13:mbed::MbedCRC<polynomial, width>::~MbedCRC() [with long unsigned int polynomial = 4129; unsigned char width = 16]	8	static
/home/pc/Desktop/Cours/micro_controller/labo1/mbed-os/./drivers/MbedCRC.h:135:13:mbed::MbedCRC<polynomial, width>::~MbedCRC() [with long unsigned int polynomial = 4129; unsigned char width = 16]	16	static
/home/pc/Desktop/Cours/micro_controller/labo1/mbed-os/./drivers/MbedCRC.h:328:18:void mbed::MbedCRC<polynomial, width>::unlock() [with long unsigned int polynomial = 4129; unsigned char width = 16]	8	static
/home/pc/Desktop/Cours/micro_controller/labo1/mbed-os/./drivers/MbedCRC.h:135:13:mbed::MbedCRC<polynomial, width>::~MbedCRC() [with long unsigned int polynomial = 32773; unsigned char width = 16]	8	static
/home/pc/Desktop/Cours/micro_controller/labo1/mbed-os/./drivers/MbedCRC.h:135:13:mbed::MbedCRC<polynomial, width>::~MbedCRC() [with long unsigned int polynomial = 32773; unsigned char width = 16]	16	static
/home/pc/Desktop/Cours/micro_controller/labo1/mbed-os/./drivers/MbedCRC.h:328:18:void mbed::MbedCRC<polynomial, width>::unlock() [with long unsigned int polynomial = 32773; unsigned char width = 16]	8	static
/home/pc/Desktop/Cours/micro_controller/labo1/mbed-os/./drivers/MbedCRC.h:135:13:mbed::MbedCRC<polynomial, width>::~MbedCRC() [with long unsigned int polynomial = 3988292384; unsigned char width = 32]	8	static
/home/pc/Desktop/Cours/micro_controller/labo1/mbed-os/./drivers/MbedCRC.h:135:13:mbed::MbedCRC<polynomial, width>::~MbedCRC() [with long unsigned int polynomial = 3988292384; unsigned char width = 32]	16	static
/home/pc/Desktop/Cours/micro_controller/labo1/mbed-os/./drivers/MbedCRC.h:328:18:void mbed::MbedCRC<polynomial, width>::unlock() [with long unsigned int polynomial = 3988292384; unsigned char width = 32]	8	static
/home/pc/Desktop/Cours/micro_controller/labo1/mbed-os/./drivers/MbedCRC.h:135:13:mbed::MbedCRC<polynomial, width>::~MbedCRC() [with long unsigned int polynomial = 79764919; unsigned char width = 32]	8	static
/home/pc/Desktop/Cours/micro_controller/labo1/mbed-os/./drivers/MbedCRC.h:135:13:mbed::MbedCRC<polynomial, width>::~MbedCRC() [with long unsigned int polynomial = 79764919; unsigned char width = 32]	16	static
/home/pc/Desktop/Cours/micro_controller/labo1/mbed-os/./drivers/MbedCRC.h:328:18:void mbed::MbedCRC<polynomial, width>::unlock() [with long unsigned int polynomial = 79764919; unsigned char width = 32]	8	static
