../drivers/RawSerial.cpp:29:1:mbed::RawSerial::RawSerial(PinName, PinName, int)	24	static
../drivers/RawSerial.cpp:34:5:int mbed::RawSerial::getc()	24	static
../drivers/RawSerial.cpp:42:5:int mbed::RawSerial::putc(int)	24	static
../drivers/RawSerial.cpp:50:5:int mbed::RawSerial::puts(const char*)	16	static
../drivers/RawSerial.cpp:64:5:)	148	static
../drivers/RawSerial.cpp:90:6:virtual void mbed::RawSerial::lock()	8	static
../drivers/RawSerial.cpp:97:6:virtual void mbed::RawSerial::unlock()	8	static
/home/pc/Desktop/Cours/micro_controller/labo1/mbed-os/./platform/NonCopyable.h:174:5:mbed::NonCopyable<T>::NonCopyable() [with T = mbed::RawSerial]	8	static
/home/pc/Desktop/Cours/micro_controller/labo1/mbed-os/./platform/NonCopyable.h:178:5:mbed::NonCopyable<T>::~NonCopyable() [with T = mbed::RawSerial]	8	static
/home/pc/Desktop/Cours/micro_controller/labo1/mbed-os/./drivers/RawSerial.h:55:7:mbed::RawSerial::~RawSerial()	16	static
/home/pc/Desktop/Cours/micro_controller/labo1/mbed-os/./drivers/RawSerial.h:55:7:virtual mbed::RawSerial::~RawSerial()	16	static
