/home/pc/Desktop/Cours/micro_controller/labo1/mbed-os/./platform/PlatformMutex.h:53:5:PlatformMutex::PlatformMutex()	16	static
/home/pc/Desktop/Cours/micro_controller/labo1/mbed-os/./platform/PlatformMutex.h:61:5:PlatformMutex::~PlatformMutex()	16	static
/home/pc/Desktop/Cours/micro_controller/labo1/mbed-os/./platform/PlatformMutex.h:71:10:void PlatformMutex::lock()	8	static
/home/pc/Desktop/Cours/micro_controller/labo1/mbed-os/./platform/PlatformMutex.h:81:10:void PlatformMutex::unlock()	8	static
/home/pc/Desktop/Cours/micro_controller/labo1/mbed-os/./platform/FileHandle.h:154:19:virtual off_t mbed::FileHandle::lseek(off_t, int)	24	static
/home/pc/Desktop/Cours/micro_controller/labo1/mbed-os/./platform/FileHandle.h:168:17:virtual int mbed::FileHandle::fsync()	16	static
/home/pc/Desktop/Cours/micro_controller/labo1/mbed-os/./platform/FileHandle.h:180:19:virtual off_t mbed::FileHandle::flen()	16	static
/home/pc/Desktop/Cours/micro_controller/labo1/mbed-os/./platform/FileHandle.h:194:17:virtual int mbed::FileHandle::set_blocking(bool)	8	static
/home/pc/Desktop/Cours/micro_controller/labo1/mbed-os/./platform/FileHandle.h:203:18:virtual bool mbed::FileHandle::is_blocking() const	8	static
/home/pc/Desktop/Cours/micro_controller/labo1/mbed-os/./platform/FileHandle.h:218:19:virtual short int mbed::FileHandle::poll(short int) const	8	static
/home/pc/Desktop/Cours/micro_controller/labo1/mbed-os/./platform/FileHandle.h:263:18:virtual void mbed::FileHandle::sigio(mbed::Callback<void()>)	8	static
../drivers/Serial.cpp:24:1:mbed::Serial::Serial(PinName, PinName, const char*, int)	24	static
../drivers/Serial.cpp:28:1:mbed::Serial::Serial(PinName, PinName, int)	24	static
../drivers/Serial.cpp:32:5:virtual int mbed::Serial::_getc()	16	static
../drivers/Serial.cpp:38:5:virtual int mbed::Serial::_putc(int)	16	static
../drivers/Serial.cpp:44:6:virtual void mbed::Serial::lock()	16	static
../drivers/Serial.cpp:49:6:virtual void mbed::Serial::unlock()	16	static
/home/pc/Desktop/Cours/micro_controller/labo1/mbed-os/./platform/NonCopyable.h:174:5:mbed::NonCopyable<T>::NonCopyable() [with T = PlatformMutex]	8	static
/home/pc/Desktop/Cours/micro_controller/labo1/mbed-os/./platform/NonCopyable.h:178:5:mbed::NonCopyable<T>::~NonCopyable() [with T = PlatformMutex]	8	static
/home/pc/Desktop/Cours/micro_controller/labo1/mbed-os/./platform/NonCopyable.h:174:5:mbed::NonCopyable<T>::NonCopyable() [with T = mbed::Serial]	8	static
/home/pc/Desktop/Cours/micro_controller/labo1/mbed-os/./platform/NonCopyable.h:178:5:mbed::NonCopyable<T>::~NonCopyable() [with T = mbed::Serial]	8	static
/home/pc/Desktop/Cours/micro_controller/labo1/mbed-os/./drivers/Serial.h:54:7:mbed::Serial::~Serial()	16	static
/home/pc/Desktop/Cours/micro_controller/labo1/mbed-os/./drivers/Serial.h:54:7:virtual mbed::Serial::~Serial()	16	static
