/usr/local/mcuxpressoide-11.8.0_1165/ide/plugins/com.nxp.mcuxpresso.tools.linux_11.8.0.202306131047/tools/arm-none-eabi/include/c++/12.2.1/new:174:33:void* operator new(std::size_t, void*)	8	static
../drivers/SerialBase.cpp:26:1:mbed::SerialBase::SerialBase(PinName, PinName, int)	56	static
../drivers/SerialBase.cpp:45:6:void mbed::SerialBase::baud(int)	16	static
../drivers/SerialBase.cpp:53:6:void mbed::SerialBase::format(int, Parity, int)	24	static
../drivers/SerialBase.cpp:60:5:int mbed::SerialBase::readable()	24	static
../drivers/SerialBase.cpp:69:5:int mbed::SerialBase::writeable()	24	static
../drivers/SerialBase.cpp:77:6:void mbed::SerialBase::attach(mbed::Callback<void()>, IrqType)	40	static
../drivers/SerialBase.cpp:101:6:static void mbed::SerialBase::_irq_handler(uint32_t, SerialIrq)	24	static
../drivers/SerialBase.cpp:109:5:int mbed::SerialBase::_base_getc()	16	static
../drivers/SerialBase.cpp:115:5:int mbed::SerialBase::_base_putc(int)	16	static
../drivers/SerialBase.cpp:122:6:void mbed::SerialBase::set_break()	16	static
../drivers/SerialBase.cpp:129:6:void mbed::SerialBase::clear_break()	16	static
../drivers/SerialBase.cpp:136:6:void mbed::SerialBase::send_break()	16	static
../drivers/SerialBase.cpp:153:6:virtual void mbed::SerialBase::lock()	8	static
../drivers/SerialBase.cpp:158:6:virtual void mbed::SerialBase::unlock()	8	static
../drivers/SerialBase.cpp:163:1:mbed::SerialBase::~SerialBase()	40	static
../drivers/SerialBase.cpp:163:1:virtual mbed::SerialBase::~SerialBase()	16	static
../drivers/SerialBase.cpp:174:6:void mbed::SerialBase::set_flow_control(Flow, PinName, PinName)	32	static
/home/pc/Desktop/Cours/micro_controller/labo1/mbed-os/./platform/NonCopyable.h:174:5:mbed::NonCopyable<T>::NonCopyable() [with T = mbed::SerialBase]	8	static
/home/pc/Desktop/Cours/micro_controller/labo1/mbed-os/./platform/NonCopyable.h:178:5:mbed::NonCopyable<T>::~NonCopyable() [with T = mbed::SerialBase]	8	static
/home/pc/Desktop/Cours/micro_controller/labo1/mbed-os/./platform/Callback.h:83:5:mbed::Callback<R()>::Callback(R (*)()) [with R = void]	16	static
/home/pc/Desktop/Cours/micro_controller/labo1/mbed-os/./platform/Callback.h:281:5:mbed::Callback<R()>::~Callback() [with R = void]	16	static
/home/pc/Desktop/Cours/micro_controller/labo1/mbed-os/./platform/Callback.h:556:15:mbed::Callback<R()>& mbed::Callback<R()>::operator=(const mbed::Callback<R()>&) [with R = void]	16	static
/home/pc/Desktop/Cours/micro_controller/labo1/mbed-os/./platform/Callback.h:583:5:mbed::Callback<R()>::operator bool() const [with R = void]	8	static
/home/pc/Desktop/Cours/micro_controller/labo1/mbed-os/./platform/Callback.h:576:7:R mbed::Callback<R()>::operator()() const [with R = void]	16	static
/home/pc/Desktop/Cours/micro_controller/labo1/mbed-os/./platform/Callback.h:95:5:mbed::Callback<R()>::Callback(const mbed::Callback<R()>&) [with R = void]	16	static
/home/pc/Desktop/Cours/micro_controller/labo1/mbed-os/./platform/Callback.h:633:10:void mbed::Callback<R()>::generate(const F&) [with F = void (*)(); R = void]	16	static
/home/pc/Desktop/Cours/micro_controller/labo1/mbed-os/./platform/Callback.h:568:7:R mbed::Callback<R()>::call() const [with R = void]	16	static
/home/pc/Desktop/Cours/micro_controller/labo1/mbed-os/./platform/Callback.h:650:14:static R mbed::Callback<R()>::function_call(const void*) [with F = void (*)(); R = void]	16	static
/home/pc/Desktop/Cours/micro_controller/labo1/mbed-os/./platform/Callback.h:656:17:static void mbed::Callback<R()>::function_move(void*, const void*) [with F = void (*)(); R = void]	16	static
/home/pc/Desktop/Cours/micro_controller/labo1/mbed-os/./platform/Callback.h:662:17:static void mbed::Callback<R()>::function_dtor(void*) [with F = void (*)(); R = void]	8	static
