../drivers/TimerEvent.cpp:25:1:mbed::TimerEvent::TimerEvent()	16	static
../drivers/TimerEvent.cpp:30:1:mbed::TimerEvent::TimerEvent(const ticker_data_t*)	16	static
../drivers/TimerEvent.cpp:35:6:static void mbed::TimerEvent::irq(uint32_t)	24	static
../drivers/TimerEvent.cpp:41:1:mbed::TimerEvent::~TimerEvent()	16	static
../drivers/TimerEvent.cpp:41:1:virtual mbed::TimerEvent::~TimerEvent()	16	static
../drivers/TimerEvent.cpp:47:6:void mbed::TimerEvent::insert(timestamp_t)	16	static
../drivers/TimerEvent.cpp:52:6:void mbed::TimerEvent::insert_absolute(us_timestamp_t)	32	static
../drivers/TimerEvent.cpp:57:6:void mbed::TimerEvent::remove()	16	static
/home/pc/Desktop/Cours/micro_controller/labo1/mbed-os/./platform/NonCopyable.h:174:5:mbed::NonCopyable<T>::NonCopyable() [with T = mbed::TimerEvent]	8	static
/home/pc/Desktop/Cours/micro_controller/labo1/mbed-os/./platform/NonCopyable.h:178:5:mbed::NonCopyable<T>::~NonCopyable() [with T = mbed::TimerEvent]	8	static
