/usr/local/mcuxpressoide-11.8.0_1165/ide/plugins/com.nxp.mcuxpresso.tools.linux_11.8.0.202306131047/tools/arm-none-eabi/include/c++/12.2.1/new:174:33:void* operator new(std::size_t, void*)	8	static
/home/pc/Desktop/Cours/micro_controller/labo1/mbed-os/./platform/FileHandle.h:48:13:mbed::FileHandle::~FileHandle()	16	static
/home/pc/Desktop/Cours/micro_controller/labo1/mbed-os/./platform/FileHandle.h:48:13:virtual mbed::FileHandle::~FileHandle()	16	static
/home/pc/Desktop/Cours/micro_controller/labo1/mbed-os/./platform/FileHandle.h:121:19:virtual off_t mbed::FileHandle::tell()	16	static
/home/pc/Desktop/Cours/micro_controller/labo1/mbed-os/./platform/FileHandle.h:130:18:virtual void mbed::FileHandle::rewind()	16	static
/home/pc/Desktop/Cours/micro_controller/labo1/mbed-os/./platform/FileHandle.h:154:19:virtual off_t mbed::FileHandle::lseek(off_t, int)	24	static
/home/pc/Desktop/Cours/micro_controller/labo1/mbed-os/./platform/FileHandle.h:168:17:virtual int mbed::FileHandle::fsync()	16	static
/home/pc/Desktop/Cours/micro_controller/labo1/mbed-os/./platform/FileHandle.h:180:19:virtual off_t mbed::FileHandle::flen()	16	static
/home/pc/Desktop/Cours/micro_controller/labo1/mbed-os/./platform/PlatformMutex.h:53:5:PlatformMutex::PlatformMutex()	16	static
/home/pc/Desktop/Cours/micro_controller/labo1/mbed-os/./platform/PlatformMutex.h:61:5:PlatformMutex::~PlatformMutex()	16	static
/home/pc/Desktop/Cours/micro_controller/labo1/mbed-os/./platform/PlatformMutex.h:71:10:void PlatformMutex::lock()	8	static
/home/pc/Desktop/Cours/micro_controller/labo1/mbed-os/./platform/PlatformMutex.h:81:10:void PlatformMutex::unlock()	8	static
/home/pc/Desktop/Cours/micro_controller/labo1/mbed-os/./drivers/UARTSerial.h:140:17:virtual int mbed::UARTSerial::set_blocking(bool)	8	static
/home/pc/Desktop/Cours/micro_controller/labo1/mbed-os/./drivers/UARTSerial.h:150:18:virtual bool mbed::UARTSerial::is_blocking() const	8	static
/home/pc/Desktop/Cours/micro_controller/labo1/mbed-os/./platform/FileHandle.h:46:7:mbed::FileHandle::FileHandle()	16	static
../drivers/UARTSerial.cpp:31:1:mbed::UARTSerial::UARTSerial(PinName, PinName, int)	48	static
../drivers/UARTSerial.cpp:42:1:mbed::UARTSerial::~UARTSerial()	16	static
../drivers/UARTSerial.cpp:42:1:virtual mbed::UARTSerial::~UARTSerial()	16	static
../drivers/UARTSerial.cpp:47:6:void mbed::UARTSerial::dcd_irq()	16	static
../drivers/UARTSerial.cpp:52:6:void mbed::UARTSerial::set_baud(int)	16	static
../drivers/UARTSerial.cpp:57:6:void mbed::UARTSerial::set_data_carrier_detect(PinName, bool)	72	static
../drivers/UARTSerial.cpp:72:6:void mbed::UARTSerial::set_format(int, mbed::SerialBase::Parity, int)	24	static
../drivers/UARTSerial.cpp:80:6:void mbed::UARTSerial::set_flow_control(mbed::SerialBase::Flow, PinName, PinName)	24	static
../drivers/UARTSerial.cpp:88:5:virtual int mbed::UARTSerial::close()	8	static
../drivers/UARTSerial.cpp:95:5:virtual int mbed::UARTSerial::isatty()	8	static
../drivers/UARTSerial.cpp:101:7:virtual off_t mbed::UARTSerial::seek(off_t, int)	16	static
../drivers/UARTSerial.cpp:108:5:virtual int mbed::UARTSerial::sync()	16	static
../drivers/UARTSerial.cpp:124:6:virtual void mbed::UARTSerial::sigio(mbed::Callback<void()>)	24	static
../drivers/UARTSerial.cpp:140:9:ssize_t mbed::UARTSerial::write_unbuffered(const char*, size_t)	32	static
../drivers/UARTSerial.cpp:154:9:virtual ssize_t mbed::UARTSerial::write(const void*, size_t)	56	static
../drivers/UARTSerial.cpp:206:9:virtual ssize_t mbed::UARTSerial::read(void*, size_t)	56	static
../drivers/UARTSerial.cpp:248:6:bool mbed::UARTSerial::hup() const	16	static
../drivers/UARTSerial.cpp:253:6:void mbed::UARTSerial::wake()	16	static
../drivers/UARTSerial.cpp:260:7:virtual short int mbed::UARTSerial::poll(short int) const	24	static
../drivers/UARTSerial.cpp:283:6:virtual void mbed::UARTSerial::lock()	8	static
../drivers/UARTSerial.cpp:290:6:virtual void mbed::UARTSerial::unlock()	8	static
../drivers/UARTSerial.cpp:295:6:virtual void mbed::UARTSerial::api_lock()	16	static
../drivers/UARTSerial.cpp:300:6:virtual void mbed::UARTSerial::api_unlock()	16	static
../drivers/UARTSerial.cpp:305:6:void mbed::UARTSerial::rx_irq()	40	static
../drivers/UARTSerial.cpp:328:6:void mbed::UARTSerial::tx_irq()	40	static
../drivers/UARTSerial.cpp:350:6:void mbed::UARTSerial::wait_ms(uint32_t)	16	static
/home/pc/Desktop/Cours/micro_controller/labo1/mbed-os/./platform/NonCopyable.h:178:5:mbed::NonCopyable<T>::~NonCopyable() [with T = mbed::FileHandle]	8	static
/home/pc/Desktop/Cours/micro_controller/labo1/mbed-os/./platform/NonCopyable.h:174:5:mbed::NonCopyable<T>::NonCopyable() [with T = PlatformMutex]	8	static
/home/pc/Desktop/Cours/micro_controller/labo1/mbed-os/./platform/NonCopyable.h:178:5:mbed::NonCopyable<T>::~NonCopyable() [with T = PlatformMutex]	8	static
/home/pc/Desktop/Cours/micro_controller/labo1/mbed-os/./platform/NonCopyable.h:174:5:mbed::NonCopyable<T>::NonCopyable() [with T = mbed::FileHandle]	8	static
/home/pc/Desktop/Cours/micro_controller/labo1/mbed-os/./platform/NonCopyable.h:174:5:mbed::NonCopyable<T>::NonCopyable() [with T = mbed::UARTSerial]	8	static
/home/pc/Desktop/Cours/micro_controller/labo1/mbed-os/./platform/NonCopyable.h:178:5:mbed::NonCopyable<T>::~NonCopyable() [with T = mbed::UARTSerial]	8	static
/home/pc/Desktop/Cours/micro_controller/labo1/mbed-os/./platform/CircularBuffer.h:68:5:mbed::CircularBuffer<T, BufferSize, CounterType>::CircularBuffer() [with T = char; long unsigned int BufferSize = 256; CounterType = long unsigned int]	8	static
/home/pc/Desktop/Cours/micro_controller/labo1/mbed-os/./platform/CircularBuffer.h:82:5:mbed::CircularBuffer<T, BufferSize, CounterType>::~CircularBuffer() [with T = char; long unsigned int BufferSize = 256; CounterType = long unsigned int]	8	static
/home/pc/Desktop/Cours/micro_controller/labo1/mbed-os/./platform/Callback.h:83:5:mbed::Callback<R()>::Callback(R (*)()) [with R = void]	16	static
/home/pc/Desktop/Cours/micro_controller/labo1/mbed-os/./platform/Callback.h:281:5:mbed::Callback<R()>::~Callback() [with R = void]	16	static
/home/pc/Desktop/Cours/micro_controller/labo1/mbed-os/./platform/Callback.h:3865:15:mbed::Callback<R()> mbed::callback(U*, R (T::*)()) [with T = UARTSerial; U = UARTSerial; R = void]	24	static
/home/pc/Desktop/Cours/micro_controller/labo1/mbed-os/./platform/Callback.h:95:5:mbed::Callback<R()>::Callback(const mbed::Callback<R()>&) [with R = void]	16	static
/home/pc/Desktop/Cours/micro_controller/labo1/mbed-os/./platform/CircularBuffer.h:135:10:bool mbed::CircularBuffer<T, BufferSize, CounterType>::empty() const [with T = char; long unsigned int BufferSize = 256; CounterType = long unsigned int]	24	static
/home/pc/Desktop/Cours/micro_controller/labo1/mbed-os/./platform/Callback.h:556:15:mbed::Callback<R()>& mbed::Callback<R()>::operator=(const mbed::Callback<R()>&) [with R = void]	16	static
/home/pc/Desktop/Cours/micro_controller/labo1/mbed-os/./platform/Callback.h:583:5:mbed::Callback<R()>::operator bool() const [with R = void]	8	static
/home/pc/Desktop/Cours/micro_controller/labo1/mbed-os/./platform/Callback.h:576:7:R mbed::Callback<R()>::operator()() const [with R = void]	16	static
/home/pc/Desktop/Cours/micro_controller/labo1/mbed-os/./platform/CircularBuffer.h:147:10:bool mbed::CircularBuffer<T, BufferSize, CounterType>::full() const [with T = char; long unsigned int BufferSize = 256; CounterType = long unsigned int]	24	static
/home/pc/Desktop/Cours/micro_controller/labo1/mbed-os/./platform/CircularBuffer.h:91:10:void mbed::CircularBuffer<T, BufferSize, CounterType>::push(const T&) [with T = char; long unsigned int BufferSize = 256; CounterType = long unsigned int]	16	static
/home/pc/Desktop/Cours/micro_controller/labo1/mbed-os/./platform/CircularBuffer.h:115:10:bool mbed::CircularBuffer<T, BufferSize, CounterType>::pop(T&) [with T = char; long unsigned int BufferSize = 256; CounterType = long unsigned int]	24	static
/home/pc/Desktop/Cours/micro_controller/labo1/mbed-os/./platform/Callback.h:633:10:void mbed::Callback<R()>::generate(const F&) [with F = void (*)(); R = void]	16	static
/home/pc/Desktop/Cours/micro_controller/labo1/mbed-os/./platform/Callback.h:108:5:mbed::Callback<R()>::Callback(U*, R (T::*)()) [with T = mbed::UARTSerial; U = mbed::UARTSerial; R = void]	40	static
/home/pc/Desktop/Cours/micro_controller/labo1/mbed-os/./platform/Callback.h:568:7:R mbed::Callback<R()>::call() const [with R = void]	16	static
/home/pc/Desktop/Cours/micro_controller/labo1/mbed-os/./platform/Callback.h:650:14:static R mbed::Callback<R()>::function_call(const void*) [with F = void (*)(); R = void]	16	static
/home/pc/Desktop/Cours/micro_controller/labo1/mbed-os/./platform/Callback.h:656:17:static void mbed::Callback<R()>::function_move(void*, const void*) [with F = void (*)(); R = void]	16	static
/home/pc/Desktop/Cours/micro_controller/labo1/mbed-os/./platform/Callback.h:662:17:static void mbed::Callback<R()>::function_dtor(void*) [with F = void (*)(); R = void]	8	static
/home/pc/Desktop/Cours/micro_controller/labo1/mbed-os/./platform/Callback.h:673:9:mbed::Callback<R()>::method_context<O, M>::method_context(O*, M) [with O = mbed::UARTSerial; M = void (mbed::UARTSerial::*)(); R = void]	16	static
/home/pc/Desktop/Cours/micro_controller/labo1/mbed-os/./platform/Callback.h:633:10:void mbed::Callback<R()>::generate(const F&) [with F = mbed::Callback<void()>::method_context<mbed::UARTSerial, void (mbed::UARTSerial::*)()>; R = void]	16	static
/home/pc/Desktop/Cours/micro_controller/labo1/mbed-os/./platform/Callback.h:650:14:static R mbed::Callback<R()>::function_call(const void*) [with F = mbed::Callback<void()>::method_context<mbed::UARTSerial, void (mbed::UARTSerial::*)()>; R = void]	16	static
/home/pc/Desktop/Cours/micro_controller/labo1/mbed-os/./platform/Callback.h:656:17:static void mbed::Callback<R()>::function_move(void*, const void*) [with F = mbed::Callback<void()>::method_context<mbed::UARTSerial, void (mbed::UARTSerial::*)()>; R = void]	16	static
/home/pc/Desktop/Cours/micro_controller/labo1/mbed-os/./platform/Callback.h:662:17:static void mbed::Callback<R()>::function_dtor(void*) [with F = mbed::Callback<void()>::method_context<mbed::UARTSerial, void (mbed::UARTSerial::*)()>; R = void]	8	static
/home/pc/Desktop/Cours/micro_controller/labo1/mbed-os/./platform/Callback.h:676:11:R mbed::Callback<R()>::method_context<O, M>::operator()() const [with O = mbed::UARTSerial; M = void (mbed::UARTSerial::*)(); R = void]	16	static
