Archive member included to satisfy reference by file (symbol)

/home/pc/Desktop/Cours/micro_controller/labo1/mbed-os/Debug/libmbed-os.a(startup_LPC17xx.o)
                              (Reset_Handler)
/home/pc/Desktop/Cours/micro_controller/labo1/mbed-os/Debug/libmbed-os.a(system_LPC17xx.o)
                              /home/pc/Desktop/Cours/micro_controller/labo1/mbed-os/Debug/libmbed-os.a(startup_LPC17xx.o) (SystemInit)
/home/pc/Desktop/Cours/micro_controller/labo1/mbed-os/Debug/libmbed-os.a(mbed_retarget.o)
                              /usr/local/mcuxpressoide-11.8.0_1165/ide/plugins/com.nxp.mcuxpresso.tools.linux_11.8.0.202306131047/tools/bin/../lib/gcc/arm-none-eabi/12.2.1/../../../../arm-none-eabi/lib/thumb/v7-m/nofp/crt0.o (__wrap_exit)
/home/pc/Desktop/Cours/micro_controller/labo1/mbed-os/Debug/libmbed-os.a(mbed_sdk_boot.o)
                              /usr/local/mcuxpressoide-11.8.0_1165/ide/plugins/com.nxp.mcuxpresso.tools.linux_11.8.0.202306131047/tools/bin/../lib/gcc/arm-none-eabi/12.2.1/../../../../arm-none-eabi/lib/thumb/v7-m/nofp/crt0.o (__wrap_main)
/home/pc/Desktop/Cours/micro_controller/labo1/mbed-os/Debug/libmbed-os.a(mbed_semihost_api.o)
                              /home/pc/Desktop/Cours/micro_controller/labo1/mbed-os/Debug/libmbed-os.a(mbed_retarget.o) (semihost_exit)
/home/pc/Desktop/Cours/micro_controller/labo1/mbed-os/Debug/libmbed-os.a(mbed_ticker_api.o)
                              /home/pc/Desktop/Cours/micro_controller/labo1/mbed-os/Debug/libmbed-os.a(mbed_retarget.o) (ticker_read)
/home/pc/Desktop/Cours/micro_controller/labo1/mbed-os/Debug/libmbed-os.a(mbed_us_ticker_api.o)
                              /home/pc/Desktop/Cours/micro_controller/labo1/mbed-os/Debug/libmbed-os.a(mbed_retarget.o) (get_us_ticker_data)
/home/pc/Desktop/Cours/micro_controller/labo1/mbed-os/Debug/libmbed-os.a(serial_api.o)
                              /home/pc/Desktop/Cours/micro_controller/labo1/mbed-os/Debug/libmbed-os.a(mbed_retarget.o) (stdio_uart_inited)
/home/pc/Desktop/Cours/micro_controller/labo1/mbed-os/Debug/libmbed-os.a(us_ticker.o)
                              /home/pc/Desktop/Cours/micro_controller/labo1/mbed-os/Debug/libmbed-os.a(mbed_us_ticker_api.o) (us_ticker_init)
/home/pc/Desktop/Cours/micro_controller/labo1/mbed-os/Debug/libmbed-os.a(FileHandle.o)
                              /home/pc/Desktop/Cours/micro_controller/labo1/mbed-os/Debug/libmbed-os.a(mbed_retarget.o) (vtable for mbed::FileHandle)
/home/pc/Desktop/Cours/micro_controller/labo1/mbed-os/Debug/libmbed-os.a(FilePath.o)
                              /home/pc/Desktop/Cours/micro_controller/labo1/mbed-os/Debug/libmbed-os.a(mbed_retarget.o) (mbed::FilePath::FilePath(char const*))
/home/pc/Desktop/Cours/micro_controller/labo1/mbed-os/Debug/libmbed-os.a(mbed_assert.o)
                              /home/pc/Desktop/Cours/micro_controller/labo1/mbed-os/Debug/libmbed-os.a(mbed_retarget.o) (mbed_assert_internal)
/home/pc/Desktop/Cours/micro_controller/labo1/mbed-os/Debug/libmbed-os.a(mbed_board.o)
                              /home/pc/Desktop/Cours/micro_controller/labo1/mbed-os/Debug/libmbed-os.a(mbed_retarget.o) (mbed_die)
/home/pc/Desktop/Cours/micro_controller/labo1/mbed-os/Debug/libmbed-os.a(mbed_critical.o)
                              /home/pc/Desktop/Cours/micro_controller/labo1/mbed-os/Debug/libmbed-os.a(mbed_ticker_api.o) (core_util_critical_section_enter)
/home/pc/Desktop/Cours/micro_controller/labo1/mbed-os/Debug/libmbed-os.a(mbed_error.o)
                              /home/pc/Desktop/Cours/micro_controller/labo1/mbed-os/Debug/libmbed-os.a(mbed_retarget.o) (mbed_error)
/home/pc/Desktop/Cours/micro_controller/labo1/mbed-os/Debug/libmbed-os.a(mbed_interface.o)
                              /home/pc/Desktop/Cours/micro_controller/labo1/mbed-os/Debug/libmbed-os.a(mbed_retarget.o) (mbed_interface_connected)
/home/pc/Desktop/Cours/micro_controller/labo1/mbed-os/Debug/libmbed-os.a(mbed_poll.o)
                              /home/pc/Desktop/Cours/micro_controller/labo1/mbed-os/Debug/libmbed-os.a(mbed_retarget.o) (mbed::poll(mbed::pollfh*, unsigned int, int))
/home/pc/Desktop/Cours/micro_controller/labo1/mbed-os/Debug/libmbed-os.a(mbed_wait_api_no_rtos.o)
                              /home/pc/Desktop/Cours/micro_controller/labo1/mbed-os/Debug/libmbed-os.a(mbed_board.o) (wait_us)
/home/pc/Desktop/Cours/micro_controller/labo1/mbed-os/Debug/libmbed-os.a(mbed_critical_section_api.o)
                              /home/pc/Desktop/Cours/micro_controller/labo1/mbed-os/Debug/libmbed-os.a(mbed_critical.o) (hal_critical_section_enter)
/home/pc/Desktop/Cours/micro_controller/labo1/mbed-os/Debug/libmbed-os.a(mbed_gpio.o)
                              /home/pc/Desktop/Cours/micro_controller/labo1/mbed-os/Debug/libmbed-os.a(serial_api.o) (gpio_init_in)
/home/pc/Desktop/Cours/micro_controller/labo1/mbed-os/Debug/libmbed-os.a(mbed_pinmap_common.o)
[...]
Memory Configuration

Name             Origin             Length             Attributes
FLASH            0x0000000000000000 0x0000000000080000 xr
RAM              0x0000000010000100 0x0000000000007f00 xrw
RAM2             0x000000002007c000 0x0000000000008000 xrw
*default*        0x0000000000000000 0xffffffffffffffff

Linker script and memory map

LOAD /usr/local/mcuxpressoide-11.8.0_1165/ide/plugins/com.nxp.mcuxpresso.tools.linux_11.8.0.202306131047/tools/bin/../lib/gcc/arm-none-eabi/12.2.1/thumb/v7-m/nofp/crti.o
LOAD /usr/local/mcuxpressoide-11.8.0_1165/ide/plugins/com.nxp.mcuxpresso.tools.linux_11.8.0.202306131047/tools/bin/../lib/gcc/arm-none-eabi/12.2.1/thumb/v7-m/nofp/crtbegin.o
LOAD /usr/local/mcuxpressoide-11.8.0_1165/ide/plugins/com.nxp.mcuxpresso.tools.linux_11.8.0.202306131047/tools/bin/../lib/gcc/arm-none-eabi/12.2.1/../../../../arm-none-eabi/lib/thumb/v7-m/nofp/crt0.o
START GROUP
LOAD /usr/local/mcuxpressoide-11.8.0_1165/ide/plugins/com.nxp.mcuxpresso.tools.linux_11.8.0.202306131047/tools/bin/../lib/gcc/arm-none-eabi/12.2.1/../../../../arm-none-eabi/lib/thumb/v7-m/nofp/libstdc++.a
LOAD /usr/local/mcuxpressoide-11.8.0_1165/ide/plugins/com.nxp.mcuxpresso.tools.linux_11.8.0.202306131047/tools/bin/../lib/gcc/arm-none-eabi/12.2.1/../../../../arm-none-eabi/lib/thumb/v7-m/nofp/libsupc++.a
LOAD /usr/local/mcuxpressoide-11.8.0_1165/ide/plugins/com.nxp.mcuxpresso.tools.linux_11.8.0.202306131047/tools/bin/../lib/gcc/arm-none-eabi/12.2.1/thumb/v7-m/nofp/libgcc.a
LOAD /usr/local/mcuxpressoide-11.8.0_1165/ide/plugins/com.nxp.mcuxpresso.tools.linux_11.8.0.202306131047/tools/bin/../lib/gcc/arm-none-eabi/12.2.1/../../../../arm-none-eabi/lib/thumb/v7-m/nofp/libnosys.a
LOAD /home/pc/Desktop/Cours/micro_controller/labo1/mbed-os/Debug/libmbed-os.a
END GROUP
LOAD ./src/IC2.o
LOAD /usr/local/mcuxpressoide-11.8.0_1165/ide/plugins/com.nxp.mcuxpresso.tools.linux_11.8.0.202306131047/tools/bin/../lib/gcc/arm-none-eabi/12.2.1/../../../../arm-none-eabi/lib/thumb/v7-m/nofp/libstdc++.a
LOAD /usr/local/mcuxpressoide-11.8.0_1165/ide/plugins/com.nxp.mcuxpresso.tools.linux_11.8.0.202306131047/tools/bin/../lib/gcc/arm-none-eabi/12.2.1/../../../../arm-none-eabi/lib/thumb/v7-m/nofp/libsupc++.a
LOAD /usr/local/mcuxpressoide-11.8.0_1165/ide/plugins/com.nxp.mcuxpresso.tools.linux_11.8.0.202306131047/tools/bin/../lib/gcc/arm-none-eabi/12.2.1/../../../../arm-none-eabi/lib/thumb/v7-m/nofp/libm.a
LOAD /usr/local/mcuxpressoide-11.8.0_1165/ide/plugins/com.nxp.mcuxpresso.tools.linux_11.8.0.202306131047/tools/bin/../lib/gcc/arm-none-eabi/12.2.1/../../../../arm-none-eabi/lib/thumb/v7-m/nofp/libc.a
LOAD /usr/local/mcuxpressoide-11.8.0_1165/ide/plugins/com.nxp.mcuxpresso.tools.linux_11.8.0.202306131047/tools/bin/../lib/gcc/arm-none-eabi/12.2.1/thumb/v7-m/nofp/libgcc.a
LOAD /usr/local/mcuxpressoide-11.8.0_1165/ide/plugins/com.nxp.mcuxpresso.tools.linux_11.8.0.202306131047/tools/bin/../lib/gcc/arm-none-eabi/12.2.1/../../../../arm-none-eabi/lib/thumb/v7-m/nofp/libnosys.a
LOAD /home/pc/Desktop/Cours/micro_controller/labo1/mbed-os/Debug/libmbed-os.a
LOAD /usr/local/mcuxpressoide-11.8.0_1165/ide/plugins/com.nxp.mcuxpresso.tools.linux_11.8.0.202306131047/tools/bin/../lib/gcc/arm-none-eabi/12.2.1/../../../../arm-none-eabi/lib/thumb/v7-m/nofp/libstdc++.a
LOAD /usr/local/mcuxpressoide-11.8.0_1165/ide/plugins/com.nxp.mcuxpresso.tools.linux_11.8.0.202306131047/tools/bin/../lib/gcc/arm-none-eabi/12.2.1/../../../../arm-none-eabi/lib/thumb/v7-m/nofp/libm.a
LOAD /usr/local/mcuxpressoide-11.8.0_1165/ide/plugins/com.nxp.mcuxpresso.tools.linux_11.8.0.202306131047/tools/bin/../lib/gcc/arm-none-eabi/12.2.1/../../../../arm-none-eabi/lib/thumb/v7-m/nofp/libc.a
START GROUP
LOAD /usr/local/mcuxpressoide-11.8.0_1165/ide/plugins/com.nxp.mcuxpresso.tools.linux_11.8.0.202306131047/tools/bin/../lib/gcc/arm-none-eabi/12.2.1/thumb/v7-m/nofp/libgcc.a
LOAD /usr/local/mcuxpressoide-11.8.0_1165/ide/plugins/com.nxp.mcuxpresso.tools.linux_11.8.0.202306131047/tools/bin/../lib/gcc/arm-none-eabi/12.2.1/../../../../arm-none-eabi/lib/thumb/v7-m/nofp/libc.a
END GROUP
LOAD /usr/local/mcuxpressoide-11.8.0_1165/ide/plugins/com.nxp.mcuxpresso.tools.linux_11.8.0.202306131047/tools/bin/../lib/gcc/arm-none-eabi/12.2.1/thumb/v7-m/nofp/crtend.o
LOAD /usr/local/mcuxpressoide-11.8.0_1165/ide/plugins/com.nxp.mcuxpresso.tools.linux_11.8.0.202306131047/tools/bin/../lib/gcc/arm-none-eabi/12.2.1/thumb/v7-m/nofp/crtn.o

.text           0x0000000000000000     0xbf08
 *(.isr_vector)
 .isr_vector    0x0000000000000000       0xcc /home/pc/Desktop/Cours/micro_controller/labo1/mbed-os/Debug/libmbed-os.a(startup_LPC17xx.o)
                0x0000000000000000                __isr_vector
                0x00000000000002fc                . = 0x2fc
 *fill*         0x00000000000000cc      0x230 
 *(.CRPSection)
 *(.text*)
 .text.deregister_tm_clones
                0x00000000000002fc       0x1c /usr/local/mcuxpressoide-11.8.0_1165/ide/plugins/com.nxp.mcuxpresso.tools.linux_11.8.0.202306131047/tools/bin/../lib/gcc/arm-none-eabi/12.2.1/thumb/v7-m/nofp/crtbegin.o
 .text.register_tm_clones
                0x0000000000000318       0x24 /usr/local/mcuxpressoide-11.8.0_1165/ide/plugins/com.nxp.mcuxpresso.tools.linux_11.8.0.202306131047/tools/bin/../lib/gcc/arm-none-eabi/12.2.1/thumb/v7-m/nofp/crtbegin.o
 .text.__do_global_dtors_aux
                0x000000000000033c       0x28 /usr/local/mcuxpressoide-11.8.0_1165/ide/plugins/com.nxp.mcuxpresso.tools.linux_11.8.0.202306131047/tools/bin/../lib/gcc/arm-none-eabi/12.2.1/thumb/v7-m/nofp/crtbegin.o
 .text.frame_dummy
                0x0000000000000364       0x24 /usr/local/mcuxpressoide-11.8.0_1165/ide/plugins/com.nxp.mcuxpresso.tools.linux_11.8.0.202306131047/tools/bin/../lib/gcc/arm-none-eabi/12.2.1/thumb/v7-m/nofp/crtbegin.o
 .text          0x0000000000000388       0x7c /usr/local/mcuxpressoide-11.8.0_1165/ide/plugins/com.nxp.mcuxpresso.tools.linux_11.8.0.202306131047/tools/bin/../lib/gcc/arm-none-eabi/12.2.1/../../../../arm-none-eabi/lib/thumb/v7-m/nofp/crt0.o
                0x0000000000000388                _stack_init
                0x0000000000000390                _mainCRTStartup
                0x0000000000000390                _start
 .text          0x0000000000000404       0x44 /home/pc/Desktop/Cours/micro_controller/labo1/mbed-os/Debug/libmbed-os.a(startup_LPC17xx.o)
                0x0000000000000404                Reset_Handler
                0x0000000000000434                NMI_Handler
                0x0000000000000436                HardFault_Handler
                0x0000000000000438                MemManage_Handler
                0x000000000000043a                BusFault_Handler
                0x000000000000043c                UsageFault_Handler
                0x000000000000043e                SVC_Handler
                0x0000000000000440                DebugMon_Handler
                0x0000000000000442                PendSV_Handler
                0x0000000000000444                SysTick_Handler
                0x0000000000000446                TIMER2_IRQHandler
                0x0000000000000446                RIT_IRQHandler
                0x0000000000000446                I2C0_IRQHandler
                0x0000000000000446                USBActivity_IRQHandler
                0x0000000000000446                PWM1_IRQHandler
                0x0000000000000446                I2C1_IRQHandler
                0x0000000000000446                EINT2_IRQHandler
                0x0000000000000446                UART1_IRQHandler
                0x0000000000000446                EINT3_IRQHandler
                0x0000000000000446                CANActivity_IRQHandler
                0x0000000000000446                TIMER3_IRQHandler
                0x0000000000000446                UART0_IRQHandler
                0x0000000000000446                PLL0_IRQHandler
                0x0000000000000446                CAN_IRQHandler
                0x0000000000000446                PLL1_IRQHandler
                0x0000000000000446                SSP0_IRQHandler
                0x0000000000000446                I2S_IRQHandler
                0x0000000000000446                I2C2_IRQHandler
                0x0000000000000446                RTC_IRQHandler
                0x0000000000000446                TIMER0_IRQHandler
                0x0000000000000446                SPI_IRQHandler
                0x0000000000000446                EINT1_IRQHandler
                0x0000000000000446                TIMER1_IRQHandler
                0x0000000000000446                UART2_IRQHandler
                0x0000000000000446                Default_Handler
                0x0000000000000446                ADC_IRQHandler
                0x0000000000000446                SSP1_IRQHandler
                0x0000000000000446                USB_IRQHandler
                0x0000000000000446                BOD_IRQHandler
                0x0000000000000446                WDT_IRQHandler
                0x0000000000000446                QEI_IRQHandler
                0x0000000000000446                EINT0_IRQHandler
                0x0000000000000446                DEF_IRQHandler
                0x0000000000000446                DMA_IRQHandler
                0x0000000000000446                UART3_IRQHandler
                0x0000000000000446                MCPWM_IRQHandler
                0x0000000000000446                ENET_IRQHandler
 .text.SystemInit
                0x0000000000000448       0xec /home/pc/Desktop/Cours/micro_controller/labo1/mbed-os/Debug/libmbed-os.a(system_LPC17xx.o)
                0x0000000000000448                SystemInit
 .text._ZnwjPv  0x0000000000000534        0xe /home/pc/Desktop/Cours/micro_controller/labo1/mbed-os/Debug/libmbed-os.a(mbed_retarget.o)
                0x0000000000000534                operator new(unsigned int, void*)
 .text._ZL14singleton_lockv
                0x0000000000000542        0x4 /home/pc/Desktop/Cours/micro_controller/labo1/mbed-os/Debug/libmbed-os.a(mbed_retarget.o)
 .text._ZL16singleton_unlockv
                0x0000000000000546        0x4 /home/pc/Desktop/Cours/micro_controller/labo1/mbed-os/Debug/libmbed-os.a(mbed_retarget.o)
 .text._ZN13PlatformMutexC2Ev
                0x000000000000054a       0x16 /home/pc/Desktop/Cours/micro_controller/labo1/mbed-os/Debug/libmbed-os.a(mbed_retarget.o)
                0x000000000000054a                PlatformMutex::PlatformMutex()
                0x000000000000054a                PlatformMutex::PlatformMutex()
 .text._ZN13PlatformMutex4lockEv
                0x0000000000000560        0xa /home/pc/Desktop/Cours/micro_controller/labo1/mbed-os/Debug/libmbed-os.a(mbed_retarget.o)
                0x0000000000000560                PlatformMutex::lock()
 .text._ZN13PlatformMutex6unlockEv
                0x000000000000056a        0xa /home/pc/Desktop/Cours/micro_controller/labo1/mbed-os/Debug/libmbed-os.a(mbed_retarget.o)
                0x000000000000056a                PlatformMutex::unlock()
 .text._ZN4mbed10FileHandleD2Ev
                0x0000000000000574       0x20 /home/pc/Desktop/Cours/micro_controller/labo1/mbed-os/Debug/libmbed-os.a(mbed_retarget.o)
                0x0000000000000574                mbed::FileHandle::~FileHandle()
                0x0000000000000574                mbed::FileHandle::~FileHandle()
 .text._ZN4mbed10FileHandleD0Ev
                0x0000000000000594       0x1c /home/pc/Desktop/Cours/micro_controller/labo1/mbed-os/Debug/libmbed-os.a(mbed_retarget.o)
                0x0000000000000594                mbed::FileHandle::~FileHandle()
 .text._ZN4mbed10FileHandle4syncEv
                0x00000000000005b0        0xc /home/pc/Desktop/Cours/micro_controller/labo1/mbed-os/Debug/libmbed-os.a(mbed_retarget.o)
                0x00000000000005b0                mbed::FileHandle::sync()
 .text._ZN4mbed10FileHandle4tellEv
                0x00000000000005bc       0x20 /home/pc/Desktop/Cours/micro_controller/labo1/mbed-os/Debug/libmbed-os.a(mbed_retarget.o)
                0x00000000000005bc                mbed::FileHandle::tell()
 .text._ZN4mbed10FileHandle6rewindEv
                0x00000000000005dc       0x1e /home/pc/Desktop/Cours/micro_controller/labo1/mbed-os/Debug/libmbed-os.a(mbed_retarget.o)
                0x00000000000005dc                mbed::FileHandle::rewind()
 .text._ZN4mbed10FileHandle5lseekEli
                0x00000000000005fa       0x24 /home/pc/Desktop/Cours/micro_controller/labo1/mbed-os/Debug/libmbed-os.a(mbed_retarget.o)
                0x00000000000005fa                mbed::FileHandle::lseek(long, int)
 .text._ZN4mbed10FileHandle5fsyncEv
                0x000000000000061e       0x1c /home/pc/Desktop/Cours/micro_controller/labo1/mbed-os/Debug/libmbed-os.a(mbed_retarget.o)
                0x000000000000061e                mbed::FileHandle::fsync()
 .text._ZN4mbed10FileHandle4flenEv
                0x000000000000063a       0x1c /home/pc/Desktop/Cours/micro_controller/labo1/mbed-os/Debug/libmbed-os.a(mbed_retarget.o)
                0x000000000000063a                mbed::FileHandle::flen()
 .text._ZN4mbed10FileHandle12set_blockingEb
                0x0000000000000656       0x20 /home/pc/Desktop/Cours/micro_controller/labo1/mbed-os/Debug/libmbed-os.a(mbed_retarget.o)
                0x0000000000000656                mbed::FileHandle::set_blocking(bool)
 .text._ZNK4mbed10FileHandle11is_blockingEv
                0x0000000000000676        0xc /home/pc/Desktop/Cours/micro_controller/labo1/mbed-os/Debug/libmbed-os.a(mbed_retarget.o)
                0x0000000000000676                mbed::FileHandle::is_blocking() const
 .text._ZNK4mbed10FileHandle4pollEs
                0x0000000000000682       0x12 /home/pc/Desktop/Cours/micro_controller/labo1/mbed-os/Debug/libmbed-os.a(mbed_retarget.o)
                0x0000000000000682                mbed::FileHandle::poll(short) const
 .text._ZN4mbed10FileHandle5sigioENS_8CallbackIFvvEEE
                0x0000000000000694        0xc /home/pc/Desktop/Cours/micro_controller/labo1/mbed-os/Debug/libmbed-os.a(mbed_retarget.o)
                0x0000000000000694                mbed::FileHandle::sigio(mbed::Callback<void ()>)
 .text._ZN4mbed10FileHandleC2Ev
                0x00000000000006a0       0x20 /home/pc/Desktop/Cours/micro_controller/labo1/mbed-os/Debug/libmbed-os.a(mbed_retarget.o)
                0x00000000000006a0                mbed::FileHandle::FileHandle()
                0x00000000000006a0                mbed::FileHandle::FileHandle()
 .text._ZN12DirectSerial4seekEli
                0x00000000000006c0       0x12 /home/pc/Desktop/Cours/micro_controller/labo1/mbed-os/Debug/libmbed-os.a(mbed_retarget.o)
                0x00000000000006c0                DirectSerial::seek(long, int)
 .text._ZN12DirectSerial4sizeEv
                0x00000000000006d2        0xe /home/pc/Desktop/Cours/micro_controller/labo1/mbed-os/Debug/libmbed-os.a(mbed_retarget.o)
                0x00000000000006d2                DirectSerial::size()
 .text._ZN12DirectSerial6isattyEv
                0x00000000000006e0        0xc /home/pc/Desktop/Cours/micro_controller/labo1/mbed-os/Debug/libmbed-os.a(mbed_retarget.o)
                0x00000000000006e0                DirectSerial::isatty()
 .text._ZN12DirectSerial5closeEv
                0x00000000000006ec        0xc /home/pc/Desktop/Cours/micro_controller/labo1/mbed-os/Debug/libmbed-os.a(mbed_retarget.o)
                0x00000000000006ec                DirectSerial::close()
 .text._ZN12DirectSerialC2E7PinNameS0_i
                0x00000000000006f8       0x50 /home/pc/Desktop/Cours/micro_controller/labo1/mbed-os/Debug/libmbed-os.a(mbed_retarget.o)
                0x00000000000006f8                DirectSerial::DirectSerial(PinName, PinName, int)
                0x00000000000006f8                DirectSerial::DirectSerial(PinName, PinName, int)
 .text._ZN12DirectSerial5writeEPKvj
                0x0000000000000748       0x40 /home/pc/Desktop/Cours/micro_controller/labo1/mbed-os/Debug/libmbed-os.a(mbed_retarget.o)
                0x0000000000000748                DirectSerial::write(void const*, unsigned int)
 .text._ZN12DirectSerial4readEPvj
                0x0000000000000788       0x34 /home/pc/Desktop/Cours/micro_controller/labo1/mbed-os/Debug/libmbed-os.a(mbed_retarget.o)
                0x0000000000000788                DirectSerial::read(void*, unsigned int)
 .text._ZNK12DirectSerial4pollEs
                0x00000000000007bc       0x80 /home/pc/Desktop/Cours/micro_controller/labo1/mbed-os/Debug/libmbed-os.a(mbed_retarget.o)
                0x00000000000007bc                DirectSerial::poll(short) const
 .text._ZN4mbed28mbed_target_override_consoleEi
                0x000000000000083c        0xc /home/pc/Desktop/Cours/micro_controller/labo1/mbed-os/Debug/libmbed-os.a(mbed_retarget.o)
                0x000000000000083c                mbed::mbed_target_override_console(int)
 .text._ZN4mbed21mbed_override_consoleEi
                0x0000000000000848        0xc /home/pc/Desktop/Cours/micro_controller/labo1/mbed-os/Debug/libmbed-os.a(mbed_retarget.o)
                0x0000000000000848                mbed::mbed_override_console(int)
 .text._ZL15default_consolev
                0x0000000000000854       0x70 /home/pc/Desktop/Cours/micro_controller/labo1/mbed-os/Debug/libmbed-os.a(mbed_retarget.o)
 .text._ZL11get_consolei
                0x00000000000008c4       0x3a /home/pc/Desktop/Cours/micro_controller/labo1/mbed-os/Debug/libmbed-os.a(mbed_retarget.o)
 *fill*         0x00000000000008fe        0x2 
 .text._ZL7get_fhci
                0x0000000000000900       0x48 /home/pc/Desktop/Cours/micro_controller/labo1/mbed-os/Debug/libmbed-os.a(mbed_retarget.o)
 .text._close   0x0000000000000948       0x16 /home/pc/Desktop/Cours/micro_controller/labo1/mbed-os/Debug/libmbed-os.a(mbed_retarget.o)
                0x0000000000000948                _close
 *fill*         0x000000000000095e        0x2 
 .text.close    0x0000000000000960       0x64 /home/pc/Desktop/Cours/micro_controller/labo1/mbed-os/Debug/libmbed-os.a(mbed_retarget.o)
                0x0000000000000960                close
 .text._ZL12convert_crlfi
                0x00000000000009c4        0xc /home/pc/Desktop/Cours/micro_controller/labo1/mbed-os/Debug/libmbed-os.a(mbed_retarget.o)
 .text._write   0x00000000000009d0      0x150 /home/pc/Desktop/Cours/micro_controller/labo1/mbed-os/Debug/libmbed-os.a(mbed_retarget.o)
                0x00000000000009d0                _write
 .text.write    0x0000000000000b20       0x5c /home/pc/Desktop/Cours/micro_controller/labo1/mbed-os/Debug/libmbed-os.a(mbed_retarget.o)
                0x0000000000000b20                write
 .text._read    0x0000000000000b7c      0x108 /home/pc/Desktop/Cours/micro_controller/labo1/mbed-os/Debug/libmbed-os.a(mbed_retarget.o)
                0x0000000000000b7c                _read
 .text.read     0x0000000000000c84       0x5c /home/pc/Desktop/Cours/micro_controller/labo1/mbed-os/Debug/libmbed-os.a(mbed_retarget.o)
                0x0000000000000c84                read
 .text._isatty  0x0000000000000ce0       0x16 /home/pc/Desktop/Cours/micro_controller/labo1/mbed-os/Debug/libmbed-os.a(mbed_retarget.o)
                0x0000000000000ce0                _isatty
 .text.isatty   0x0000000000000cf6       0x50 /home/pc/Desktop/Cours/micro_controller/labo1/mbed-os/Debug/libmbed-os.a(mbed_retarget.o)
                0x0000000000000cf6                isatty
 .text._lseek   0x0000000000000d46       0x20 /home/pc/Desktop/Cours/micro_controller/labo1/mbed-os/Debug/libmbed-os.a(mbed_retarget.o)
                0x0000000000000d46                _lseek
 .text.lseek    0x0000000000000d66       0x5c /home/pc/Desktop/Cours/micro_controller/labo1/mbed-os/Debug/libmbed-os.a(mbed_retarget.o)
                0x0000000000000d66                lseek
 .text.fsync    0x0000000000000dc2       0x54 /home/pc/Desktop/Cours/micro_controller/labo1/mbed-os/Debug/libmbed-os.a(mbed_retarget.o)
                0x0000000000000dc2                fsync
 .text._fstat   0x0000000000000e16       0x1a /home/pc/Desktop/Cours/micro_controller/labo1/mbed-os/Debug/libmbed-os.a(mbed_retarget.o)
                0x0000000000000e16                _fstat
 .text.fstat    0x0000000000000e30       0x62 /home/pc/Desktop/Cours/micro_controller/labo1/mbed-os/Debug/libmbed-os.a(mbed_retarget.o)
                0x0000000000000e30                fstat
 .text.__cxa_pure_virtual
                0x0000000000000e92        0x8 /home/pc/Desktop/Cours/micro_controller/labo1/mbed-os/Debug/libmbed-os.a(mbed_retarget.o)
                0x0000000000000e92                __cxa_pure_virtual
 *fill*         0x0000000000000e9a        0x2 
 .text._sbrk    0x0000000000000e9c       0x7c /home/pc/Desktop/Cours/micro_controller/labo1/mbed-os/Debug/libmbed-os.a(mbed_retarget.o)
                0x0000000000000e9c                _sbrk
 .text._exit    0x0000000000000f18       0x54 /home/pc/Desktop/Cours/micro_controller/labo1/mbed-os/Debug/libmbed-os.a(mbed_retarget.o)
                0x0000000000000f18                _exit
 .text.__aeabi_atexit
                0x0000000000000f6c       0x10 /home/pc/Desktop/Cours/micro_controller/labo1/mbed-os/Debug/libmbed-os.a(mbed_retarget.o)
                0x0000000000000f6c                __aeabi_atexit
 .text.__wrap_exit
                0x0000000000000f7c       0x14 /home/pc/Desktop/Cours/micro_controller/labo1/mbed-os/Debug/libmbed-os.a(mbed_retarget.o)
                0x0000000000000f7c                __wrap_exit
 .text.__wrap_atexit
                0x0000000000000f90        0xc /home/pc/Desktop/Cours/micro_controller/labo1/mbed-os/Debug/libmbed-os.a(mbed_retarget.o)
                0x0000000000000f90                __wrap_atexit
 .text.__rtos_malloc_lock
                0x0000000000000f9c        0xa /home/pc/Desktop/Cours/micro_controller/labo1/mbed-os/Debug/libmbed-os.a(mbed_retarget.o)
                0x0000000000000f9c                __rtos_malloc_lock
 .text.__rtos_malloc_unlock
                0x0000000000000fa6        0xa /home/pc/Desktop/Cours/micro_controller/labo1/mbed-os/Debug/libmbed-os.a(mbed_retarget.o)
                0x0000000000000fa6                __rtos_malloc_unlock
 .text.__malloc_lock
                0x0000000000000fb0       0x14 /home/pc/Desktop/Cours/micro_controller/labo1/mbed-os/Debug/libmbed-os.a(mbed_retarget.o)
                0x0000000000000fb0                __malloc_lock
 .text.__malloc_unlock
                0x0000000000000fc4       0x14 /home/pc/Desktop/Cours/micro_controller/labo1/mbed-os/Debug/libmbed-os.a(mbed_retarget.o)
                0x0000000000000fc4                __malloc_unlock
 .text.__cxa_guard_acquire
                0x0000000000000fd8       0x6c /home/pc/Desktop/Cours/micro_controller/labo1/mbed-os/Debug/libmbed-os.a(mbed_retarget.o)
                0x0000000000000fd8                __cxa_guard_acquire
 .text.__cxa_guard_release
                0x0000000000001044       0x50 /home/pc/Desktop/Cours/micro_controller/labo1/mbed-os/Debug/libmbed-os.a(mbed_retarget.o)
                0x0000000000001044                __cxa_guard_release
 .text._ZdlPv   0x0000000000001094       0x14 /home/pc/Desktop/Cours/micro_controller/labo1/mbed-os/Debug/libmbed-os.a(mbed_retarget.o)
                0x0000000000001094                operator delete(void*)
 .text._ZN4mbed11NonCopyableI13PlatformMutexEC2Ev
                0x00000000000010a8        0xc /home/pc/Desktop/Cours/micro_controller/labo1/mbed-os/Debug/libmbed-os.a(mbed_retarget.o)
                0x00000000000010a8                mbed::NonCopyable<PlatformMutex>::NonCopyable()
                0x00000000000010a8                mbed::NonCopyable<PlatformMutex>::NonCopyable()
 .text._ZN4mbed11NonCopyableINS_10FileHandleEED2Ev
                0x00000000000010b4        0xc /home/pc/Desktop/Cours/micro_controller/labo1/mbed-os/Debug/libmbed-os.a(mbed_retarget.o)
                0x00000000000010b4                mbed::NonCopyable<mbed::FileHandle>::~NonCopyable()
                0x00000000000010b4                mbed::NonCopyable<mbed::FileHandle>::~NonCopyable()
 .text._ZN4mbed11NonCopyableINS_10FileHandleEEC2Ev
                0x00000000000010c0        0xc /home/pc/Desktop/Cours/micro_controller/labo1/mbed-os/Debug/libmbed-os.a(mbed_retarget.o)
                0x00000000000010c0                mbed::NonCopyable<mbed::FileHandle>::NonCopyable()
                0x00000000000010c0                mbed::NonCopyable<mbed::FileHandle>::NonCopyable()
 .text._ZNK12SingletonPtrI13PlatformMutexEptEv
                0x00000000000010cc       0x16 /home/pc/Desktop/Cours/micro_controller/labo1/mbed-os/Debug/libmbed-os.a(mbed_retarget.o)
                0x00000000000010cc                SingletonPtr<PlatformMutex>::operator->() const
 *fill*         0x00000000000010e2        0x2 
 .text._ZNK12SingletonPtrI13PlatformMutexE3getEv
                0x00000000000010e4       0x60 /home/pc/Desktop/Cours/micro_controller/labo1/mbed-os/Debug/libmbed-os.a(mbed_retarget.o)
                0x00000000000010e4                SingletonPtr<PlatformMutex>::get() const
 .text._ZN12DirectSerialD2Ev
                0x0000000000001144       0x24 /home/pc/Desktop/Cours/micro_controller/labo1/mbed-os/Debug/libmbed-os.a(mbed_retarget.o)
                0x0000000000001144                DirectSerial::~DirectSerial()
                0x0000000000001144                DirectSerial::~DirectSerial()
 .text._ZN12DirectSerialD0Ev
                0x0000000000001168       0x1c /home/pc/Desktop/Cours/micro_controller/labo1/mbed-os/Debug/libmbed-os.a(mbed_retarget.o)
                0x0000000000001168                DirectSerial::~DirectSerial()
 .text.mbed_main
                0x0000000000001184        0x4 /home/pc/Desktop/Cours/micro_controller/labo1/mbed-os/Debug/libmbed-os.a(mbed_sdk_boot.o)
                0x0000000000001184                mbed_main
 .text.mbed_sdk_init
                0x0000000000001188        0x4 /home/pc/Desktop/Cours/micro_controller/labo1/mbed-os/Debug/libmbed-os.a(mbed_sdk_boot.o)
                0x0000000000001188                mbed_sdk_init
 .text.software_init_hook_rtos
                0x000000000000118c        0x4 /home/pc/Desktop/Cours/micro_controller/labo1/mbed-os/Debug/libmbed-os.a(mbed_sdk_boot.o)
                0x000000000000118c                software_init_hook_rtos
 .text.mbed_copy_nvic
                0x0000000000001190       0x48 /home/pc/Desktop/Cours/micro_controller/labo1/mbed-os/Debug/libmbed-os.a(mbed_sdk_boot.o)
                0x0000000000001190                mbed_copy_nvic
 .text.software_init_hook
                0x00000000000011d8       0x12 /home/pc/Desktop/Cours/micro_controller/labo1/mbed-os/Debug/libmbed-os.a(mbed_sdk_boot.o)
                0x00000000000011d8                software_init_hook
 .text.__wrap_main
                0x00000000000011ea       0x10 /home/pc/Desktop/Cours/micro_controller/labo1/mbed-os/Debug/libmbed-os.a(mbed_sdk_boot.o)
                0x00000000000011ea                __wrap_main
 .text.__semihost
                0x00000000000011fa       0x1e /home/pc/Desktop/Cours/micro_controller/labo1/mbed-os/Debug/libmbed-os.a(mbed_semihost_api.o)
 .text.semihost_exit
                0x0000000000001218       0x18 /home/pc/Desktop/Cours/micro_controller/labo1/mbed-os/Debug/libmbed-os.a(mbed_semihost_api.o)
                0x0000000000001218                semihost_exit
 .text.semihost_connected
                0x0000000000001230       0x1c /home/pc/Desktop/Cours/micro_controller/labo1/mbed-os/Debug/libmbed-os.a(mbed_semihost_api.o)
                0x0000000000001230                semihost_connected
 .text.initialize
                0x000000000000124c      0x250 /home/pc/Desktop/Cours/micro_controller/labo1/mbed-os/Debug/libmbed-os.a(mbed_ticker_api.o)
 .text.update_present_time
                0x000000000000149c      0x38c /home/pc/Desktop/Cours/micro_controller/labo1/mbed-os/Debug/libmbed-os.a(mbed_ticker_api.o)
 .text.compute_tick_round_up
                0x0000000000001828      0x14c /home/pc/Desktop/Cours/micro_controller/labo1/mbed-os/Debug/libmbed-os.a(mbed_ticker_api.o)
 .text._ticker_match_interval_passed
                0x0000000000001974       0x44 /home/pc/Desktop/Cours/micro_controller/labo1/mbed-os/Debug/libmbed-os.a(mbed_ticker_api.o)
                0x0000000000001974                _ticker_match_interval_passed
 .text.schedule_interrupt
                0x00000000000019b8       0xe8 /home/pc/Desktop/Cours/micro_controller/labo1/mbed-os/Debug/libmbed-os.a(mbed_ticker_api.o)
 .text.ticker_irq_handler
                0x0000000000001aa0       0xa8 /home/pc/Desktop/Cours/micro_controller/labo1/mbed-os/Debug/libmbed-os.a(mbed_ticker_api.o)
                0x0000000000001aa0                ticker_irq_handler
 .text.ticker_read
                0x0000000000001b48       0x1a /home/pc/Desktop/Cours/micro_controller/labo1/mbed-os/Debug/libmbed-os.a(mbed_ticker_api.o)
                0x0000000000001b48                ticker_read
 .text.ticker_read_us
                0x0000000000001b62       0x34 /home/pc/Desktop/Cours/micro_controller/labo1/mbed-os/Debug/libmbed-os.a(mbed_ticker_api.o)
                0x0000000000001b62                ticker_read_us
 *fill*         0x0000000000001b96        0x2 
 .text.get_us_ticker_data
                0x0000000000001b98        0xc /home/pc/Desktop/Cours/micro_controller/labo1/mbed-os/Debug/libmbed-os.a(mbed_us_ticker_api.o)
                0x0000000000001b98                get_us_ticker_data
 .text.us_ticker_irq_handler
                0x0000000000001ba4       0x20 /home/pc/Desktop/Cours/micro_controller/labo1/mbed-os/Debug/libmbed-os.a(mbed_us_ticker_api.o)
                0x0000000000001ba4                us_ticker_irq_handler
 .text.__NVIC_EnableIRQ
                0x0000000000001bc4       0x34 /home/pc/Desktop/Cours/micro_controller/labo1/mbed-os/Debug/libmbed-os.a(serial_api.o)
 .text.__NVIC_DisableIRQ
                0x0000000000001bf8       0x44 /home/pc/Desktop/Cours/micro_controller/labo1/mbed-os/Debug/libmbed-os.a(serial_api.o)
 .text.__NVIC_SetVector
                0x0000000000001c3c       0x2c /home/pc/Desktop/Cours/micro_controller/labo1/mbed-os/Debug/libmbed-os.a(serial_api.o)
 .text.gpio_write
                0x0000000000001c68       0x48 /home/pc/Desktop/Cours/micro_controller/labo1/mbed-os/Debug/libmbed-os.a(serial_api.o)
 .text.gpio_read
                0x0000000000001cb0       0x40 /home/pc/Desktop/Cours/micro_controller/labo1/mbed-os/Debug/libmbed-os.a(serial_api.o)
 .text.serial_init
                0x0000000000001cf0      0x204 /home/pc/Desktop/Cours/micro_controller/labo1/mbed-os/Debug/libmbed-os.a(serial_api.o)
                0x0000000000001cf0                serial_init
 .text.serial_baud
                0x0000000000001ef4      0x2cc /home/pc/Desktop/Cours/micro_controller/labo1/mbed-os/Debug/libmbed-os.a(serial_api.o)
                0x0000000000001ef4                serial_baud
 .text.serial_format
                0x00000000000021c0      0x11c /home/pc/Desktop/Cours/micro_controller/labo1/mbed-os/Debug/libmbed-os.a(serial_api.o)
                0x00000000000021c0                serial_format
 .text.uart_irq
                0x00000000000022dc       0xe0 /home/pc/Desktop/Cours/micro_controller/labo1/mbed-os/Debug/libmbed-os.a(serial_api.o)
 .text.uart0_irq
                0x00000000000023bc       0x20 /home/pc/Desktop/Cours/micro_controller/labo1/mbed-os/Debug/libmbed-os.a(serial_api.o)
                0x00000000000023bc                uart0_irq
 .text.uart1_irq
                0x00000000000023dc       0x20 /home/pc/Desktop/Cours/micro_controller/labo1/mbed-os/Debug/libmbed-os.a(serial_api.o)
                0x00000000000023dc                uart1_irq
 .text.uart2_irq
                0x00000000000023fc       0x20 /home/pc/Desktop/Cours/micro_controller/labo1/mbed-os/Debug/libmbed-os.a(serial_api.o)
                0x00000000000023fc                uart2_irq
 .text.uart3_irq
                0x000000000000241c       0x20 /home/pc/Desktop/Cours/micro_controller/labo1/mbed-os/Debug/libmbed-os.a(serial_api.o)
                0x000000000000241c                uart3_irq
 .text.serial_irq_set_internal
                0x000000000000243c      0x170 /home/pc/Desktop/Cours/micro_controller/labo1/mbed-os/Debug/libmbed-os.a(serial_api.o)
 .text.serial_flow_irq_set
                0x00000000000025ac       0x38 /home/pc/Desktop/Cours/micro_controller/labo1/mbed-os/Debug/libmbed-os.a(serial_api.o)
 .text.serial_getc
                0x00000000000025e4       0x70 /home/pc/Desktop/Cours/micro_controller/labo1/mbed-os/Debug/libmbed-os.a(serial_api.o)
                0x00000000000025e4                serial_getc
 .text.serial_putc
                0x0000000000002654       0x58 /home/pc/Desktop/Cours/micro_controller/labo1/mbed-os/Debug/libmbed-os.a(serial_api.o)
                0x0000000000002654                serial_putc
 .text.serial_readable
                0x00000000000026ac       0x16 /home/pc/Desktop/Cours/micro_controller/labo1/mbed-os/Debug/libmbed-os.a(serial_api.o)
                0x00000000000026ac                serial_readable
 *fill*         0x00000000000026c2        0x2 
 .text.serial_writable
                0x00000000000026c4       0xb0 /home/pc/Desktop/Cours/micro_controller/labo1/mbed-os/Debug/libmbed-os.a(serial_api.o)
                0x00000000000026c4                serial_writable
 .text.serial_set_flow_control
                0x0000000000002774      0x17c /home/pc/Desktop/Cours/micro_controller/labo1/mbed-os/Debug/libmbed-os.a(serial_api.o)
                0x0000000000002774                serial_set_flow_control
 .text.__NVIC_EnableIRQ
                0x00000000000028f0       0x34 /home/pc/Desktop/Cours/micro_controller/labo1/mbed-os/Debug/libmbed-os.a(us_ticker.o)
 .text.__NVIC_DisableIRQ
                0x0000000000002924       0x44 /home/pc/Desktop/Cours/micro_controller/labo1/mbed-os/Debug/libmbed-os.a(us_ticker.o)
 .text.__NVIC_SetPendingIRQ
                0x0000000000002968       0x38 /home/pc/Desktop/Cours/micro_controller/labo1/mbed-os/Debug/libmbed-os.a(us_ticker.o)
 .text.__NVIC_SetVector
                0x00000000000029a0       0x2c /home/pc/Desktop/Cours/micro_controller/labo1/mbed-os/Debug/libmbed-os.a(us_ticker.o)
 .text.us_ticker_get_info
                0x00000000000029cc        0xc /home/pc/Desktop/Cours/micro_controller/labo1/mbed-os/Debug/libmbed-os.a(us_ticker.o)
                0x00000000000029cc                us_ticker_get_info
 .text.us_ticker_init
                0x00000000000029d8       0x84 /home/pc/Desktop/Cours/micro_controller/labo1/mbed-os/Debug/libmbed-os.a(us_ticker.o)
                0x00000000000029d8                us_ticker_init
 .text.us_ticker_read
                0x0000000000002a5c        0xc /home/pc/Desktop/Cours/micro_controller/labo1/mbed-os/Debug/libmbed-os.a(us_ticker.o)
                0x0000000000002a5c                us_ticker_read
 .text.us_ticker_set_interrupt
                0x0000000000002a68       0x20 /home/pc/Desktop/Cours/micro_controller/labo1/mbed-os/Debug/libmbed-os.a(us_ticker.o)
                0x0000000000002a68                us_ticker_set_interrupt
 .text.us_ticker_fire_interrupt
                0x0000000000002a88        0xc /home/pc/Desktop/Cours/micro_controller/labo1/mbed-os/Debug/libmbed-os.a(us_ticker.o)
                0x0000000000002a88                us_ticker_fire_interrupt
 .text.us_ticker_disable_interrupt
                0x0000000000002a94       0x14 /home/pc/Desktop/Cours/micro_controller/labo1/mbed-os/Debug/libmbed-os.a(us_ticker.o)
                0x0000000000002a94                us_ticker_disable_interrupt
 .text.us_ticker_clear_interrupt
                0x0000000000002aa8       0x10 /home/pc/Desktop/Cours/micro_controller/labo1/mbed-os/Debug/libmbed-os.a(us_ticker.o)
                0x0000000000002aa8                us_ticker_clear_interrupt
 .text.us_ticker_free
                0x0000000000002ab8       0x24 /home/pc/Desktop/Cours/micro_controller/labo1/mbed-os/Debug/libmbed-os.a(us_ticker.o)
                0x0000000000002ab8                us_ticker_free
 .text._ZN4mbed10FileHandle6isattyEv
                0x0000000000002adc        0xc /home/pc/Desktop/Cours/micro_controller/labo1/mbed-os/Debug/libmbed-os.a(FileHandle.o)
                0x0000000000002adc                mbed::FileHandle::isatty()
 .text._ZN4mbed10FileHandle4sizeEv
                0x0000000000002ae8       0x4e /home/pc/Desktop/Cours/micro_controller/labo1/mbed-os/Debug/libmbed-os.a(FileHandle.o)
                0x0000000000002ae8                mbed::FileHandle::size()
 *fill*         0x0000000000002b36        0x2 
 .text.mbed_assert_internal
                0x0000000000002b38       0x24 /home/pc/Desktop/Cours/micro_controller/labo1/mbed-os/Debug/libmbed-os.a(mbed_assert.o)
                0x0000000000002b38                mbed_assert_internal
 .text.gpio_write
                0x0000000000002b5c       0x48 /home/pc/Desktop/Cours/micro_controller/labo1/mbed-os/Debug/libmbed-os.a(mbed_board.o)
 .text.mbed_die
                0x0000000000002ba4       0x84 /home/pc/Desktop/Cours/micro_controller/labo1/mbed-os/Debug/libmbed-os.a(mbed_board.o)
                0x0000000000002ba4                mbed_die
 .text.mbed_error_printf
                0x0000000000002c28       0x1e /home/pc/Desktop/Cours/micro_controller/labo1/mbed-os/Debug/libmbed-os.a(mbed_board.o)
                0x0000000000002c28                mbed_error_printf
 *fill*         0x0000000000002c46        0x2 
 .text.mbed_error_vprintf
                0x0000000000002c48       0x44 /home/pc/Desktop/Cours/micro_controller/labo1/mbed-os/Debug/libmbed-os.a(mbed_board.o)
                0x0000000000002c48                mbed_error_vprintf
 .text.mbed_error_puts
                0x0000000000002c8c       0x28 /home/pc/Desktop/Cours/micro_controller/labo1/mbed-os/Debug/libmbed-os.a(mbed_board.o)
                0x0000000000002c8c                mbed_error_puts
 .text.core_util_are_interrupts_enabled
                0x0000000000002cb4       0x1e /home/pc/Desktop/Cours/micro_controller/labo1/mbed-os/Debug/libmbed-os.a(mbed_critical.o)
                0x0000000000002cb4                core_util_are_interrupts_enabled
 .text.core_util_is_isr_active
                0x0000000000002cd2       0x1a /home/pc/Desktop/Cours/micro_controller/labo1/mbed-os/Debug/libmbed-os.a(mbed_critical.o)
                0x0000000000002cd2                core_util_is_isr_active
 .text.core_util_critical_section_enter
                0x0000000000002cec       0x34 /home/pc/Desktop/Cours/micro_controller/labo1/mbed-os/Debug/libmbed-os.a(mbed_critical.o)
                0x0000000000002cec                core_util_critical_section_enter
 .text.core_util_critical_section_exit
                0x0000000000002d20       0x2c /home/pc/Desktop/Cours/micro_controller/labo1/mbed-os/Debug/libmbed-os.a(mbed_critical.o)
                0x0000000000002d20                core_util_critical_section_exit
 .text.core_util_atomic_flag_test_and_set
                0x0000000000002d4c       0x48 /home/pc/Desktop/Cours/micro_controller/labo1/mbed-os/Debug/libmbed-os.a(mbed_critical.o)
                0x0000000000002d4c                core_util_atomic_flag_test_and_set
 .text.mbed_halt_system
                0x0000000000002d94       0x44 /home/pc/Desktop/Cours/micro_controller/labo1/mbed-os/Debug/libmbed-os.a(mbed_error.o)
 .text.handle_error
                0x0000000000002dd8       0x90 /home/pc/Desktop/Cours/micro_controller/labo1/mbed-os/Debug/libmbed-os.a(mbed_error.o)
 .text.mbed_error
                0x0000000000002e68       0x48 /home/pc/Desktop/Cours/micro_controller/labo1/mbed-os/Debug/libmbed-os.a(mbed_error.o)
                0x0000000000002e68                mbed_error
 .text.print_error_report
                0x0000000000002eb0      0x1b0 /home/pc/Desktop/Cours/micro_controller/labo1/mbed-os/Debug/libmbed-os.a(mbed_error.o)
 .text.mbed_interface_connected
                0x0000000000003060        0xc /home/pc/Desktop/Cours/micro_controller/labo1/mbed-os/Debug/libmbed-os.a(mbed_interface.o)
                0x0000000000003060                mbed_interface_connected
 .text.wait_ms  0x000000000000306c       0x1e /home/pc/Desktop/Cours/micro_controller/labo1/mbed-os/Debug/libmbed-os.a(mbed_wait_api_no_rtos.o)
                0x000000000000306c                wait_ms
 .text.wait_us  0x000000000000308a       0x32 /home/pc/Desktop/Cours/micro_controller/labo1/mbed-os/Debug/libmbed-os.a(mbed_wait_api_no_rtos.o)
                0x000000000000308a                wait_us
 .text.are_interrupts_enabled
                0x00000000000030bc       0x1e /home/pc/Desktop/Cours/micro_controller/labo1/mbed-os/Debug/libmbed-os.a(mbed_critical_section_api.o)
 *fill*         0x00000000000030da        0x2 
 .text.hal_critical_section_enter
                0x00000000000030dc       0x3c /home/pc/Desktop/Cours/micro_controller/labo1/mbed-os/Debug/libmbed-os.a(mbed_critical_section_api.o)
                0x00000000000030dc                hal_critical_section_enter
 .text.hal_critical_section_exit
                0x0000000000003118       0x40 /home/pc/Desktop/Cours/micro_controller/labo1/mbed-os/Debug/libmbed-os.a(mbed_critical_section_api.o)
                0x0000000000003118                hal_critical_section_exit
 .text.gpio_write
                0x0000000000003158       0x48 /home/pc/Desktop/Cours/micro_controller/labo1/mbed-os/Debug/libmbed-os.a(mbed_gpio.o)
 .text._gpio_init_in
                0x00000000000031a0       0x3a /home/pc/Desktop/Cours/micro_controller/labo1/mbed-os/Debug/libmbed-os.a(mbed_gpio.o)
 .text._gpio_init_out
                0x00000000000031da       0x44 /home/pc/Desktop/Cours/micro_controller/labo1/mbed-os/Debug/libmbed-os.a(mbed_gpio.o)
 .text.gpio_init_in
                0x000000000000321e       0x1a /home/pc/Desktop/Cours/micro_controller/labo1/mbed-os/Debug/libmbed-os.a(mbed_gpio.o)
                0x000000000000321e                gpio_init_in
 .text.gpio_init_in_ex
                0x0000000000003238       0x24 /home/pc/Desktop/Cours/micro_controller/labo1/mbed-os/Debug/libmbed-os.a(mbed_gpio.o)
                0x0000000000003238                gpio_init_in_ex
 .text.gpio_init_out
                0x000000000000325c       0x1a /home/pc/Desktop/Cours/micro_controller/labo1/mbed-os/Debug/libmbed-os.a(mbed_gpio.o)
                0x000000000000325c                gpio_init_out
 .text.gpio_init_out_ex
                0x0000000000003276       0x1e /home/pc/Desktop/Cours/micro_controller/labo1/mbed-os/Debug/libmbed-os.a(mbed_gpio.o)
                0x0000000000003276                gpio_init_out_ex
 .text.gpio_init_inout
                0x0000000000003294       0x56 /home/pc/Desktop/Cours/micro_controller/labo1/mbed-os/Debug/libmbed-os.a(mbed_gpio.o)
                0x0000000000003294                gpio_init_inout
 *fill*         0x00000000000032ea        0x2 
 .text.pinmap_pinout
                0x00000000000032ec       0x64 /home/pc/Desktop/Cours/micro_controller/labo1/mbed-os/Debug/libmbed-os.a(mbed_pinmap_common.o)
                0x00000000000032ec                pinmap_pinout
 .text.pinmap_merge
                0x0000000000003350       0x4c /home/pc/Desktop/Cours/micro_controller/labo1/mbed-os/Debug/libmbed-os.a(mbed_pinmap_common.o)
                0x0000000000003350                pinmap_merge
 .text.pinmap_find_peripheral
                0x000000000000339c       0x32 /home/pc/Desktop/Cours/micro_controller/labo1/mbed-os/Debug/libmbed-os.a(mbed_pinmap_common.o)
                0x000000000000339c                pinmap_find_peripheral
 *fill*         0x00000000000033ce        0x2 
 .text.pinmap_peripheral
                0x00000000000033d0       0x50 /home/pc/Desktop/Cours/micro_controller/labo1/mbed-os/Debug/libmbed-os.a(mbed_pinmap_common.o)
                0x00000000000033d0                pinmap_peripheral
 .text.gpio_set
                0x0000000000003420       0x3c /home/pc/Desktop/Cours/micro_controller/labo1/mbed-os/Debug/libmbed-os.a(gpio_api.o)
                0x0000000000003420                gpio_set
 .text.gpio_init
                0x000000000000345c       0x58 /home/pc/Desktop/Cours/micro_controller/labo1/mbed-os/Debug/libmbed-os.a(gpio_api.o)
                0x000000000000345c                gpio_init
 .text.gpio_mode
                0x00000000000034b4       0x24 /home/pc/Desktop/Cours/micro_controller/labo1/mbed-os/Debug/libmbed-os.a(gpio_api.o)
                0x00000000000034b4                gpio_mode
 .text.gpio_dir
                0x00000000000034d8       0x68 /home/pc/Desktop/Cours/micro_controller/labo1/mbed-os/Debug/libmbed-os.a(gpio_api.o)
                0x00000000000034d8                gpio_dir
 .text.pin_function
                0x0000000000003540       0x80 /home/pc/Desktop/Cours/micro_controller/labo1/mbed-os/Debug/libmbed-os.a(pinmap.o)
                0x0000000000003540                pin_function
 .text.pin_mode
                0x00000000000035c0       0xec /home/pc/Desktop/Cours/micro_controller/labo1/mbed-os/Debug/libmbed-os.a(pinmap.o)
                0x00000000000035c0                pin_mode
 .text          0x00000000000036ac       0x30 /usr/local/mcuxpressoide-11.8.0_1165/ide/plugins/com.nxp.mcuxpresso.tools.linux_11.8.0.202306131047/tools/bin/../lib/gcc/arm-none-eabi/12.2.1/thumb/v7-m/nofp/libgcc.a(_aeabi_uldivmod.o)
                0x00000000000036ac                __aeabi_uldivmod
 .text.__udivmoddi4
                0x00000000000036dc      0x2c0 /usr/local/mcuxpressoide-11.8.0_1165/ide/plugins/com.nxp.mcuxpresso.tools.linux_11.8.0.202306131047/tools/bin/../lib/gcc/arm-none-eabi/12.2.1/thumb/v7-m/nofp/libgcc.a(_udivmoddi4.o)
                0x00000000000036dc                __udivmoddi4
 .text          0x000000000000399c        0x4 /usr/local/mcuxpressoide-11.8.0_1165/ide/plugins/com.nxp.mcuxpresso.tools.linux_11.8.0.202306131047/tools/bin/../lib/gcc/arm-none-eabi/12.2.1/thumb/v7-m/nofp/libgcc.a(_dvmd_tls.o)
                0x000000000000399c                __aeabi_ldiv0
                0x000000000000399c                __aeabi_idiv0
 .text._ZN4mbed3I2CD2Ev
                0x00000000000039a0       0x20 ./src/IC2.o
                0x00000000000039a0                mbed::I2C::~I2C()
                0x00000000000039a0                mbed::I2C::~I2C()
 .text._ZN4mbed3I2CD0Ev
                0x00000000000039c0       0x1c ./src/IC2.o
                0x00000000000039c0                mbed::I2C::~I2C()
 .text.main     0x00000000000039dc       0x5c ./src/IC2.o
                0x00000000000039dc                main
 .text._ZN4mbed11NonCopyableINS_3I2CEED2Ev
                0x0000000000003a38        0xc ./src/IC2.o
                0x0000000000003a38                mbed::NonCopyable<mbed::I2C>::~NonCopyable()
                0x0000000000003a38                mbed::NonCopyable<mbed::I2C>::~NonCopyable()
 .text._Z41__static_initialization_and_destruction_0ii
                0x0000000000003a44       0x48 ./src/IC2.o
 .text._GLOBAL__sub_I_i2c
                0x0000000000003a8c        0xe ./src/IC2.o
 *fill*         0x0000000000003a9a        0x2 
 .text.__sread  0x0000000000003a9c       0x24 /usr/local/mcuxpressoide-11.8.0_1165/ide/plugins/com.nxp.mcuxpresso.tools.linux_11.8.0.202306131047/tools/bin/../lib/gcc/arm-none-eabi/12.2.1/../../../../arm-none-eabi/lib/thumb/v7-m/nofp/libc.a(libc_a-stdio.o)
                0x0000000000003a9c                __sread
 .text.__swrite
                0x0000000000003ac0       0x40 /usr/local/mcuxpressoide-11.8.0_1165/ide/plugins/com.nxp.mcuxpresso.tools.linux_11.8.0.202306131047/tools/bin/../lib/gcc/arm-none-eabi/12.2.1/../../../../arm-none-eabi/lib/thumb/v7-m/nofp/libc.a(libc_a-stdio.o)
                0x0000000000003ac0                __swrite
 .text.__sseek  0x0000000000003b00       0x24 /usr/local/mcuxpressoide-11.8.0_1165/ide/plugins/com.nxp.mcuxpresso.tools.linux_11.8.0.202306131047/tools/bin/../lib/gcc/arm-none-eabi/12.2.1/../../../../arm-none-eabi/lib/thumb/v7-m/nofp/libc.a(libc_a-stdio.o)
                0x0000000000003b00                __sseek
 .text.__sclose
                0x0000000000003b24        0x8 /usr/local/mcuxpressoide-11.8.0_1165/ide/plugins/com.nxp.mcuxpresso.tools.linux_11.8.0.202306131047/tools/bin/../lib/gcc/arm-none-eabi/12.2.1/../../../../arm-none-eabi/lib/thumb/v7-m/nofp/libc.a(libc_a-stdio.o)
                0x0000000000003b24                __sclose
 .text._write_r
                0x0000000000003b2c       0x2c /usr/local/mcuxpressoide-11.8.0_1165/ide/plugins/com.nxp.mcuxpresso.tools.linux_11.8.0.202306131047/tools/bin/../lib/gcc/arm-none-eabi/12.2.1/../../../../arm-none-eabi/lib/thumb/v7-m/nofp/libc.a(libc_a-writer.o)
                0x0000000000003b2c                _write_r
 .text.__errno  0x0000000000003b58        0xc /usr/local/mcuxpressoide-11.8.0_1165/ide/plugins/com.nxp.mcuxpresso.tools.linux_11.8.0.202306131047/tools/bin/../lib/gcc/arm-none-eabi/12.2.1/../../../../arm-none-eabi/lib/thumb/v7-m/nofp/libc.a(libc_a-errno.o)
                0x0000000000003b58                __errno
 .text.vsnprintf
                0x0000000000003b64       0x6c /usr/local/mcuxpressoide-11.8.0_1165/ide/plugins/com.nxp.mcuxpresso.tools.linux_11.8.0.202306131047/tools/bin/../lib/gcc/arm-none-eabi/12.2.1/../../../../arm-none-eabi/lib/thumb/v7-m/nofp/libc.a(libc_a-vsnprintf.o)
                0x0000000000003b64                vsnprintf
 .text.free     0x0000000000003bd0       0x10 /usr/local/mcuxpressoide-11.8.0_1165/ide/plugins/com.nxp.mcuxpresso.tools.linux_11.8.0.202306131047/tools/bin/../lib/gcc/arm-none-eabi/12.2.1/../../../../arm-none-eabi/lib/thumb/v7-m/nofp/libc.a(libc_a-malloc.o)
                0x0000000000003bd0                free
 .text.abs      0x0000000000003be0        0x8 /usr/local/mcuxpressoide-11.8.0_1165/ide/plugins/com.nxp.mcuxpresso.tools.linux_11.8.0.202306131047/tools/bin/../lib/gcc/arm-none-eabi/12.2.1/../../../../arm-none-eabi/lib/thumb/v7-m/nofp/libc.a(libc_a-abs.o)
                0x0000000000003be0                abs
 .text.memset   0x0000000000003be8       0xa0 /usr/local/mcuxpressoide-11.8.0_1165/ide/plugins/com.nxp.mcuxpresso.tools.linux_11.8.0.202306131047/tools/bin/../lib/gcc/arm-none-eabi/12.2.1/../../../../arm-none-eabi/lib/thumb/v7-m/nofp/libc.a(libc_a-memset.o)
                0x0000000000003be8                memset
 .text.__libc_init_array
                0x0000000000003c88       0x50 /usr/local/mcuxpressoide-11.8.0_1165/ide/plugins/com.nxp.mcuxpresso.tools.linux_11.8.0.202306131047/tools/bin/../lib/gcc/arm-none-eabi/12.2.1/../../../../arm-none-eabi/lib/thumb/v7-m/nofp/libc.a(libc_a-init.o)
                0x0000000000003c88                __libc_init_array
 .text.__retarget_lock_init_recursive
                0x0000000000003cd8        0x4 /usr/local/mcuxpressoide-11.8.0_1165/ide/plugins/com.nxp.mcuxpresso.tools.linux_11.8.0.202306131047/tools/bin/../lib/gcc/arm-none-eabi/12.2.1/../../../../arm-none-eabi/lib/thumb/v7-m/nofp/libc.a(libc_a-lock.o)
                0x0000000000003cd8                __retarget_lock_init_recursive
 .text.__retarget_lock_close_recursive
                0x0000000000003cdc        0x4 /usr/local/mcuxpressoide-11.8.0_1165/ide/plugins/com.nxp.mcuxpresso.tools.linux_11.8.0.202306131047/tools/bin/../lib/gcc/arm-none-eabi/12.2.1/../../../../arm-none-eabi/lib/thumb/v7-m/nofp/libc.a(libc_a-lock.o)
                0x0000000000003cdc                __retarget_lock_close_recursive
 .text.__retarget_lock_acquire_recursive
                0x0000000000003ce0        0x4 /usr/local/mcuxpressoide-11.8.0_1165/ide/plugins/com.nxp.mcuxpresso.tools.linux_11.8.0.202306131047/tools/bin/../lib/gcc/arm-none-eabi/12.2.1/../../../../arm-none-eabi/lib/thumb/v7-m/nofp/libc.a(libc_a-lock.o)
                0x0000000000003ce0                __retarget_lock_acquire_recursive
 .text.__retarget_lock_release_recursive
                0x0000000000003ce4        0x4 /usr/local/mcuxpressoide-11.8.0_1165/ide/plugins/com.nxp.mcuxpresso.tools.linux_11.8.0.202306131047/tools/bin/../lib/gcc/arm-none-eabi/12.2.1/../../../../arm-none-eabi/lib/thumb/v7-m/nofp/libc.a(libc_a-lock.o)
                0x0000000000003ce4                __retarget_lock_release_recursive
 .text.__locale_mb_cur_max
                0x0000000000003ce8        0xc /usr/local/mcuxpressoide-11.8.0_1165/ide/plugins/com.nxp.mcuxpresso.tools.linux_11.8.0.202306131047/tools/bin/../lib/gcc/arm-none-eabi/12.2.1/../../../../arm-none-eabi/lib/thumb/v7-m/nofp/libc.a(libc_a-locale.o)
                0x0000000000003ce8                __locale_mb_cur_max
 .text._localeconv_r
                0x0000000000003cf4        0x8 /usr/local/mcuxpressoide-11.8.0_1165/ide/plugins/com.nxp.mcuxpresso.tools.linux_11.8.0.202306131047/tools/bin/../lib/gcc/arm-none-eabi/12.2.1/../../../../arm-none-eabi/lib/thumb/v7-m/nofp/libc.a(libc_a-localeconv.o)
                0x0000000000003cf4                _localeconv_r
 .text._close_r
                0x0000000000003cfc       0x24 /usr/local/mcuxpressoide-11.8.0_1165/ide/plugins/com.nxp.mcuxpresso.tools.linux_11.8.0.202306131047/tools/bin/../lib/gcc/arm-none-eabi/12.2.1/../../../../arm-none-eabi/lib/thumb/v7-m/nofp/libc.a(libc_a-closer.o)
                0x0000000000003cfc                _close_r
 .text.__sflush_r
                0x0000000000003d20      0x128 /usr/local/mcuxpressoide-11.8.0_1165/ide/plugins/com.nxp.mcuxpresso.tools.linux_11.8.0.202306131047/tools/bin/../lib/gcc/arm-none-eabi/12.2.1/../../../../arm-none-eabi/lib/thumb/v7-m/nofp/libc.a(libc_a-fflush.o)
                0x0000000000003d20                __sflush_r
 .text._fflush_r
                0x0000000000003e48       0x54 /usr/local/mcuxpressoide-11.8.0_1165/ide/plugins/com.nxp.mcuxpresso.tools.linux_11.8.0.202306131047/tools/bin/../lib/gcc/arm-none-eabi/12.2.1/../../../../arm-none-eabi/lib/thumb/v7-m/nofp/libc.a(libc_a-fflush.o)
                0x0000000000003e48                _fflush_r
 .text.fflush   0x0000000000003e9c       0x74 /usr/local/mcuxpressoide-11.8.0_1165/ide/plugins/com.nxp.mcuxpresso.tools.linux_11.8.0.202306131047/tools/bin/../lib/gcc/arm-none-eabi/12.2.1/../../../../arm-none-eabi/lib/thumb/v7-m/nofp/libc.a(libc_a-fflush.o)
                0x0000000000003e9c                fflush
 .text.stdio_exit_handler
                0x0000000000003f10       0x18 /usr/local/mcuxpressoide-11.8.0_1165/ide/plugins/com.nxp.mcuxpresso.tools.linux_11.8.0.202306131047/tools/bin/../lib/gcc/arm-none-eabi/12.2.1/../../../../arm-none-eabi/lib/thumb/v7-m/nofp/libc.a(libc_a-findfp.o)
 .text.cleanup_stdio
                0x0000000000003f28       0x40 /usr/local/mcuxpressoide-11.8.0_1165/ide/plugins/com.nxp.mcuxpresso.tools.linux_11.8.0.202306131047/tools/bin/../lib/gcc/arm-none-eabi/12.2.1/../../../../arm-none-eabi/lib/thumb/v7-m/nofp/libc.a(libc_a-findfp.o)
 .text.global_stdio_init.part.0
                0x0000000000003f68       0xf0 /usr/local/mcuxpressoide-11.8.0_1165/ide/plugins/com.nxp.mcuxpresso.tools.linux_11.8.0.202306131047/tools/bin/../lib/gcc/arm-none-eabi/12.2.1/../../../../arm-none-eabi/lib/thumb/v7-m/nofp/libc.a(libc_a-findfp.o)
 .text.__sinit  0x0000000000004058       0x3c /usr/local/mcuxpressoide-11.8.0_1165/ide/plugins/com.nxp.mcuxpresso.tools.linux_11.8.0.202306131047/tools/bin/../lib/gcc/arm-none-eabi/12.2.1/../../../../arm-none-eabi/lib/thumb/v7-m/nofp/libc.a(libc_a-findfp.o)
                0x0000000000004058                __sinit
 .text.__sfp_lock_acquire
                0x0000000000004094        0xc /usr/local/mcuxpressoide-11.8.0_1165/ide/plugins/com.nxp.mcuxpresso.tools.linux_11.8.0.202306131047/tools/bin/../lib/gcc/arm-none-eabi/12.2.1/../../../../arm-none-eabi/lib/thumb/v7-m/nofp/libc.a(libc_a-findfp.o)
                0x0000000000004094                __sfp_lock_acquire
 .text.__sfp_lock_release
                0x00000000000040a0        0xc /usr/local/mcuxpressoide-11.8.0_1165/ide/plugins/com.nxp.mcuxpresso.tools.linux_11.8.0.202306131047/tools/bin/../lib/gcc/arm-none-eabi/12.2.1/../../../../arm-none-eabi/lib/thumb/v7-m/nofp/libc.a(libc_a-findfp.o)
                0x00000000000040a0                __sfp_lock_release
 .text          0x00000000000040ac       0xec /usr/local/mcuxpressoide-11.8.0_1165/ide/plugins/com.nxp.mcuxpresso.tools.linux_11.8.0.202306131047/tools/bin/../lib/gcc/arm-none-eabi/12.2.1/../../../../arm-none-eabi/lib/thumb/v7-m/nofp/libc.a(libc_a-memcpy.o)
                0x00000000000040ac                memcpy
 .text.strlen   0x0000000000004198       0x5c /usr/local/mcuxpressoide-11.8.0_1165/ide/plugins/com.nxp.mcuxpresso.tools.linux_11.8.0.202306131047/tools/bin/../lib/gcc/arm-none-eabi/12.2.1/../../../../arm-none-eabi/lib/thumb/v7-m/nofp/libc.a(libc_a-strlen-stub.o)
                0x0000000000004198                strlen
 .text.strncpy  0x00000000000041f4       0x6c /usr/local/mcuxpressoide-11.8.0_1165/ide/plugins/com.nxp.mcuxpresso.tools.linux_11.8.0.202306131047/tools/bin/../lib/gcc/arm-none-eabi/12.2.1/../../../../arm-none-eabi/lib/thumb/v7-m/nofp/libc.a(libc_a-strncpy.o)
                0x00000000000041f4                strncpy
 .text._fstat_r
                0x0000000000004260       0x28 /usr/local/mcuxpressoide-11.8.0_1165/ide/plugins/com.nxp.mcuxpresso.tools.linux_11.8.0.202306131047/tools/bin/../lib/gcc/arm-none-eabi/12.2.1/../../../../arm-none-eabi/lib/thumb/v7-m/nofp/libc.a(libc_a-fstatr.o)
                0x0000000000004260                _fstat_r
 .text._lseek_r
                0x0000000000004288       0x2c /usr/local/mcuxpressoide-11.8.0_1165/ide/plugins/com.nxp.mcuxpresso.tools.linux_11.8.0.202306131047/tools/bin/../lib/gcc/arm-none-eabi/12.2.1/../../../../arm-none-eabi/lib/thumb/v7-m/nofp/libc.a(libc_a-lseekr.o)
                0x0000000000004288                _lseek_r
 .text._read_r  0x00000000000042b4       0x2c /usr/local/mcuxpressoide-11.8.0_1165/ide/plugins/com.nxp.mcuxpresso.tools.linux_11.8.0.202306131047/tools/bin/../lib/gcc/arm-none-eabi/12.2.1/../../../../arm-none-eabi/lib/thumb/v7-m/nofp/libc.a(libc_a-readr.o)
                0x00000000000042b4                _read_r
 .text.__ascii_wctomb
                0x00000000000042e0       0x1c /usr/local/mcuxpressoide-11.8.0_1165/ide/plugins/com.nxp.mcuxpresso.tools.linux_11.8.0.202306131047/tools/bin/../lib/gcc/arm-none-eabi/12.2.1/../../../../arm-none-eabi/lib/thumb/v7-m/nofp/libc.a(libc_a-wctomb_r.o)
                0x00000000000042e0                __ascii_wctomb
 .text._fwalk_sglue
                0x00000000000042fc       0x44 /usr/local/mcuxpressoide-11.8.0_1165/ide/plugins/com.nxp.mcuxpresso.tools.linux_11.8.0.202306131047/tools/bin/../lib/gcc/arm-none-eabi/12.2.1/../../../../arm-none-eabi/lib/thumb/v7-m/nofp/libc.a(libc_a-fwalk.o)
                0x00000000000042fc                _fwalk_sglue
 .text._svfprintf_r
                0x0000000000004340     0x1c94 /usr/local/mcuxpressoide-11.8.0_1165/ide/plugins/com.nxp.mcuxpresso.tools.linux_11.8.0.202306131047/tools/bin/../lib/gcc/arm-none-eabi/12.2.1/../../../../arm-none-eabi/lib/thumb/v7-m/nofp/libc.a(libc_a-svfprintf.o)
                0x0000000000004340                _svfprintf_r
 .text.__ascii_mbtowc
                0x0000000000005fd4       0x2c /usr/local/mcuxpressoide-11.8.0_1165/ide/plugins/com.nxp.mcuxpresso.tools.linux_11.8.0.202306131047/tools/bin/../lib/gcc/arm-none-eabi/12.2.1/../../../../arm-none-eabi/lib/thumb/v7-m/nofp/libc.a(libc_a-mbtowc_r.o)
                0x0000000000005fd4                __ascii_mbtowc
 .text.__assert_func
                0x0000000000006000       0x40 /usr/local/mcuxpressoide-11.8.0_1165/ide/plugins/com.nxp.mcuxpresso.tools.linux_11.8.0.202306131047/tools/bin/../lib/gcc/arm-none-eabi/12.2.1/../../../../arm-none-eabi/lib/thumb/v7-m/nofp/libc.a(libc_a-assert.o)
                0x0000000000006000                __assert_func
 .text._wcrtomb_r
                0x0000000000006040       0x4c /usr/local/mcuxpressoide-11.8.0_1165/ide/plugins/com.nxp.mcuxpresso.tools.linux_11.8.0.202306131047/tools/bin/../lib/gcc/arm-none-eabi/12.2.1/../../../../arm-none-eabi/lib/thumb/v7-m/nofp/libc.a(libc_a-wcrtomb.o)
                0x0000000000006040                _wcrtomb_r
 .text._fclose_r
                0x000000000000608c       0xc4 /usr/local/mcuxpressoide-11.8.0_1165/ide/plugins/com.nxp.mcuxpresso.tools.linux_11.8.0.202306131047/tools/bin/../lib/gcc/arm-none-eabi/12.2.1/../../../../arm-none-eabi/lib/thumb/v7-m/nofp/libc.a(libc_a-fclose.o)
                0x000000000000608c                _fclose_r
 .text.__smakebuf_r
                0x0000000000006150       0xdc /usr/local/mcuxpressoide-11.8.0_1165/ide/plugins/com.nxp.mcuxpresso.tools.linux_11.8.0.202306131047/tools/bin/../lib/gcc/arm-none-eabi/12.2.1/../../../../arm-none-eabi/lib/thumb/v7-m/nofp/libc.a(libc_a-makebuf.o)
                0x0000000000006150                __smakebuf_r
 .text._Balloc  0x000000000000622c       0x4c /usr/local/mcuxpressoide-11.8.0_1165/ide/plugins/com.nxp.mcuxpresso.tools.linux_11.8.0.202306131047/tools/bin/../lib/gcc/arm-none-eabi/12.2.1/../../../../arm-none-eabi/lib/thumb/v7-m/nofp/libc.a(libc_a-mprec.o)
                0x000000000000622c                _Balloc
 .text._Bfree   0x0000000000006278       0x14 /usr/local/mcuxpressoide-11.8.0_1165/ide/plugins/com.nxp.mcuxpresso.tools.linux_11.8.0.202306131047/tools/bin/../lib/gcc/arm-none-eabi/12.2.1/../../../../arm-none-eabi/lib/thumb/v7-m/nofp/libc.a(libc_a-mprec.o)
                0x0000000000006278                _Bfree
 .text.__multadd
                0x000000000000628c       0xa4 /usr/local/mcuxpressoide-11.8.0_1165/ide/plugins/com.nxp.mcuxpresso.tools.linux_11.8.0.202306131047/tools/bin/../lib/gcc/arm-none-eabi/12.2.1/../../../../arm-none-eabi/lib/thumb/v7-m/nofp/libc.a(libc_a-mprec.o)
                0x000000000000628c                __multadd
 .text.__hi0bits
                0x0000000000006330       0x44 /usr/local/mcuxpressoide-11.8.0_1165/ide/plugins/com.nxp.mcuxpresso.tools.linux_11.8.0.202306131047/tools/bin/../lib/gcc/arm-none-eabi/12.2.1/../../../../arm-none-eabi/lib/thumb/v7-m/nofp/libc.a(libc_a-mprec.o)
                0x0000000000006330                __hi0bits
 .text.__lo0bits
                0x0000000000006374       0x5c /usr/local/mcuxpressoide-11.8.0_1165/ide/plugins/com.nxp.mcuxpresso.tools.linux_11.8.0.202306131047/tools/bin/../lib/gcc/arm-none-eabi/12.2.1/../../../../arm-none-eabi/lib/thumb/v7-m/nofp/libc.a(libc_a-mprec.o)
                0x0000000000006374                __lo0bits
 .text.__i2b    0x00000000000063d0       0x5c /usr/local/mcuxpressoide-11.8.0_1165/ide/plugins/com.nxp.mcuxpresso.tools.linux_11.8.0.202306131047/tools/bin/../lib/gcc/arm-none-eabi/12.2.1/../../../../arm-none-eabi/lib/thumb/v7-m/nofp/libc.a(libc_a-mprec.o)
                0x00000000000063d0                __i2b
 .text.__multiply
                0x000000000000642c      0x164 /usr/local/mcuxpressoide-11.8.0_1165/ide/plugins/com.nxp.mcuxpresso.tools.linux_11.8.0.202306131047/tools/bin/../lib/gcc/arm-none-eabi/12.2.1/../../../../arm-none-eabi/lib/thumb/v7-m/nofp/libc.a(libc_a-mprec.o)
                0x000000000000642c                __multiply
 .text.__pow5mult
                0x0000000000006590       0xb4 /usr/local/mcuxpressoide-11.8.0_1165/ide/plugins/com.nxp.mcuxpresso.tools.linux_11.8.0.202306131047/tools/bin/../lib/gcc/arm-none-eabi/12.2.1/../../../../arm-none-eabi/lib/thumb/v7-m/nofp/libc.a(libc_a-mprec.o)
                0x0000000000006590                __pow5mult
 .text.__lshift
                0x0000000000006644       0xec /usr/local/mcuxpressoide-11.8.0_1165/ide/plugins/com.nxp.mcuxpresso.tools.linux_11.8.0.202306131047/tools/bin/../lib/gcc/arm-none-eabi/12.2.1/../../../../arm-none-eabi/lib/thumb/v7-m/nofp/libc.a(libc_a-mprec.o)
                0x0000000000006644                __lshift
 .text.__mcmp   0x0000000000006730       0x40 /usr/local/mcuxpressoide-11.8.0_1165/ide/plugins/com.nxp.mcuxpresso.tools.linux_11.8.0.202306131047/tools/bin/../lib/gcc/arm-none-eabi/12.2.1/../../../../arm-none-eabi/lib/thumb/v7-m/nofp/libc.a(libc_a-mprec.o)
                0x0000000000006730                __mcmp
 .text.__mdiff  0x0000000000006770      0x160 /usr/local/mcuxpressoide-11.8.0_1165/ide/plugins/com.nxp.mcuxpresso.tools.linux_11.8.0.202306131047/tools/bin/../lib/gcc/arm-none-eabi/12.2.1/../../../../arm-none-eabi/lib/thumb/v7-m/nofp/libc.a(libc_a-mprec.o)
                0x0000000000006770                __mdiff
 .text.__d2b    0x00000000000068d0       0xbc /usr/local/mcuxpressoide-11.8.0_1165/ide/plugins/com.nxp.mcuxpresso.tools.linux_11.8.0.202306131047/tools/bin/../lib/gcc/arm-none-eabi/12.2.1/../../../../arm-none-eabi/lib/thumb/v7-m/nofp/libc.a(libc_a-mprec.o)
                0x00000000000068d0                __d2b
 .text._wcsrtombs_r
                0x000000000000698c       0x18 /usr/local/mcuxpressoide-11.8.0_1165/ide/plugins/com.nxp.mcuxpresso.tools.linux_11.8.0.202306131047/tools/bin/../lib/gcc/arm-none-eabi/12.2.1/../../../../arm-none-eabi/lib/thumb/v7-m/nofp/libc.a(libc_a-wcsrtombs.o)
                0x000000000000698c                _wcsrtombs_r
 .text.quorem   0x00000000000069a4      0x13c /usr/local/mcuxpressoide-11.8.0_1165/ide/plugins/com.nxp.mcuxpresso.tools.linux_11.8.0.202306131047/tools/bin/../lib/gcc/arm-none-eabi/12.2.1/../../../../arm-none-eabi/lib/thumb/v7-m/nofp/libc.a(libc_a-dtoa.o)
 .text._dtoa_r  0x0000000000006ae0      0xed0 /usr/local/mcuxpressoide-11.8.0_1165/ide/plugins/com.nxp.mcuxpresso.tools.linux_11.8.0.202306131047/tools/bin/../lib/gcc/arm-none-eabi/12.2.1/../../../../arm-none-eabi/lib/thumb/v7-m/nofp/libc.a(libc_a-dtoa.o)
                0x0000000000006ae0                _dtoa_r
 .text.memchr   0x00000000000079b0       0x98 /usr/local/mcuxpressoide-11.8.0_1165/ide/plugins/com.nxp.mcuxpresso.tools.linux_11.8.0.202306131047/tools/bin/../lib/gcc/arm-none-eabi/12.2.1/../../../../arm-none-eabi/lib/thumb/v7-m/nofp/libc.a(libc_a-memchr-stub.o)
                0x00000000000079b0                memchr
 .text.frexp    0x0000000000007a48       0x70 /usr/local/mcuxpressoide-11.8.0_1165/ide/plugins/com.nxp.mcuxpresso.tools.linux_11.8.0.202306131047/tools/bin/../lib/gcc/arm-none-eabi/12.2.1/../../../../arm-none-eabi/lib/thumb/v7-m/nofp/libc.a(libm_a-s_frexp.o)
                0x0000000000007a48                frexp
 .text._isatty_r
                0x0000000000007ab8       0x24 /usr/local/mcuxpressoide-11.8.0_1165/ide/plugins/com.nxp.mcuxpresso.tools.linux_11.8.0.202306131047/tools/bin/../lib/gcc/arm-none-eabi/12.2.1/../../../../arm-none-eabi/lib/thumb/v7-m/nofp/libc.a(libc_a-isattyr.o)
                0x0000000000007ab8                _isatty_r
 .text.fiprintf
                0x0000000000007adc       0x28 /usr/local/mcuxpressoide-11.8.0_1165/ide/plugins/com.nxp.mcuxpresso.tools.linux_11.8.0.202306131047/tools/bin/../lib/gcc/arm-none-eabi/12.2.1/../../../../arm-none-eabi/lib/thumb/v7-m/nofp/libc.a(libc_a-fiprintf.o)
                0x0000000000007adc                fiprintf
 .text.__ssprint_r
                0x0000000000007b04      0x100 /usr/local/mcuxpressoide-11.8.0_1165/ide/plugins/com.nxp.mcuxpresso.tools.linux_11.8.0.202306131047/tools/bin/../lib/gcc/arm-none-eabi/12.2.1/../../../../arm-none-eabi/lib/thumb/v7-m/nofp/libc.a(libc_a-svfiprintf.o)
                0x0000000000007b04                __ssprint_r
 .text.__sprint_r.part.0
                0x0000000000007c04       0x78 /usr/local/mcuxpressoide-11.8.0_1165/ide/plugins/com.nxp.mcuxpresso.tools.linux_11.8.0.202306131047/tools/bin/../lib/gcc/arm-none-eabi/12.2.1/../../../../arm-none-eabi/lib/thumb/v7-m/nofp/libc.a(libc_a-vfiprintf.o)
 .text._vfiprintf_r
                0x0000000000007c7c      0xffc /usr/local/mcuxpressoide-11.8.0_1165/ide/plugins/com.nxp.mcuxpresso.tools.linux_11.8.0.202306131047/tools/bin/../lib/gcc/arm-none-eabi/12.2.1/../../../../arm-none-eabi/lib/thumb/v7-m/nofp/libc.a(libc_a-vfiprintf.o)
                0x0000000000007c7c                _vfiprintf_r
 .text.__sbprintf
                0x0000000000008c78       0x80 /usr/local/mcuxpressoide-11.8.0_1165/ide/plugins/com.nxp.mcuxpresso.tools.linux_11.8.0.202306131047/tools/bin/../lib/gcc/arm-none-eabi/12.2.1/../../../../arm-none-eabi/lib/thumb/v7-m/nofp/libc.a(libc_a-vfiprintf.o)
 .text.abort    0x0000000000008cf8       0x10 /usr/local/mcuxpressoide-11.8.0_1165/ide/plugins/com.nxp.mcuxpresso.tools.linux_11.8.0.202306131047/tools/bin/../lib/gcc/arm-none-eabi/12.2.1/../../../../arm-none-eabi/lib/thumb/v7-m/nofp/libc.a(libc_a-abort.o)
                0x0000000000008cf8                abort
 .text.memmove  0x0000000000008d08       0xfc /usr/local/mcuxpressoide-11.8.0_1165/ide/plugins/com.nxp.mcuxpresso.tools.linux_11.8.0.202306131047/tools/bin/../lib/gcc/arm-none-eabi/12.2.1/../../../../arm-none-eabi/lib/thumb/v7-m/nofp/libc.a(libc_a-memmove.o)
                0x0000000000008d08                memmove
 .text.__swsetup_r
                0x0000000000008e04       0xc0 /usr/local/mcuxpressoide-11.8.0_1165/ide/plugins/com.nxp.mcuxpresso.tools.linux_11.8.0.202306131047/tools/bin/../lib/gcc/arm-none-eabi/12.2.1/../../../../arm-none-eabi/lib/thumb/v7-m/nofp/libc.a(libc_a-wsetup.o)
                0x0000000000008e04                __swsetup_r
 .text._wcsnrtombs_l
                0x0000000000008ec4       0xec /usr/local/mcuxpressoide-11.8.0_1165/ide/plugins/com.nxp.mcuxpresso.tools.linux_11.8.0.202306131047/tools/bin/../lib/gcc/arm-none-eabi/12.2.1/../../../../arm-none-eabi/lib/thumb/v7-m/nofp/libc.a(libc_a-wcsnrtombs.o)
                0x0000000000008ec4                _wcsnrtombs_l
 .text._wcsnrtombs_r
                0x0000000000008fb0       0x24 /usr/local/mcuxpressoide-11.8.0_1165/ide/plugins/com.nxp.mcuxpresso.tools.linux_11.8.0.202306131047/tools/bin/../lib/gcc/arm-none-eabi/12.2.1/../../../../arm-none-eabi/lib/thumb/v7-m/nofp/libc.a(libc_a-wcsnrtombs.o)
                0x0000000000008fb0                _wcsnrtombs_r
 .text.raise    0x0000000000008fd4       0x58 /usr/local/mcuxpressoide-11.8.0_1165/ide/plugins/com.nxp.mcuxpresso.tools.linux_11.8.0.202306131047/tools/bin/../lib/gcc/arm-none-eabi/12.2.1/../../../../arm-none-eabi/lib/thumb/v7-m/nofp/libc.a(libc_a-signal.o)
                0x0000000000008fd4                raise
 .text.__fputwc
                0x000000000000902c       0x7c /usr/local/mcuxpressoide-11.8.0_1165/ide/plugins/com.nxp.mcuxpresso.tools.linux_11.8.0.202306131047/tools/bin/../lib/gcc/arm-none-eabi/12.2.1/../../../../arm-none-eabi/lib/thumb/v7-m/nofp/libc.a(libc_a-fputwc.o)
                0x000000000000902c                __fputwc
 .text._fputwc_r
                0x00000000000090a8       0x64 /usr/local/mcuxpressoide-11.8.0_1165/ide/plugins/com.nxp.mcuxpresso.tools.linux_11.8.0.202306131047/tools/bin/../lib/gcc/arm-none-eabi/12.2.1/../../../../arm-none-eabi/lib/thumb/v7-m/nofp/libc.a(libc_a-fputwc.o)
                0x00000000000090a8                _fputwc_r
 .text._kill_r  0x000000000000910c       0x28 /usr/local/mcuxpressoide-11.8.0_1165/ide/plugins/com.nxp.mcuxpresso.tools.linux_11.8.0.202306131047/tools/bin/../lib/gcc/arm-none-eabi/12.2.1/../../../../arm-none-eabi/lib/thumb/v7-m/nofp/libc.a(libc_a-signalr.o)
                0x000000000000910c                _kill_r
 .text._getpid_r
                0x0000000000009134        0x4 /usr/local/mcuxpressoide-11.8.0_1165/ide/plugins/com.nxp.mcuxpresso.tools.linux_11.8.0.202306131047/tools/bin/../lib/gcc/arm-none-eabi/12.2.1/../../../../arm-none-eabi/lib/thumb/v7-m/nofp/libc.a(libc_a-signalr.o)
                0x0000000000009134                _getpid_r
 .text.__sfvwrite_r
                0x0000000000009138      0x2dc /usr/local/mcuxpressoide-11.8.0_1165/ide/plugins/com.nxp.mcuxpresso.tools.linux_11.8.0.202306131047/tools/bin/../lib/gcc/arm-none-eabi/12.2.1/../../../../arm-none-eabi/lib/thumb/v7-m/nofp/libc.a(libc_a-fvwrite.o)
                0x0000000000009138                __sfvwrite_r
 .text.__swbuf_r
                0x0000000000009414       0xac /usr/local/mcuxpressoide-11.8.0_1165/ide/plugins/com.nxp.mcuxpresso.tools.linux_11.8.0.202306131047/tools/bin/../lib/gcc/arm-none-eabi/12.2.1/../../../../arm-none-eabi/lib/thumb/v7-m/nofp/libc.a(libc_a-wbuf.o)
                0x0000000000009414                __swbuf_r
 .text          0x00000000000094c0      0x378 /usr/local/mcuxpressoide-11.8.0_1165/ide/plugins/com.nxp.mcuxpresso.tools.linux_11.8.0.202306131047/tools/bin/../lib/gcc/arm-none-eabi/12.2.1/thumb/v7-m/nofp/libgcc.a(_arm_addsubdf3.o)
                0x00000000000094c0                __aeabi_drsub
                0x00000000000094c8                __aeabi_dsub
                0x00000000000094c8                __subdf3
                0x00000000000094cc                __adddf3
                0x00000000000094cc                __aeabi_dadd
                0x0000000000009744                __aeabi_ui2d
                0x0000000000009744                __floatunsidf
                0x0000000000009764                __floatsidf
                0x0000000000009764                __aeabi_i2d
                0x0000000000009788                __extendsfdf2
                0x0000000000009788                __aeabi_f2d
                0x00000000000097cc                __aeabi_ul2d
                0x00000000000097cc                __floatundidf
                0x00000000000097dc                __floatdidf
                0x00000000000097dc                __aeabi_l2d
 .text          0x0000000000009838      0x424 /usr/local/mcuxpressoide-11.8.0_1165/ide/plugins/com.nxp.mcuxpresso.tools.linux_11.8.0.202306131047/tools/bin/../lib/gcc/arm-none-eabi/12.2.1/thumb/v7-m/nofp/libgcc.a(_arm_muldivdf3.o)
                0x0000000000009838                __aeabi_dmul
                0x0000000000009838                __muldf3
                0x0000000000009a8c                __aeabi_ddiv
                0x0000000000009a8c                __divdf3
 .text          0x0000000000009c5c      0x110 /usr/local/mcuxpressoide-11.8.0_1165/ide/plugins/com.nxp.mcuxpresso.tools.linux_11.8.0.202306131047/tools/bin/../lib/gcc/arm-none-eabi/12.2.1/thumb/v7-m/nofp/libgcc.a(_arm_cmpdf2.o)
                0x0000000000009c5c                __gtdf2
                0x0000000000009c5c                __gedf2
                0x0000000000009c64                __ltdf2
                0x0000000000009c64                __ledf2
                0x0000000000009c6c                __cmpdf2
                0x0000000000009c6c                __eqdf2
                0x0000000000009c6c                __nedf2
                0x0000000000009ce8                __aeabi_cdrcmple
                0x0000000000009cf8                __aeabi_cdcmple
                0x0000000000009cf8                __aeabi_cdcmpeq
                0x0000000000009d08                __aeabi_dcmpeq
                0x0000000000009d1c                __aeabi_dcmplt
                0x0000000000009d30                __aeabi_dcmple
                0x0000000000009d44                __aeabi_dcmpge
                0x0000000000009d58                __aeabi_dcmpgt
 .text          0x0000000000009d6c       0x2c /usr/local/mcuxpressoide-11.8.0_1165/ide/plugins/com.nxp.mcuxpresso.tools.linux_11.8.0.202306131047/tools/bin/../lib/gcc/arm-none-eabi/12.2.1/thumb/v7-m/nofp/libgcc.a(_arm_unorddf2.o)
                0x0000000000009d6c                __aeabi_dcmpun
                0x0000000000009d6c                __unorddf2
 .text          0x0000000000009d98       0x50 /usr/local/mcuxpressoide-11.8.0_1165/ide/plugins/com.nxp.mcuxpresso.tools.linux_11.8.0.202306131047/tools/bin/../lib/gcc/arm-none-eabi/12.2.1/thumb/v7-m/nofp/libgcc.a(_arm_fixdfsi.o)
                0x0000000000009d98                __fixdfsi
                0x0000000000009d98                __aeabi_d2iz
 .text._getpid  0x0000000000009de8       0x10 /usr/local/mcuxpressoide-11.8.0_1165/ide/plugins/com.nxp.mcuxpresso.tools.linux_11.8.0.202306131047/tools/bin/../lib/gcc/arm-none-eabi/12.2.1/../../../../arm-none-eabi/lib/thumb/v7-m/nofp/libnosys.a(getpid.o)
                0x0000000000009de8                _getpid
 .text._kill    0x0000000000009df8       0x10 /usr/local/mcuxpressoide-11.8.0_1165/ide/plugins/com.nxp.mcuxpresso.tools.linux_11.8.0.202306131047/tools/bin/../lib/gcc/arm-none-eabi/12.2.1/../../../../arm-none-eabi/lib/thumb/v7-m/nofp/libnosys.a(kill.o)
                0x0000000000009df8                _kill
 .text.__wrap__malloc_r
                0x0000000000009e08       0x1e /home/pc/Desktop/Cours/micro_controller/labo1/mbed-os/Debug/libmbed-os.a(mbed_alloc_wrappers.o)
                0x0000000000009e08                __wrap__malloc_r
 .text.malloc_wrapper
                0x0000000000009e26       0x22 /home/pc/Desktop/Cours/micro_controller/labo1/mbed-os/Debug/libmbed-os.a(mbed_alloc_wrappers.o)
                0x0000000000009e26                malloc_wrapper
 .text.__wrap__realloc_r
                0x0000000000009e48       0x24 /home/pc/Desktop/Cours/micro_controller/labo1/mbed-os/Debug/libmbed-os.a(mbed_alloc_wrappers.o)
                0x0000000000009e48                __wrap__realloc_r
 .text.__wrap__free_r
                0x0000000000009e6c       0x1c /home/pc/Desktop/Cours/micro_controller/labo1/mbed-os/Debug/libmbed-os.a(mbed_alloc_wrappers.o)
                0x0000000000009e6c                __wrap__free_r
 .text.free_wrapper
                0x0000000000009e88       0x1a /home/pc/Desktop/Cours/micro_controller/labo1/mbed-os/Debug/libmbed-os.a(mbed_alloc_wrappers.o)
                0x0000000000009e88                free_wrapper
 .text.__wrap__calloc_r
                0x0000000000009ea2       0x24 /home/pc/Desktop/Cours/micro_controller/labo1/mbed-os/Debug/libmbed-os.a(mbed_alloc_wrappers.o)
                0x0000000000009ea2                __wrap__calloc_r
 *fill*         0x0000000000009ec6        0x2 
 .text.gpio_write
                0x0000000000009ec8       0x48 /home/pc/Desktop/Cours/micro_controller/labo1/mbed-os/Debug/libmbed-os.a(I2C.o)
 .text.gpio_read
                0x0000000000009f10       0x40 /home/pc/Desktop/Cours/micro_controller/labo1/mbed-os/Debug/libmbed-os.a(I2C.o)
 .text._ZN4mbed12DigitalInOutC2E7PinName12PinDirection7PinModei
                0x0000000000009f50       0x4a /home/pc/Desktop/Cours/micro_controller/labo1/mbed-os/Debug/libmbed-os.a(I2C.o)
                0x0000000000009f50                mbed::DigitalInOut::DigitalInOut(PinName, PinDirection, PinMode, int)
                0x0000000000009f50                mbed::DigitalInOut::DigitalInOut(PinName, PinDirection, PinMode, int)
 .text._ZN4mbed12DigitalInOut5writeEi
                0x0000000000009f9a       0x1a /home/pc/Desktop/Cours/micro_controller/labo1/mbed-os/Debug/libmbed-os.a(I2C.o)
                0x0000000000009f9a                mbed::DigitalInOut::write(int)
 .text._ZN4mbed12DigitalInOut4readEv
                0x0000000000009fb4       0x18 /home/pc/Desktop/Cours/micro_controller/labo1/mbed-os/Debug/libmbed-os.a(I2C.o)
                0x0000000000009fb4                mbed::DigitalInOut::read()
 .text._ZN4mbed12DigitalInOut6outputEv
                0x0000000000009fcc       0x20 /home/pc/Desktop/Cours/micro_controller/labo1/mbed-os/Debug/libmbed-os.a(I2C.o)
                0x0000000000009fcc                mbed::DigitalInOut::output()
 .text._ZN4mbed12DigitalInOut5inputEv
                0x0000000000009fec       0x20 /home/pc/Desktop/Cours/micro_controller/labo1/mbed-os/Debug/libmbed-os.a(I2C.o)
                0x0000000000009fec                mbed::DigitalInOut::input()
 .text._ZN4mbed12DigitalInOut4modeE7PinMode
                0x000000000000a00c       0x2a /home/pc/Desktop/Cours/micro_controller/labo1/mbed-os/Debug/libmbed-os.a(I2C.o)
                0x000000000000a00c                mbed::DigitalInOut::mode(PinMode)
 .text._ZN4mbed12DigitalInOutaSEi
                0x000000000000a036       0x1a /home/pc/Desktop/Cours/micro_controller/labo1/mbed-os/Debug/libmbed-os.a(I2C.o)
                0x000000000000a036                mbed::DigitalInOut::operator=(int)
 .text._ZN4mbed12DigitalInOutcviEv
                0x000000000000a050       0x16 /home/pc/Desktop/Cours/micro_controller/labo1/mbed-os/Debug/libmbed-os.a(I2C.o)
                0x000000000000a050                mbed::DigitalInOut::operator int()
 *fill*         0x000000000000a066        0x2 
 .text._ZN4mbed3I2CC2E7PinNameS1_
                0x000000000000a068       0x74 /home/pc/Desktop/Cours/micro_controller/labo1/mbed-os/Debug/libmbed-os.a(I2C.o)
                0x000000000000a068                mbed::I2C::I2C(PinName, PinName)
                0x000000000000a068                mbed::I2C::I2C(PinName, PinName)
 .text._ZN4mbed3I2C5writeEi
                0x000000000000a0dc       0x36 /home/pc/Desktop/Cours/micro_controller/labo1/mbed-os/Debug/libmbed-os.a(I2C.o)
                0x000000000000a0dc                mbed::I2C::write(int)
 .text._ZN4mbed3I2C4readEi
                0x000000000000a112       0x4c /home/pc/Desktop/Cours/micro_controller/labo1/mbed-os/Debug/libmbed-os.a(I2C.o)
                0x000000000000a112                mbed::I2C::read(int)
 .text._ZN4mbed3I2C5startEv
                0x000000000000a15e       0x2e /home/pc/Desktop/Cours/micro_controller/labo1/mbed-os/Debug/libmbed-os.a(I2C.o)
                0x000000000000a15e                mbed::I2C::start()
 .text._ZN4mbed3I2C4stopEv
                0x000000000000a18c       0x2e /home/pc/Desktop/Cours/micro_controller/labo1/mbed-os/Debug/libmbed-os.a(I2C.o)
                0x000000000000a18c                mbed::I2C::stop()
 *fill*         0x000000000000a1ba        0x2 
 .text._ZN4mbed3I2C4lockEv
                0x000000000000a1bc       0x20 /home/pc/Desktop/Cours/micro_controller/labo1/mbed-os/Debug/libmbed-os.a(I2C.o)
                0x000000000000a1bc                mbed::I2C::lock()
 .text._ZN4mbed3I2C6unlockEv
                0x000000000000a1dc       0x20 /home/pc/Desktop/Cours/micro_controller/labo1/mbed-os/Debug/libmbed-os.a(I2C.o)
                0x000000000000a1dc                mbed::I2C::unlock()
 .text._ZN4mbed3I2C7recoverE7PinNameS1_
                0x000000000000a1fc      0x13a /home/pc/Desktop/Cours/micro_controller/labo1/mbed-os/Debug/libmbed-os.a(I2C.o)
                0x000000000000a1fc                mbed::I2C::recover(PinName, PinName)
 .text._ZN4mbed11NonCopyableINS_3I2CEEC2Ev
                0x000000000000a336        0xc /home/pc/Desktop/Cours/micro_controller/labo1/mbed-os/Debug/libmbed-os.a(I2C.o)
                0x000000000000a336                mbed::NonCopyable<mbed::I2C>::NonCopyable()
                0x000000000000a336                mbed::NonCopyable<mbed::I2C>::NonCopyable()
 .text.i2c_conclr
                0x000000000000a342       0x2c /home/pc/Desktop/Cours/micro_controller/labo1/mbed-os/Debug/libmbed-os.a(i2c_api.o)
 .text.i2c_conset
                0x000000000000a36e       0x2c /home/pc/Desktop/Cours/micro_controller/labo1/mbed-os/Debug/libmbed-os.a(i2c_api.o)
 .text.i2c_clear_SI
                0x000000000000a39a       0x1e /home/pc/Desktop/Cours/micro_controller/labo1/mbed-os/Debug/libmbed-os.a(i2c_api.o)
 .text.i2c_status
                0x000000000000a3b8       0x10 /home/pc/Desktop/Cours/micro_controller/labo1/mbed-os/Debug/libmbed-os.a(i2c_api.o)
 .text.i2c_wait_SI
                0x000000000000a3c8       0x38 /home/pc/Desktop/Cours/micro_controller/labo1/mbed-os/Debug/libmbed-os.a(i2c_api.o)
 .text.i2c_interface_enable
                0x000000000000a400       0x12 /home/pc/Desktop/Cours/micro_controller/labo1/mbed-os/Debug/libmbed-os.a(i2c_api.o)
 *fill*         0x000000000000a412        0x2 
 .text.i2c_power_enable
                0x000000000000a414       0x70 /home/pc/Desktop/Cours/micro_controller/labo1/mbed-os/Debug/libmbed-os.a(i2c_api.o)
 .text.i2c_init
                0x000000000000a484       0x94 /home/pc/Desktop/Cours/micro_controller/labo1/mbed-os/Debug/libmbed-os.a(i2c_api.o)
                0x000000000000a484                i2c_init
 .text.i2c_start
                0x000000000000a518       0x6a /home/pc/Desktop/Cours/micro_controller/labo1/mbed-os/Debug/libmbed-os.a(i2c_api.o)
                0x000000000000a518                i2c_start
 *fill*         0x000000000000a582        0x2 
 .text.i2c_stop
                0x000000000000a584       0x50 /home/pc/Desktop/Cours/micro_controller/labo1/mbed-os/Debug/libmbed-os.a(i2c_api.o)
                0x000000000000a584                i2c_stop
 .text.i2c_do_write
                0x000000000000a5d4       0x32 /home/pc/Desktop/Cours/micro_controller/labo1/mbed-os/Debug/libmbed-os.a(i2c_api.o)
 .text.i2c_do_read
                0x000000000000a606       0x4c /home/pc/Desktop/Cours/micro_controller/labo1/mbed-os/Debug/libmbed-os.a(i2c_api.o)
 *fill*         0x000000000000a652        0x2 
 .text.i2c_frequency
                0x000000000000a654       0x38 /home/pc/Desktop/Cours/micro_controller/labo1/mbed-os/Debug/libmbed-os.a(i2c_api.o)
                0x000000000000a654                i2c_frequency
 .text.i2c_byte_read
                0x000000000000a68c       0x1c /home/pc/Desktop/Cours/micro_controller/labo1/mbed-os/Debug/libmbed-os.a(i2c_api.o)
                0x000000000000a68c                i2c_byte_read
 .text.i2c_byte_write
                0x000000000000a6a8       0x5e /home/pc/Desktop/Cours/micro_controller/labo1/mbed-os/Debug/libmbed-os.a(i2c_api.o)
                0x000000000000a6a8                i2c_byte_write
 *fill*         0x000000000000a706        0x2 
 .text._realloc_r
                0x000000000000a708      0x358 /usr/local/mcuxpressoide-11.8.0_1165/ide/plugins/com.nxp.mcuxpresso.tools.linux_11.8.0.202306131047/tools/bin/../lib/gcc/arm-none-eabi/12.2.1/../../../../arm-none-eabi/lib/thumb/v7-m/nofp/libc.a(libc_a-reallocr.o)
                0x000000000000a708                _realloc_r
 .text._malloc_trim_r
                0x000000000000aa60       0xb8 /usr/local/mcuxpressoide-11.8.0_1165/ide/plugins/com.nxp.mcuxpresso.tools.linux_11.8.0.202306131047/tools/bin/../lib/gcc/arm-none-eabi/12.2.1/../../../../arm-none-eabi/lib/thumb/v7-m/nofp/libc.a(libc_a-freer.o)
                0x000000000000aa60                _malloc_trim_r
 .text._free_r  0x000000000000ab18      0x1f8 /usr/local/mcuxpressoide-11.8.0_1165/ide/plugins/com.nxp.mcuxpresso.tools.linux_11.8.0.202306131047/tools/bin/../lib/gcc/arm-none-eabi/12.2.1/../../../../arm-none-eabi/lib/thumb/v7-m/nofp/libc.a(libc_a-freer.o)
                0x000000000000ab18                _free_r
 .text._sbrk_r  0x000000000000ad10       0x24 /usr/local/mcuxpressoide-11.8.0_1165/ide/plugins/com.nxp.mcuxpresso.tools.linux_11.8.0.202306131047/tools/bin/../lib/gcc/arm-none-eabi/12.2.1/../../../../arm-none-eabi/lib/thumb/v7-m/nofp/libc.a(libc_a-sbrkr.o)
                0x000000000000ad10                _sbrk_r
 .text._malloc_r
                0x000000000000ad34      0x568 /usr/local/mcuxpressoide-11.8.0_1165/ide/plugins/com.nxp.mcuxpresso.tools.linux_11.8.0.202306131047/tools/bin/../lib/gcc/arm-none-eabi/12.2.1/../../../../arm-none-eabi/lib/thumb/v7-m/nofp/libc.a(libc_a-mallocr.o)
                0x000000000000ad34                _malloc_r
 .text.sysconf  0x000000000000b29c       0x1c /usr/local/mcuxpressoide-11.8.0_1165/ide/plugins/com.nxp.mcuxpresso.tools.linux_11.8.0.202306131047/tools/bin/../lib/gcc/arm-none-eabi/12.2.1/../../../../arm-none-eabi/lib/thumb/v7-m/nofp/libc.a(libc_a-sysconf.o)
                0x000000000000b29c                sysconf
 .text._calloc_r
                0x000000000000b2b8       0x6c /usr/local/mcuxpressoide-11.8.0_1165/ide/plugins/com.nxp.mcuxpresso.tools.linux_11.8.0.202306131047/tools/bin/../lib/gcc/arm-none-eabi/12.2.1/../../../../arm-none-eabi/lib/thumb/v7-m/nofp/libc.a(libc_a-callocr.o)
                0x000000000000b2b8                _calloc_r
 *(.init)
 .init          0x000000000000b324        0x4 /usr/local/mcuxpressoide-11.8.0_1165/ide/plugins/com.nxp.mcuxpresso.tools.linux_11.8.0.202306131047/tools/bin/../lib/gcc/arm-none-eabi/12.2.1/thumb/v7-m/nofp/crti.o
                0x000000000000b324                _init
 .init          0x000000000000b328        0x8 /usr/local/mcuxpressoide-11.8.0_1165/ide/plugins/com.nxp.mcuxpresso.tools.linux_11.8.0.202306131047/tools/bin/../lib/gcc/arm-none-eabi/12.2.1/thumb/v7-m/nofp/crtn.o
 *(.fini)
 .fini          0x000000000000b330        0x4 /usr/local/mcuxpressoide-11.8.0_1165/ide/plugins/com.nxp.mcuxpresso.tools.linux_11.8.0.202306131047/tools/bin/../lib/gcc/arm-none-eabi/12.2.1/thumb/v7-m/nofp/crti.o
                0x000000000000b330                _fini
 .fini          0x000000000000b334        0x8 /usr/local/mcuxpressoide-11.8.0_1165/ide/plugins/com.nxp.mcuxpresso.tools.linux_11.8.0.202306131047/tools/bin/../lib/gcc/arm-none-eabi/12.2.1/thumb/v7-m/nofp/crtn.o
 *crtbegin.o(.ctors)
 *crtbegin?.o(.ctors)
 *(EXCLUDE_FILE(*crtend.o *crtend?.o) .ctors)
 *(SORT_BY_NAME(.ctors.*))
 *(.ctors)
 *crtbegin.o(.dtors)
 *crtbegin?.o(.dtors)
 *(EXCLUDE_FILE(*crtend.o *crtend?.o) .dtors)
 *(SORT_BY_NAME(.dtors.*))
 *(.dtors)
 *(.rodata*)
 .rodata._write.str1.4
                0x000000000000b33c        0x2 /home/pc/Desktop/Cours/micro_controller/labo1/mbed-os/Debug/libmbed-os.a(mbed_retarget.o)
 *fill*         0x000000000000b33e        0x2 
 .rodata.__cxa_guard_acquire.str1.4
                0x000000000000b340       0x3a /home/pc/Desktop/Cours/micro_controller/labo1/mbed-os/Debug/libmbed-os.a(mbed_retarget.o)
 *fill*         0x000000000000b37a        0x2 
 .rodata.__cxa_guard_release.str1.4
                0x000000000000b37c       0x3f /home/pc/Desktop/Cours/micro_controller/labo1/mbed-os/Debug/libmbed-os.a(mbed_retarget.o)
 *fill*         0x000000000000b3bb        0x1 
 .rodata._ZNK12SingletonPtrI13PlatformMutexE3getEv.str1.4
                0x000000000000b3bc       0x64 /home/pc/Desktop/Cours/micro_controller/labo1/mbed-os/Debug/libmbed-os.a(mbed_retarget.o)
 .rodata._ZTV12DirectSerial
                0x000000000000b420       0x50 /home/pc/Desktop/Cours/micro_controller/labo1/mbed-os/Debug/libmbed-os.a(mbed_retarget.o)
                0x000000000000b420                vtable for DirectSerial
 .rodata.initialize.str1.4
                0x000000000000b470       0x16 /home/pc/Desktop/Cours/micro_controller/labo1/mbed-os/Debug/libmbed-os.a(mbed_ticker_api.o)
 *fill*         0x000000000000b486        0x2 
 .rodata.schedule_interrupt.str1.4
                0x000000000000b488       0x24 /home/pc/Desktop/Cours/micro_controller/labo1/mbed-os/Debug/libmbed-os.a(mbed_ticker_api.o)
 .rodata.us_interface
                0x000000000000b4ac       0x20 /home/pc/Desktop/Cours/micro_controller/labo1/mbed-os/Debug/libmbed-os.a(mbed_us_ticker_api.o)
 .rodata.us_data
                0x000000000000b4cc        0x8 /home/pc/Desktop/Cours/micro_controller/labo1/mbed-os/Debug/libmbed-os.a(mbed_us_ticker_api.o)
 .rodata.gpio_write.str1.4
                0x000000000000b4d4       0x80 /home/pc/Desktop/Cours/micro_controller/labo1/mbed-os/Debug/libmbed-os.a(serial_api.o)
 .rodata.PinMap_UART_TX
                0x000000000000b554       0x6c /home/pc/Desktop/Cours/micro_controller/labo1/mbed-os/Debug/libmbed-os.a(serial_api.o)
 .rodata.PinMap_UART_RX
                0x000000000000b5c0       0x6c /home/pc/Desktop/Cours/micro_controller/labo1/mbed-os/Debug/libmbed-os.a(serial_api.o)
 .rodata.PinMap_UART_RTS
                0x000000000000b62c       0x24 /home/pc/Desktop/Cours/micro_controller/labo1/mbed-os/Debug/libmbed-os.a(serial_api.o)
 .rodata.PinMap_UART_CTS
                0x000000000000b650       0x24 /home/pc/Desktop/Cours/micro_controller/labo1/mbed-os/Debug/libmbed-os.a(serial_api.o)
 .rodata.serial_init.str1.4
                0x000000000000b674       0x20 /home/pc/Desktop/Cours/micro_controller/labo1/mbed-os/Debug/libmbed-os.a(serial_api.o)
 .rodata.serial_baud.str1.4
                0x000000000000b694       0x19 /home/pc/Desktop/Cours/micro_controller/labo1/mbed-os/Debug/libmbed-os.a(serial_api.o)
 *fill*         0x000000000000b6ad        0x3 
 .rodata.serial_format.str1.4
                0x000000000000b6b0       0xd0 /home/pc/Desktop/Cours/micro_controller/labo1/mbed-os/Debug/libmbed-os.a(serial_api.o)
 .rodata.info.0
                0x000000000000b780        0x8 /home/pc/Desktop/Cours/micro_controller/labo1/mbed-os/Debug/libmbed-os.a(us_ticker.o)
 .rodata._ZTVN4mbed10FileHandleE
                0x000000000000b788       0x50 /home/pc/Desktop/Cours/micro_controller/labo1/mbed-os/Debug/libmbed-os.a(FileHandle.o)
                0x000000000000b788                vtable for mbed::FileHandle
 .rodata.gpio_write.str1.4
                0x000000000000b7d8       0x80 /home/pc/Desktop/Cours/micro_controller/labo1/mbed-os/Debug/libmbed-os.a(mbed_board.o)
 .rodata.ellipsis.0
                0x000000000000b7d8        0x5 /home/pc/Desktop/Cours/micro_controller/labo1/mbed-os/Debug/libmbed-os.a(mbed_board.o)
 *fill*         0x000000000000b7dd        0x3 
 .rodata.core_util_critical_section_enter.str1.4
                0x000000000000b7e0       0x41 /home/pc/Desktop/Cours/micro_controller/labo1/mbed-os/Debug/libmbed-os.a(mbed_critical.o)
 *fill*         0x000000000000b821        0x3 
 .rodata.print_error_report.str1.4
                0x000000000000b824      0x19e /home/pc/Desktop/Cours/micro_controller/labo1/mbed-os/Debug/libmbed-os.a(mbed_error.o)
 *fill*         0x000000000000b9c2        0x2 
 .rodata.hal_critical_section_exit.str1.4
                0x000000000000b9c4       0x36 /home/pc/Desktop/Cours/micro_controller/labo1/mbed-os/Debug/libmbed-os.a(mbed_critical_section_api.o)
 .rodata.gpio_write.str1.4
                0x000000000000b9fa       0x80 /home/pc/Desktop/Cours/micro_controller/labo1/mbed-os/Debug/libmbed-os.a(mbed_gpio.o)
 *fill*         0x000000000000b9fa        0x2 
 .rodata.pinmap_pinout.str1.4
                0x000000000000b9fc       0x11 /home/pc/Desktop/Cours/micro_controller/labo1/mbed-os/Debug/libmbed-os.a(mbed_pinmap_common.o)
 *fill*         0x000000000000ba0d        0x3 
 .rodata.pinmap_merge.str1.4
                0x000000000000ba10       0x11 /home/pc/Desktop/Cours/micro_controller/labo1/mbed-os/Debug/libmbed-os.a(mbed_pinmap_common.o)
 *fill*         0x000000000000ba21        0x3 
 .rodata.pinmap_peripheral.str1.4
                0x000000000000ba24       0x20 /home/pc/Desktop/Cours/micro_controller/labo1/mbed-os/Debug/libmbed-os.a(mbed_pinmap_common.o)
 .rodata.gpio_set.str1.4
                0x000000000000ba44       0x1f /home/pc/Desktop/Cours/micro_controller/labo1/mbed-os/Debug/libmbed-os.a(gpio_api.o)
 .rodata.gpio_dir.str1.4
                0x000000000000ba63       0x18 /home/pc/Desktop/Cours/micro_controller/labo1/mbed-os/Debug/libmbed-os.a(gpio_api.o)
 *fill*         0x000000000000ba63        0x1 
 .rodata.pin_function.str1.4
                0x000000000000ba64        0x9 /home/pc/Desktop/Cours/micro_controller/labo1/mbed-os/Debug/libmbed-os.a(pinmap.o)
                                         0x1f (size before relaxing)
 *fill*         0x000000000000ba6d        0x3 
 .rodata.str1.4