Archive member included to satisfy reference by file (symbol)

/home/pc/Desktop/Cours/micro_controller/labo1/mbed-os/Debug/libmbed-os.a(startup_LPC17xx.o)
                              (Reset_Handler)
/home/pc/Desktop/Cours/micro_controller/labo1/mbed-os/Debug/libmbed-os.a(system_LPC17xx.o)
                              /home/pc/Desktop/Cours/micro_controller/labo1/mbed-os/Debug/libmbed-os.a(startup_LPC17xx.o) (SystemInit)
/home/pc/Desktop/Cours/micro_controller/labo1/mbed-os/Debug/libmbed-os.a(mbed_retarget.o)
                              /usr/local/mcuxpressoide-11.8.0_1165/ide/plugins/com.nxp.mcuxpresso.tools.linux_11.8.0.202306131047/tools/bin/../lib/gcc/arm-none-eabi/12.2.1/../../../../arm-none-eabi/lib/thumb/v7-m/nofp/crt0.o (__wrap_exit)
/home/pc/Desktop/Cours/micro_controller/labo1/mbed-os/Debug/libmbed-os.a(mbed_sdk_boot.o)
                              /usr/local/mcuxpressoide-11.8.0_1165/ide/plugins/com.nxp.mcuxpresso.tools.linux_11.8.0.202306131047/tools/bin/../lib/gcc/arm-none-eabi/12.2.1/../../../../arm-none-eabi/lib/thumb/v7-m/nofp/crt0.o (__wrap_main)
/home/pc/Desktop/Cours/micro_controller/labo1/mbed-os/Debug/libmbed-os.a(mbed_semihost_api.o)
                              /home/pc/Desktop/Cours/micro_controller/labo1/mbed-os/Debug/libmbed-os.a(mbed_retarget.o) (semihost_exit)
/home/pc/Desktop/Cours/micro_controller/labo1/mbed-os/Debug/libmbed-os.a(mbed_ticker_api.o)
                              /home/pc/Desktop/Cours/micro_controller/labo1/mbed-os/Debug/libmbed-os.a(mbed_retarget.o) (ticker_read)
/home/pc/Desktop/Cours/micro_controller/labo1/mbed-os/Debug/libmbed-os.a(mbed_us_ticker_api.o)
                              /home/pc/Desktop/Cours/micro_controller/labo1/mbed-os/Debug/libmbed-os.a(mbed_retarget.o) (get_us_ticker_data)
/home/pc/Desktop/Cours/micro_controller/labo1/mbed-os/Debug/libmbed-os.a(serial_api.o)
                              /home/pc/Desktop/Cours/micro_controller/labo1/mbed-os/Debug/libmbed-os.a(mbed_retarget.o) (stdio_uart_inited)
/home/pc/Desktop/Cours/micro_controller/labo1/mbed-os/Debug/libmbed-os.a(us_ticker.o)
                              /home/pc/Desktop/Cours/micro_controller/labo1/mbed-os/Debug/libmbed-os.a(mbed_us_ticker_api.o) (us_ticker_init)
/home/pc/Desktop/Cours/micro_controller/labo1/mbed-os/Debug/libmbed-os.a(FileHandle.o)
                              /home/pc/Desktop/Cours/micro_controller/labo1/mbed-os/Debug/libmbed-os.a(mbed_retarget.o) (vtable for mbed::FileHandle)
/home/pc/Desktop/Cours/micro_controller/labo1/mbed-os/Debug/libmbed-os.a(FilePath.o)
                              /home/pc/Desktop/Cours/micro_controller/labo1/mbed-os/Debug/libmbed-os.a(mbed_retarget.o) (mbed::FilePath::FilePath(char const*))
/home/pc/Desktop/Cours/micro_controller/labo1/mbed-os/Debug/libmbed-os.a(mbed_assert.o)
                              /home/pc/Desktop/Cours/micro_controller/labo1/mbed-os/Debug/libmbed-os.a(mbed_retarget.o) (mbed_assert_internal)
/home/pc/Desktop/Cours/micro_controller/labo1/mbed-os/Debug/libmbed-os.a(mbed_board.o)
                              /home/pc/Desktop/Cours/micro_controller/labo1/mbed-os/Debug/libmbed-os.a(mbed_retarget.o) (mbed_die)
/home/pc/Desktop/Cours/micro_controller/labo1/mbed-os/Debug/libmbed-os.a(mbed_critical.o)
                              /home/pc/Desktop/Cours/micro_controller/labo1/mbed-os/Debug/libmbed-os.a(mbed_ticker_api.o) (core_util_critical_section_enter)
/home/pc/Desktop/Cours/micro_controller/labo1/mbed-os/Debug/libmbed-os.a(mbed_error.o)
                              /home/pc/Desktop/Cours/micro_controller/labo1/mbed-os/Debug/libmbed-os.a(mbed_retarget.o) (mbed_error)
/home/pc/Desktop/Cours/micro_controller/labo1/mbed-os/Debug/libmbed-os.a(mbed_interface.o)
                              /home/pc/Desktop/Cours/micro_controller/labo1/mbed-os/Debug/libmbed-os.a(mbed_retarget.o) (mbed_interface_connected)
/home/pc/Desktop/Cours/micro_controller/labo1/mbed-os/Debug/libmbed-os.a(mbed_poll.o)
                              /home/pc/Desktop/Cours/micro_controller/labo1/mbed-os/Debug/libmbed-os.a(mbed_retarget.o) (mbed::poll(mbed::pollfh*, unsigned int, int))
/home/pc/Desktop/Cours/micro_controller/labo1/mbed-os/Debug/libmbed-os.a(mbed_wait_api_no_rtos.o)
                              /home/pc/Desktop/Cours/micro_controller/labo1/mbed-os/Debug/libmbed-os.a(mbed_board.o) (wait_us)
/home/pc/Desktop/Cours/micro_controller/labo1/mbed-os/Debug/libmbed-os.a(mbed_critical_section_api.o)
                              /home/pc/Desktop/Cours/micro_controller/labo1/mbed-os/Debug/libmbed-os.a(mbed_critical.o) (hal_critical_section_enter)
/home/pc/Desktop/Cours/micro_controller/labo1/mbed-os/Debug/libmbed-os.a(mbed_gpio.o)
                              /home/pc/Desktop/Cours/micro_controller/labo1/mbed-os/Debug/libmbed-os.a(serial_api.o) (gpio_init_in)
/home/pc/Desktop/Cours/micro_controller/labo1/mbed-os/Debug/libmbed-os.a(mbed_pinmap_common.o)
[...]
Memory Configuration

Name             Origin             Length             Attributes
FLASH            0x0000000000000000 0x0000000000080000 xr
RAM              0x0000000010000100 0x0000000000007f00 xrw
RAM2             0x000000002007c000 0x0000000000008000 xrw
*default*        0x0000000000000000 0xffffffffffffffff

Linker script and memory map

LOAD /usr/local/mcuxpressoide-11.8.0_1165/ide/plugins/com.nxp.mcuxpresso.tools.linux_11.8.0.202306131047/tools/bin/../lib/gcc/arm-none-eabi/12.2.1/thumb/v7-m/nofp/crti.o
LOAD /usr/local/mcuxpressoide-11.8.0_1165/ide/plugins/com.nxp.mcuxpresso.tools.linux_11.8.0.202306131047/tools/bin/../lib/gcc/arm-none-eabi/12.2.1/thumb/v7-m/nofp/crtbegin.o
LOAD /usr/local/mcuxpressoide-11.8.0_1165/ide/plugins/com.nxp.mcuxpresso.tools.linux_11.8.0.202306131047/tools/bin/../lib/gcc/arm-none-eabi/12.2.1/../../../../arm-none-eabi/lib/thumb/v7-m/nofp/crt0.o
START GROUP
LOAD /usr/local/mcuxpressoide-11.8.0_1165/ide/plugins/com.nxp.mcuxpresso.tools.linux_11.8.0.202306131047/tools/bin/../lib/gcc/arm-none-eabi/12.2.1/../../../../arm-none-eabi/lib/thumb/v7-m/nofp/libstdc++.a
LOAD /usr/local/mcuxpressoide-11.8.0_1165/ide/plugins/com.nxp.mcuxpresso.tools.linux_11.8.0.202306131047/tools/bin/../lib/gcc/arm-none-eabi/12.2.1/../../../../arm-none-eabi/lib/thumb/v7-m/nofp/libsupc++.a
LOAD /usr/local/mcuxpressoide-11.8.0_1165/ide/plugins/com.nxp.mcuxpresso.tools.linux_11.8.0.202306131047/tools/bin/../lib/gcc/arm-none-eabi/12.2.1/thumb/v7-m/nofp/libgcc.a
LOAD /usr/local/mcuxpressoide-11.8.0_1165/ide/plugins/com.nxp.mcuxpresso.tools.linux_11.8.0.202306131047/tools/bin/../lib/gcc/arm-none-eabi/12.2.1/../../../../arm-none-eabi/lib/thumb/v7-m/nofp/libnosys.a
LOAD /home/pc/Desktop/Cours/micro_controller/labo1/mbed-os/Debug/libmbed-os.a
END GROUP
LOAD ./src/IC2.o
LOAD /usr/local/mcuxpressoide-11.8.0_1165/ide/plugins/com.nxp.mcuxpresso.tools.linux_11.8.0.202306131047/tools/bin/../lib/gcc/arm-none-eabi/12.2.1/../../../../arm-none-eabi/lib/thumb/v7-m/nofp/libstdc++.a
LOAD /usr/local/mcuxpressoide-11.8.0_1165/ide/plugins/com.nxp.mcuxpresso.tools.linux_11.8.0.202306131047/tools/bin/../lib/gcc/arm-none-eabi/12.2.1/../../../../arm-none-eabi/lib/thumb/v7-m/nofp/libsupc++.a
LOAD /usr/local/mcuxpressoide-11.8.0_1165/ide/plugins/com.nxp.mcuxpresso.tools.linux_11.8.0.202306131047/tools/bin/../lib/gcc/arm-none-eabi/12.2.1/../../../../arm-none-eabi/lib/thumb/v7-m/nofp/libm.a
LOAD /usr/local/mcuxpressoide-11.8.0_1165/ide/plugins/com.nxp.mcuxpresso.tools.linux_11.8.0.202306131047/tools/bin/../lib/gcc/arm-none-eabi/12.2.1/../../../../arm-none-eabi/lib/thumb/v7-m/nofp/libc.a
LOAD /usr/local/mcuxpressoide-11.8.0_1165/ide/plugins/com.nxp.mcuxpresso.tools.linux_11.8.0.202306131047/tools/bin/../lib/gcc/arm-none-eabi/12.2.1/thumb/v7-m/nofp/libgcc.a
LOAD /usr/local/mcuxpressoide-11.8.0_1165/ide/plugins/com.nxp.mcuxpresso.tools.linux_11.8.0.202306131047/tools/bin/../lib/gcc/arm-none-eabi/12.2.1/../../../../arm-none-eabi/lib/thumb/v7-m/nofp/libnosys.a
LOAD /home/pc/Desktop/Cours/micro_controller/labo1/mbed-os/Debug/libmbed-os.a
LOAD /usr/local/mcuxpressoide-11.8.0_1165/ide/plugins/com.nxp.mcuxpresso.tools.linux_11.8.0.202306131047/tools/bin/../lib/gcc/arm-none-eabi/12.2.1/../../../../arm-none-eabi/lib/thumb/v7-m/nofp/libstdc++.a
LOAD /usr/local/mcuxpressoide-11.8.0_1165/ide/plugins/com.nxp.mcuxpresso.tools.linux_11.8.0.202306131047/tools/bin/../lib/gcc/arm-none-eabi/12.2.1/../../../../arm-none-eabi/lib/thumb/v7-m/nofp/libm.a
LOAD /usr/local/mcuxpressoide-11.8.0_1165/ide/plugins/com.nxp.mcuxpresso.tools.linux_11.8.0.202306131047/tools/bin/../lib/gcc/arm-none-eabi/12.2.1/../../../../arm-none-eabi/lib/thumb/v7-m/nofp/libc.a
START GROUP
LOAD /usr/local/mcuxpressoide-11.8.0_1165/ide/plugins/com.nxp.mcuxpresso.tools.linux_11.8.0.202306131047/tools/bin/../lib/gcc/arm-none-eabi/12.2.1/thumb/v7-m/nofp/libgcc.a
LOAD /usr/local/mcuxpressoide-11.8.0_1165/ide/plugins/com.nxp.mcuxpresso.tools.linux_11.8.0.202306131047/tools/bin/../lib/gcc/arm-none-eabi/12.2.1/../../../../arm-none-eabi/lib/thumb/v7-m/nofp/libc.a
END GROUP
LOAD /usr/local/mcuxpressoide-11.8.0_1165/ide/plugins/com.nxp.mcuxpresso.tools.linux_11.8.0.202306131047/tools/bin/../lib/gcc/arm-none-eabi/12.2.1/thumb/v7-m/nofp/crtend.o
LOAD /usr/local/mcuxpressoide-11.8.0_1165/ide/plugins/com.nxp.mcuxpresso.tools.linux_11.8.0.202306131047/tools/bin/../lib/gcc/arm-none-eabi/12.2.1/thumb/v7-m/nofp/crtn.o

.text           0x0000000000000000     0xe310
 *(.isr_vector)
 .isr_vector    0x0000000000000000       0xcc /home/pc/Desktop/Cours/micro_controller/labo1/mbed-os/Debug/libmbed-os.a(startup_LPC17xx.o)
                0x0000000000000000                __isr_vector
                0x00000000000002fc                . = 0x2fc
 *fill*         0x00000000000000cc      0x230 
 *(.CRPSection)
 *(.text*)
 .text.deregister_tm_clones
                0x00000000000002fc       0x1c /usr/local/mcuxpressoide-11.8.0_1165/ide/plugins/com.nxp.mcuxpresso.tools.linux_11.8.0.202306131047/tools/bin/../lib/gcc/arm-none-eabi/12.2.1/thumb/v7-m/nofp/crtbegin.o
 .text.register_tm_clones
                0x0000000000000318       0x24 /usr/local/mcuxpressoide-11.8.0_1165/ide/plugins/com.nxp.mcuxpresso.tools.linux_11.8.0.202306131047/tools/bin/../lib/gcc/arm-none-eabi/12.2.1/thumb/v7-m/nofp/crtbegin.o
 .text.__do_global_dtors_aux
                0x000000000000033c       0x28 /usr/local/mcuxpressoide-11.8.0_1165/ide/plugins/com.nxp.mcuxpresso.tools.linux_11.8.0.202306131047/tools/bin/../lib/gcc/arm-none-eabi/12.2.1/thumb/v7-m/nofp/crtbegin.o
 .text.frame_dummy
                0x0000000000000364       0x24 /usr/local/mcuxpressoide-11.8.0_1165/ide/plugins/com.nxp.mcuxpresso.tools.linux_11.8.0.202306131047/tools/bin/../lib/gcc/arm-none-eabi/12.2.1/thumb/v7-m/nofp/crtbegin.o
 .text          0x0000000000000388       0x7c /usr/local/mcuxpressoide-11.8.0_1165/ide/plugins/com.nxp.mcuxpresso.tools.linux_11.8.0.202306131047/tools/bin/../lib/gcc/arm-none-eabi/12.2.1/../../../../arm-none-eabi/lib/thumb/v7-m/nofp/crt0.o
                0x0000000000000388                _stack_init
                0x0000000000000390                _mainCRTStartup
                0x0000000000000390                _start
 .text          0x0000000000000404       0x44 /home/pc/Desktop/Cours/micro_controller/labo1/mbed-os/Debug/libmbed-os.a(startup_LPC17xx.o)
                0x0000000000000404                Reset_Handler
                0x0000000000000434                NMI_Handler
                0x0000000000000436                HardFault_Handler
                0x0000000000000438                MemManage_Handler
                0x000000000000043a                BusFault_Handler
                0x000000000000043c                UsageFault_Handler
                0x000000000000043e                SVC_Handler
                0x0000000000000440                DebugMon_Handler
                0x0000000000000442                PendSV_Handler
                0x0000000000000444                SysTick_Handler
                0x0000000000000446                TIMER2_IRQHandler
                0x0000000000000446                RIT_IRQHandler
                0x0000000000000446                I2C0_IRQHandler
                0x0000000000000446                USBActivity_IRQHandler
                0x0000000000000446                PWM1_IRQHandler
                0x0000000000000446                I2C1_IRQHandler
                0x0000000000000446                EINT2_IRQHandler
                0x0000000000000446                UART1_IRQHandler
                0x0000000000000446                EINT3_IRQHandler
                0x0000000000000446                CANActivity_IRQHandler
                0x0000000000000446                TIMER3_IRQHandler
                0x0000000000000446                UART0_IRQHandler
                0x0000000000000446                PLL0_IRQHandler
                0x0000000000000446                CAN_IRQHandler
                0x0000000000000446                PLL1_IRQHandler
                0x0000000000000446                SSP0_IRQHandler
                0x0000000000000446                I2S_IRQHandler
                0x0000000000000446                I2C2_IRQHandler
                0x0000000000000446                RTC_IRQHandler
                0x0000000000000446                TIMER0_IRQHandler
                0x0000000000000446                SPI_IRQHandler
                0x0000000000000446                EINT1_IRQHandler
                0x0000000000000446                TIMER1_IRQHandler
                0x0000000000000446                UART2_IRQHandler
                0x0000000000000446                Default_Handler
                0x0000000000000446                ADC_IRQHandler
                0x0000000000000446                SSP1_IRQHandler
                0x0000000000000446                USB_IRQHandler
                0x0000000000000446                BOD_IRQHandler
                0x0000000000000446                WDT_IRQHandler
                0x0000000000000446                QEI_IRQHandler
                0x0000000000000446                EINT0_IRQHandler
                0x0000000000000446                DEF_IRQHandler
                0x0000000000000446                DMA_IRQHandler
                0x0000000000000446                UART3_IRQHandler
                0x0000000000000446                MCPWM_IRQHandler
                0x0000000000000446                ENET_IRQHandler
 .text.SystemInit
                0x0000000000000448       0xec /home/pc/Desktop/Cours/micro_controller/labo1/mbed-os/Debug/libmbed-os.a(system_LPC17xx.o)
                0x0000000000000448                SystemInit
 .text._ZnwjPv  0x0000000000000534        0xe /home/pc/Desktop/Cours/micro_controller/labo1/mbed-os/Debug/libmbed-os.a(mbed_retarget.o)
                0x0000000000000534                operator new(unsigned int, void*)
 .text._ZL14singleton_lockv
                0x0000000000000542        0x4 /home/pc/Desktop/Cours/micro_controller/labo1/mbed-os/Debug/libmbed-os.a(mbed_retarget.o)
 .text._ZL16singleton_unlockv
                0x0000000000000546        0x4 /home/pc/Desktop/Cours/micro_controller/labo1/mbed-os/Debug/libmbed-os.a(mbed_retarget.o)
 .text._ZN13PlatformMutexC2Ev
                0x000000000000054a       0x16 /home/pc/Desktop/Cours/micro_controller/labo1/mbed-os/Debug/libmbed-os.a(mbed_retarget.o)
                0x000000000000054a                PlatformMutex::PlatformMutex()
                0x000000000000054a                PlatformMutex::PlatformMutex()
 .text._ZN13PlatformMutex4lockEv
                0x0000000000000560        0xa /home/pc/Desktop/Cours/micro_controller/labo1/mbed-os/Debug/libmbed-os.a(mbed_retarget.o)
                0x0000000000000560                PlatformMutex::lock()
 .text._ZN13PlatformMutex6unlockEv
                0x000000000000056a        0xa /home/pc/Desktop/Cours/micro_controller/labo1/mbed-os/Debug/libmbed-os.a(mbed_retarget.o)
                0x000000000000056a                PlatformMutex::unlock()
 .text._ZN4mbed10FileHandleD2Ev
                0x0000000000000574       0x20 /home/pc/Desktop/Cours/micro_controller/labo1/mbed-os/Debug/libmbed-os.a(mbed_retarget.o)
                0x0000000000000574                mbed::FileHandle::~FileHandle()
                0x0000000000000574                mbed::FileHandle::~FileHandle()
 .text._ZN4mbed10FileHandleD0Ev
                0x0000000000000594       0x1c /home/pc/Desktop/Cours/micro_controller/labo1/mbed-os/Debug/libmbed-os.a(mbed_retarget.o)
                0x0000000000000594                mbed::FileHandle::~FileHandle()
 .text._ZN4mbed10FileHandle4syncEv
                0x00000000000005b0        0xc /home/pc/Desktop/Cours/micro_controller/labo1/mbed-os/Debug/libmbed-os.a(mbed_retarget.o)
                0x00000000000005b0                mbed::FileHandle::sync()
 .text._ZN4mbed10FileHandle4tellEv
                0x00000000000005bc       0x20 /home/pc/Desktop/Cours/micro_controller/labo1/mbed-os/Debug/libmbed-os.a(mbed_retarget.o)
                0x00000000000005bc                mbed::FileHandle::tell()
 .text._ZN4mbed10FileHandle6rewindEv
                0x00000000000005dc       0x1e /home/pc/Desktop/Cours/micro_controller/labo1/mbed-os/Debug/libmbed-os.a(mbed_retarget.o)
                0x00000000000005dc                mbed::FileHandle::rewind()
 .text._ZN4mbed10FileHandle5lseekEli
                0x00000000000005fa       0x24 /home/pc/Desktop/Cours/micro_controller/labo1/mbed-os/Debug/libmbed-os.a(mbed_retarget.o)
                0x00000000000005fa                mbed::FileHandle::lseek(long, int)
 .text._ZN4mbed10FileHandle5fsyncEv
                0x000000000000061e       0x1c /home/pc/Desktop/Cours/micro_controller/labo1/mbed-os/Debug/libmbed-os.a(mbed_retarget.o)
                0x000000000000061e                mbed::FileHandle::fsync()
 .text._ZN4mbed10FileHandle4flenEv
                0x000000000000063a       0x1c /home/pc/Desktop/Cours/micro_controller/labo1/mbed-os/Debug/libmbed-os.a(mbed_retarget.o)
                0x000000000000063a                mbed::FileHandle::flen()
 .text._ZN4mbed10FileHandle12set_blockingEb
                0x0000000000000656       0x20 /home/pc/Desktop/Cours/micro_controller/labo1/mbed-os/Debug/libmbed-os.a(mbed_retarget.o)
                0x0000000000000656                mbed::FileHandle::set_blocking(bool)
 .text._ZNK4mbed10FileHandle11is_blockingEv
                0x0000000000000676        0xc /home/pc/Desktop/Cours/micro_controller/labo1/mbed-os/Debug/libmbed-os.a(mbed_retarget.o)
                0x0000000000000676                mbed::FileHandle::is_blocking() const
 .text._ZNK4mbed10FileHandle4pollEs
                0x0000000000000682       0x12 /home/pc/Desktop/Cours/micro_controller/labo1/mbed-os/Debug/libmbed-os.a(mbed_retarget.o)
                0x0000000000000682                mbed::FileHandle::poll(short) const
 .text._ZN4mbed10FileHandle5sigioENS_8CallbackIFvvEEE
                0x0000000000000694        0xc /home/pc/Desktop/Cours/micro_controller/labo1/mbed-os/Debug/libmbed-os.a(mbed_retarget.o)
                0x0000000000000694                mbed::FileHandle::sigio(mbed::Callback<void ()>)
 .text._ZN4mbed10FileHandleC2Ev
                0x00000000000006a0       0x20 /home/pc/Desktop/Cours/micro_controller/labo1/mbed-os/Debug/libmbed-os.a(mbed_retarget.o)
                0x00000000000006a0                mbed::FileHandle::FileHandle()
                0x00000000000006a0                mbed::FileHandle::FileHandle()
 .text._ZN12DirectSerial4seekEli
                0x00000000000006c0       0x12 /home/pc/Desktop/Cours/micro_controller/labo1/mbed-os/Debug/libmbed-os.a(mbed_retarget.o)
                0x00000000000006c0                DirectSerial::seek(long, int)
 .text._ZN12DirectSerial4sizeEv
                0x00000000000006d2        0xe /home/pc/Desktop/Cours/micro_controller/labo1/mbed-os/Debug/libmbed-os.a(mbed_retarget.o)
                0x00000000000006d2                DirectSerial::size()
 .text._ZN12DirectSerial6isattyEv
                0x00000000000006e0        0xc /home/pc/Desktop/Cours/micro_controller/labo1/mbed-os/Debug/libmbed-os.a(mbed_retarget.o)
                0x00000000000006e0                DirectSerial::isatty()
 .text._ZN12DirectSerial5closeEv
                0x00000000000006ec        0xc /home/pc/Desktop/Cours/micro_controller/labo1/mbed-os/Debug/libmbed-os.a(mbed_retarget.o)
                0x00000000000006ec                DirectSerial::close()
 .text._ZN12DirectSerialC2E7PinNameS0_i
                0x00000000000006f8       0x50 /home/pc/Desktop/Cours/micro_controller/labo1/mbed-os/Debug/libmbed-os.a(mbed_retarget.o)
                0x00000000000006f8                DirectSerial::DirectSerial(PinName, PinName, int)
                0x00000000000006f8                DirectSerial::DirectSerial(PinName, PinName, int)
 .text._ZN12DirectSerial5writeEPKvj
                0x0000000000000748       0x40 /home/pc/Desktop/Cours/micro_controller/labo1/mbed-os/Debug/libmbed-os.a(mbed_retarget.o)
                0x0000000000000748                DirectSerial::write(void const*, unsigned int)
 .text._ZN12DirectSerial4readEPvj
                0x0000000000000788       0x34 /home/pc/Desktop/Cours/micro_controller/labo1/mbed-os/Debug/libmbed-os.a(mbed_retarget.o)
                0x0000000000000788                DirectSerial::read(void*, unsigned int)
 .text._ZNK12DirectSerial4pollEs
                0x00000000000007bc       0x80 /home/pc/Desktop/Cours/micro_controller/labo1/mbed-os/Debug/libmbed-os.a(mbed_retarget.o)
                0x00000000000007bc                DirectSerial::poll(short) const
 .text._ZN4mbed28mbed_target_override_consoleEi
                0x000000000000083c        0xc /home/pc/Desktop/Cours/micro_controller/labo1/mbed-os/Debug/libmbed-os.a(mbed_retarget.o)
                0x000000000000083c                mbed::mbed_target_override_console(int)
 .text._ZN4mbed21mbed_override_consoleEi
                0x0000000000000848        0xc /home/pc/Desktop/Cours/micro_controller/labo1/mbed-os/Debug/libmbed-os.a(mbed_retarget.o)
                0x0000000000000848                mbed::mbed_override_console(int)
 .text._ZL15default_consolev
                0x0000000000000854       0x70 /home/pc/Desktop/Cours/micro_controller/labo1/mbed-os/Debug/libmbed-os.a(mbed_retarget.o)
 .text._ZL11get_consolei
                0x00000000000008c4       0x3a /home/pc/Desktop/Cours/micro_controller/labo1/mbed-os/Debug/libmbed-os.a(mbed_retarget.o)
 *fill*         0x00000000000008fe        0x2 
 .text._ZL7get_fhci
                0x0000000000000900       0x48 /home/pc/Desktop/Cours/micro_controller/labo1/mbed-os/Debug/libmbed-os.a(mbed_retarget.o)
 .text._close   0x0000000000000948       0x16 /home/pc/Desktop/Cours/micro_controller/labo1/mbed-os/Debug/libmbed-os.a(mbed_retarget.o)
                0x0000000000000948                _close
 *fill*         0x000000000000095e        0x2 
 .text.close    0x0000000000000960       0x64 /home/pc/Desktop/Cours/micro_controller/labo1/mbed-os/Debug/libmbed-os.a(mbed_retarget.o)
                0x0000000000000960                close
 .text._ZL12convert_crlfi
                0x00000000000009c4        0xc /home/pc/Desktop/Cours/micro_controller/labo1/mbed-os/Debug/libmbed-os.a(mbed_retarget.o)
 .text._write   0x00000000000009d0      0x150 /home/pc/Desktop/Cours/micro_controller/labo1/mbed-os/Debug/libmbed-os.a(mbed_retarget.o)
                0x00000000000009d0                _write
 .text.write    0x0000000000000b20       0x5c /home/pc/Desktop/Cours/micro_controller/labo1/mbed-os/Debug/libmbed-os.a(mbed_retarget.o)
                0x0000000000000b20                write
 .text._read    0x0000000000000b7c      0x108 /home/pc/Desktop/Cours/micro_controller/labo1/mbed-os/Debug/libmbed-os.a(mbed_retarget.o)
                0x0000000000000b7c                _read
 .text.read     0x0000000000000c84       0x5c /home/pc/Desktop/Cours/micro_controller/labo1/mbed-os/Debug/libmbed-os.a(mbed_retarget.o)
                0x0000000000000c84                read
 .text._isatty  0x0000000000000ce0       0x16 /home/pc/Desktop/Cours/micro_controller/labo1/mbed-os/Debug/libmbed-os.a(mbed_retarget.o)
                0x0000000000000ce0                _isatty
 .text.isatty   0x0000000000000cf6       0x50 /home/pc/Desktop/Cours/micro_controller/labo1/mbed-os/Debug/libmbed-os.a(mbed_retarget.o)
                0x0000000000000cf6                isatty
 .text._lseek   0x0000000000000d46       0x20 /home/pc/Desktop/Cours/micro_controller/labo1/mbed-os/Debug/libmbed-os.a(mbed_retarget.o)
                0x0000000000000d46                _lseek
 .text.lseek    0x0000000000000d66       0x5c /home/pc/Desktop/Cours/micro_controller/labo1/mbed-os/Debug/libmbed-os.a(mbed_retarget.o)
                0x0000000000000d66                lseek
 .text.fsync    0x0000000000000dc2       0x54 /home/pc/Desktop/Cours/micro_controller/labo1/mbed-os/Debug/libmbed-os.a(mbed_retarget.o)
                0x0000000000000dc2                fsync
 .text._fstat   0x0000000000000e16       0x1a /home/pc/Desktop/Cours/micro_controller/labo1/mbed-os/Debug/libmbed-os.a(mbed_retarget.o)
                0x0000000000000e16                _fstat
 .text.fstat    0x0000000000000e30       0x62 /home/pc/Desktop/Cours/micro_controller/labo1/mbed-os/Debug/libmbed-os.a(mbed_retarget.o)
                0x0000000000000e30                fstat
 .text.__cxa_pure_virtual
                0x0000000000000e92        0x8 /home/pc/Desktop/Cours/micro_controller/labo1/mbed-os/Debug/libmbed-os.a(mbed_retarget.o)
                0x0000000000000e92                __cxa_pure_virtual
 *fill*         0x0000000000000e9a        0x2 
 .text._sbrk    0x0000000000000e9c       0x7c /home/pc/Desktop/Cours/micro_controller/labo1/mbed-os/Debug/libmbed-os.a(mbed_retarget.o)
                0x0000000000000e9c                _sbrk
 .text._exit    0x0000000000000f18       0x54 /home/pc/Desktop/Cours/micro_controller/labo1/mbed-os/Debug/libmbed-os.a(mbed_retarget.o)
                0x0000000000000f18                _exit
 .text.__aeabi_atexit
                0x0000000000000f6c       0x10 /home/pc/Desktop/Cours/micro_controller/labo1/mbed-os/Debug/libmbed-os.a(mbed_retarget.o)
                0x0000000000000f6c                __aeabi_atexit
 .text.__wrap_exit
                0x0000000000000f7c       0x14 /home/pc/Desktop/Cours/micro_controller/labo1/mbed-os/Debug/libmbed-os.a(mbed_retarget.o)
                0x0000000000000f7c                __wrap_exit
 .text.__wrap_atexit
                0x0000000000000f90        0xc /home/pc/Desktop/Cours/micro_controller/labo1/mbed-os/Debug/libmbed-os.a(mbed_retarget.o)
                0x0000000000000f90                __wrap_atexit
 .text.__rtos_malloc_lock
                0x0000000000000f9c        0xa /home/pc/Desktop/Cours/micro_controller/labo1/mbed-os/Debug/libmbed-os.a(mbed_retarget.o)
                0x0000000000000f9c                __rtos_malloc_lock
 .text.__rtos_malloc_unlock
                0x0000000000000fa6        0xa /home/pc/Desktop/Cours/micro_controller/labo1/mbed-os/Debug/libmbed-os.a(mbed_retarget.o)
                0x0000000000000fa6                __rtos_malloc_unlock
 .text.__malloc_lock
                0x0000000000000fb0       0x14 /home/pc/Desktop/Cours/micro_controller/labo1/mbed-os/Debug/libmbed-os.a(mbed_retarget.o)
                0x0000000000000fb0                __malloc_lock
 .text.__malloc_unlock
                0x0000000000000fc4       0x14 /home/pc/Desktop/Cours/micro_controller/labo1/mbed-os/Debug/libmbed-os.a(mbed_retarget.o)
                0x0000000000000fc4                __malloc_unlock
 .text.__cxa_guard_acquire
                0x0000000000000fd8       0x6c /home/pc/Desktop/Cours/micro_controller/labo1/mbed-os/Debug/libmbed-os.a(mbed_retarget.o)
                0x0000000000000fd8                __cxa_guard_acquire
 .text.__cxa_guard_release
                0x0000000000001044       0x50 /home/pc/Desktop/Cours/micro_controller/labo1/mbed-os/Debug/libmbed-os.a(mbed_retarget.o)
                0x0000000000001044                __cxa_guard_release
 .text._Znwj    0x0000000000001094       0x38 /home/pc/Desktop/Cours/micro_controller/labo1/mbed-os/Debug/libmbed-os.a(mbed_retarget.o)
                0x0000000000001094                operator new(unsigned int)
 .text._ZdlPv   0x00000000000010cc       0x14 /home/pc/Desktop/Cours/micro_controller/labo1/mbed-os/Debug/libmbed-os.a(mbed_retarget.o)
                0x00000000000010cc                operator delete(void*)
 .text._ZN4mbed11NonCopyableI13PlatformMutexEC2Ev
                0x00000000000010e0        0xc /home/pc/Desktop/Cours/micro_controller/labo1/mbed-os/Debug/libmbed-os.a(mbed_retarget.o)
                0x00000000000010e0                mbed::NonCopyable<PlatformMutex>::NonCopyable()
                0x00000000000010e0                mbed::NonCopyable<PlatformMutex>::NonCopyable()
 .text._ZN4mbed11NonCopyableINS_10FileHandleEED2Ev
                0x00000000000010ec        0xc /home/pc/Desktop/Cours/micro_controller/labo1/mbed-os/Debug/libmbed-os.a(mbed_retarget.o)
                0x00000000000010ec                mbed::NonCopyable<mbed::FileHandle>::~NonCopyable()
                0x00000000000010ec                mbed::NonCopyable<mbed::FileHandle>::~NonCopyable()
 .text._ZN4mbed11NonCopyableINS_10FileHandleEEC2Ev
                0x00000000000010f8        0xc /home/pc/Desktop/Cours/micro_controller/labo1/mbed-os/Debug/libmbed-os.a(mbed_retarget.o)
                0x00000000000010f8                mbed::NonCopyable<mbed::FileHandle>::NonCopyable()
                0x00000000000010f8                mbed::NonCopyable<mbed::FileHandle>::NonCopyable()
 .text._ZNK12SingletonPtrI13PlatformMutexEptEv
                0x0000000000001104       0x16 /home/pc/Desktop/Cours/micro_controller/labo1/mbed-os/Debug/libmbed-os.a(mbed_retarget.o)
                0x0000000000001104                SingletonPtr<PlatformMutex>::operator->() const
 *fill*         0x000000000000111a        0x2 
 .text._ZNK12SingletonPtrI13PlatformMutexE3getEv
                0x000000000000111c       0x60 /home/pc/Desktop/Cours/micro_controller/labo1/mbed-os/Debug/libmbed-os.a(mbed_retarget.o)
                0x000000000000111c                SingletonPtr<PlatformMutex>::get() const
 .text._ZN12DirectSerialD2Ev
                0x000000000000117c       0x24 /home/pc/Desktop/Cours/micro_controller/labo1/mbed-os/Debug/libmbed-os.a(mbed_retarget.o)
                0x000000000000117c                DirectSerial::~DirectSerial()
                0x000000000000117c                DirectSerial::~DirectSerial()
 .text._ZN12DirectSerialD0Ev
                0x00000000000011a0       0x1c /home/pc/Desktop/Cours/micro_controller/labo1/mbed-os/Debug/libmbed-os.a(mbed_retarget.o)
                0x00000000000011a0                DirectSerial::~DirectSerial()
 .text.mbed_main
                0x00000000000011bc        0x4 /home/pc/Desktop/Cours/micro_controller/labo1/mbed-os/Debug/libmbed-os.a(mbed_sdk_boot.o)
                0x00000000000011bc                mbed_main
 .text.mbed_sdk_init
                0x00000000000011c0        0x4 /home/pc/Desktop/Cours/micro_controller/labo1/mbed-os/Debug/libmbed-os.a(mbed_sdk_boot.o)
                0x00000000000011c0                mbed_sdk_init
 .text.software_init_hook_rtos
                0x00000000000011c4        0x4 /home/pc/Desktop/Cours/micro_controller/labo1/mbed-os/Debug/libmbed-os.a(mbed_sdk_boot.o)
                0x00000000000011c4                software_init_hook_rtos
 .text.mbed_copy_nvic
                0x00000000000011c8       0x48 /home/pc/Desktop/Cours/micro_controller/labo1/mbed-os/Debug/libmbed-os.a(mbed_sdk_boot.o)
                0x00000000000011c8                mbed_copy_nvic
 .text.software_init_hook
                0x0000000000001210       0x12 /home/pc/Desktop/Cours/micro_controller/labo1/mbed-os/Debug/libmbed-os.a(mbed_sdk_boot.o)
                0x0000000000001210                software_init_hook
 .text.__wrap_main
                0x0000000000001222       0x10 /home/pc/Desktop/Cours/micro_controller/labo1/mbed-os/Debug/libmbed-os.a(mbed_sdk_boot.o)
                0x0000000000001222                __wrap_main
 .text.__semihost
                0x0000000000001232       0x1e /home/pc/Desktop/Cours/micro_controller/labo1/mbed-os/Debug/libmbed-os.a(mbed_semihost_api.o)
 .text.semihost_exit
                0x0000000000001250       0x18 /home/pc/Desktop/Cours/micro_controller/labo1/mbed-os/Debug/libmbed-os.a(mbed_semihost_api.o)
                0x0000000000001250                semihost_exit
 .text.semihost_connected
                0x0000000000001268       0x1c /home/pc/Desktop/Cours/micro_controller/labo1/mbed-os/Debug/libmbed-os.a(mbed_semihost_api.o)
                0x0000000000001268                semihost_connected
 .text.initialize
                0x0000000000001284      0x250 /home/pc/Desktop/Cours/micro_controller/labo1/mbed-os/Debug/libmbed-os.a(mbed_ticker_api.o)
 .text.update_present_time
                0x00000000000014d4      0x38c /home/pc/Desktop/Cours/micro_controller/labo1/mbed-os/Debug/libmbed-os.a(mbed_ticker_api.o)
 .text.compute_tick_round_up
                0x0000000000001860      0x14c /home/pc/Desktop/Cours/micro_controller/labo1/mbed-os/Debug/libmbed-os.a(mbed_ticker_api.o)
 .text._ticker_match_interval_passed
                0x00000000000019ac       0x44 /home/pc/Desktop/Cours/micro_controller/labo1/mbed-os/Debug/libmbed-os.a(mbed_ticker_api.o)
                0x00000000000019ac                _ticker_match_interval_passed
 .text.schedule_interrupt
                0x00000000000019f0       0xe8 /home/pc/Desktop/Cours/micro_controller/labo1/mbed-os/Debug/libmbed-os.a(mbed_ticker_api.o)
 .text.ticker_irq_handler
                0x0000000000001ad8       0xa8 /home/pc/Desktop/Cours/micro_controller/labo1/mbed-os/Debug/libmbed-os.a(mbed_ticker_api.o)
                0x0000000000001ad8                ticker_irq_handler
 .text.ticker_read
                0x0000000000001b80       0x1a /home/pc/Desktop/Cours/micro_controller/labo1/mbed-os/Debug/libmbed-os.a(mbed_ticker_api.o)
                0x0000000000001b80                ticker_read
 .text.ticker_read_us
                0x0000000000001b9a       0x34 /home/pc/Desktop/Cours/micro_controller/labo1/mbed-os/Debug/libmbed-os.a(mbed_ticker_api.o)
                0x0000000000001b9a                ticker_read_us
 *fill*         0x0000000000001bce        0x2 
 .text.get_us_ticker_data
                0x0000000000001bd0        0xc /home/pc/Desktop/Cours/micro_controller/labo1/mbed-os/Debug/libmbed-os.a(mbed_us_ticker_api.o)
                0x0000000000001bd0                get_us_ticker_data
 .text.us_ticker_irq_handler
                0x0000000000001bdc       0x20 /home/pc/Desktop/Cours/micro_controller/labo1/mbed-os/Debug/libmbed-os.a(mbed_us_ticker_api.o)
                0x0000000000001bdc                us_ticker_irq_handler
 .text.__NVIC_EnableIRQ
                0x0000000000001bfc       0x34 /home/pc/Desktop/Cours/micro_controller/labo1/mbed-os/Debug/libmbed-os.a(serial_api.o)
 .text.__NVIC_DisableIRQ
                0x0000000000001c30       0x44 /home/pc/Desktop/Cours/micro_controller/labo1/mbed-os/Debug/libmbed-os.a(serial_api.o)
 .text.__NVIC_SetVector
                0x0000000000001c74       0x2c /home/pc/Desktop/Cours/micro_controller/labo1/mbed-os/Debug/libmbed-os.a(serial_api.o)
 .text.gpio_write
                0x0000000000001ca0       0x48 /home/pc/Desktop/Cours/micro_controller/labo1/mbed-os/Debug/libmbed-os.a(serial_api.o)
 .text.gpio_read
                0x0000000000001ce8       0x40 /home/pc/Desktop/Cours/micro_controller/labo1/mbed-os/Debug/libmbed-os.a(serial_api.o)
 .text.serial_init
                0x0000000000001d28      0x204 /home/pc/Desktop/Cours/micro_controller/labo1/mbed-os/Debug/libmbed-os.a(serial_api.o)
                0x0000000000001d28                serial_init
 .text.serial_baud
                0x0000000000001f2c      0x2cc /home/pc/Desktop/Cours/micro_controller/labo1/mbed-os/Debug/libmbed-os.a(serial_api.o)
                0x0000000000001f2c                serial_baud
 .text.serial_format
                0x00000000000021f8      0x11c /home/pc/Desktop/Cours/micro_controller/labo1/mbed-os/Debug/libmbed-os.a(serial_api.o)
                0x00000000000021f8                serial_format
 .text.uart_irq
                0x0000000000002314       0xe0 /home/pc/Desktop/Cours/micro_controller/labo1/mbed-os/Debug/libmbed-os.a(serial_api.o)
 .text.uart0_irq
                0x00000000000023f4       0x20 /home/pc/Desktop/Cours/micro_controller/labo1/mbed-os/Debug/libmbed-os.a(serial_api.o)
                0x00000000000023f4                uart0_irq
 .text.uart1_irq
                0x0000000000002414       0x20 /home/pc/Desktop/Cours/micro_controller/labo1/mbed-os/Debug/libmbed-os.a(serial_api.o)
                0x0000000000002414                uart1_irq
 .text.uart2_irq
                0x0000000000002434       0x20 /home/pc/Desktop/Cours/micro_controller/labo1/mbed-os/Debug/libmbed-os.a(serial_api.o)
                0x0000000000002434                uart2_irq
 .text.uart3_irq
                0x0000000000002454       0x20 /home/pc/Desktop/Cours/micro_controller/labo1/mbed-os/Debug/libmbed-os.a(serial_api.o)
                0x0000000000002454                uart3_irq
 .text.serial_irq_set_internal
                0x0000000000002474      0x170 /home/pc/Desktop/Cours/micro_controller/labo1/mbed-os/Debug/libmbed-os.a(serial_api.o)
 .text.serial_flow_irq_set
                0x00000000000025e4       0x38 /home/pc/Desktop/Cours/micro_controller/labo1/mbed-os/Debug/libmbed-os.a(serial_api.o)
 .text.serial_getc
                0x000000000000261c       0x70 /home/pc/Desktop/Cours/micro_controller/labo1/mbed-os/Debug/libmbed-os.a(serial_api.o)
                0x000000000000261c                serial_getc
 .text.serial_putc
                0x000000000000268c       0x58 /home/pc/Desktop/Cours/micro_controller/labo1/mbed-os/Debug/libmbed-os.a(serial_api.o)
                0x000000000000268c                serial_putc
 .text.serial_readable
                0x00000000000026e4       0x16 /home/pc/Desktop/Cours/micro_controller/labo1/mbed-os/Debug/libmbed-os.a(serial_api.o)
                0x00000000000026e4                serial_readable
 *fill*         0x00000000000026fa        0x2 
 .text.serial_writable
                0x00000000000026fc       0xb0 /home/pc/Desktop/Cours/micro_controller/labo1/mbed-os/Debug/libmbed-os.a(serial_api.o)
                0x00000000000026fc                serial_writable
 .text.serial_set_flow_control
                0x00000000000027ac      0x17c /home/pc/Desktop/Cours/micro_controller/labo1/mbed-os/Debug/libmbed-os.a(serial_api.o)
                0x00000000000027ac                serial_set_flow_control
 .text.__NVIC_EnableIRQ
                0x0000000000002928       0x34 /home/pc/Desktop/Cours/micro_controller/labo1/mbed-os/Debug/libmbed-os.a(us_ticker.o)
 .text.__NVIC_DisableIRQ
                0x000000000000295c       0x44 /home/pc/Desktop/Cours/micro_controller/labo1/mbed-os/Debug/libmbed-os.a(us_ticker.o)
 .text.__NVIC_SetPendingIRQ
                0x00000000000029a0       0x38 /home/pc/Desktop/Cours/micro_controller/labo1/mbed-os/Debug/libmbed-os.a(us_ticker.o)
 .text.__NVIC_SetVector
                0x00000000000029d8       0x2c /home/pc/Desktop/Cours/micro_controller/labo1/mbed-os/Debug/libmbed-os.a(us_ticker.o)
 .text.us_ticker_get_info
                0x0000000000002a04        0xc /home/pc/Desktop/Cours/micro_controller/labo1/mbed-os/Debug/libmbed-os.a(us_ticker.o)
                0x0000000000002a04                us_ticker_get_info
 .text.us_ticker_init
                0x0000000000002a10       0x84 /home/pc/Desktop/Cours/micro_controller/labo1/mbed-os/Debug/libmbed-os.a(us_ticker.o)
                0x0000000000002a10                us_ticker_init
 .text.us_ticker_read
                0x0000000000002a94        0xc /home/pc/Desktop/Cours/micro_controller/labo1/mbed-os/Debug/libmbed-os.a(us_ticker.o)
                0x0000000000002a94                us_ticker_read
 .text.us_ticker_set_interrupt
                0x0000000000002aa0       0x20 /home/pc/Desktop/Cours/micro_controller/labo1/mbed-os/Debug/libmbed-os.a(us_ticker.o)
                0x0000000000002aa0                us_ticker_set_interrupt
 .text.us_ticker_fire_interrupt
                0x0000000000002ac0        0xc /home/pc/Desktop/Cours/micro_controller/labo1/mbed-os/Debug/libmbed-os.a(us_ticker.o)
                0x0000000000002ac0                us_ticker_fire_interrupt
 .text.us_ticker_disable_interrupt
                0x0000000000002acc       0x14 /home/pc/Desktop/Cours/micro_controller/labo1/mbed-os/Debug/libmbed-os.a(us_ticker.o)
                0x0000000000002acc                us_ticker_disable_interrupt
 .text.us_ticker_clear_interrupt
                0x0000000000002ae0       0x10 /home/pc/Desktop/Cours/micro_controller/labo1/mbed-os/Debug/libmbed-os.a(us_ticker.o)
                0x0000000000002ae0                us_ticker_clear_interrupt
 .text.us_ticker_free
                0x0000000000002af0       0x24 /home/pc/Desktop/Cours/micro_controller/labo1/mbed-os/Debug/libmbed-os.a(us_ticker.o)
                0x0000000000002af0                us_ticker_free
 .text._ZN4mbed10FileHandle6isattyEv
                0x0000000000002b14        0xc /home/pc/Desktop/Cours/micro_controller/labo1/mbed-os/Debug/libmbed-os.a(FileHandle.o)
                0x0000000000002b14                mbed::FileHandle::isatty()
 .text._ZN4mbed10FileHandle4sizeEv
                0x0000000000002b20       0x4e /home/pc/Desktop/Cours/micro_controller/labo1/mbed-os/Debug/libmbed-os.a(FileHandle.o)
                0x0000000000002b20                mbed::FileHandle::size()
 *fill*         0x0000000000002b6e        0x2 
 .text.mbed_assert_internal
                0x0000000000002b70       0x24 /home/pc/Desktop/Cours/micro_controller/labo1/mbed-os/Debug/libmbed-os.a(mbed_assert.o)
                0x0000000000002b70                mbed_assert_internal
 .text.gpio_write
                0x0000000000002b94       0x48 /home/pc/Desktop/Cours/micro_controller/labo1/mbed-os/Debug/libmbed-os.a(mbed_board.o)
 .text.mbed_die
                0x0000000000002bdc       0x84 /home/pc/Desktop/Cours/micro_controller/labo1/mbed-os/Debug/libmbed-os.a(mbed_board.o)
                0x0000000000002bdc                mbed_die
 .text.mbed_error_printf
                0x0000000000002c60       0x1e /home/pc/Desktop/Cours/micro_controller/labo1/mbed-os/Debug/libmbed-os.a(mbed_board.o)
                0x0000000000002c60                mbed_error_printf
 *fill*         0x0000000000002c7e        0x2 
 .text.mbed_error_vprintf
                0x0000000000002c80       0x44 /home/pc/Desktop/Cours/micro_controller/labo1/mbed-os/Debug/libmbed-os.a(mbed_board.o)
                0x0000000000002c80                mbed_error_vprintf
 .text.mbed_error_puts
                0x0000000000002cc4       0x28 /home/pc/Desktop/Cours/micro_controller/labo1/mbed-os/Debug/libmbed-os.a(mbed_board.o)
                0x0000000000002cc4                mbed_error_puts
 .text.core_util_are_interrupts_enabled
                0x0000000000002cec       0x1e /home/pc/Desktop/Cours/micro_controller/labo1/mbed-os/Debug/libmbed-os.a(mbed_critical.o)
                0x0000000000002cec                core_util_are_interrupts_enabled
 .text.core_util_is_isr_active
                0x0000000000002d0a       0x1a /home/pc/Desktop/Cours/micro_controller/labo1/mbed-os/Debug/libmbed-os.a(mbed_critical.o)
                0x0000000000002d0a                core_util_is_isr_active
 .text.core_util_critical_section_enter
                0x0000000000002d24       0x34 /home/pc/Desktop/Cours/micro_controller/labo1/mbed-os/Debug/libmbed-os.a(mbed_critical.o)
                0x0000000000002d24                core_util_critical_section_enter
 .text.core_util_critical_section_exit
                0x0000000000002d58       0x2c /home/pc/Desktop/Cours/micro_controller/labo1/mbed-os/Debug/libmbed-os.a(mbed_critical.o)
                0x0000000000002d58                core_util_critical_section_exit
 .text.core_util_atomic_flag_test_and_set
                0x0000000000002d84       0x48 /home/pc/Desktop/Cours/micro_controller/labo1/mbed-os/Debug/libmbed-os.a(mbed_critical.o)
                0x0000000000002d84                core_util_atomic_flag_test_and_set
 .text.mbed_halt_system
                0x0000000000002dcc       0x44 /home/pc/Desktop/Cours/micro_controller/labo1/mbed-os/Debug/libmbed-os.a(mbed_error.o)
 .text.handle_error
                0x0000000000002e10       0x90 /home/pc/Desktop/Cours/micro_controller/labo1/mbed-os/Debug/libmbed-os.a(mbed_error.o)
 .text.mbed_error
                0x0000000000002ea0       0x48 /home/pc/Desktop/Cours/micro_controller/labo1/mbed-os/Debug/libmbed-os.a(mbed_error.o)
                0x0000000000002ea0                mbed_error
 .text.print_error_report
                0x0000000000002ee8      0x1b0 /home/pc/Desktop/Cours/micro_controller/labo1/mbed-os/Debug/libmbed-os.a(mbed_error.o)
 .text.mbed_interface_connected
                0x0000000000003098        0xc /home/pc/Desktop/Cours/micro_controller/labo1/mbed-os/Debug/libmbed-os.a(mbed_interface.o)
                0x0000000000003098                mbed_interface_connected
 .text.wait_ms  0x00000000000030a4       0x1e /home/pc/Desktop/Cours/micro_controller/labo1/mbed-os/Debug/libmbed-os.a(mbed_wait_api_no_rtos.o)
                0x00000000000030a4                wait_ms
 .text.wait_us  0x00000000000030c2       0x32 /home/pc/Desktop/Cours/micro_controller/labo1/mbed-os/Debug/libmbed-os.a(mbed_wait_api_no_rtos.o)
                0x00000000000030c2                wait_us
 .text.are_interrupts_enabled
                0x00000000000030f4       0x1e /home/pc/Desktop/Cours/micro_controller/labo1/mbed-os/Debug/libmbed-os.a(mbed_critical_section_api.o)
 *fill*         0x0000000000003112        0x2 
 .text.hal_critical_section_enter
                0x0000000000003114       0x3c /home/pc/Desktop/Cours/micro_controller/labo1/mbed-os/Debug/libmbed-os.a(mbed_critical_section_api.o)
                0x0000000000003114                hal_critical_section_enter
 .text.hal_critical_section_exit
                0x0000000000003150       0x40 /home/pc/Desktop/Cours/micro_controller/labo1/mbed-os/Debug/libmbed-os.a(mbed_critical_section_api.o)
                0x0000000000003150                hal_critical_section_exit
 .text.gpio_write
                0x0000000000003190       0x48 /home/pc/Desktop/Cours/micro_controller/labo1/mbed-os/Debug/libmbed-os.a(mbed_gpio.o)
 .text._gpio_init_in
                0x00000000000031d8       0x3a /home/pc/Desktop/Cours/micro_controller/labo1/mbed-os/Debug/libmbed-os.a(mbed_gpio.o)
 .text._gpio_init_out
                0x0000000000003212       0x44 /home/pc/Desktop/Cours/micro_controller/labo1/mbed-os/Debug/libmbed-os.a(mbed_gpio.o)
 .text.gpio_init_in
                0x0000000000003256       0x1a /home/pc/Desktop/Cours/micro_controller/labo1/mbed-os/Debug/libmbed-os.a(mbed_gpio.o)
                0x0000000000003256                gpio_init_in
 .text.gpio_init_in_ex
                0x0000000000003270       0x24 /home/pc/Desktop/Cours/micro_controller/labo1/mbed-os/Debug/libmbed-os.a(mbed_gpio.o)
                0x0000000000003270                gpio_init_in_ex
 .text.gpio_init_out
                0x0000000000003294       0x1a /home/pc/Desktop/Cours/micro_controller/labo1/mbed-os/Debug/libmbed-os.a(mbed_gpio.o)
                0x0000000000003294                gpio_init_out
 .text.gpio_init_out_ex
                0x00000000000032ae       0x1e /home/pc/Desktop/Cours/micro_controller/labo1/mbed-os/Debug/libmbed-os.a(mbed_gpio.o)
                0x00000000000032ae                gpio_init_out_ex
 .text.gpio_init_inout
                0x00000000000032cc       0x56 /home/pc/Desktop/Cours/micro_controller/labo1/mbed-os/Debug/libmbed-os.a(mbed_gpio.o)
                0x00000000000032cc                gpio_init_inout
 *fill*         0x0000000000003322        0x2 
 .text.pinmap_pinout
                0x0000000000003324       0x64 /home/pc/Desktop/Cours/micro_controller/labo1/mbed-os/Debug/libmbed-os.a(mbed_pinmap_common.o)
                0x0000000000003324                pinmap_pinout
 .text.pinmap_merge
                0x0000000000003388       0x4c /home/pc/Desktop/Cours/micro_controller/labo1/mbed-os/Debug/libmbed-os.a(mbed_pinmap_common.o)
                0x0000000000003388                pinmap_merge
 .text.pinmap_find_peripheral
                0x00000000000033d4       0x32 /home/pc/Desktop/Cours/micro_controller/labo1/mbed-os/Debug/libmbed-os.a(mbed_pinmap_common.o)
                0x00000000000033d4                pinmap_find_peripheral
 *fill*         0x0000000000003406        0x2 
 .text.pinmap_peripheral
                0x0000000000003408       0x50 /home/pc/Desktop/Cours/micro_controller/labo1/mbed-os/Debug/libmbed-os.a(mbed_pinmap_common.o)
                0x0000000000003408                pinmap_peripheral
 .text.gpio_set
                0x0000000000003458       0x3c /home/pc/Desktop/Cours/micro_controller/labo1/mbed-os/Debug/libmbed-os.a(gpio_api.o)
                0x0000000000003458                gpio_set
 .text.gpio_init
                0x0000000000003494       0x58 /home/pc/Desktop/Cours/micro_controller/labo1/mbed-os/Debug/libmbed-os.a(gpio_api.o)
                0x0000000000003494                gpio_init
 .text.gpio_mode
                0x00000000000034ec       0x24 /home/pc/Desktop/Cours/micro_controller/labo1/mbed-os/Debug/libmbed-os.a(gpio_api.o)
                0x00000000000034ec                gpio_mode
 .text.gpio_dir
                0x0000000000003510       0x68 /home/pc/Desktop/Cours/micro_controller/labo1/mbed-os/Debug/libmbed-os.a(gpio_api.o)
                0x0000000000003510                gpio_dir
 .text.pin_function
                0x0000000000003578       0x80 /home/pc/Desktop/Cours/micro_controller/labo1/mbed-os/Debug/libmbed-os.a(pinmap.o)
                0x0000000000003578                pin_function
 .text.pin_mode
                0x00000000000035f8       0xec /home/pc/Desktop/Cours/micro_controller/labo1/mbed-os/Debug/libmbed-os.a(pinmap.o)
                0x00000000000035f8                pin_mode
 .text          0x00000000000036e4       0x30 /usr/local/mcuxpressoide-11.8.0_1165/ide/plugins/com.nxp.mcuxpresso.tools.linux_11.8.0.202306131047/tools/bin/../lib/gcc/arm-none-eabi/12.2.1/thumb/v7-m/nofp/libgcc.a(_aeabi_uldivmod.o)
                0x00000000000036e4                __aeabi_uldivmod
 .text.__udivmoddi4
                0x0000000000003714      0x2c0 /usr/local/mcuxpressoide-11.8.0_1165/ide/plugins/com.nxp.mcuxpresso.tools.linux_11.8.0.202306131047/tools/bin/../lib/gcc/arm-none-eabi/12.2.1/thumb/v7-m/nofp/libgcc.a(_udivmoddi4.o)
                0x0000000000003714                __udivmoddi4
 .text          0x00000000000039d4        0x4 /usr/local/mcuxpressoide-11.8.0_1165/ide/plugins/com.nxp.mcuxpresso.tools.linux_11.8.0.202306131047/tools/bin/../lib/gcc/arm-none-eabi/12.2.1/thumb/v7-m/nofp/libgcc.a(_dvmd_tls.o)
                0x00000000000039d4                __aeabi_ldiv0
                0x00000000000039d4                __aeabi_idiv0
 .text._ZN4mbed3I2CD2Ev
                0x00000000000039d8       0x20 ./src/IC2.o
                0x00000000000039d8                mbed::I2C::~I2C()
                0x00000000000039d8                mbed::I2C::~I2C()
 .text._ZN4mbed3I2CD0Ev
                0x00000000000039f8       0x1c ./src/IC2.o
                0x00000000000039f8                mbed::I2C::~I2C()
 .text._Z9exercice1v
                0x0000000000003a14       0x54 ./src/IC2.o
                0x0000000000003a14                exercice1()
 .text._Z9exercice2v
                0x0000000000003a68       0x38 ./src/IC2.o
                0x0000000000003a68                exercice2()
 .text.main     0x0000000000003aa0       0x30 ./src/IC2.o
                0x0000000000003aa0                main
 .text._ZN4mbed11NonCopyableINS_3I2CEED2Ev
                0x0000000000003ad0        0xc ./src/IC2.o
                0x0000000000003ad0                mbed::NonCopyable<mbed::I2C>::~NonCopyable()
                0x0000000000003ad0                mbed::NonCopyable<mbed::I2C>::~NonCopyable()
 .text._Z41__static_initialization_and_destruction_0ii
                0x0000000000003adc      0x240 ./src/IC2.o
 .text._GLOBAL__sub_I_i2c
                0x0000000000003d1c        0xe ./src/IC2.o
 *fill*         0x0000000000003d2a        0x2 
 .text.__sread  0x0000000000003d2c       0x24 /usr/local/mcuxpressoide-11.8.0_1165/ide/plugins/com.nxp.mcuxpresso.tools.linux_11.8.0.202306131047/tools/bin/../lib/gcc/arm-none-eabi/12.2.1/../../../../arm-none-eabi/lib/thumb/v7-m/nofp/libc.a(libc_a-stdio.o)
                0x0000000000003d2c                __sread
 .text.__swrite
                0x0000000000003d50       0x40 /usr/local/mcuxpressoide-11.8.0_1165/ide/plugins/com.nxp.mcuxpresso.tools.linux_11.8.0.202306131047/tools/bin/../lib/gcc/arm-none-eabi/12.2.1/../../../../arm-none-eabi/lib/thumb/v7-m/nofp/libc.a(libc_a-stdio.o)
                0x0000000000003d50                __swrite
 .text.__sseek  0x0000000000003d90       0x24 /usr/local/mcuxpressoide-11.8.0_1165/ide/plugins/com.nxp.mcuxpresso.tools.linux_11.8.0.202306131047/tools/bin/../lib/gcc/arm-none-eabi/12.2.1/../../../../arm-none-eabi/lib/thumb/v7-m/nofp/libc.a(libc_a-stdio.o)
                0x0000000000003d90                __sseek
 .text.__sclose
                0x0000000000003db4        0x8 /usr/local/mcuxpressoide-11.8.0_1165/ide/plugins/com.nxp.mcuxpresso.tools.linux_11.8.0.202306131047/tools/bin/../lib/gcc/arm-none-eabi/12.2.1/../../../../arm-none-eabi/lib/thumb/v7-m/nofp/libc.a(libc_a-stdio.o)
                0x0000000000003db4                __sclose
 .text._write_r
                0x0000000000003dbc       0x2c /usr/local/mcuxpressoide-11.8.0_1165/ide/plugins/com.nxp.mcuxpresso.tools.linux_11.8.0.202306131047/tools/bin/../lib/gcc/arm-none-eabi/12.2.1/../../../../arm-none-eabi/lib/thumb/v7-m/nofp/libc.a(libc_a-writer.o)
                0x0000000000003dbc                _write_r
 .text.__errno  0x0000000000003de8        0xc /usr/local/mcuxpressoide-11.8.0_1165/ide/plugins/com.nxp.mcuxpresso.tools.linux_11.8.0.202306131047/tools/bin/../lib/gcc/arm-none-eabi/12.2.1/../../../../arm-none-eabi/lib/thumb/v7-m/nofp/libc.a(libc_a-errno.o)
                0x0000000000003de8                __errno
 .text.vsnprintf
                0x0000000000003df4       0x6c /usr/local/mcuxpressoide-11.8.0_1165/ide/plugins/com.nxp.mcuxpresso.tools.linux_11.8.0.202306131047/tools/bin/../lib/gcc/arm-none-eabi/12.2.1/../../../../arm-none-eabi/lib/thumb/v7-m/nofp/libc.a(libc_a-vsnprintf.o)
                0x0000000000003df4                vsnprintf
 .text.malloc   0x0000000000003e60       0x10 /usr/local/mcuxpressoide-11.8.0_1165/ide/plugins/com.nxp.mcuxpresso.tools.linux_11.8.0.202306131047/tools/bin/../lib/gcc/arm-none-eabi/12.2.1/../../../../arm-none-eabi/lib/thumb/v7-m/nofp/libc.a(libc_a-malloc.o)
                0x0000000000003e60                malloc
 .text.free     0x0000000000003e70       0x10 /usr/local/mcuxpressoide-11.8.0_1165/ide/plugins/com.nxp.mcuxpresso.tools.linux_11.8.0.202306131047/tools/bin/../lib/gcc/arm-none-eabi/12.2.1/../../../../arm-none-eabi/lib/thumb/v7-m/nofp/libc.a(libc_a-malloc.o)
                0x0000000000003e70                free
 .text.abs      0x0000000000003e80        0x8 /usr/local/mcuxpressoide-11.8.0_1165/ide/plugins/com.nxp.mcuxpresso.tools.linux_11.8.0.202306131047/tools/bin/../lib/gcc/arm-none-eabi/12.2.1/../../../../arm-none-eabi/lib/thumb/v7-m/nofp/libc.a(libc_a-abs.o)
                0x0000000000003e80                abs
 .text.memset   0x0000000000003e88       0xa0 /usr/local/mcuxpressoide-11.8.0_1165/ide/plugins/com.nxp.mcuxpresso.tools.linux_11.8.0.202306131047/tools/bin/../lib/gcc/arm-none-eabi/12.2.1/../../../../arm-none-eabi/lib/thumb/v7-m/nofp/libc.a(libc_a-memset.o)
                0x0000000000003e88                memset
 .text.__libc_init_array
                0x0000000000003f28       0x50 /usr/local/mcuxpressoide-11.8.0_1165/ide/plugins/com.nxp.mcuxpresso.tools.linux_11.8.0.202306131047/tools/bin/../lib/gcc/arm-none-eabi/12.2.1/../../../../arm-none-eabi/lib/thumb/v7-m/nofp/libc.a(libc_a-init.o)
                0x0000000000003f28                __libc_init_array
 .text.__retarget_lock_init_recursive
                0x0000000000003f78        0x4 /usr/local/mcuxpressoide-11.8.0_1165/ide/plugins/com.nxp.mcuxpresso.tools.linux_11.8.0.202306131047/tools/bin/../lib/gcc/arm-none-eabi/12.2.1/../../../../arm-none-eabi/lib/thumb/v7-m/nofp/libc.a(libc_a-lock.o)
                0x0000000000003f78                __retarget_lock_init_recursive
 .text.__retarget_lock_close_recursive
                0x0000000000003f7c        0x4 /usr/local/mcuxpressoide-11.8.0_1165/ide/plugins/com.nxp.mcuxpresso.tools.linux_11.8.0.202306131047/tools/bin/../lib/gcc/arm-none-eabi/12.2.1/../../../../arm-none-eabi/lib/thumb/v7-m/nofp/libc.a(libc_a-lock.o)
                0x0000000000003f7c                __retarget_lock_close_recursive
 .text.__retarget_lock_acquire_recursive
                0x0000000000003f80        0x4 /usr/local/mcuxpressoide-11.8.0_1165/ide/plugins/com.nxp.mcuxpresso.tools.linux_11.8.0.202306131047/tools/bin/../lib/gcc/arm-none-eabi/12.2.1/../../../../arm-none-eabi/lib/thumb/v7-m/nofp/libc.a(libc_a-lock.o)
                0x0000000000003f80                __retarget_lock_acquire_recursive
 .text.__retarget_lock_release_recursive
                0x0000000000003f84        0x4 /usr/local/mcuxpressoide-11.8.0_1165/ide/plugins/com.nxp.mcuxpresso.tools.linux_11.8.0.202306131047/tools/bin/../lib/gcc/arm-none-eabi/12.2.1/../../../../arm-none-eabi/lib/thumb/v7-m/nofp/libc.a(libc_a-lock.o)
                0x0000000000003f84                __retarget_lock_release_recursive
 .text.__locale_mb_cur_max
                0x0000000000003f88        0xc /usr/local/mcuxpressoide-11.8.0_1165/ide/plugins/com.nxp.mcuxpresso.tools.linux_11.8.0.202306131047/tools/bin/../lib/gcc/arm-none-eabi/12.2.1/../../../../arm-none-eabi/lib/thumb/v7-m/nofp/libc.a(libc_a-locale.o)
                0x0000000000003f88                __locale_mb_cur_max
 .text._localeconv_r
                0x0000000000003f94        0x8 /usr/local/mcuxpressoide-11.8.0_1165/ide/plugins/com.nxp.mcuxpresso.tools.linux_11.8.0.202306131047/tools/bin/../lib/gcc/arm-none-eabi/12.2.1/../../../../arm-none-eabi/lib/thumb/v7-m/nofp/libc.a(libc_a-localeconv.o)
                0x0000000000003f94                _localeconv_r
 .text.printf   0x0000000000003f9c       0x28 /usr/local/mcuxpressoide-11.8.0_1165/ide/plugins/com.nxp.mcuxpresso.tools.linux_11.8.0.202306131047/tools/bin/../lib/gcc/arm-none-eabi/12.2.1/../../../../arm-none-eabi/lib/thumb/v7-m/nofp/libc.a(libc_a-printf.o)
                0x0000000000003f9c                printf
 .text._close_r
                0x0000000000003fc4       0x24 /usr/local/mcuxpressoide-11.8.0_1165/ide/plugins/com.nxp.mcuxpresso.tools.linux_11.8.0.202306131047/tools/bin/../lib/gcc/arm-none-eabi/12.2.1/../../../../arm-none-eabi/lib/thumb/v7-m/nofp/libc.a(libc_a-closer.o)
                0x0000000000003fc4                _close_r
 .text.__sflush_r
                0x0000000000003fe8      0x128 /usr/local/mcuxpressoide-11.8.0_1165/ide/plugins/com.nxp.mcuxpresso.tools.linux_11.8.0.202306131047/tools/bin/../lib/gcc/arm-none-eabi/12.2.1/../../../../arm-none-eabi/lib/thumb/v7-m/nofp/libc.a(libc_a-fflush.o)
                0x0000000000003fe8                __sflush_r
 .text._fflush_r
                0x0000000000004110       0x54 /usr/local/mcuxpressoide-11.8.0_1165/ide/plugins/com.nxp.mcuxpresso.tools.linux_11.8.0.202306131047/tools/bin/../lib/gcc/arm-none-eabi/12.2.1/../../../../arm-none-eabi/lib/thumb/v7-m/nofp/libc.a(libc_a-fflush.o)
                0x0000000000004110                _fflush_r
 .text.fflush   0x0000000000004164       0x74 /usr/local/mcuxpressoide-11.8.0_1165/ide/plugins/com.nxp.mcuxpresso.tools.linux_11.8.0.202306131047/tools/bin/../lib/gcc/arm-none-eabi/12.2.1/../../../../arm-none-eabi/lib/thumb/v7-m/nofp/libc.a(libc_a-fflush.o)
                0x0000000000004164                fflush
 .text.stdio_exit_handler
                0x00000000000041d8       0x18 /usr/local/mcuxpressoide-11.8.0_1165/ide/plugins/com.nxp.mcuxpresso.tools.linux_11.8.0.202306131047/tools/bin/../lib/gcc/arm-none-eabi/12.2.1/../../../../arm-none-eabi/lib/thumb/v7-m/nofp/libc.a(libc_a-findfp.o)
 .text.cleanup_stdio
                0x00000000000041f0       0x40 /usr/local/mcuxpressoide-11.8.0_1165/ide/plugins/com.nxp.mcuxpresso.tools.linux_11.8.0.202306131047/tools/bin/../lib/gcc/arm-none-eabi/12.2.1/../../../../arm-none-eabi/lib/thumb/v7-m/nofp/libc.a(libc_a-findfp.o)
 .text.global_stdio_init.part.0
                0x0000000000004230       0xf0 /usr/local/mcuxpressoide-11.8.0_1165/ide/plugins/com.nxp.mcuxpresso.tools.linux_11.8.0.202306131047/tools/bin/../lib/gcc/arm-none-eabi/12.2.1/../../../../arm-none-eabi/lib/thumb/v7-m/nofp/libc.a(libc_a-findfp.o)
 .text.__sinit  0x0000000000004320       0x3c /usr/local/mcuxpressoide-11.8.0_1165/ide/plugins/com.nxp.mcuxpresso.tools.linux_11.8.0.202306131047/tools/bin/../lib/gcc/arm-none-eabi/12.2.1/../../../../arm-none-eabi/lib/thumb/v7-m/nofp/libc.a(libc_a-findfp.o)
                0x0000000000004320                __sinit
 .text.__sfp_lock_acquire
                0x000000000000435c        0xc /usr/local/mcuxpressoide-11.8.0_1165/ide/plugins/com.nxp.mcuxpresso.tools.linux_11.8.0.202306131047/tools/bin/../lib/gcc/arm-none-eabi/12.2.1/../../../../arm-none-eabi/lib/thumb/v7-m/nofp/libc.a(libc_a-findfp.o)
                0x000000000000435c                __sfp_lock_acquire
 .text.__sfp_lock_release
                0x0000000000004368        0xc /usr/local/mcuxpressoide-11.8.0_1165/ide/plugins/com.nxp.mcuxpresso.tools.linux_11.8.0.202306131047/tools/bin/../lib/gcc/arm-none-eabi/12.2.1/../../../../arm-none-eabi/lib/thumb/v7-m/nofp/libc.a(libc_a-findfp.o)
                0x0000000000004368                __sfp_lock_release
 .text          0x0000000000004374       0xec /usr/local/mcuxpressoide-11.8.0_1165/ide/plugins/com.nxp.mcuxpresso.tools.linux_11.8.0.202306131047/tools/bin/../lib/gcc/arm-none-eabi/12.2.1/../../../../arm-none-eabi/lib/thumb/v7-m/nofp/libc.a(libc_a-memcpy.o)
                0x0000000000004374                memcpy
 .text.strlen   0x0000000000004460       0x5c /usr/local/mcuxpressoide-11.8.0_1165/ide/plugins/com.nxp.mcuxpresso.tools.linux_11.8.0.202306131047/tools/bin/../lib/gcc/arm-none-eabi/12.2.1/../../../../arm-none-eabi/lib/thumb/v7-m/nofp/libc.a(libc_a-strlen-stub.o)
                0x0000000000004460                strlen
 .text.strncpy  0x00000000000044bc       0x6c /usr/local/mcuxpressoide-11.8.0_1165/ide/plugins/com.nxp.mcuxpresso.tools.linux_11.8.0.202306131047/tools/bin/../lib/gcc/arm-none-eabi/12.2.1/../../../../arm-none-eabi/lib/thumb/v7-m/nofp/libc.a(libc_a-strncpy.o)
                0x00000000000044bc                strncpy
 .text._fstat_r
                0x0000000000004528       0x28 /usr/local/mcuxpressoide-11.8.0_1165/ide/plugins/com.nxp.mcuxpresso.tools.linux_11.8.0.202306131047/tools/bin/../lib/gcc/arm-none-eabi/12.2.1/../../../../arm-none-eabi/lib/thumb/v7-m/nofp/libc.a(libc_a-fstatr.o)
                0x0000000000004528                _fstat_r
 .text._lseek_r
                0x0000000000004550       0x2c /usr/local/mcuxpressoide-11.8.0_1165/ide/plugins/com.nxp.mcuxpresso.tools.linux_11.8.0.202306131047/tools/bin/../lib/gcc/arm-none-eabi/12.2.1/../../../../arm-none-eabi/lib/thumb/v7-m/nofp/libc.a(libc_a-lseekr.o)
                0x0000000000004550                _lseek_r
 .text._read_r  0x000000000000457c       0x2c /usr/local/mcuxpressoide-11.8.0_1165/ide/plugins/com.nxp.mcuxpresso.tools.linux_11.8.0.202306131047/tools/bin/../lib/gcc/arm-none-eabi/12.2.1/../../../../arm-none-eabi/lib/thumb/v7-m/nofp/libc.a(libc_a-readr.o)
                0x000000000000457c                _read_r
 .text.__ascii_wctomb
                0x00000000000045a8       0x1c /usr/local/mcuxpressoide-11.8.0_1165/ide/plugins/com.nxp.mcuxpresso.tools.linux_11.8.0.202306131047/tools/bin/../lib/gcc/arm-none-eabi/12.2.1/../../../../arm-none-eabi/lib/thumb/v7-m/nofp/libc.a(libc_a-wctomb_r.o)
                0x00000000000045a8                __ascii_wctomb
 .text._fwalk_sglue
                0x00000000000045c4       0x44 /usr/local/mcuxpressoide-11.8.0_1165/ide/plugins/com.nxp.mcuxpresso.tools.linux_11.8.0.202306131047/tools/bin/../lib/gcc/arm-none-eabi/12.2.1/../../../../arm-none-eabi/lib/thumb/v7-m/nofp/libc.a(libc_a-fwalk.o)
                0x00000000000045c4                _fwalk_sglue
 .text._svfprintf_r
                0x0000000000004608     0x1c94 /usr/local/mcuxpressoide-11.8.0_1165/ide/plugins/com.nxp.mcuxpresso.tools.linux_11.8.0.202306131047/tools/bin/../lib/gcc/arm-none-eabi/12.2.1/../../../../arm-none-eabi/lib/thumb/v7-m/nofp/libc.a(libc_a-svfprintf.o)
                0x0000000000004608                _svfprintf_r
 .text._vfprintf_r
                0x000000000000629c     0x1d58 /usr/local/mcuxpressoide-11.8.0_1165/ide/plugins/com.nxp.mcuxpresso.tools.linux_11.8.0.202306131047/tools/bin/../lib/gcc/arm-none-eabi/12.2.1/../../../../arm-none-eabi/lib/thumb/v7-m/nofp/libc.a(libc_a-vfprintf.o)
                0x000000000000629c                _vfprintf_r
 .text.__sbprintf
                0x0000000000007ff4       0x80 /usr/local/mcuxpressoide-11.8.0_1165/ide/plugins/com.nxp.mcuxpresso.tools.linux_11.8.0.202306131047/tools/bin/../lib/gcc/arm-none-eabi/12.2.1/../../../../arm-none-eabi/lib/thumb/v7-m/nofp/libc.a(libc_a-vfprintf.o)
 .text.__sprint_r.part.0
                0x0000000000008074       0x78 /usr/local/mcuxpressoide-11.8.0_1165/ide/plugins/com.nxp.mcuxpresso.tools.linux_11.8.0.202306131047/tools/bin/../lib/gcc/arm-none-eabi/12.2.1/../../../../arm-none-eabi/lib/thumb/v7-m/nofp/libc.a(libc_a-vfiprintf.o)
 .text.__sprint_r
                0x00000000000080ec       0x14 /usr/local/mcuxpressoide-11.8.0_1165/ide/plugins/com.nxp.mcuxpresso.tools.linux_11.8.0.202306131047/tools/bin/../lib/gcc/arm-none-eabi/12.2.1/../../../../arm-none-eabi/lib/thumb/v7-m/nofp/libc.a(libc_a-vfiprintf.o)
                0x00000000000080ec                __sprint_r
 .text._vfiprintf_r
                0x0000000000008100      0xffc /usr/local/mcuxpressoide-11.8.0_1165/ide/plugins/com.nxp.mcuxpresso.tools.linux_11.8.0.202306131047/tools/bin/../lib/gcc/arm-none-eabi/12.2.1/../../../../arm-none-eabi/lib/thumb/v7-m/nofp/libc.a(libc_a-vfiprintf.o)
                0x0000000000008100                _vfiprintf_r
 .text.__sbprintf
                0x00000000000090fc       0x80 /usr/local/mcuxpressoide-11.8.0_1165/ide/plugins/com.nxp.mcuxpresso.tools.linux_11.8.0.202306131047/tools/bin/../lib/gcc/arm-none-eabi/12.2.1/../../../../arm-none-eabi/lib/thumb/v7-m/nofp/libc.a(libc_a-vfiprintf.o)
 .text.__ascii_mbtowc
                0x000000000000917c       0x2c /usr/local/mcuxpressoide-11.8.0_1165/ide/plugins/com.nxp.mcuxpresso.tools.linux_11.8.0.202306131047/tools/bin/../lib/gcc/arm-none-eabi/12.2.1/../../../../arm-none-eabi/lib/thumb/v7-m/nofp/libc.a(libc_a-mbtowc_r.o)
                0x000000000000917c                __ascii_mbtowc
 .text.__assert_func
                0x00000000000091a8       0x40 /usr/local/mcuxpressoide-11.8.0_1165/ide/plugins/com.nxp.mcuxpresso.tools.linux_11.8.0.202306131047/tools/bin/../lib/gcc/arm-none-eabi/12.2.1/../../../../arm-none-eabi/lib/thumb/v7-m/nofp/libc.a(libc_a-assert.o)
                0x00000000000091a8                __assert_func
 .text._wcrtomb_r
                0x00000000000091e8       0x4c /usr/local/mcuxpressoide-11.8.0_1165/ide/plugins/com.nxp.mcuxpresso.tools.linux_11.8.0.202306131047/tools/bin/../lib/gcc/arm-none-eabi/12.2.1/../../../../arm-none-eabi/lib/thumb/v7-m/nofp/libc.a(libc_a-wcrtomb.o)
                0x00000000000091e8                _wcrtomb_r
 .text._fclose_r
                0x0000000000009234       0xc4 /usr/local/mcuxpressoide-11.8.0_1165/ide/plugins/com.nxp.mcuxpresso.tools.linux_11.8.0.202306131047/tools/bin/../lib/gcc/arm-none-eabi/12.2.1/../../../../arm-none-eabi/lib/thumb/v7-m/nofp/libc.a(libc_a-fclose.o)
                0x0000000000009234                _fclose_r
 .text.__swsetup_r
                0x00000000000092f8       0xc0 /usr/local/mcuxpressoide-11.8.0_1165/ide/plugins/com.nxp.mcuxpresso.tools.linux_11.8.0.202306131047/tools/bin/../lib/gcc/arm-none-eabi/12.2.1/../../../../arm-none-eabi/lib/thumb/v7-m/nofp/libc.a(libc_a-wsetup.o)
                0x00000000000092f8                __swsetup_r
 .text.__smakebuf_r
                0x00000000000093b8       0xdc /usr/local/mcuxpressoide-11.8.0_1165/ide/plugins/com.nxp.mcuxpresso.tools.linux_11.8.0.202306131047/tools/bin/../lib/gcc/arm-none-eabi/12.2.1/../../../../arm-none-eabi/lib/thumb/v7-m/nofp/libc.a(libc_a-makebuf.o)
                0x00000000000093b8                __smakebuf_r
 .text._Balloc  0x0000000000009494       0x4c /usr/local/mcuxpressoide-11.8.0_1165/ide/plugins/com.nxp.mcuxpresso.tools.linux_11.8.0.202306131047/tools/bin/../lib/gcc/arm-none-eabi/12.2.1/../../../../arm-none-eabi/lib/thumb/v7-m/nofp/libc.a(libc_a-mprec.o)
                0x0000000000009494                _Balloc
 .text._Bfree   0x00000000000094e0       0x14 /usr/local/mcuxpressoide-11.8.0_1165/ide/plugins/com.nxp.mcuxpresso.tools.linux_11.8.0.202306131047/tools/bin/../lib/gcc/arm-none-eabi/12.2.1/../../../../arm-none-eabi/lib/thumb/v7-m/nofp/libc.a(libc_a-mprec.o)
                0x00000000000094e0                _Bfree
 .text.__multadd
                0x00000000000094f4       0xa4 /usr/local/mcuxpressoide-11.8.0_1165/ide/plugins/com.nxp.mcuxpresso.tools.linux_11.8.0.202306131047/tools/bin/../lib/gcc/arm-none-eabi/12.2.1/../../../../arm-none-eabi/lib/thumb/v7-m/nofp/libc.a(libc_a-mprec.o)
                0x00000000000094f4                __multadd
 .text.__hi0bits
                0x0000000000009598       0x44 /usr/local/mcuxpressoide-11.8.0_1165/ide/plugins/com.nxp.mcuxpresso.tools.linux_11.8.0.202306131047/tools/bin/../lib/gcc/arm-none-eabi/12.2.1/../../../../arm-none-eabi/lib/thumb/v7-m/nofp/libc.a(libc_a-mprec.o)
                0x0000000000009598                __hi0bits
 .text.__lo0bits
                0x00000000000095dc       0x5c /usr/local/mcuxpressoide-11.8.0_1165/ide/plugins/com.nxp.mcuxpresso.tools.linux_11.8.0.202306131047/tools/bin/../lib/gcc/arm-none-eabi/12.2.1/../../../../arm-none-eabi/lib/thumb/v7-m/nofp/libc.a(libc_a-mprec.o)
                0x00000000000095dc                __lo0bits
 .text.__i2b    0x0000000000009638       0x5c /usr/local/mcuxpressoide-11.8.0_1165/ide/plugins/com.nxp.mcuxpresso.tools.linux_11.8.0.202306131047/tools/bin/../lib/gcc/arm-none-eabi/12.2.1/../../../../arm-none-eabi/lib/thumb/v7-m/nofp/libc.a(libc_a-mprec.o)
                0x0000000000009638                __i2b
 .text.__multiply
                0x0000000000009694      0x164 /usr/local/mcuxpressoide-11.8.0_1165/ide/plugins/com.nxp.mcuxpresso.tools.linux_11.8.0.202306131047/tools/bin/../lib/gcc/arm-none-eabi/12.2.1/../../../../arm-none-eabi/lib/thumb/v7-m/nofp/libc.a(libc_a-mprec.o)
                0x0000000000009694                __multiply
 .text.__pow5mult
                0x00000000000097f8       0xb4 /usr/local/mcuxpressoide-11.8.0_1165/ide/plugins/com.nxp.mcuxpresso.tools.linux_11.8.0.202306131047/tools/bin/../lib/gcc/arm-none-eabi/12.2.1/../../../../arm-none-eabi/lib/thumb/v7-m/nofp/libc.a(libc_a-mprec.o)
                0x00000000000097f8                __pow5mult
 .text.__lshift
                0x00000000000098ac       0xec /usr/local/mcuxpressoide-11.8.0_1165/ide/plugins/com.nxp.mcuxpresso.tools.linux_11.8.0.202306131047/tools/bin/../lib/gcc/arm-none-eabi/12.2.1/../../../../arm-none-eabi/lib/thumb/v7-m/nofp/libc.a(libc_a-mprec.o)
                0x00000000000098ac                __lshift
 .text.__mcmp   0x0000000000009998       0x40 /usr/local/mcuxpressoide-11.8.0_1165/ide/plugins/com.nxp.mcuxpresso.tools.linux_11.8.0.202306131047/tools/bin/../lib/gcc/arm-none-eabi/12.2.1/../../../../arm-none-eabi/lib/thumb/v7-m/nofp/libc.a(libc_a-mprec.o)
                0x0000000000009998                __mcmp
 .text.__mdiff  0x00000000000099d8      0x160 /usr/local/mcuxpressoide-11.8.0_1165/ide/plugins/com.nxp.mcuxpresso.tools.linux_11.8.0.202306131047/tools/bin/../lib/gcc/arm-none-eabi/12.2.1/../../../../arm-none-eabi/lib/thumb/v7-m/nofp/libc.a(libc_a-mprec.o)
                0x00000000000099d8                __mdiff
 .text.__d2b    0x0000000000009b38       0xbc /usr/local/mcuxpressoide-11.8.0_1165/ide/plugins/com.nxp.mcuxpresso.tools.linux_11.8.0.202306131047/tools/bin/../lib/gcc/arm-none-eabi/12.2.1/../../../../arm-none-eabi/lib/thumb/v7-m/nofp/libc.a(libc_a-mprec.o)
                0x0000000000009b38                __d2b
 .text._wcsrtombs_r
                0x0000000000009bf4       0x18 /usr/local/mcuxpressoide-11.8.0_1165/ide/plugins/com.nxp.mcuxpresso.tools.linux_11.8.0.202306131047/tools/bin/../lib/gcc/arm-none-eabi/12.2.1/../../../../arm-none-eabi/lib/thumb/v7-m/nofp/libc.a(libc_a-wcsrtombs.o)
                0x0000000000009bf4                _wcsrtombs_r
 .text.quorem   0x0000000000009c0c      0x13c /usr/local/mcuxpressoide-11.8.0_1165/ide/plugins/com.nxp.mcuxpresso.tools.linux_11.8.0.202306131047/tools/bin/../lib/gcc/arm-none-eabi/12.2.1/../../../../arm-none-eabi/lib/thumb/v7-m/nofp/libc.a(libc_a-dtoa.o)
 .text._dtoa_r  0x0000000000009d48      0xed0 /usr/local/mcuxpressoide-11.8.0_1165/ide/plugins/com.nxp.mcuxpresso.tools.linux_11.8.0.202306131047/tools/bin/../lib/gcc/arm-none-eabi/12.2.1/../../../../arm-none-eabi/lib/thumb/v7-m/nofp/libc.a(libc_a-dtoa.o)
                0x0000000000009d48                _dtoa_r
 .text.memchr   0x000000000000ac18       0x98 /usr/local/mcuxpressoide-11.8.0_1165/ide/plugins/com.nxp.mcuxpresso.tools.linux_11.8.0.202306131047/tools/bin/../lib/gcc/arm-none-eabi/12.2.1/../../../../arm-none-eabi/lib/thumb/v7-m/nofp/libc.a(libc_a-memchr-stub.o)
                0x000000000000ac18                memchr
 .text.frexp    0x000000000000acb0       0x70 /usr/local/mcuxpressoide-11.8.0_1165/ide/plugins/com.nxp.mcuxpresso.tools.linux_11.8.0.202306131047/tools/bin/../lib/gcc/arm-none-eabi/12.2.1/../../../../arm-none-eabi/lib/thumb/v7-m/nofp/libc.a(libm_a-s_frexp.o)
                0x000000000000acb0                frexp
 .text._isatty_r
                0x000000000000ad20       0x24 /usr/local/mcuxpressoide-11.8.0_1165/ide/plugins/com.nxp.mcuxpresso.tools.linux_11.8.0.202306131047/tools/bin/../lib/gcc/arm-none-eabi/12.2.1/../../../../arm-none-eabi/lib/thumb/v7-m/nofp/libc.a(libc_a-isattyr.o)
                0x000000000000ad20                _isatty_r
 .text.fiprintf
                0x000000000000ad44       0x28 /usr/local/mcuxpressoide-11.8.0_1165/ide/plugins/com.nxp.mcuxpresso.tools.linux_11.8.0.202306131047/tools/bin/../lib/gcc/arm-none-eabi/12.2.1/../../../../arm-none-eabi/lib/thumb/v7-m/nofp/libc.a(libc_a-fiprintf.o)
                0x000000000000ad44                fiprintf
 .text.__fputwc
                0x000000000000ad6c       0x7c /usr/local/mcuxpressoide-11.8.0_1165/ide/plugins/com.nxp.mcuxpresso.tools.linux_11.8.0.202306131047/tools/bin/../lib/gcc/arm-none-eabi/12.2.1/../../../../arm-none-eabi/lib/thumb/v7-m/nofp/libc.a(libc_a-fputwc.o)
                0x000000000000ad6c                __fputwc
 .text._fputwc_r
                0x000000000000ade8       0x64 /usr/local/mcuxpressoide-11.8.0_1165/ide/plugins/com.nxp.mcuxpresso.tools.linux_11.8.0.202306131047/tools/bin/../lib/gcc/arm-none-eabi/12.2.1/../../../../arm-none-eabi/lib/thumb/v7-m/nofp/libc.a(libc_a-fputwc.o)
                0x000000000000ade8                _fputwc_r
 .text.__sfvwrite_r
                0x000000000000ae4c      0x2dc /usr/local/mcuxpressoide-11.8.0_1165/ide/plugins/com.nxp.mcuxpresso.tools.linux_11.8.0.202306131047/tools/bin/../lib/gcc/arm-none-eabi/12.2.1/../../../../arm-none-eabi/lib/thumb/v7-m/nofp/libc.a(libc_a-fvwrite.o)
                0x000000000000ae4c                __sfvwrite_r
 .text.__ssprint_r
                0x000000000000b128      0x100 /usr/local/mcuxpressoide-11.8.0_1165/ide/plugins/com.nxp.mcuxpresso.tools.linux_11.8.0.202306131047/tools/bin/../lib/gcc/arm-none-eabi/12.2.1/../../../../arm-none-eabi/lib/thumb/v7-m/nofp/libc.a(libc_a-svfiprintf.o)
                0x000000000000b128                __ssprint_r
 .text.__swbuf_r
                0x000000000000b228       0xac /usr/local/mcuxpressoide-11.8.0_1165/ide/plugins/com.nxp.mcuxpresso.tools.linux_11.8.0.202306131047/tools/bin/../lib/gcc/arm-none-eabi/12.2.1/../../../../arm-none-eabi/lib/thumb/v7-m/nofp/libc.a(libc_a-wbuf.o)
                0x000000000000b228                __swbuf_r
 .text.abort    0x000000000000b2d4       0x10 /usr/local/mcuxpressoide-11.8.0_1165/ide/plugins/com.nxp.mcuxpresso.tools.linux_11.8.0.202306131047/tools/bin/../lib/gcc/arm-none-eabi/12.2.1/../../../../arm-none-eabi/lib/thumb/v7-m/nofp/libc.a(libc_a-abort.o)
                0x000000000000b2d4                abort
 .text.memmove  0x000000000000b2e4       0xfc /usr/local/mcuxpressoide-11.8.0_1165/ide/plugins/com.nxp.mcuxpresso.tools.linux_11.8.0.202306131047/tools/bin/../lib/gcc/arm-none-eabi/12.2.1/../../../../arm-none-eabi/lib/thumb/v7-m/nofp/libc.a(libc_a-memmove.o)
                0x000000000000b2e4                memmove
 .text._wcsnrtombs_l
                0x000000000000b3e0       0xec /usr/local/mcuxpressoide-11.8.0_1165/ide/plugins/com.nxp.mcuxpresso.tools.linux_11.8.0.202306131047/tools/bin/../lib/gcc/arm-none-eabi/12.2.1/../../../../arm-none-eabi/lib/thumb/v7-m/nofp/libc.a(libc_a-wcsnrtombs.o)
                0x000000000000b3e0                _wcsnrtombs_l
 .text._wcsnrtombs_r
                0x000000000000b4cc       0x24 /usr/local/mcuxpressoide-11.8.0_1165/ide/plugins/com.nxp.mcuxpresso.tools.linux_11.8.0.202306131047/tools/bin/../lib/gcc/arm-none-eabi/12.2.1/../../../../arm-none-eabi/lib/thumb/v7-m/nofp/libc.a(libc_a-wcsnrtombs.o)
                0x000000000000b4cc                _wcsnrtombs_r
 .text.raise    0x000000000000b4f0       0x58 /usr/local/mcuxpressoide-11.8.0_1165/ide/plugins/com.nxp.mcuxpresso.tools.linux_11.8.0.202306131047/tools/bin/../lib/gcc/arm-none-eabi/12.2.1/../../../../arm-none-eabi/lib/thumb/v7-m/nofp/libc.a(libc_a-signal.o)
                0x000000000000b4f0                raise
 .text._kill_r  0x000000000000b548       0x28 /usr/local/mcuxpressoide-11.8.0_1165/ide/plugins/com.nxp.mcuxpresso.tools.linux_11.8.0.202306131047/tools/bin/../lib/gcc/arm-none-eabi/12.2.1/../../../../arm-none-eabi/lib/thumb/v7-m/nofp/libc.a(libc_a-signalr.o)
                0x000000000000b548                _kill_r
 .text._getpid_r
                0x000000000000b570        0x4 /usr/local/mcuxpressoide-11.8.0_1165/ide/plugins/com.nxp.mcuxpresso.tools.linux_11.8.0.202306131047/tools/bin/../lib/gcc/arm-none-eabi/12.2.1/../../../../arm-none-eabi/lib/thumb/v7-m/nofp/libc.a(libc_a-signalr.o)
                0x000000000000b570                _getpid_r
 .text          0x000000000000b574      0x378 /usr/local/mcuxpressoide-11.8.0_1165/ide/plugins/com.nxp.mcuxpresso.tools.linux_11.8.0.202306131047/tools/bin/../lib/gcc/arm-none-eabi/12.2.1/thumb/v7-m/nofp/libgcc.a(_arm_addsubdf3.o)
                0x000000000000b574                __aeabi_drsub
                0x000000000000b57c                __aeabi_dsub
                0x000000000000b57c                __subdf3
                0x000000000000b580                __adddf3
                0x000000000000b580                __aeabi_dadd
                0x000000000000b7f8                __aeabi_ui2d
                0x000000000000b7f8                __floatunsidf
                0x000000000000b818                __floatsidf
                0x000000000000b818                __aeabi_i2d
                0x000000000000b83c                __extendsfdf2
                0x000000000000b83c                __aeabi_f2d
                0x000000000000b880                __aeabi_ul2d
                0x000000000000b880                __floatundidf
                0x000000000000b890                __floatdidf
                0x000000000000b890                __aeabi_l2d
 .text          0x000000000000b8ec      0x424 /usr/local/mcuxpressoide-11.8.0_1165/ide/plugins/com.nxp.mcuxpresso.tools.linux_11.8.0.202306131047/tools/bin/../lib/gcc/arm-none-eabi/12.2.1/thumb/v7-m/nofp/libgcc.a(_arm_muldivdf3.o)
                0x000000000000b8ec                __aeabi_dmul
                0x000000000000b8ec                __muldf3
                0x000000000000bb40                __aeabi_ddiv
                0x000000000000bb40                __divdf3
 .text          0x000000000000bd10      0x110 /usr/local/mcuxpressoide-11.8.0_1165/ide/plugins/com.nxp.mcuxpresso.tools.linux_11.8.0.202306131047/tools/bin/../lib/gcc/arm-none-eabi/12.2.1/thumb/v7-m/nofp/libgcc.a(_arm_cmpdf2.o)
                0x000000000000bd10                __gtdf2
                0x000000000000bd10                __gedf2
                0x000000000000bd18                __ltdf2
                0x000000000000bd18                __ledf2
                0x000000000000bd20                __cmpdf2
                0x000000000000bd20                __eqdf2
                0x000000000000bd20                __nedf2
                0x000000000000bd9c                __aeabi_cdrcmple
                0x000000000000bdac                __aeabi_cdcmple
                0x000000000000bdac                __aeabi_cdcmpeq
                0x000000000000bdbc                __aeabi_dcmpeq
                0x000000000000bdd0                __aeabi_dcmplt
                0x000000000000bde4                __aeabi_dcmple
                0x000000000000bdf8                __aeabi_dcmpge
                0x000000000000be0c                __aeabi_dcmpgt
 .text          0x000000000000be20       0x2c /usr/local/mcuxpressoide-11.8.0_1165/ide/plugins/com.nxp.mcuxpresso.tools.linux_11.8.0.202306131047/tools/bin/../lib/gcc/arm-none-eabi/12.2.1/thumb/v7-m/nofp/libgcc.a(_arm_unorddf2.o)
                0x000000000000be20                __aeabi_dcmpun
                0x000000000000be20                __unorddf2
 .text          0x000000000000be4c       0x50 /usr/local/mcuxpressoide-11.8.0_1165/ide/plugins/com.nxp.mcuxpresso.tools.linux_11.8.0.202306131047/tools/bin/../lib/gcc/arm-none-eabi/12.2.1/thumb/v7-m/nofp/libgcc.a(_arm_fixdfsi.o)
                0x000000000000be4c                __fixdfsi
                0x000000000000be4c                __aeabi_d2iz
 .text._getpid  0x000000000000be9c       0x10 /usr/local/mcuxpressoide-11.8.0_1165/ide/plugins/com.nxp.mcuxpresso.tools.linux_11.8.0.202306131047/tools/bin/../lib/gcc/arm-none-eabi/12.2.1/../../../../arm-none-eabi/lib/thumb/v7-m/nofp/libnosys.a(getpid.o)
                0x000000000000be9c                _getpid
 .text._kill    0x000000000000beac       0x10 /usr/local/mcuxpressoide-11.8.0_1165/ide/plugins/com.nxp.mcuxpresso.tools.linux_11.8.0.202306131047/tools/bin/../lib/gcc/arm-none-eabi/12.2.1/../../../../arm-none-eabi/lib/thumb/v7-m/nofp/libnosys.a(kill.o)
                0x000000000000beac                _kill
 .text.__wrap__malloc_r
                0x000000000000bebc       0x1e /home/pc/Desktop/Cours/micro_controller/labo1/mbed-os/Debug/libmbed-os.a(mbed_alloc_wrappers.o)
                0x000000000000bebc                __wrap__malloc_r
 .text.malloc_wrapper
                0x000000000000beda       0x22 /home/pc/Desktop/Cours/micro_controller/labo1/mbed-os/Debug/libmbed-os.a(mbed_alloc_wrappers.o)
                0x000000000000beda                malloc_wrapper
 .text.__wrap__realloc_r
                0x000000000000befc       0x24 /home/pc/Desktop/Cours/micro_controller/labo1/mbed-os/Debug/libmbed-os.a(mbed_alloc_wrappers.o)
                0x000000000000befc                __wrap__realloc_r
 .text.__wrap__free_r
                0x000000000000bf20       0x1c /home/pc/Desktop/Cours/micro_controller/labo1/mbed-os/Debug/libmbed-os.a(mbed_alloc_wrappers.o)
                0x000000000000bf20                __wrap__free_r
 .text.free_wrapper
                0x000000000000bf3c       0x1a /home/pc/Desktop/Cours/micro_controller/labo1/mbed-os/Debug/libmbed-os.a(mbed_alloc_wrappers.o)
                0x000000000000bf3c                free_wrapper
 .text.__wrap__calloc_r
                0x000000000000bf56       0x24 /home/pc/Desktop/Cours/micro_controller/labo1/mbed-os/Debug/libmbed-os.a(mbed_alloc_wrappers.o)
                0x000000000000bf56                __wrap__calloc_r
 *fill*         0x000000000000bf7a        0x2 
 .text.gpio_write
                0x000000000000bf7c       0x48 /home/pc/Desktop/Cours/micro_controller/labo1/mbed-os/Debug/libmbed-os.a(BusOut.o)
 .text._ZN4mbed10DigitalOutC2E7PinName
                0x000000000000bfc4       0x2e /home/pc/Desktop/Cours/micro_controller/labo1/mbed-os/Debug/libmbed-os.a(BusOut.o)
                0x000000000000bfc4                mbed::DigitalOut::DigitalOut(PinName)
                0x000000000000bfc4                mbed::DigitalOut::DigitalOut(PinName)
 .text._ZN4mbed10DigitalOut5writeEi
                0x000000000000bff2       0x1a /home/pc/Desktop/Cours/micro_controller/labo1/mbed-os/Debug/libmbed-os.a(BusOut.o)
                0x000000000000bff2                mbed::DigitalOut::write(int)
 .text._ZN13PlatformMutexD2Ev
                0x000000000000c00c       0x16 /home/pc/Desktop/Cours/micro_controller/labo1/mbed-os/Debug/libmbed-os.a(BusOut.o)
                0x000000000000c00c                PlatformMutex::~PlatformMutex()
                0x000000000000c00c                PlatformMutex::~PlatformMutex()
 *fill*         0x000000000000c022        0x2 
 .text._ZN4mbed6BusOutC2E7PinNameS1_S1_S1_S1_S1_S1_S1_S1_S1_S1_S1_S1_S1_S1_S1_
                0x000000000000c024       0xe8 /home/pc/Desktop/Cours/micro_controller/labo1/mbed-os/Debug/libmbed-os.a(BusOut.o)
                0x000000000000c024                mbed::BusOut::BusOut(PinName, PinName, PinName, PinName, PinName, PinName, PinName, PinName, PinName, PinName, PinName, PinName, PinName, PinName, PinName, PinName)
                0x000000000000c024                mbed::BusOut::BusOut(PinName, PinName, PinName, PinName, PinName, PinName, PinName, PinName, PinName, PinName, PinName, PinName, PinName, PinName, PinName, PinName)
 .text._ZN4mbed6BusOutD2Ev
                0x000000000000c10c       0x60 /home/pc/Desktop/Cours/micro_controller/labo1/mbed-os/Debug/libmbed-os.a(BusOut.o)
                0x000000000000c10c                mbed::BusOut::~BusOut()
                0x000000000000c10c                mbed::BusOut::~BusOut()
 .text._ZN4mbed6BusOutD0Ev
                0x000000000000c16c       0x1c /home/pc/Desktop/Cours/micro_controller/labo1/mbed-os/Debug/libmbed-os.a(BusOut.o)
                0x000000000000c16c                mbed::BusOut::~BusOut()
 .text._ZN4mbed6BusOut5writeEi
                0x000000000000c188       0x64 /home/pc/Desktop/Cours/micro_controller/labo1/mbed-os/Debug/libmbed-os.a(BusOut.o)
                0x000000000000c188                mbed::BusOut::write(int)
 .text._ZN4mbed6BusOutaSEi
                0x000000000000c1ec       0x1a /home/pc/Desktop/Cours/micro_controller/labo1/mbed-os/Debug/libmbed-os.a(BusOut.o)
                0x000000000000c1ec                mbed::BusOut::operator=(int)
 .text._ZN4mbed6BusOut4lockEv
                0x000000000000c206       0x18 /home/pc/Desktop/Cours/micro_controller/labo1/mbed-os/Debug/libmbed-os.a(BusOut.o)
                0x000000000000c206                mbed::BusOut::lock()
 .text._ZN4mbed6BusOut6unlockEv
                0x000000000000c21e       0x18 /home/pc/Desktop/Cours/micro_controller/labo1/mbed-os/Debug/libmbed-os.a(BusOut.o)
                0x000000000000c21e                mbed::BusOut::unlock()
 .text._ZN4mbed11NonCopyableI13PlatformMutexED2Ev
                0x000000000000c236        0xc /home/pc/Desktop/Cours/micro_controller/labo1/mbed-os/Debug/libmbed-os.a(BusOut.o)
                0x000000000000c236                mbed::NonCopyable<PlatformMutex>::~NonCopyable()
                0x000000000000c236                mbed::NonCopyable<PlatformMutex>::~NonCopyable()
 .text._ZN4mbed11NonCopyableINS_6BusOutEEC2Ev
                0x000000000000c242        0xc /home/pc/Desktop/Cours/micro_controller/labo1/mbed-os/Debug/libmbed-os.a(BusOut.o)
                0x000000000000c242                mbed::NonCopyable<mbed::BusOut>::NonCopyable()
                0x000000000000c242                mbed::NonCopyable<mbed::BusOut>::NonCopyable()
 .text._ZN4mbed11NonCopyableINS_6BusOutEED2Ev
                0x000000000000c24e        0xc /home/pc/Desktop/Cours/micro_controller/labo1/mbed-os/Debug/libmbed-os.a(BusOut.o)
                0x000000000000c24e                mbed::NonCopyable<mbed::BusOut>::~NonCopyable()
                0x000000000000c24e                mbed::NonCopyable<mbed::BusOut>::~NonCopyable()
 *fill*         0x000000000000c25a        0x2 
 .text.gpio_write
                0x000000000000c25c       0x48 /home/pc/Desktop/Cours/micro_controller/labo1/mbed-os/Debug/libmbed-os.a(I2C.o)
 .text.gpio_read
                0x000000000000c2a4       0x40 /home/pc/Desktop/Cours/micro_controller/labo1/mbed-os/Debug/libmbed-os.a(I2C.o)
 .text._ZN4mbed12DigitalInOutC2E7PinName12PinDirection7PinModei
                0x000000000000c2e4       0x4a /home/pc/Desktop/Cours/micro_controller/labo1/mbed-os/Debug/libmbed-os.a(I2C.o)
                0x000000000000c2e4                mbed::DigitalInOut::DigitalInOut(PinName, PinDirection, PinMode, int)
                0x000000000000c2e4                mbed::DigitalInOut::DigitalInOut(PinName, PinDirection, PinMode, int)
 .text._ZN4mbed12DigitalInOut5writeEi
                0x000000000000c32e       0x1a /home/pc/Desktop/Cours/micro_controller/labo1/mbed-os/Debug/libmbed-os.a(I2C.o)
                0x000000000000c32e                mbed::DigitalInOut::write(int)
 .text._ZN4mbed12DigitalInOut4readEv
                0x000000000000c348       0x18 /home/pc/Desktop/Cours/micro_controller/labo1/mbed-os/Debug/libmbed-os.a(I2C.o)
                0x000000000000c348                mbed::DigitalInOut::read()
 .text._ZN4mbed12DigitalInOut6outputEv
                0x000000000000c360       0x20 /home/pc/Desktop/Cours/micro_controller/labo1/mbed-os/Debug/libmbed-os.a(I2C.o)
                0x000000000000c360                mbed::DigitalInOut::output()
 .text._ZN4mbed12DigitalInOut5inputEv
                0x000000000000c380       0x20 /home/pc/Desktop/Cours/micro_controller/labo1/mbed-os/Debug/libmbed-os.a(I2C.o)
                0x000000000000c380                mbed::DigitalInOut::input()
 .text._ZN4mbed12DigitalInOut4modeE7PinMode
                0x000000000000c3a0       0x2a /home/pc/Desktop/Cours/micro_controller/labo1/mbed-os/Debug/libmbed-os.a(I2C.o)
                0x000000000000c3a0                mbed::DigitalInOut::mode(PinMode)
 .text._ZN4mbed12DigitalInOutaSEi
                0x000000000000c3ca       0x1a /home/pc/Desktop/Cours/micro_controller/labo1/mbed-os/Debug/libmbed-os.a(I2C.o)
                0x000000000000c3ca                mbed::DigitalInOut::operator=(int)
 .text._ZN4mbed12DigitalInOutcviEv
                0x000000000000c3e4       0x16 /home/pc/Desktop/Cours/micro_controller/labo1/mbed-os/Debug/libmbed-os.a(I2C.o)
                0x000000000000c3e4                mbed::DigitalInOut::operator int()
 *fill*         0x000000000000c3fa        0x2 
 .text._ZN4mbed3I2CC2E7PinNameS1_
                0x000000000000c3fc       0x74 /home/pc/Desktop/Cours/micro_controller/labo1/mbed-os/Debug/libmbed-os.a(I2C.o)
                0x000000000000c3fc                mbed::I2C::I2C(PinName, PinName)
                0x000000000000c3fc                mbed::I2C::I2C(PinName, PinName)
 .text._ZN4mbed3I2C5writeEi
                0x000000000000c470       0x36 /home/pc/Desktop/Cours/micro_controller/labo1/mbed-os/Debug/libmbed-os.a(I2C.o)
                0x000000000000c470                mbed::I2C::write(int)
 .text._ZN4mbed3I2C4readEi
                0x000000000000c4a6       0x4c /home/pc/Desktop/Cours/micro_controller/labo1/mbed-os/Debug/libmbed-os.a(I2C.o)
                0x000000000000c4a6                mbed::I2C::read(int)
 .text._ZN4mbed3I2C5startEv
                0x000000000000c4f2       0x2e /home/pc/Desktop/Cours/micro_controller/labo1/mbed-os/Debug/libmbed-os.a(I2C.o)
                0x000000000000c4f2                mbed::I2C::start()
 .text._ZN4mbed3I2C4stopEv
                0x000000000000c520       0x2e /home/pc/Desktop/Cours/micro_controller/labo1/mbed-os/Debug/libmbed-os.a(I2C.o)
                0x000000000000c520                mbed::I2C::stop()
 *fill*         0x000000000000c54e        0x2 
 .text._ZN4mbed3I2C4lockEv
                0x000000000000c550       0x20 /home/pc/Desktop/Cours/micro_controller/labo1/mbed-os/Debug/libmbed-os.a(I2C.o)
                0x000000000000c550                mbed::I2C::lock()
 .text._ZN4mbed3I2C6unlockEv
                0x000000000000c570       0x20 /home/pc/Desktop/Cours/micro_controller/labo1/mbed-os/Debug/libmbed-os.a(I2C.o)
                0x000000000000c570                mbed::I2C::unlock()
 .text._ZN4mbed3I2C7recoverE7PinNameS1_
                0x000000000000c590      0x13a /home/pc/Desktop/Cours/micro_controller/labo1/mbed-os/Debug/libmbed-os.a(I2C.o)
                0x000000000000c590                mbed::I2C::recover(PinName, PinName)
 .text._ZN4mbed11NonCopyableINS_3I2CEEC2Ev
                0x000000000000c6ca        0xc /home/pc/Desktop/Cours/micro_controller/labo1/mbed-os/Debug/libmbed-os.a(I2C.o)
                0x000000000000c6ca                mbed::NonCopyable<mbed::I2C>::NonCopyable()
                0x000000000000c6ca                mbed::NonCopyable<mbed::I2C>::NonCopyable()
 .text.i2c_conclr
                0x000000000000c6d6       0x2c /home/pc/Desktop/Cours/micro_controller/labo1/mbed-os/Debug/libmbed-os.a(i2c_api.o)
 .text.i2c_conset
                0x000000000000c702       0x2c /home/pc/Desktop/Cours/micro_controller/labo1/mbed-os/Debug/libmbed-os.a(i2c_api.o)
 .text.i2c_clear_SI
                0x000000000000c72e       0x1e /home/pc/Desktop/Cours/micro_controller/labo1/mbed-os/Debug/libmbed-os.a(i2c_api.o)
 .text.i2c_status
                0x000000000000c74c       0x10 /home/pc/Desktop/Cours/micro_controller/labo1/mbed-os/Debug/libmbed-os.a(i2c_api.o)
 .text.i2c_wait_SI
                0x000000000000c75c       0x38 /home/pc/Desktop/Cours/micro_controller/labo1/mbed-os/Debug/libmbed-os.a(i2c_api.o)
 .text.i2c_interface_enable
                0x000000000000c794       0x12 /home/pc/Desktop/Cours/micro_controller/labo1/mbed-os/Debug/libmbed-os.a(i2c_api.o)
 *fill*         0x000000000000c7a6        0x2 
 .text.i2c_power_enable
                0x000000000000c7a8       0x70 /home/pc/Desktop/Cours/micro_controller/labo1/mbed-os/Debug/libmbed-os.a(i2c_api.o)
 .text.i2c_init
                0x000000000000c818       0x94 /home/pc/Desktop/Cours/micro_controller/labo1/mbed-os/Debug/libmbed-os.a(i2c_api.o)
                0x000000000000c818                i2c_init
 .text.i2c_start
                0x000000000000c8ac       0x6a /home/pc/Desktop/Cours/micro_controller/labo1/mbed-os/Debug/libmbed-os.a(i2c_api.o)
                0x000000000000c8ac                i2c_start
 *fill*         0x000000000000c916        0x2 
 .text.i2c_stop
                0x000000000000c918       0x50 /home/pc/Desktop/Cours/micro_controller/labo1/mbed-os/Debug/libmbed-os.a(i2c_api.o)
                0x000000000000c918                i2c_stop
 .text.i2c_do_write
                0x000000000000c968       0x32 /home/pc/Desktop/Cours/micro_controller/labo1/mbed-os/Debug/libmbed-os.a(i2c_api.o)
 .text.i2c_do_read
                0x000000000000c99a       0x4c /home/pc/Desktop/Cours/micro_controller/labo1/mbed-os/Debug/libmbed-os.a(i2c_api.o)
 *fill*         0x000000000000c9e6        0x2 
 .text.i2c_frequency
                0x000000000000c9e8       0x38 /home/pc/Desktop/Cours/micro_controller/labo1/mbed-os/Debug/libmbed-os.a(i2c_api.o)
                0x000000000000c9e8                i2c_frequency
 .text.i2c_byte_read
                0x000000000000ca20       0x1c /home/pc/Desktop/Cours/micro_controller/labo1/mbed-os/Debug/libmbed-os.a(i2c_api.o)
                0x000000000000ca20                i2c_byte_read
 .text.i2c_byte_write
                0x000000000000ca3c       0x5e /home/pc/Desktop/Cours/micro_controller/labo1/mbed-os/Debug/libmbed-os.a(i2c_api.o)
                0x000000000000ca3c                i2c_byte_write
 *fill*         0x000000000000ca9a        0x2 
 .text._realloc_r
                0x000000000000ca9c      0x358 /usr/local/mcuxpressoide-11.8.0_1165/ide/plugins/com.nxp.mcuxpresso.tools.linux_11.8.0.202306131047/tools/bin/../lib/gcc/arm-none-eabi/12.2.1/../../../../arm-none-eabi/lib/thumb/v7-m/nofp/libc.a(libc_a-reallocr.o)
                0x000000000000ca9c                _realloc_r
 .text._malloc_trim_r
                0x000000000000cdf4       0xb8 /usr/local/mcuxpressoide-11.8.0_1165/ide/plugins/com.nxp.mcuxpresso.tools.linux_11.8.0.202306131047/tools/bin/../lib/gcc/arm-none-eabi/12.2.1/../../../../arm-none-eabi/lib/thumb/v7-m/nofp/libc.a(libc_a-freer.o)
                0x000000000000cdf4                _malloc_trim_r
 .text._free_r  0x000000000000ceac      0x1f8 /usr/local/mcuxpressoide-11.8.0_1165/ide/plugins/com.nxp.mcuxpresso.tools.linux_11.8.0.202306131047/tools/bin/../lib/gcc/arm-none-eabi/12.2.1/../../../../arm-none-eabi/lib/thumb/v7-m/nofp/libc.a(libc_a-freer.o)
                0x000000000000ceac                _free_r
 .text._sbrk_r  0x000000000000d0a4       0x24 /usr/local/mcuxpressoide-11.8.0_1165/ide/plugins/com.nxp.mcuxpresso.tools.linux_11.8.0.202306131047/tools/bin/../lib/gcc/arm-none-eabi/12.2.1/../../../../arm-none-eabi/lib/thumb/v7-m/nofp/libc.a(libc_a-sbrkr.o)
                0x000000000000d0a4                _sbrk_r
 .text._malloc_r
                0x000000000000d0c8      0x568 /usr/local/mcuxpressoide-11.8.0_1165/ide/plugins/com.nxp.mcuxpresso.tools.linux_11.8.0.202306131047/tools/bin/../lib/gcc/arm-none-eabi/12.2.1/../../../../arm-none-eabi/lib/thumb/v7-m/nofp/libc.a(libc_a-mallocr.o)
                0x000000000000d0c8                _malloc_r
 .text.sysconf  0x000000000000d630       0x1c /usr/local/mcuxpressoide-11.8.0_1165/ide/plugins/com.nxp.mcuxpresso.tools.linux_11.8.0.202306131047/tools/bin/../lib/gcc/arm-none-eabi/12.2.1/../../../../arm-none-eabi/lib/thumb/v7-m/nofp/libc.a(libc_a-sysconf.o)
                0x000000000000d630                sysconf
 .text._calloc_r
                0x000000000000d64c       0x6c /usr/local/mcuxpressoide-11.8.0_1165/ide/plugins/com.nxp.mcuxpresso.tools.linux_11.8.0.202306131047/tools/bin/../lib/gcc/arm-none-eabi/12.2.1/../../../../arm-none-eabi/lib/thumb/v7-m/nofp/libc.a(libc_a-callocr.o)
                0x000000000000d64c                _calloc_r
 *(.init)
 .init          0x000000000000d6b8        0x4 /usr/local/mcuxpressoide-11.8.0_1165/ide/plugins/com.nxp.mcuxpresso.tools.linux_11.8.0.202306131047/tools/bin/../lib/gcc/arm-none-eabi/12.2.1/thumb/v7-m/nofp/crti.o
                0x000000000000d6b8                _init
 .init          0x000000000000d6bc        0x8 /usr/local/mcuxpressoide-11.8.0_1165/ide/plugins/com.nxp.mcuxpresso.tools.linux_11.8.0.202306131047/tools/bin/../lib/gcc/arm-none-eabi/12.2.1/thumb/v7-m/nofp/crtn.o
 *(.fini)
 .fini          0x000000000000d6c4        0x4 /usr/local/mcuxpressoide-11.8.0_1165/ide/plugins/com.nxp.mcuxpresso.tools.linux_11.8.0.202306131047/tools/bin/../lib/gcc/arm-none-eabi/12.2.1/thumb/v7-m/nofp/crti.o
                0x000000000000d6c4                _fini
 .fini          0x000000000000d6c8        0x8 /usr/local/mcuxpressoide-11.8.0_1165/ide/plugins/com.nxp.mcuxpresso.tools.linux_11.8.0.202306131047/tools/bin/../lib/gcc/arm-none-eabi/12.2.1/thumb/v7-m/nofp/crtn.o