Archive member included to satisfy reference by file (symbol)

/home/pc/Desktop/Cours/micro_controller/labo1/mbed-os/Debug/libmbed-os.a(startup_LPC17xx.o)
                              (Reset_Handler)
/home/pc/Desktop/Cours/micro_controller/labo1/mbed-os/Debug/libmbed-os.a(system_LPC17xx.o)
                              /home/pc/Desktop/Cours/micro_controller/labo1/mbed-os/Debug/libmbed-os.a(startup_LPC17xx.o) (SystemInit)
/home/pc/Desktop/Cours/micro_controller/labo1/mbed-os/Debug/libmbed-os.a(mbed_retarget.o)
                              /usr/local/mcuxpressoide-11.8.0_1165/ide/plugins/com.nxp.mcuxpresso.tools.linux_11.8.0.202306131047/tools/bin/../lib/gcc/arm-none-eabi/12.2.1/../../../../arm-none-eabi/lib/thumb/v7-m/nofp/crt0.o (__wrap_exit)
/home/pc/Desktop/Cours/micro_controller/labo1/mbed-os/Debug/libmbed-os.a(mbed_sdk_boot.o)
                              /usr/local/mcuxpressoide-11.8.0_1165/ide/plugins/com.nxp.mcuxpresso.tools.linux_11.8.0.202306131047/tools/bin/../lib/gcc/arm-none-eabi/12.2.1/../../../../arm-none-eabi/lib/thumb/v7-m/nofp/crt0.o (__wrap_main)
/home/pc/Desktop/Cours/micro_controller/labo1/mbed-os/Debug/libmbed-os.a(mbed_semihost_api.o)
                              /home/pc/Desktop/Cours/micro_controller/labo1/mbed-os/Debug/libmbed-os.a(mbed_retarget.o) (semihost_exit)
/home/pc/Desktop/Cours/micro_controller/labo1/mbed-os/Debug/libmbed-os.a(mbed_ticker_api.o)
                              /home/pc/Desktop/Cours/micro_controller/labo1/mbed-os/Debug/libmbed-os.a(mbed_retarget.o) (ticker_read)
/home/pc/Desktop/Cours/micro_controller/labo1/mbed-os/Debug/libmbed-os.a(mbed_us_ticker_api.o)
                              /home/pc/Desktop/Cours/micro_controller/labo1/mbed-os/Debug/libmbed-os.a(mbed_retarget.o) (get_us_ticker_data)
/home/pc/Desktop/Cours/micro_controller/labo1/mbed-os/Debug/libmbed-os.a(serial_api.o)
                              /home/pc/Desktop/Cours/micro_controller/labo1/mbed-os/Debug/libmbed-os.a(mbed_retarget.o) (stdio_uart_inited)
/home/pc/Desktop/Cours/micro_controller/labo1/mbed-os/Debug/libmbed-os.a(us_ticker.o)
                              /home/pc/Desktop/Cours/micro_controller/labo1/mbed-os/Debug/libmbed-os.a(mbed_us_ticker_api.o) (us_ticker_init)
/home/pc/Desktop/Cours/micro_controller/labo1/mbed-os/Debug/libmbed-os.a(FileHandle.o)
                              /home/pc/Desktop/Cours/micro_controller/labo1/mbed-os/Debug/libmbed-os.a(mbed_retarget.o) (vtable for mbed::FileHandle)
/home/pc/Desktop/Cours/micro_controller/labo1/mbed-os/Debug/libmbed-os.a(FilePath.o)
                              /home/pc/Desktop/Cours/micro_controller/labo1/mbed-os/Debug/libmbed-os.a(mbed_retarget.o) (mbed::FilePath::FilePath(char const*))
/home/pc/Desktop/Cours/micro_controller/labo1/mbed-os/Debug/libmbed-os.a(mbed_assert.o)
                              /home/pc/Desktop/Cours/micro_controller/labo1/mbed-os/Debug/libmbed-os.a(mbed_retarget.o) (mbed_assert_internal)
/home/pc/Desktop/Cours/micro_controller/labo1/mbed-os/Debug/libmbed-os.a(mbed_board.o)
                              /home/pc/Desktop/Cours/micro_controller/labo1/mbed-os/Debug/libmbed-os.a(mbed_retarget.o) (mbed_die)
/home/pc/Desktop/Cours/micro_controller/labo1/mbed-os/Debug/libmbed-os.a(mbed_critical.o)
                              /home/pc/Desktop/Cours/micro_controller/labo1/mbed-os/Debug/libmbed-os.a(mbed_ticker_api.o) (core_util_critical_section_enter)
/home/pc/Desktop/Cours/micro_controller/labo1/mbed-os/Debug/libmbed-os.a(mbed_error.o)
                              /home/pc/Desktop/Cours/micro_controller/labo1/mbed-os/Debug/libmbed-os.a(mbed_retarget.o) (mbed_error)
/home/pc/Desktop/Cours/micro_controller/labo1/mbed-os/Debug/libmbed-os.a(mbed_interface.o)
                              /home/pc/Desktop/Cours/micro_controller/labo1/mbed-os/Debug/libmbed-os.a(mbed_retarget.o) (mbed_interface_connected)
/home/pc/Desktop/Cours/micro_controller/labo1/mbed-os/Debug/libmbed-os.a(mbed_poll.o)
                              /home/pc/Desktop/Cours/micro_controller/labo1/mbed-os/Debug/libmbed-os.a(mbed_retarget.o) (mbed::poll(mbed::pollfh*, unsigned int, int))
/home/pc/Desktop/Cours/micro_controller/labo1/mbed-os/Debug/libmbed-os.a(mbed_wait_api_no_rtos.o)
                              /home/pc/Desktop/Cours/micro_controller/labo1/mbed-os/Debug/libmbed-os.a(mbed_board.o) (wait_us)
/home/pc/Desktop/Cours/micro_controller/labo1/mbed-os/Debug/libmbed-os.a(mbed_critical_section_api.o)
                              /home/pc/Desktop/Cours/micro_controller/labo1/mbed-os/Debug/libmbed-os.a(mbed_critical.o) (hal_critical_section_enter)
/home/pc/Desktop/Cours/micro_controller/labo1/mbed-os/Debug/libmbed-os.a(mbed_gpio.o)
                              /home/pc/Desktop/Cours/micro_controller/labo1/mbed-os/Debug/libmbed-os.a(serial_api.o) (gpio_init_in)
/home/pc/Desktop/Cours/micro_controller/labo1/mbed-os/Debug/libmbed-os.a(mbed_pinmap_common.o)
[...]
Memory Configuration

Name             Origin             Length             Attributes
FLASH            0x0000000000000000 0x0000000000080000 xr
RAM              0x0000000010000100 0x0000000000007f00 xrw
RAM2             0x000000002007c000 0x0000000000008000 xrw
*default*        0x0000000000000000 0xffffffffffffffff

Linker script and memory map

LOAD /usr/local/mcuxpressoide-11.8.0_1165/ide/plugins/com.nxp.mcuxpresso.tools.linux_11.8.0.202306131047/tools/bin/../lib/gcc/arm-none-eabi/12.2.1/thumb/v7-m/nofp/crti.o
LOAD /usr/local/mcuxpressoide-11.8.0_1165/ide/plugins/com.nxp.mcuxpresso.tools.linux_11.8.0.202306131047/tools/bin/../lib/gcc/arm-none-eabi/12.2.1/thumb/v7-m/nofp/crtbegin.o
LOAD /usr/local/mcuxpressoide-11.8.0_1165/ide/plugins/com.nxp.mcuxpresso.tools.linux_11.8.0.202306131047/tools/bin/../lib/gcc/arm-none-eabi/12.2.1/../../../../arm-none-eabi/lib/thumb/v7-m/nofp/crt0.o
START GROUP
LOAD /usr/local/mcuxpressoide-11.8.0_1165/ide/plugins/com.nxp.mcuxpresso.tools.linux_11.8.0.202306131047/tools/bin/../lib/gcc/arm-none-eabi/12.2.1/../../../../arm-none-eabi/lib/thumb/v7-m/nofp/libstdc++.a
LOAD /usr/local/mcuxpressoide-11.8.0_1165/ide/plugins/com.nxp.mcuxpresso.tools.linux_11.8.0.202306131047/tools/bin/../lib/gcc/arm-none-eabi/12.2.1/../../../../arm-none-eabi/lib/thumb/v7-m/nofp/libsupc++.a
LOAD /usr/local/mcuxpressoide-11.8.0_1165/ide/plugins/com.nxp.mcuxpresso.tools.linux_11.8.0.202306131047/tools/bin/../lib/gcc/arm-none-eabi/12.2.1/thumb/v7-m/nofp/libgcc.a
LOAD /usr/local/mcuxpressoide-11.8.0_1165/ide/plugins/com.nxp.mcuxpresso.tools.linux_11.8.0.202306131047/tools/bin/../lib/gcc/arm-none-eabi/12.2.1/../../../../arm-none-eabi/lib/thumb/v7-m/nofp/libnosys.a
LOAD /home/pc/Desktop/Cours/micro_controller/labo1/mbed-os/Debug/libmbed-os.a
END GROUP
LOAD ./src/labo1.o
LOAD /usr/local/mcuxpressoide-11.8.0_1165/ide/plugins/com.nxp.mcuxpresso.tools.linux_11.8.0.202306131047/tools/bin/../lib/gcc/arm-none-eabi/12.2.1/../../../../arm-none-eabi/lib/thumb/v7-m/nofp/libstdc++.a
LOAD /usr/local/mcuxpressoide-11.8.0_1165/ide/plugins/com.nxp.mcuxpresso.tools.linux_11.8.0.202306131047/tools/bin/../lib/gcc/arm-none-eabi/12.2.1/../../../../arm-none-eabi/lib/thumb/v7-m/nofp/libsupc++.a
LOAD /usr/local/mcuxpressoide-11.8.0_1165/ide/plugins/com.nxp.mcuxpresso.tools.linux_11.8.0.202306131047/tools/bin/../lib/gcc/arm-none-eabi/12.2.1/../../../../arm-none-eabi/lib/thumb/v7-m/nofp/libm.a
LOAD /usr/local/mcuxpressoide-11.8.0_1165/ide/plugins/com.nxp.mcuxpresso.tools.linux_11.8.0.202306131047/tools/bin/../lib/gcc/arm-none-eabi/12.2.1/../../../../arm-none-eabi/lib/thumb/v7-m/nofp/libc.a
LOAD /usr/local/mcuxpressoide-11.8.0_1165/ide/plugins/com.nxp.mcuxpresso.tools.linux_11.8.0.202306131047/tools/bin/../lib/gcc/arm-none-eabi/12.2.1/thumb/v7-m/nofp/libgcc.a
LOAD /usr/local/mcuxpressoide-11.8.0_1165/ide/plugins/com.nxp.mcuxpresso.tools.linux_11.8.0.202306131047/tools/bin/../lib/gcc/arm-none-eabi/12.2.1/../../../../arm-none-eabi/lib/thumb/v7-m/nofp/libnosys.a
LOAD /home/pc/Desktop/Cours/micro_controller/labo1/mbed-os/Debug/libmbed-os.a
LOAD /usr/local/mcuxpressoide-11.8.0_1165/ide/plugins/com.nxp.mcuxpresso.tools.linux_11.8.0.202306131047/tools/bin/../lib/gcc/arm-none-eabi/12.2.1/../../../../arm-none-eabi/lib/thumb/v7-m/nofp/libstdc++.a
LOAD /usr/local/mcuxpressoide-11.8.0_1165/ide/plugins/com.nxp.mcuxpresso.tools.linux_11.8.0.202306131047/tools/bin/../lib/gcc/arm-none-eabi/12.2.1/../../../../arm-none-eabi/lib/thumb/v7-m/nofp/libm.a
LOAD /usr/local/mcuxpressoide-11.8.0_1165/ide/plugins/com.nxp.mcuxpresso.tools.linux_11.8.0.202306131047/tools/bin/../lib/gcc/arm-none-eabi/12.2.1/../../../../arm-none-eabi/lib/thumb/v7-m/nofp/libc.a
START GROUP
LOAD /usr/local/mcuxpressoide-11.8.0_1165/ide/plugins/com.nxp.mcuxpresso.tools.linux_11.8.0.202306131047/tools/bin/../lib/gcc/arm-none-eabi/12.2.1/thumb/v7-m/nofp/libgcc.a
LOAD /usr/local/mcuxpressoide-11.8.0_1165/ide/plugins/com.nxp.mcuxpresso.tools.linux_11.8.0.202306131047/tools/bin/../lib/gcc/arm-none-eabi/12.2.1/../../../../arm-none-eabi/lib/thumb/v7-m/nofp/libc.a
END GROUP
LOAD /usr/local/mcuxpressoide-11.8.0_1165/ide/plugins/com.nxp.mcuxpresso.tools.linux_11.8.0.202306131047/tools/bin/../lib/gcc/arm-none-eabi/12.2.1/thumb/v7-m/nofp/crtend.o
LOAD /usr/local/mcuxpressoide-11.8.0_1165/ide/plugins/com.nxp.mcuxpresso.tools.linux_11.8.0.202306131047/tools/bin/../lib/gcc/arm-none-eabi/12.2.1/thumb/v7-m/nofp/crtn.o

.text           0x0000000000000000     0xe6b4
 *(.isr_vector)
 .isr_vector    0x0000000000000000       0xcc /home/pc/Desktop/Cours/micro_controller/labo1/mbed-os/Debug/libmbed-os.a(startup_LPC17xx.o)
                0x0000000000000000                __isr_vector
                0x00000000000002fc                . = 0x2fc
 *fill*         0x00000000000000cc      0x230 
 *(.CRPSection)
 *(.text*)
 .text.deregister_tm_clones
                0x00000000000002fc       0x1c /usr/local/mcuxpressoide-11.8.0_1165/ide/plugins/com.nxp.mcuxpresso.tools.linux_11.8.0.202306131047/tools/bin/../lib/gcc/arm-none-eabi/12.2.1/thumb/v7-m/nofp/crtbegin.o
 .text.register_tm_clones
                0x0000000000000318       0x24 /usr/local/mcuxpressoide-11.8.0_1165/ide/plugins/com.nxp.mcuxpresso.tools.linux_11.8.0.202306131047/tools/bin/../lib/gcc/arm-none-eabi/12.2.1/thumb/v7-m/nofp/crtbegin.o
 .text.__do_global_dtors_aux
                0x000000000000033c       0x28 /usr/local/mcuxpressoide-11.8.0_1165/ide/plugins/com.nxp.mcuxpresso.tools.linux_11.8.0.202306131047/tools/bin/../lib/gcc/arm-none-eabi/12.2.1/thumb/v7-m/nofp/crtbegin.o
 .text.frame_dummy
                0x0000000000000364       0x24 /usr/local/mcuxpressoide-11.8.0_1165/ide/plugins/com.nxp.mcuxpresso.tools.linux_11.8.0.202306131047/tools/bin/../lib/gcc/arm-none-eabi/12.2.1/thumb/v7-m/nofp/crtbegin.o
 .text          0x0000000000000388       0x7c /usr/local/mcuxpressoide-11.8.0_1165/ide/plugins/com.nxp.mcuxpresso.tools.linux_11.8.0.202306131047/tools/bin/../lib/gcc/arm-none-eabi/12.2.1/../../../../arm-none-eabi/lib/thumb/v7-m/nofp/crt0.o
                0x0000000000000388                _stack_init
                0x0000000000000390                _mainCRTStartup
                0x0000000000000390                _start
 .text          0x0000000000000404       0x44 /home/pc/Desktop/Cours/micro_controller/labo1/mbed-os/Debug/libmbed-os.a(startup_LPC17xx.o)
                0x0000000000000404                Reset_Handler
                0x0000000000000434                NMI_Handler
                0x0000000000000436                HardFault_Handler
                0x0000000000000438                MemManage_Handler
                0x000000000000043a                BusFault_Handler
                0x000000000000043c                UsageFault_Handler
                0x000000000000043e                SVC_Handler
                0x0000000000000440                DebugMon_Handler
                0x0000000000000442                PendSV_Handler
                0x0000000000000444                SysTick_Handler
                0x0000000000000446                TIMER2_IRQHandler
                0x0000000000000446                RIT_IRQHandler
                0x0000000000000446                I2C0_IRQHandler
                0x0000000000000446                USBActivity_IRQHandler
                0x0000000000000446                PWM1_IRQHandler
                0x0000000000000446                I2C1_IRQHandler
                0x0000000000000446                EINT2_IRQHandler
                0x0000000000000446                UART1_IRQHandler
                0x0000000000000446                EINT3_IRQHandler
                0x0000000000000446                CANActivity_IRQHandler
                0x0000000000000446                TIMER3_IRQHandler
                0x0000000000000446                UART0_IRQHandler
                0x0000000000000446                PLL0_IRQHandler
                0x0000000000000446                CAN_IRQHandler
                0x0000000000000446                PLL1_IRQHandler
                0x0000000000000446                SSP0_IRQHandler
                0x0000000000000446                I2S_IRQHandler
                0x0000000000000446                I2C2_IRQHandler
                0x0000000000000446                RTC_IRQHandler
                0x0000000000000446                TIMER0_IRQHandler
                0x0000000000000446                SPI_IRQHandler
                0x0000000000000446                EINT1_IRQHandler
                0x0000000000000446                TIMER1_IRQHandler
                0x0000000000000446                UART2_IRQHandler
                0x0000000000000446                Default_Handler
                0x0000000000000446                ADC_IRQHandler
                0x0000000000000446                SSP1_IRQHandler
                0x0000000000000446                USB_IRQHandler
                0x0000000000000446                BOD_IRQHandler
                0x0000000000000446                WDT_IRQHandler
                0x0000000000000446                QEI_IRQHandler
                0x0000000000000446                EINT0_IRQHandler
                0x0000000000000446                DEF_IRQHandler
                0x0000000000000446                DMA_IRQHandler
                0x0000000000000446                UART3_IRQHandler
                0x0000000000000446                MCPWM_IRQHandler
                0x0000000000000446                ENET_IRQHandler
 .text.SystemInit
                0x0000000000000448       0xec /home/pc/Desktop/Cours/micro_controller/labo1/mbed-os/Debug/libmbed-os.a(system_LPC17xx.o)
                0x0000000000000448                SystemInit
 .text._ZnwjPv  0x0000000000000534        0xe /home/pc/Desktop/Cours/micro_controller/labo1/mbed-os/Debug/libmbed-os.a(mbed_retarget.o)
                0x0000000000000534                operator new(unsigned int, void*)
 .text._ZL14singleton_lockv
                0x0000000000000542        0x4 /home/pc/Desktop/Cours/micro_controller/labo1/mbed-os/Debug/libmbed-os.a(mbed_retarget.o)
 .text._ZL16singleton_unlockv
                0x0000000000000546        0x4 /home/pc/Desktop/Cours/micro_controller/labo1/mbed-os/Debug/libmbed-os.a(mbed_retarget.o)
 *fill*         0x000000000000054a        0x2 
 .text._ZN4mbed10FileHandleD2Ev
                0x000000000000054c       0x20 /home/pc/Desktop/Cours/micro_controller/labo1/mbed-os/Debug/libmbed-os.a(mbed_retarget.o)
                0x000000000000054c                mbed::FileHandle::~FileHandle()
                0x000000000000054c                mbed::FileHandle::~FileHandle()
 .text._ZN4mbed10FileHandleD0Ev
                0x000000000000056c       0x1c /home/pc/Desktop/Cours/micro_controller/labo1/mbed-os/Debug/libmbed-os.a(mbed_retarget.o)
                0x000000000000056c                mbed::FileHandle::~FileHandle()
 .text._ZN4mbed10FileHandle4syncEv
                0x0000000000000588        0xc /home/pc/Desktop/Cours/micro_controller/labo1/mbed-os/Debug/libmbed-os.a(mbed_retarget.o)
                0x0000000000000588                mbed::FileHandle::sync()
 .text._ZN4mbed10FileHandle4tellEv
                0x0000000000000594       0x20 /home/pc/Desktop/Cours/micro_controller/labo1/mbed-os/Debug/libmbed-os.a(mbed_retarget.o)
                0x0000000000000594                mbed::FileHandle::tell()
 .text._ZN4mbed10FileHandle6rewindEv
                0x00000000000005b4       0x1e /home/pc/Desktop/Cours/micro_controller/labo1/mbed-os/Debug/libmbed-os.a(mbed_retarget.o)
                0x00000000000005b4                mbed::FileHandle::rewind()
 .text._ZN4mbed10FileHandle5lseekEli
                0x00000000000005d2       0x24 /home/pc/Desktop/Cours/micro_controller/labo1/mbed-os/Debug/libmbed-os.a(mbed_retarget.o)
                0x00000000000005d2                mbed::FileHandle::lseek(long, int)
 .text._ZN4mbed10FileHandle5fsyncEv
                0x00000000000005f6       0x1c /home/pc/Desktop/Cours/micro_controller/labo1/mbed-os/Debug/libmbed-os.a(mbed_retarget.o)
                0x00000000000005f6                mbed::FileHandle::fsync()
 .text._ZN4mbed10FileHandle4flenEv
                0x0000000000000612       0x1c /home/pc/Desktop/Cours/micro_controller/labo1/mbed-os/Debug/libmbed-os.a(mbed_retarget.o)
                0x0000000000000612                mbed::FileHandle::flen()
 .text._ZN4mbed10FileHandle12set_blockingEb
                0x000000000000062e       0x20 /home/pc/Desktop/Cours/micro_controller/labo1/mbed-os/Debug/libmbed-os.a(mbed_retarget.o)
                0x000000000000062e                mbed::FileHandle::set_blocking(bool)
 .text._ZNK4mbed10FileHandle11is_blockingEv
                0x000000000000064e        0xc /home/pc/Desktop/Cours/micro_controller/labo1/mbed-os/Debug/libmbed-os.a(mbed_retarget.o)
                0x000000000000064e                mbed::FileHandle::is_blocking() const
 .text._ZNK4mbed10FileHandle4pollEs
                0x000000000000065a       0x12 /home/pc/Desktop/Cours/micro_controller/labo1/mbed-os/Debug/libmbed-os.a(mbed_retarget.o)
                0x000000000000065a                mbed::FileHandle::poll(short) const
 .text._ZN4mbed10FileHandle5sigioENS_8CallbackIFvvEEE
                0x000000000000066c        0xc /home/pc/Desktop/Cours/micro_controller/labo1/mbed-os/Debug/libmbed-os.a(mbed_retarget.o)
                0x000000000000066c                mbed::FileHandle::sigio(mbed::Callback<void ()>)
 .text._ZN4mbed10FileHandleC2Ev
                0x0000000000000678       0x20 /home/pc/Desktop/Cours/micro_controller/labo1/mbed-os/Debug/libmbed-os.a(mbed_retarget.o)
                0x0000000000000678                mbed::FileHandle::FileHandle()
                0x0000000000000678                mbed::FileHandle::FileHandle()
 .text._ZN12DirectSerial4seekEli
                0x0000000000000698       0x12 /home/pc/Desktop/Cours/micro_controller/labo1/mbed-os/Debug/libmbed-os.a(mbed_retarget.o)
                0x0000000000000698                DirectSerial::seek(long, int)
 .text._ZN12DirectSerial4sizeEv
                0x00000000000006aa        0xe /home/pc/Desktop/Cours/micro_controller/labo1/mbed-os/Debug/libmbed-os.a(mbed_retarget.o)
                0x00000000000006aa                DirectSerial::size()
 .text._ZN12DirectSerial6isattyEv
                0x00000000000006b8        0xc /home/pc/Desktop/Cours/micro_controller/labo1/mbed-os/Debug/libmbed-os.a(mbed_retarget.o)
                0x00000000000006b8                DirectSerial::isatty()
 .text._ZN12DirectSerial5closeEv
                0x00000000000006c4        0xc /home/pc/Desktop/Cours/micro_controller/labo1/mbed-os/Debug/libmbed-os.a(mbed_retarget.o)
                0x00000000000006c4                DirectSerial::close()
 .text._ZN12DirectSerialC2E7PinNameS0_i
                0x00000000000006d0       0x50 /home/pc/Desktop/Cours/micro_controller/labo1/mbed-os/Debug/libmbed-os.a(mbed_retarget.o)
                0x00000000000006d0                DirectSerial::DirectSerial(PinName, PinName, int)
                0x00000000000006d0                DirectSerial::DirectSerial(PinName, PinName, int)
 .text._ZN12DirectSerial5writeEPKvj
                0x0000000000000720       0x40 /home/pc/Desktop/Cours/micro_controller/labo1/mbed-os/Debug/libmbed-os.a(mbed_retarget.o)
                0x0000000000000720                DirectSerial::write(void const*, unsigned int)
 .text._ZN12DirectSerial4readEPvj
                0x0000000000000760       0x34 /home/pc/Desktop/Cours/micro_controller/labo1/mbed-os/Debug/libmbed-os.a(mbed_retarget.o)
                0x0000000000000760                DirectSerial::read(void*, unsigned int)
 .text._ZNK12DirectSerial4pollEs
                0x0000000000000794       0x80 /home/pc/Desktop/Cours/micro_controller/labo1/mbed-os/Debug/libmbed-os.a(mbed_retarget.o)
                0x0000000000000794                DirectSerial::poll(short) const
 .text._ZN4mbed28mbed_target_override_consoleEi
                0x0000000000000814        0xc /home/pc/Desktop/Cours/micro_controller/labo1/mbed-os/Debug/libmbed-os.a(mbed_retarget.o)
                0x0000000000000814                mbed::mbed_target_override_console(int)
 .text._ZN4mbed21mbed_override_consoleEi
                0x0000000000000820        0xc /home/pc/Desktop/Cours/micro_controller/labo1/mbed-os/Debug/libmbed-os.a(mbed_retarget.o)
                0x0000000000000820                mbed::mbed_override_console(int)
 .text._ZL15default_consolev
                0x000000000000082c       0x70 /home/pc/Desktop/Cours/micro_controller/labo1/mbed-os/Debug/libmbed-os.a(mbed_retarget.o)
 .text._ZL11get_consolei
                0x000000000000089c       0x3a /home/pc/Desktop/Cours/micro_controller/labo1/mbed-os/Debug/libmbed-os.a(mbed_retarget.o)
 *fill*         0x00000000000008d6        0x2 
 .text._ZL7get_fhci
                0x00000000000008d8       0x48 /home/pc/Desktop/Cours/micro_controller/labo1/mbed-os/Debug/libmbed-os.a(mbed_retarget.o)
 .text._close   0x0000000000000920       0x16 /home/pc/Desktop/Cours/micro_controller/labo1/mbed-os/Debug/libmbed-os.a(mbed_retarget.o)
                0x0000000000000920                _close
 *fill*         0x0000000000000936        0x2 
 .text.close    0x0000000000000938       0x64 /home/pc/Desktop/Cours/micro_controller/labo1/mbed-os/Debug/libmbed-os.a(mbed_retarget.o)
                0x0000000000000938                close
 .text._ZL12convert_crlfi
                0x000000000000099c        0xc /home/pc/Desktop/Cours/micro_controller/labo1/mbed-os/Debug/libmbed-os.a(mbed_retarget.o)
 .text._write   0x00000000000009a8      0x150 /home/pc/Desktop/Cours/micro_controller/labo1/mbed-os/Debug/libmbed-os.a(mbed_retarget.o)
                0x00000000000009a8                _write
 .text.write    0x0000000000000af8       0x5c /home/pc/Desktop/Cours/micro_controller/labo1/mbed-os/Debug/libmbed-os.a(mbed_retarget.o)
                0x0000000000000af8                write
 .text._read    0x0000000000000b54      0x108 /home/pc/Desktop/Cours/micro_controller/labo1/mbed-os/Debug/libmbed-os.a(mbed_retarget.o)
                0x0000000000000b54                _read
 .text.read     0x0000000000000c5c       0x5c /home/pc/Desktop/Cours/micro_controller/labo1/mbed-os/Debug/libmbed-os.a(mbed_retarget.o)
                0x0000000000000c5c                read
 .text._isatty  0x0000000000000cb8       0x16 /home/pc/Desktop/Cours/micro_controller/labo1/mbed-os/Debug/libmbed-os.a(mbed_retarget.o)
                0x0000000000000cb8                _isatty
 .text.isatty   0x0000000000000cce       0x50 /home/pc/Desktop/Cours/micro_controller/labo1/mbed-os/Debug/libmbed-os.a(mbed_retarget.o)
                0x0000000000000cce                isatty
 .text._lseek   0x0000000000000d1e       0x20 /home/pc/Desktop/Cours/micro_controller/labo1/mbed-os/Debug/libmbed-os.a(mbed_retarget.o)
                0x0000000000000d1e                _lseek
 .text.lseek    0x0000000000000d3e       0x5c /home/pc/Desktop/Cours/micro_controller/labo1/mbed-os/Debug/libmbed-os.a(mbed_retarget.o)
                0x0000000000000d3e                lseek
 .text.fsync    0x0000000000000d9a       0x54 /home/pc/Desktop/Cours/micro_controller/labo1/mbed-os/Debug/libmbed-os.a(mbed_retarget.o)
                0x0000000000000d9a                fsync
 .text._fstat   0x0000000000000dee       0x1a /home/pc/Desktop/Cours/micro_controller/labo1/mbed-os/Debug/libmbed-os.a(mbed_retarget.o)
                0x0000000000000dee                _fstat
 .text.fstat    0x0000000000000e08       0x62 /home/pc/Desktop/Cours/micro_controller/labo1/mbed-os/Debug/libmbed-os.a(mbed_retarget.o)
                0x0000000000000e08                fstat
 .text.__cxa_pure_virtual
                0x0000000000000e6a        0x8 /home/pc/Desktop/Cours/micro_controller/labo1/mbed-os/Debug/libmbed-os.a(mbed_retarget.o)
                0x0000000000000e6a                __cxa_pure_virtual
 *fill*         0x0000000000000e72        0x2 
 .text._sbrk    0x0000000000000e74       0x7c /home/pc/Desktop/Cours/micro_controller/labo1/mbed-os/Debug/libmbed-os.a(mbed_retarget.o)
                0x0000000000000e74                _sbrk
 .text._exit    0x0000000000000ef0       0x54 /home/pc/Desktop/Cours/micro_controller/labo1/mbed-os/Debug/libmbed-os.a(mbed_retarget.o)
                0x0000000000000ef0                _exit
 .text.__aeabi_atexit
                0x0000000000000f44       0x10 /home/pc/Desktop/Cours/micro_controller/labo1/mbed-os/Debug/libmbed-os.a(mbed_retarget.o)
                0x0000000000000f44                __aeabi_atexit
 .text.__wrap_exit
                0x0000000000000f54       0x14 /home/pc/Desktop/Cours/micro_controller/labo1/mbed-os/Debug/libmbed-os.a(mbed_retarget.o)
                0x0000000000000f54                __wrap_exit
 .text.__wrap_atexit
                0x0000000000000f68        0xc /home/pc/Desktop/Cours/micro_controller/labo1/mbed-os/Debug/libmbed-os.a(mbed_retarget.o)
                0x0000000000000f68                __wrap_atexit
 .text.__rtos_malloc_lock
                0x0000000000000f74        0xa /home/pc/Desktop/Cours/micro_controller/labo1/mbed-os/Debug/libmbed-os.a(mbed_retarget.o)
                0x0000000000000f74                __rtos_malloc_lock
 .text.__rtos_malloc_unlock
                0x0000000000000f7e        0xa /home/pc/Desktop/Cours/micro_controller/labo1/mbed-os/Debug/libmbed-os.a(mbed_retarget.o)
                0x0000000000000f7e                __rtos_malloc_unlock
 .text.__malloc_lock
                0x0000000000000f88       0x14 /home/pc/Desktop/Cours/micro_controller/labo1/mbed-os/Debug/libmbed-os.a(mbed_retarget.o)
                0x0000000000000f88                __malloc_lock
 .text.__malloc_unlock
                0x0000000000000f9c       0x14 /home/pc/Desktop/Cours/micro_controller/labo1/mbed-os/Debug/libmbed-os.a(mbed_retarget.o)
                0x0000000000000f9c                __malloc_unlock
 .text.__cxa_guard_acquire
                0x0000000000000fb0       0x6c /home/pc/Desktop/Cours/micro_controller/labo1/mbed-os/Debug/libmbed-os.a(mbed_retarget.o)
                0x0000000000000fb0                __cxa_guard_acquire
 .text.__cxa_guard_release
                0x000000000000101c       0x50 /home/pc/Desktop/Cours/micro_controller/labo1/mbed-os/Debug/libmbed-os.a(mbed_retarget.o)
                0x000000000000101c                __cxa_guard_release
 .text._ZdlPv   0x000000000000106c       0x14 /home/pc/Desktop/Cours/micro_controller/labo1/mbed-os/Debug/libmbed-os.a(mbed_retarget.o)
                0x000000000000106c                operator delete(void*)
 .text._ZN4mbed11NonCopyableINS_10FileHandleEED2Ev
                0x0000000000001080        0xc /home/pc/Desktop/Cours/micro_controller/labo1/mbed-os/Debug/libmbed-os.a(mbed_retarget.o)
                0x0000000000001080                mbed::NonCopyable<mbed::FileHandle>::~NonCopyable()
                0x0000000000001080                mbed::NonCopyable<mbed::FileHandle>::~NonCopyable()
 .text._ZN4mbed11NonCopyableINS_10FileHandleEEC2Ev
                0x000000000000108c        0xc /home/pc/Desktop/Cours/micro_controller/labo1/mbed-os/Debug/libmbed-os.a(mbed_retarget.o)
                0x000000000000108c                mbed::NonCopyable<mbed::FileHandle>::NonCopyable()
                0x000000000000108c                mbed::NonCopyable<mbed::FileHandle>::NonCopyable()
 .text._ZN12DirectSerialD2Ev
                0x0000000000001098       0x24 /home/pc/Desktop/Cours/micro_controller/labo1/mbed-os/Debug/libmbed-os.a(mbed_retarget.o)
                0x0000000000001098                DirectSerial::~DirectSerial()
                0x0000000000001098                DirectSerial::~DirectSerial()
 .text._ZN12DirectSerialD0Ev
                0x00000000000010bc       0x1c /home/pc/Desktop/Cours/micro_controller/labo1/mbed-os/Debug/libmbed-os.a(mbed_retarget.o)
                0x00000000000010bc                DirectSerial::~DirectSerial()
 .text.mbed_main
                0x00000000000010d8        0x4 /home/pc/Desktop/Cours/micro_controller/labo1/mbed-os/Debug/libmbed-os.a(mbed_sdk_boot.o)
                0x00000000000010d8                mbed_main
 .text.mbed_sdk_init
                0x00000000000010dc        0x4 /home/pc/Desktop/Cours/micro_controller/labo1/mbed-os/Debug/libmbed-os.a(mbed_sdk_boot.o)
                0x00000000000010dc                mbed_sdk_init
 .text.software_init_hook_rtos
                0x00000000000010e0        0x4 /home/pc/Desktop/Cours/micro_controller/labo1/mbed-os/Debug/libmbed-os.a(mbed_sdk_boot.o)
                0x00000000000010e0                software_init_hook_rtos
 .text.mbed_copy_nvic
                0x00000000000010e4       0x48 /home/pc/Desktop/Cours/micro_controller/labo1/mbed-os/Debug/libmbed-os.a(mbed_sdk_boot.o)
                0x00000000000010e4                mbed_copy_nvic
 .text.software_init_hook
                0x000000000000112c       0x12 /home/pc/Desktop/Cours/micro_controller/labo1/mbed-os/Debug/libmbed-os.a(mbed_sdk_boot.o)
                0x000000000000112c                software_init_hook
 .text.__wrap_main
                0x000000000000113e       0x10 /home/pc/Desktop/Cours/micro_controller/labo1/mbed-os/Debug/libmbed-os.a(mbed_sdk_boot.o)
                0x000000000000113e                __wrap_main
 .text.__semihost
                0x000000000000114e       0x1e /home/pc/Desktop/Cours/micro_controller/labo1/mbed-os/Debug/libmbed-os.a(mbed_semihost_api.o)
 .text.semihost_exit
                0x000000000000116c       0x18 /home/pc/Desktop/Cours/micro_controller/labo1/mbed-os/Debug/libmbed-os.a(mbed_semihost_api.o)
                0x000000000000116c                semihost_exit
 .text.semihost_connected
                0x0000000000001184       0x1c /home/pc/Desktop/Cours/micro_controller/labo1/mbed-os/Debug/libmbed-os.a(mbed_semihost_api.o)
                0x0000000000001184                semihost_connected
 .text.initialize
                0x00000000000011a0      0x250 /home/pc/Desktop/Cours/micro_controller/labo1/mbed-os/Debug/libmbed-os.a(mbed_ticker_api.o)
 .text.set_handler
                0x00000000000013f0       0x14 /home/pc/Desktop/Cours/micro_controller/labo1/mbed-os/Debug/libmbed-os.a(mbed_ticker_api.o)
 .text.update_present_time
                0x0000000000001404      0x38c /home/pc/Desktop/Cours/micro_controller/labo1/mbed-os/Debug/libmbed-os.a(mbed_ticker_api.o)
 .text.compute_tick_round_up
                0x0000000000001790      0x14c /home/pc/Desktop/Cours/micro_controller/labo1/mbed-os/Debug/libmbed-os.a(mbed_ticker_api.o)
 .text._ticker_match_interval_passed
                0x00000000000018dc       0x44 /home/pc/Desktop/Cours/micro_controller/labo1/mbed-os/Debug/libmbed-os.a(mbed_ticker_api.o)
                0x00000000000018dc                _ticker_match_interval_passed
 .text.schedule_interrupt
                0x0000000000001920       0xe8 /home/pc/Desktop/Cours/micro_controller/labo1/mbed-os/Debug/libmbed-os.a(mbed_ticker_api.o)
 .text.ticker_set_handler
                0x0000000000001a08       0x26 /home/pc/Desktop/Cours/micro_controller/labo1/mbed-os/Debug/libmbed-os.a(mbed_ticker_api.o)
                0x0000000000001a08                ticker_set_handler
 .text.ticker_irq_handler
                0x0000000000001a2e       0xa8 /home/pc/Desktop/Cours/micro_controller/labo1/mbed-os/Debug/libmbed-os.a(mbed_ticker_api.o)
                0x0000000000001a2e                ticker_irq_handler
 .text.ticker_insert_event_us
                0x0000000000001ad6       0x88 /home/pc/Desktop/Cours/micro_controller/labo1/mbed-os/Debug/libmbed-os.a(mbed_ticker_api.o)
                0x0000000000001ad6                ticker_insert_event_us
 .text.ticker_remove_event
                0x0000000000001b5e       0x60 /home/pc/Desktop/Cours/micro_controller/labo1/mbed-os/Debug/libmbed-os.a(mbed_ticker_api.o)
                0x0000000000001b5e                ticker_remove_event
 .text.ticker_read
                0x0000000000001bbe       0x1a /home/pc/Desktop/Cours/micro_controller/labo1/mbed-os/Debug/libmbed-os.a(mbed_ticker_api.o)
                0x0000000000001bbe                ticker_read
 .text.ticker_read_us
                0x0000000000001bd8       0x34 /home/pc/Desktop/Cours/micro_controller/labo1/mbed-os/Debug/libmbed-os.a(mbed_ticker_api.o)
                0x0000000000001bd8                ticker_read_us
 .text.get_us_ticker_data
                0x0000000000001c0c        0xc /home/pc/Desktop/Cours/micro_controller/labo1/mbed-os/Debug/libmbed-os.a(mbed_us_ticker_api.o)
                0x0000000000001c0c                get_us_ticker_data
 .text.us_ticker_irq_handler
                0x0000000000001c18       0x20 /home/pc/Desktop/Cours/micro_controller/labo1/mbed-os/Debug/libmbed-os.a(mbed_us_ticker_api.o)
                0x0000000000001c18                us_ticker_irq_handler
 .text.__NVIC_EnableIRQ
                0x0000000000001c38       0x34 /home/pc/Desktop/Cours/micro_controller/labo1/mbed-os/Debug/libmbed-os.a(serial_api.o)
 .text.__NVIC_DisableIRQ
                0x0000000000001c6c       0x44 /home/pc/Desktop/Cours/micro_controller/labo1/mbed-os/Debug/libmbed-os.a(serial_api.o)
 .text.__NVIC_SetVector
                0x0000000000001cb0       0x2c /home/pc/Desktop/Cours/micro_controller/labo1/mbed-os/Debug/libmbed-os.a(serial_api.o)
 .text.gpio_write
                0x0000000000001cdc       0x48 /home/pc/Desktop/Cours/micro_controller/labo1/mbed-os/Debug/libmbed-os.a(serial_api.o)
 .text.gpio_read
                0x0000000000001d24       0x40 /home/pc/Desktop/Cours/micro_controller/labo1/mbed-os/Debug/libmbed-os.a(serial_api.o)
 .text.serial_init
                0x0000000000001d64      0x204 /home/pc/Desktop/Cours/micro_controller/labo1/mbed-os/Debug/libmbed-os.a(serial_api.o)
                0x0000000000001d64                serial_init
 .text.serial_baud
                0x0000000000001f68      0x2cc /home/pc/Desktop/Cours/micro_controller/labo1/mbed-os/Debug/libmbed-os.a(serial_api.o)
                0x0000000000001f68                serial_baud
 .text.serial_format
                0x0000000000002234      0x11c /home/pc/Desktop/Cours/micro_controller/labo1/mbed-os/Debug/libmbed-os.a(serial_api.o)
                0x0000000000002234                serial_format
 .text.uart_irq
                0x0000000000002350       0xe0 /home/pc/Desktop/Cours/micro_controller/labo1/mbed-os/Debug/libmbed-os.a(serial_api.o)
 .text.uart0_irq
                0x0000000000002430       0x20 /home/pc/Desktop/Cours/micro_controller/labo1/mbed-os/Debug/libmbed-os.a(serial_api.o)
                0x0000000000002430                uart0_irq
 .text.uart1_irq
                0x0000000000002450       0x20 /home/pc/Desktop/Cours/micro_controller/labo1/mbed-os/Debug/libmbed-os.a(serial_api.o)
                0x0000000000002450                uart1_irq
 .text.uart2_irq
                0x0000000000002470       0x20 /home/pc/Desktop/Cours/micro_controller/labo1/mbed-os/Debug/libmbed-os.a(serial_api.o)
                0x0000000000002470                uart2_irq
 .text.uart3_irq
                0x0000000000002490       0x20 /home/pc/Desktop/Cours/micro_controller/labo1/mbed-os/Debug/libmbed-os.a(serial_api.o)
                0x0000000000002490                uart3_irq
 .text.serial_irq_set_internal
                0x00000000000024b0      0x170 /home/pc/Desktop/Cours/micro_controller/labo1/mbed-os/Debug/libmbed-os.a(serial_api.o)
 .text.serial_flow_irq_set
                0x0000000000002620       0x38 /home/pc/Desktop/Cours/micro_controller/labo1/mbed-os/Debug/libmbed-os.a(serial_api.o)
 .text.serial_getc
                0x0000000000002658       0x70 /home/pc/Desktop/Cours/micro_controller/labo1/mbed-os/Debug/libmbed-os.a(serial_api.o)
                0x0000000000002658                serial_getc
 .text.serial_putc
                0x00000000000026c8       0x58 /home/pc/Desktop/Cours/micro_controller/labo1/mbed-os/Debug/libmbed-os.a(serial_api.o)
                0x00000000000026c8                serial_putc
 .text.serial_readable
                0x0000000000002720       0x16 /home/pc/Desktop/Cours/micro_controller/labo1/mbed-os/Debug/libmbed-os.a(serial_api.o)
                0x0000000000002720                serial_readable
 *fill*         0x0000000000002736        0x2 
 .text.serial_writable
                0x0000000000002738       0xb0 /home/pc/Desktop/Cours/micro_controller/labo1/mbed-os/Debug/libmbed-os.a(serial_api.o)
                0x0000000000002738                serial_writable
 .text.serial_set_flow_control
                0x00000000000027e8      0x17c /home/pc/Desktop/Cours/micro_controller/labo1/mbed-os/Debug/libmbed-os.a(serial_api.o)
                0x00000000000027e8                serial_set_flow_control
 .text.__NVIC_EnableIRQ
                0x0000000000002964       0x34 /home/pc/Desktop/Cours/micro_controller/labo1/mbed-os/Debug/libmbed-os.a(us_ticker.o)
 .text.__NVIC_DisableIRQ
                0x0000000000002998       0x44 /home/pc/Desktop/Cours/micro_controller/labo1/mbed-os/Debug/libmbed-os.a(us_ticker.o)
 .text.__NVIC_SetPendingIRQ
                0x00000000000029dc       0x38 /home/pc/Desktop/Cours/micro_controller/labo1/mbed-os/Debug/libmbed-os.a(us_ticker.o)
 .text.__NVIC_SetVector
                0x0000000000002a14       0x2c /home/pc/Desktop/Cours/micro_controller/labo1/mbed-os/Debug/libmbed-os.a(us_ticker.o)
 .text.us_ticker_get_info
                0x0000000000002a40        0xc /home/pc/Desktop/Cours/micro_controller/labo1/mbed-os/Debug/libmbed-os.a(us_ticker.o)
                0x0000000000002a40                us_ticker_get_info
 .text.us_ticker_init
                0x0000000000002a4c       0x84 /home/pc/Desktop/Cours/micro_controller/labo1/mbed-os/Debug/libmbed-os.a(us_ticker.o)
                0x0000000000002a4c                us_ticker_init
 .text.us_ticker_read
                0x0000000000002ad0        0xc /home/pc/Desktop/Cours/micro_controller/labo1/mbed-os/Debug/libmbed-os.a(us_ticker.o)
                0x0000000000002ad0                us_ticker_read
 .text.us_ticker_set_interrupt
                0x0000000000002adc       0x20 /home/pc/Desktop/Cours/micro_controller/labo1/mbed-os/Debug/libmbed-os.a(us_ticker.o)
                0x0000000000002adc                us_ticker_set_interrupt
 .text.us_ticker_fire_interrupt
                0x0000000000002afc        0xc /home/pc/Desktop/Cours/micro_controller/labo1/mbed-os/Debug/libmbed-os.a(us_ticker.o)
                0x0000000000002afc                us_ticker_fire_interrupt
 .text.us_ticker_disable_interrupt
                0x0000000000002b08       0x14 /home/pc/Desktop/Cours/micro_controller/labo1/mbed-os/Debug/libmbed-os.a(us_ticker.o)
                0x0000000000002b08                us_ticker_disable_interrupt
 .text.us_ticker_clear_interrupt
                0x0000000000002b1c       0x10 /home/pc/Desktop/Cours/micro_controller/labo1/mbed-os/Debug/libmbed-os.a(us_ticker.o)
                0x0000000000002b1c                us_ticker_clear_interrupt
 .text.us_ticker_free
                0x0000000000002b2c       0x24 /home/pc/Desktop/Cours/micro_controller/labo1/mbed-os/Debug/libmbed-os.a(us_ticker.o)
                0x0000000000002b2c                us_ticker_free
 .text._ZN4mbed10FileHandle6isattyEv
                0x0000000000002b50        0xc /home/pc/Desktop/Cours/micro_controller/labo1/mbed-os/Debug/libmbed-os.a(FileHandle.o)
                0x0000000000002b50                mbed::FileHandle::isatty()
 .text._ZN4mbed10FileHandle4sizeEv
                0x0000000000002b5c       0x4e /home/pc/Desktop/Cours/micro_controller/labo1/mbed-os/Debug/libmbed-os.a(FileHandle.o)
                0x0000000000002b5c                mbed::FileHandle::size()
 *fill*         0x0000000000002baa        0x2 
 .text.mbed_assert_internal
                0x0000000000002bac       0x24 /home/pc/Desktop/Cours/micro_controller/labo1/mbed-os/Debug/libmbed-os.a(mbed_assert.o)
                0x0000000000002bac                mbed_assert_internal
 .text.gpio_write
                0x0000000000002bd0       0x48 /home/pc/Desktop/Cours/micro_controller/labo1/mbed-os/Debug/libmbed-os.a(mbed_board.o)
 .text.mbed_die
                0x0000000000002c18       0x84 /home/pc/Desktop/Cours/micro_controller/labo1/mbed-os/Debug/libmbed-os.a(mbed_board.o)
                0x0000000000002c18                mbed_die
 .text.mbed_error_printf
                0x0000000000002c9c       0x1e /home/pc/Desktop/Cours/micro_controller/labo1/mbed-os/Debug/libmbed-os.a(mbed_board.o)
                0x0000000000002c9c                mbed_error_printf
 *fill*         0x0000000000002cba        0x2 
 .text.mbed_error_vprintf
                0x0000000000002cbc       0x44 /home/pc/Desktop/Cours/micro_controller/labo1/mbed-os/Debug/libmbed-os.a(mbed_board.o)
                0x0000000000002cbc                mbed_error_vprintf
 .text.mbed_error_puts
                0x0000000000002d00       0x28 /home/pc/Desktop/Cours/micro_controller/labo1/mbed-os/Debug/libmbed-os.a(mbed_board.o)
                0x0000000000002d00                mbed_error_puts
 .text.core_util_are_interrupts_enabled
                0x0000000000002d28       0x1e /home/pc/Desktop/Cours/micro_controller/labo1/mbed-os/Debug/libmbed-os.a(mbed_critical.o)
                0x0000000000002d28                core_util_are_interrupts_enabled
 .text.core_util_is_isr_active
                0x0000000000002d46       0x1a /home/pc/Desktop/Cours/micro_controller/labo1/mbed-os/Debug/libmbed-os.a(mbed_critical.o)
                0x0000000000002d46                core_util_is_isr_active
 .text.core_util_critical_section_enter
                0x0000000000002d60       0x34 /home/pc/Desktop/Cours/micro_controller/labo1/mbed-os/Debug/libmbed-os.a(mbed_critical.o)
                0x0000000000002d60                core_util_critical_section_enter
 .text.core_util_critical_section_exit
                0x0000000000002d94       0x2c /home/pc/Desktop/Cours/micro_controller/labo1/mbed-os/Debug/libmbed-os.a(mbed_critical.o)
                0x0000000000002d94                core_util_critical_section_exit
 .text.core_util_atomic_flag_test_and_set
                0x0000000000002dc0       0x48 /home/pc/Desktop/Cours/micro_controller/labo1/mbed-os/Debug/libmbed-os.a(mbed_critical.o)
                0x0000000000002dc0                core_util_atomic_flag_test_and_set
 .text.core_util_atomic_incr_u16
                0x0000000000002e08       0x4c /home/pc/Desktop/Cours/micro_controller/labo1/mbed-os/Debug/libmbed-os.a(mbed_critical.o)
                0x0000000000002e08                core_util_atomic_incr_u16
 .text.core_util_atomic_decr_u16
                0x0000000000002e54       0x4c /home/pc/Desktop/Cours/micro_controller/labo1/mbed-os/Debug/libmbed-os.a(mbed_critical.o)
                0x0000000000002e54                core_util_atomic_decr_u16
 .text.mbed_halt_system
                0x0000000000002ea0       0x44 /home/pc/Desktop/Cours/micro_controller/labo1/mbed-os/Debug/libmbed-os.a(mbed_error.o)
 .text.error    0x0000000000002ee4       0x58 /home/pc/Desktop/Cours/micro_controller/labo1/mbed-os/Debug/libmbed-os.a(mbed_error.o)
                0x0000000000002ee4                error
 .text.handle_error
                0x0000000000002f3c       0x90 /home/pc/Desktop/Cours/micro_controller/labo1/mbed-os/Debug/libmbed-os.a(mbed_error.o)
 .text.mbed_error
                0x0000000000002fcc       0x48 /home/pc/Desktop/Cours/micro_controller/labo1/mbed-os/Debug/libmbed-os.a(mbed_error.o)
                0x0000000000002fcc                mbed_error
 .text.print_error_report
                0x0000000000003014      0x1b0 /home/pc/Desktop/Cours/micro_controller/labo1/mbed-os/Debug/libmbed-os.a(mbed_error.o)
 .text.mbed_interface_connected
                0x00000000000031c4        0xc /home/pc/Desktop/Cours/micro_controller/labo1/mbed-os/Debug/libmbed-os.a(mbed_interface.o)
                0x00000000000031c4                mbed_interface_connected
 .text.wait_us  0x00000000000031d0       0x32 /home/pc/Desktop/Cours/micro_controller/labo1/mbed-os/Debug/libmbed-os.a(mbed_wait_api_no_rtos.o)
                0x00000000000031d0                wait_us
 .text.are_interrupts_enabled
                0x0000000000003202       0x1e /home/pc/Desktop/Cours/micro_controller/labo1/mbed-os/Debug/libmbed-os.a(mbed_critical_section_api.o)
 .text.hal_critical_section_enter
                0x0000000000003220       0x3c /home/pc/Desktop/Cours/micro_controller/labo1/mbed-os/Debug/libmbed-os.a(mbed_critical_section_api.o)
                0x0000000000003220                hal_critical_section_enter
 .text.hal_critical_section_exit
                0x000000000000325c       0x40 /home/pc/Desktop/Cours/micro_controller/labo1/mbed-os/Debug/libmbed-os.a(mbed_critical_section_api.o)
                0x000000000000325c                hal_critical_section_exit
 .text.gpio_write
                0x000000000000329c       0x48 /home/pc/Desktop/Cours/micro_controller/labo1/mbed-os/Debug/libmbed-os.a(mbed_gpio.o)
 .text._gpio_init_in
                0x00000000000032e4       0x3a /home/pc/Desktop/Cours/micro_controller/labo1/mbed-os/Debug/libmbed-os.a(mbed_gpio.o)
 .text._gpio_init_out
                0x000000000000331e       0x44 /home/pc/Desktop/Cours/micro_controller/labo1/mbed-os/Debug/libmbed-os.a(mbed_gpio.o)
 .text.gpio_init_in
                0x0000000000003362       0x1a /home/pc/Desktop/Cours/micro_controller/labo1/mbed-os/Debug/libmbed-os.a(mbed_gpio.o)
                0x0000000000003362                gpio_init_in
 .text.gpio_init_in_ex
                0x000000000000337c       0x24 /home/pc/Desktop/Cours/micro_controller/labo1/mbed-os/Debug/libmbed-os.a(mbed_gpio.o)
                0x000000000000337c                gpio_init_in_ex
 .text.gpio_init_out
                0x00000000000033a0       0x1a /home/pc/Desktop/Cours/micro_controller/labo1/mbed-os/Debug/libmbed-os.a(mbed_gpio.o)
                0x00000000000033a0                gpio_init_out
 .text.gpio_init_out_ex
                0x00000000000033ba       0x1e /home/pc/Desktop/Cours/micro_controller/labo1/mbed-os/Debug/libmbed-os.a(mbed_gpio.o)
                0x00000000000033ba                gpio_init_out_ex
 .text.pinmap_pinout
                0x00000000000033d8       0x64 /home/pc/Desktop/Cours/micro_controller/labo1/mbed-os/Debug/libmbed-os.a(mbed_pinmap_common.o)
                0x00000000000033d8                pinmap_pinout
 .text.pinmap_merge
                0x000000000000343c       0x4c /home/pc/Desktop/Cours/micro_controller/labo1/mbed-os/Debug/libmbed-os.a(mbed_pinmap_common.o)
                0x000000000000343c                pinmap_merge
 .text.pinmap_find_peripheral
                0x0000000000003488       0x32 /home/pc/Desktop/Cours/micro_controller/labo1/mbed-os/Debug/libmbed-os.a(mbed_pinmap_common.o)
                0x0000000000003488                pinmap_find_peripheral
 *fill*         0x00000000000034ba        0x2 
 .text.pinmap_peripheral
                0x00000000000034bc       0x50 /home/pc/Desktop/Cours/micro_controller/labo1/mbed-os/Debug/libmbed-os.a(mbed_pinmap_common.o)
                0x00000000000034bc                pinmap_peripheral
 .text.gpio_set
                0x000000000000350c       0x3c /home/pc/Desktop/Cours/micro_controller/labo1/mbed-os/Debug/libmbed-os.a(gpio_api.o)
                0x000000000000350c                gpio_set
 .text.gpio_init
                0x0000000000003548       0x58 /home/pc/Desktop/Cours/micro_controller/labo1/mbed-os/Debug/libmbed-os.a(gpio_api.o)
                0x0000000000003548                gpio_init
 .text.gpio_mode
                0x00000000000035a0       0x24 /home/pc/Desktop/Cours/micro_controller/labo1/mbed-os/Debug/libmbed-os.a(gpio_api.o)
                0x00000000000035a0                gpio_mode
 .text.gpio_dir
                0x00000000000035c4       0x68 /home/pc/Desktop/Cours/micro_controller/labo1/mbed-os/Debug/libmbed-os.a(gpio_api.o)
                0x00000000000035c4                gpio_dir
 .text.pin_function
                0x000000000000362c       0x80 /home/pc/Desktop/Cours/micro_controller/labo1/mbed-os/Debug/libmbed-os.a(pinmap.o)
                0x000000000000362c                pin_function
 .text.pin_mode
                0x00000000000036ac       0xec /home/pc/Desktop/Cours/micro_controller/labo1/mbed-os/Debug/libmbed-os.a(pinmap.o)
                0x00000000000036ac                pin_mode
 .text.sleep_manager_lock_deep_sleep_internal
                0x0000000000003798       0x4c /home/pc/Desktop/Cours/micro_controller/labo1/mbed-os/Debug/libmbed-os.a(mbed_sleep_manager.o)
                0x0000000000003798                sleep_manager_lock_deep_sleep_internal
 .text.sleep_manager_unlock_deep_sleep_internal
                0x00000000000037e4       0x48 /home/pc/Desktop/Cours/micro_controller/labo1/mbed-os/Debug/libmbed-os.a(mbed_sleep_manager.o)
                0x00000000000037e4                sleep_manager_unlock_deep_sleep_internal
 .text          0x000000000000382c      0x2a0 /usr/local/mcuxpressoide-11.8.0_1165/ide/plugins/com.nxp.mcuxpresso.tools.linux_11.8.0.202306131047/tools/bin/../lib/gcc/arm-none-eabi/12.2.1/thumb/v7-m/nofp/libgcc.a(_arm_muldivsf3.o)
                0x000000000000382c                __mulsf3
                0x000000000000382c                __aeabi_fmul
                0x0000000000003994                __divsf3
                0x0000000000003994                __aeabi_fdiv
 .text          0x0000000000003acc       0x30 /usr/local/mcuxpressoide-11.8.0_1165/ide/plugins/com.nxp.mcuxpresso.tools.linux_11.8.0.202306131047/tools/bin/../lib/gcc/arm-none-eabi/12.2.1/thumb/v7-m/nofp/libgcc.a(_aeabi_uldivmod.o)
                0x0000000000003acc                __aeabi_uldivmod
 .text.__udivmoddi4
                0x0000000000003afc      0x2c0 /usr/local/mcuxpressoide-11.8.0_1165/ide/plugins/com.nxp.mcuxpresso.tools.linux_11.8.0.202306131047/tools/bin/../lib/gcc/arm-none-eabi/12.2.1/thumb/v7-m/nofp/libgcc.a(_udivmoddi4.o)
                0x0000000000003afc                __udivmoddi4
 .text          0x0000000000003dbc        0x4 /usr/local/mcuxpressoide-11.8.0_1165/ide/plugins/com.nxp.mcuxpresso.tools.linux_11.8.0.202306131047/tools/bin/../lib/gcc/arm-none-eabi/12.2.1/thumb/v7-m/nofp/libgcc.a(_dvmd_tls.o)
                0x0000000000003dbc                __aeabi_ldiv0
                0x0000000000003dbc                __aeabi_idiv0
 .text.gpio_write
                0x0000000000003dc0       0x48 ./src/labo1.o
 .text.gpio_read
                0x0000000000003e08       0x40 ./src/labo1.o
 .text._ZN4mbed10DigitalOutC2E7PinName
                0x0000000000003e48       0x2e ./src/labo1.o
                0x0000000000003e48                mbed::DigitalOut::DigitalOut(PinName)
                0x0000000000003e48                mbed::DigitalOut::DigitalOut(PinName)
 .text._ZN4mbed10DigitalOut5writeEi
                0x0000000000003e76       0x1a ./src/labo1.o
                0x0000000000003e76                mbed::DigitalOut::write(int)
 .text._ZN4mbed10DigitalOut4readEv
                0x0000000000003e90       0x18 ./src/labo1.o
                0x0000000000003e90                mbed::DigitalOut::read()
 .text._ZN4mbed10DigitalOutaSEi
                0x0000000000003ea8       0x1a ./src/labo1.o
                0x0000000000003ea8                mbed::DigitalOut::operator=(int)
 .text._ZN4mbed10DigitalOutcviEv
                0x0000000000003ec2       0x16 ./src/labo1.o
                0x0000000000003ec2                mbed::DigitalOut::operator int()
 .text._ZN4mbed6TickerC2Ev
                0x0000000000003ed8       0x3c ./src/labo1.o
                0x0000000000003ed8                mbed::Ticker::Ticker()
                0x0000000000003ed8                mbed::Ticker::Ticker()
 .text._ZN4mbed6Ticker6attachENS_8CallbackIFvvEEEf
                0x0000000000003f14       0x44 ./src/labo1.o
                0x0000000000003f14                mbed::Ticker::attach(mbed::Callback<void ()>, float)
 .text._ZN4mbed6TickerD2Ev
                0x0000000000003f58       0x38 ./src/labo1.o
                0x0000000000003f58                mbed::Ticker::~Ticker()
                0x0000000000003f58                mbed::Ticker::~Ticker()
 .text._ZN4mbed6TickerD0Ev
                0x0000000000003f90       0x1c ./src/labo1.o
                0x0000000000003f90                mbed::Ticker::~Ticker()
 .text._Z4flipv
                0x0000000000003fac       0x24 ./src/labo1.o
                0x0000000000003fac                flip()
 .text._Z5LedOnv
                0x0000000000003fd0       0x34 ./src/labo1.o
                0x0000000000003fd0                LedOn()
 .text._Z6LedOffv
                0x0000000000004004       0x1c ./src/labo1.o
                0x0000000000004004                LedOff()
 .text._Z5labo4v
                0x0000000000004020       0x54 ./src/labo1.o
                0x0000000000004020                labo4()
 .text.main     0x0000000000004074       0x24 ./src/labo1.o
                0x0000000000004074                main
 .text._ZN4mbed11NonCopyableINS_6TickerEEC2Ev
                0x0000000000004098        0xc ./src/labo1.o
                0x0000000000004098                mbed::NonCopyable<mbed::Ticker>::NonCopyable()
                0x0000000000004098                mbed::NonCopyable<mbed::Ticker>::NonCopyable()
 .text._ZN4mbed11NonCopyableINS_6TickerEED2Ev
                0x00000000000040a4        0xc ./src/labo1.o
                0x00000000000040a4                mbed::NonCopyable<mbed::Ticker>::~NonCopyable()
                0x00000000000040a4                mbed::NonCopyable<mbed::Ticker>::~NonCopyable()
 .text._ZN4mbed8CallbackIFvvEEC2EPS1_
                0x00000000000040b0       0x2e ./src/labo1.o
                0x00000000000040b0                mbed::Callback<void ()>::Callback(void (*)())
                0x00000000000040b0                mbed::Callback<void ()>::Callback(void (*)())
 .text._ZN4mbed8CallbackIFvvEED2Ev
                0x00000000000040de       0x22 ./src/labo1.o
                0x00000000000040de                mbed::Callback<void ()>::~Callback()
                0x00000000000040de                mbed::Callback<void ()>::~Callback()
 .text._ZN4mbed8CallbackIFvvEEC2ERKS2_
                0x0000000000004100       0x2e ./src/labo1.o
                0x0000000000004100                mbed::Callback<void ()>::Callback(mbed::Callback<void ()> const&)
                0x0000000000004100                mbed::Callback<void ()>::Callback(mbed::Callback<void ()> const&)
 *fill*         0x000000000000412e        0x2 
 .text._ZN4mbed8CallbackIFvvEE8generateIPS1_EEvRKT_
                0x0000000000004130       0x38 ./src/labo1.o
                0x0000000000004130                void mbed::Callback<void ()>::generate<void (*)()>(void (* const&)())
 .text._ZN4mbed8CallbackIFvvEE13function_callIPS1_EEvPKv
                0x0000000000004168       0x14 ./src/labo1.o
                0x0000000000004168                void mbed::Callback<void ()>::function_call<void (*)()>(void const*)
 .text._ZN4mbed8CallbackIFvvEE13function_moveIPS1_EEvPvPKv
                0x000000000000417c       0x22 ./src/labo1.o
                0x000000000000417c                void mbed::Callback<void ()>::function_move<void (*)()>(void*, void const*)
 .text._ZN4mbed8CallbackIFvvEE13function_dtorIPS1_EEvPv
                0x000000000000419e        0xa ./src/labo1.o
                0x000000000000419e                void mbed::Callback<void ()>::function_dtor<void (*)()>(void*)
 .text._Z41__static_initialization_and_destruction_0ii
                0x00000000000041a8       0x84 ./src/labo1.o
 .text._GLOBAL__sub_I_button1
                0x000000000000422c        0xe ./src/labo1.o
 *fill*         0x000000000000423a        0x2 
 .text.__sread  0x000000000000423c       0x24 /usr/local/mcuxpressoide-11.8.0_1165/ide/plugins/com.nxp.mcuxpresso.tools.linux_11.8.0.202306131047/tools/bin/../lib/gcc/arm-none-eabi/12.2.1/../../../../arm-none-eabi/lib/thumb/v7-m/nofp/libc.a(libc_a-stdio.o)
                0x000000000000423c                __sread
 .text.__swrite
                0x0000000000004260       0x40 /usr/local/mcuxpressoide-11.8.0_1165/ide/plugins/com.nxp.mcuxpresso.tools.linux_11.8.0.202306131047/tools/bin/../lib/gcc/arm-none-eabi/12.2.1/../../../../arm-none-eabi/lib/thumb/v7-m/nofp/libc.a(libc_a-stdio.o)
                0x0000000000004260                __swrite
 .text.__sseek  0x00000000000042a0       0x24 /usr/local/mcuxpressoide-11.8.0_1165/ide/plugins/com.nxp.mcuxpresso.tools.linux_11.8.0.202306131047/tools/bin/../lib/gcc/arm-none-eabi/12.2.1/../../../../arm-none-eabi/lib/thumb/v7-m/nofp/libc.a(libc_a-stdio.o)
                0x00000000000042a0                __sseek
 .text.__sclose
                0x00000000000042c4        0x8 /usr/local/mcuxpressoide-11.8.0_1165/ide/plugins/com.nxp.mcuxpresso.tools.linux_11.8.0.202306131047/tools/bin/../lib/gcc/arm-none-eabi/12.2.1/../../../../arm-none-eabi/lib/thumb/v7-m/nofp/libc.a(libc_a-stdio.o)
                0x00000000000042c4                __sclose
 .text._write_r
                0x00000000000042cc       0x2c /usr/local/mcuxpressoide-11.8.0_1165/ide/plugins/com.nxp.mcuxpresso.tools.linux_11.8.0.202306131047/tools/bin/../lib/gcc/arm-none-eabi/12.2.1/../../../../arm-none-eabi/lib/thumb/v7-m/nofp/libc.a(libc_a-writer.o)
                0x00000000000042cc                _write_r
 .text.__errno  0x00000000000042f8        0xc /usr/local/mcuxpressoide-11.8.0_1165/ide/plugins/com.nxp.mcuxpresso.tools.linux_11.8.0.202306131047/tools/bin/../lib/gcc/arm-none-eabi/12.2.1/../../../../arm-none-eabi/lib/thumb/v7-m/nofp/libc.a(libc_a-errno.o)
                0x00000000000042f8                __errno
 .text.vsnprintf
                0x0000000000004304       0x6c /usr/local/mcuxpressoide-11.8.0_1165/ide/plugins/com.nxp.mcuxpresso.tools.linux_11.8.0.202306131047/tools/bin/../lib/gcc/arm-none-eabi/12.2.1/../../../../arm-none-eabi/lib/thumb/v7-m/nofp/libc.a(libc_a-vsnprintf.o)
                0x0000000000004304                vsnprintf
 .text.free     0x0000000000004370       0x10 /usr/local/mcuxpressoide-11.8.0_1165/ide/plugins/com.nxp.mcuxpresso.tools.linux_11.8.0.202306131047/tools/bin/../lib/gcc/arm-none-eabi/12.2.1/../../../../arm-none-eabi/lib/thumb/v7-m/nofp/libc.a(libc_a-malloc.o)
                0x0000000000004370                free
 .text.abs      0x0000000000004380        0x8 /usr/local/mcuxpressoide-11.8.0_1165/ide/plugins/com.nxp.mcuxpresso.tools.linux_11.8.0.202306131047/tools/bin/../lib/gcc/arm-none-eabi/12.2.1/../../../../arm-none-eabi/lib/thumb/v7-m/nofp/libc.a(libc_a-abs.o)
                0x0000000000004380                abs
 .text.memset   0x0000000000004388       0xa0 /usr/local/mcuxpressoide-11.8.0_1165/ide/plugins/com.nxp.mcuxpresso.tools.linux_11.8.0.202306131047/tools/bin/../lib/gcc/arm-none-eabi/12.2.1/../../../../arm-none-eabi/lib/thumb/v7-m/nofp/libc.a(libc_a-memset.o)
                0x0000000000004388                memset
 .text.__libc_init_array
                0x0000000000004428       0x50 /usr/local/mcuxpressoide-11.8.0_1165/ide/plugins/com.nxp.mcuxpresso.tools.linux_11.8.0.202306131047/tools/bin/../lib/gcc/arm-none-eabi/12.2.1/../../../../arm-none-eabi/lib/thumb/v7-m/nofp/libc.a(libc_a-init.o)
                0x0000000000004428                __libc_init_array
 .text.__retarget_lock_init_recursive
                0x0000000000004478        0x4 /usr/local/mcuxpressoide-11.8.0_1165/ide/plugins/com.nxp.mcuxpresso.tools.linux_11.8.0.202306131047/tools/bin/../lib/gcc/arm-none-eabi/12.2.1/../../../../arm-none-eabi/lib/thumb/v7-m/nofp/libc.a(libc_a-lock.o)
                0x0000000000004478                __retarget_lock_init_recursive
 .text.__retarget_lock_close_recursive
                0x000000000000447c        0x4 /usr/local/mcuxpressoide-11.8.0_1165/ide/plugins/com.nxp.mcuxpresso.tools.linux_11.8.0.202306131047/tools/bin/../lib/gcc/arm-none-eabi/12.2.1/../../../../arm-none-eabi/lib/thumb/v7-m/nofp/libc.a(libc_a-lock.o)
                0x000000000000447c                __retarget_lock_close_recursive
 .text.__retarget_lock_acquire_recursive
                0x0000000000004480        0x4 /usr/local/mcuxpressoide-11.8.0_1165/ide/plugins/com.nxp.mcuxpresso.tools.linux_11.8.0.202306131047/tools/bin/../lib/gcc/arm-none-eabi/12.2.1/../../../../arm-none-eabi/lib/thumb/v7-m/nofp/libc.a(libc_a-lock.o)
                0x0000000000004480                __retarget_lock_acquire_recursive
 .text.__retarget_lock_release_recursive
                0x0000000000004484        0x4 /usr/local/mcuxpressoide-11.8.0_1165/ide/plugins/com.nxp.mcuxpresso.tools.linux_11.8.0.202306131047/tools/bin/../lib/gcc/arm-none-eabi/12.2.1/../../../../arm-none-eabi/lib/thumb/v7-m/nofp/libc.a(libc_a-lock.o)
                0x0000000000004484                __retarget_lock_release_recursive
 .text.__locale_mb_cur_max
                0x0000000000004488        0xc /usr/local/mcuxpressoide-11.8.0_1165/ide/plugins/com.nxp.mcuxpresso.tools.linux_11.8.0.202306131047/tools/bin/../lib/gcc/arm-none-eabi/12.2.1/../../../../arm-none-eabi/lib/thumb/v7-m/nofp/libc.a(libc_a-locale.o)
                0x0000000000004488                __locale_mb_cur_max
 .text._localeconv_r
                0x0000000000004494        0x8 /usr/local/mcuxpressoide-11.8.0_1165/ide/plugins/com.nxp.mcuxpresso.tools.linux_11.8.0.202306131047/tools/bin/../lib/gcc/arm-none-eabi/12.2.1/../../../../arm-none-eabi/lib/thumb/v7-m/nofp/libc.a(libc_a-localeconv.o)
                0x0000000000004494                _localeconv_r
 .text.printf   0x000000000000449c       0x28 /usr/local/mcuxpressoide-11.8.0_1165/ide/plugins/com.nxp.mcuxpresso.tools.linux_11.8.0.202306131047/tools/bin/../lib/gcc/arm-none-eabi/12.2.1/../../../../arm-none-eabi/lib/thumb/v7-m/nofp/libc.a(libc_a-printf.o)
                0x000000000000449c                printf
 .text._close_r
                0x00000000000044c4       0x24 /usr/local/mcuxpressoide-11.8.0_1165/ide/plugins/com.nxp.mcuxpresso.tools.linux_11.8.0.202306131047/tools/bin/../lib/gcc/arm-none-eabi/12.2.1/../../../../arm-none-eabi/lib/thumb/v7-m/nofp/libc.a(libc_a-closer.o)
                0x00000000000044c4                _close_r
 .text.__sflush_r
                0x00000000000044e8      0x128 /usr/local/mcuxpressoide-11.8.0_1165/ide/plugins/com.nxp.mcuxpresso.tools.linux_11.8.0.202306131047/tools/bin/../lib/gcc/arm-none-eabi/12.2.1/../../../../arm-none-eabi/lib/thumb/v7-m/nofp/libc.a(libc_a-fflush.o)
                0x00000000000044e8                __sflush_r
 .text._fflush_r
                0x0000000000004610       0x54 /usr/local/mcuxpressoide-11.8.0_1165/ide/plugins/com.nxp.mcuxpresso.tools.linux_11.8.0.202306131047/tools/bin/../lib/gcc/arm-none-eabi/12.2.1/../../../../arm-none-eabi/lib/thumb/v7-m/nofp/libc.a(libc_a-fflush.o)
                0x0000000000004610                _fflush_r
 .text.fflush   0x0000000000004664       0x74 /usr/local/mcuxpressoide-11.8.0_1165/ide/plugins/com.nxp.mcuxpresso.tools.linux_11.8.0.202306131047/tools/bin/../lib/gcc/arm-none-eabi/12.2.1/../../../../arm-none-eabi/lib/thumb/v7-m/nofp/libc.a(libc_a-fflush.o)
                0x0000000000004664                fflush
 .text.stdio_exit_handler
                0x00000000000046d8       0x18 /usr/local/mcuxpressoide-11.8.0_1165/ide/plugins/com.nxp.mcuxpresso.tools.linux_11.8.0.202306131047/tools/bin/../lib/gcc/arm-none-eabi/12.2.1/../../../../arm-none-eabi/lib/thumb/v7-m/nofp/libc.a(libc_a-findfp.o)
 .text.cleanup_stdio
                0x00000000000046f0       0x40 /usr/local/mcuxpressoide-11.8.0_1165/ide/plugins/com.nxp.mcuxpresso.tools.linux_11.8.0.202306131047/tools/bin/../lib/gcc/arm-none-eabi/12.2.1/../../../../arm-none-eabi/lib/thumb/v7-m/nofp/libc.a(libc_a-findfp.o)
 .text.global_stdio_init.part.0
                0x0000000000004730       0xf0 /usr/local/mcuxpressoide-11.8.0_1165/ide/plugins/com.nxp.mcuxpresso.tools.linux_11.8.0.202306131047/tools/bin/../lib/gcc/arm-none-eabi/12.2.1/../../../../arm-none-eabi/lib/thumb/v7-m/nofp/libc.a(libc_a-findfp.o)
 .text.__sinit  0x0000000000004820       0x3c /usr/local/mcuxpressoide-11.8.0_1165/ide/plugins/com.nxp.mcuxpresso.tools.linux_11.8.0.202306131047/tools/bin/../lib/gcc/arm-none-eabi/12.2.1/../../../../arm-none-eabi/lib/thumb/v7-m/nofp/libc.a(libc_a-findfp.o)
                0x0000000000004820                __sinit
 .text.__sfp_lock_acquire
                0x000000000000485c        0xc /usr/local/mcuxpressoide-11.8.0_1165/ide/plugins/com.nxp.mcuxpresso.tools.linux_11.8.0.202306131047/tools/bin/../lib/gcc/arm-none-eabi/12.2.1/../../../../arm-none-eabi/lib/thumb/v7-m/nofp/libc.a(libc_a-findfp.o)
                0x000000000000485c                __sfp_lock_acquire
 .text.__sfp_lock_release
                0x0000000000004868        0xc /usr/local/mcuxpressoide-11.8.0_1165/ide/plugins/com.nxp.mcuxpresso.tools.linux_11.8.0.202306131047/tools/bin/../lib/gcc/arm-none-eabi/12.2.1/../../../../arm-none-eabi/lib/thumb/v7-m/nofp/libc.a(libc_a-findfp.o)
                0x0000000000004868                __sfp_lock_release
 .text          0x0000000000004874       0xec /usr/local/mcuxpressoide-11.8.0_1165/ide/plugins/com.nxp.mcuxpresso.tools.linux_11.8.0.202306131047/tools/bin/../lib/gcc/arm-none-eabi/12.2.1/../../../../arm-none-eabi/lib/thumb/v7-m/nofp/libc.a(libc_a-memcpy.o)
                0x0000000000004874                memcpy
 .text.strlen   0x0000000000004960       0x5c /usr/local/mcuxpressoide-11.8.0_1165/ide/plugins/com.nxp.mcuxpresso.tools.linux_11.8.0.202306131047/tools/bin/../lib/gcc/arm-none-eabi/12.2.1/../../../../arm-none-eabi/lib/thumb/v7-m/nofp/libc.a(libc_a-strlen-stub.o)
                0x0000000000004960                strlen
 .text.strncpy  0x00000000000049bc       0x6c /usr/local/mcuxpressoide-11.8.0_1165/ide/plugins/com.nxp.mcuxpresso.tools.linux_11.8.0.202306131047/tools/bin/../lib/gcc/arm-none-eabi/12.2.1/../../../../arm-none-eabi/lib/thumb/v7-m/nofp/libc.a(libc_a-strncpy.o)
                0x00000000000049bc                strncpy
 .text._fstat_r
                0x0000000000004a28       0x28 /usr/local/mcuxpressoide-11.8.0_1165/ide/plugins/com.nxp.mcuxpresso.tools.linux_11.8.0.202306131047/tools/bin/../lib/gcc/arm-none-eabi/12.2.1/../../../../arm-none-eabi/lib/thumb/v7-m/nofp/libc.a(libc_a-fstatr.o)
                0x0000000000004a28                _fstat_r
 .text._lseek_r
                0x0000000000004a50       0x2c /usr/local/mcuxpressoide-11.8.0_1165/ide/plugins/com.nxp.mcuxpresso.tools.linux_11.8.0.202306131047/tools/bin/../lib/gcc/arm-none-eabi/12.2.1/../../../../arm-none-eabi/lib/thumb/v7-m/nofp/libc.a(libc_a-lseekr.o)
                0x0000000000004a50                _lseek_r
 .text._read_r  0x0000000000004a7c       0x2c /usr/local/mcuxpressoide-11.8.0_1165/ide/plugins/com.nxp.mcuxpresso.tools.linux_11.8.0.202306131047/tools/bin/../lib/gcc/arm-none-eabi/12.2.1/../../../../arm-none-eabi/lib/thumb/v7-m/nofp/libc.a(libc_a-readr.o)
                0x0000000000004a7c                _read_r
 .text.__ascii_wctomb
                0x0000000000004aa8       0x1c /usr/local/mcuxpressoide-11.8.0_1165/ide/plugins/com.nxp.mcuxpresso.tools.linux_11.8.0.202306131047/tools/bin/../lib/gcc/arm-none-eabi/12.2.1/../../../../arm-none-eabi/lib/thumb/v7-m/nofp/libc.a(libc_a-wctomb_r.o)
                0x0000000000004aa8                __ascii_wctomb
 .text._fwalk_sglue
                0x0000000000004ac4       0x44 /usr/local/mcuxpressoide-11.8.0_1165/ide/plugins/com.nxp.mcuxpresso.tools.linux_11.8.0.202306131047/tools/bin/../lib/gcc/arm-none-eabi/12.2.1/../../../../arm-none-eabi/lib/thumb/v7-m/nofp/libc.a(libc_a-fwalk.o)
                0x0000000000004ac4                _fwalk_sglue
 .text._svfprintf_r
                0x0000000000004b08     0x1c94 /usr/local/mcuxpressoide-11.8.0_1165/ide/plugins/com.nxp.mcuxpresso.tools.linux_11.8.0.202306131047/tools/bin/../lib/gcc/arm-none-eabi/12.2.1/../../../../arm-none-eabi/lib/thumb/v7-m/nofp/libc.a(libc_a-svfprintf.o)
                0x0000000000004b08                _svfprintf_r
 .text._vfprintf_r
                0x000000000000679c     0x1d58 /usr/local/mcuxpressoide-11.8.0_1165/ide/plugins/com.nxp.mcuxpresso.tools.linux_11.8.0.202306131047/tools/bin/../lib/gcc/arm-none-eabi/12.2.1/../../../../arm-none-eabi/lib/thumb/v7-m/nofp/libc.a(libc_a-vfprintf.o)
                0x000000000000679c                _vfprintf_r
 .text.__sbprintf
                0x00000000000084f4       0x80 /usr/local/mcuxpressoide-11.8.0_1165/ide/plugins/com.nxp.mcuxpresso.tools.linux_11.8.0.202306131047/tools/bin/../lib/gcc/arm-none-eabi/12.2.1/../../../../arm-none-eabi/lib/thumb/v7-m/nofp/libc.a(libc_a-vfprintf.o)
 .text.__sprint_r.part.0
                0x0000000000008574       0x78 /usr/local/mcuxpressoide-11.8.0_1165/ide/plugins/com.nxp.mcuxpresso.tools.linux_11.8.0.202306131047/tools/bin/../lib/gcc/arm-none-eabi/12.2.1/../../../../arm-none-eabi/lib/thumb/v7-m/nofp/libc.a(libc_a-vfiprintf.o)
 .text.__sprint_r
                0x00000000000085ec       0x14 /usr/local/mcuxpressoide-11.8.0_1165/ide/plugins/com.nxp.mcuxpresso.tools.linux_11.8.0.202306131047/tools/bin/../lib/gcc/arm-none-eabi/12.2.1/../../../../arm-none-eabi/lib/thumb/v7-m/nofp/libc.a(libc_a-vfiprintf.o)
                0x00000000000085ec                __sprint_r
 .text._vfiprintf_r
                0x0000000000008600      0xffc /usr/local/mcuxpressoide-11.8.0_1165/ide/plugins/com.nxp.mcuxpresso.tools.linux_11.8.0.202306131047/tools/bin/../lib/gcc/arm-none-eabi/12.2.1/../../../../arm-none-eabi/lib/thumb/v7-m/nofp/libc.a(libc_a-vfiprintf.o)
                0x0000000000008600                _vfiprintf_r
 .text.__sbprintf
                0x00000000000095fc       0x80 /usr/local/mcuxpressoide-11.8.0_1165/ide/plugins/com.nxp.mcuxpresso.tools.linux_11.8.0.202306131047/tools/bin/../lib/gcc/arm-none-eabi/12.2.1/../../../../arm-none-eabi/lib/thumb/v7-m/nofp/libc.a(libc_a-vfiprintf.o)
 .text.__ascii_mbtowc
                0x000000000000967c       0x2c /usr/local/mcuxpressoide-11.8.0_1165/ide/plugins/com.nxp.mcuxpresso.tools.linux_11.8.0.202306131047/tools/bin/../lib/gcc/arm-none-eabi/12.2.1/../../../../arm-none-eabi/lib/thumb/v7-m/nofp/libc.a(libc_a-mbtowc_r.o)
                0x000000000000967c                __ascii_mbtowc
 .text.__assert_func
                0x00000000000096a8       0x40 /usr/local/mcuxpressoide-11.8.0_1165/ide/plugins/com.nxp.mcuxpresso.tools.linux_11.8.0.202306131047/tools/bin/../lib/gcc/arm-none-eabi/12.2.1/../../../../arm-none-eabi/lib/thumb/v7-m/nofp/libc.a(libc_a-assert.o)
                0x00000000000096a8                __assert_func
 .text._wcrtomb_r
                0x00000000000096e8       0x4c /usr/local/mcuxpressoide-11.8.0_1165/ide/plugins/com.nxp.mcuxpresso.tools.linux_11.8.0.202306131047/tools/bin/../lib/gcc/arm-none-eabi/12.2.1/../../../../arm-none-eabi/lib/thumb/v7-m/nofp/libc.a(libc_a-wcrtomb.o)
                0x00000000000096e8                _wcrtomb_r
 .text._fclose_r
                0x0000000000009734       0xc4 /usr/local/mcuxpressoide-11.8.0_1165/ide/plugins/com.nxp.mcuxpresso.tools.linux_11.8.0.202306131047/tools/bin/../lib/gcc/arm-none-eabi/12.2.1/../../../../arm-none-eabi/lib/thumb/v7-m/nofp/libc.a(libc_a-fclose.o)
                0x0000000000009734                _fclose_r
 .text.__swsetup_r
                0x00000000000097f8       0xc0 /usr/local/mcuxpressoide-11.8.0_1165/ide/plugins/com.nxp.mcuxpresso.tools.linux_11.8.0.202306131047/tools/bin/../lib/gcc/arm-none-eabi/12.2.1/../../../../arm-none-eabi/lib/thumb/v7-m/nofp/libc.a(libc_a-wsetup.o)
                0x00000000000097f8                __swsetup_r
 .text.__smakebuf_r
                0x00000000000098b8       0xdc /usr/local/mcuxpressoide-11.8.0_1165/ide/plugins/com.nxp.mcuxpresso.tools.linux_11.8.0.202306131047/tools/bin/../lib/gcc/arm-none-eabi/12.2.1/../../../../arm-none-eabi/lib/thumb/v7-m/nofp/libc.a(libc_a-makebuf.o)
                0x00000000000098b8                __smakebuf_r
 .text._Balloc  0x0000000000009994       0x4c /usr/local/mcuxpressoide-11.8.0_1165/ide/plugins/com.nxp.mcuxpresso.tools.linux_11.8.0.202306131047/tools/bin/../lib/gcc/arm-none-eabi/12.2.1/../../../../arm-none-eabi/lib/thumb/v7-m/nofp/libc.a(libc_a-mprec.o)
                0x0000000000009994                _Balloc
 .text._Bfree   0x00000000000099e0       0x14 /usr/local/mcuxpressoide-11.8.0_1165/ide/plugins/com.nxp.mcuxpresso.tools.linux_11.8.0.202306131047/tools/bin/../lib/gcc/arm-none-eabi/12.2.1/../../../../arm-none-eabi/lib/thumb/v7-m/nofp/libc.a(libc_a-mprec.o)
                0x00000000000099e0                _Bfree
 .text.__multadd
                0x00000000000099f4       0xa4 /usr/local/mcuxpressoide-11.8.0_1165/ide/plugins/com.nxp.mcuxpresso.tools.linux_11.8.0.202306131047/tools/bin/../lib/gcc/arm-none-eabi/12.2.1/../../../../arm-none-eabi/lib/thumb/v7-m/nofp/libc.a(libc_a-mprec.o)
                0x00000000000099f4                __multadd
 .text.__hi0bits
                0x0000000000009a98       0x44 /usr/local/mcuxpressoide-11.8.0_1165/ide/plugins/com.nxp.mcuxpresso.tools.linux_11.8.0.202306131047/tools/bin/../lib/gcc/arm-none-eabi/12.2.1/../../../../arm-none-eabi/lib/thumb/v7-m/nofp/libc.a(libc_a-mprec.o)
                0x0000000000009a98                __hi0bits
 .text.__lo0bits
                0x0000000000009adc       0x5c /usr/local/mcuxpressoide-11.8.0_1165/ide/plugins/com.nxp.mcuxpresso.tools.linux_11.8.0.202306131047/tools/bin/../lib/gcc/arm-none-eabi/12.2.1/../../../../arm-none-eabi/lib/thumb/v7-m/nofp/libc.a(libc_a-mprec.o)
                0x0000000000009adc                __lo0bits
 .text.__i2b    0x0000000000009b38       0x5c /usr/local/mcuxpressoide-11.8.0_1165/ide/plugins/com.nxp.mcuxpresso.tools.linux_11.8.0.202306131047/tools/bin/../lib/gcc/arm-none-eabi/12.2.1/../../../../arm-none-eabi/lib/thumb/v7-m/nofp/libc.a(libc_a-mprec.o)
                0x0000000000009b38                __i2b
 .text.__multiply
                0x0000000000009b94      0x164 /usr/local/mcuxpressoide-11.8.0_1165/ide/plugins/com.nxp.mcuxpresso.tools.linux_11.8.0.202306131047/tools/bin/../lib/gcc/arm-none-eabi/12.2.1/../../../../arm-none-eabi/lib/thumb/v7-m/nofp/libc.a(libc_a-mprec.o)
                0x0000000000009b94                __multiply
 .text.__pow5mult
                0x0000000000009cf8       0xb4 /usr/local/mcuxpressoide-11.8.0_1165/ide/plugins/com.nxp.mcuxpresso.tools.linux_11.8.0.202306131047/tools/bin/../lib/gcc/arm-none-eabi/12.2.1/../../../../arm-none-eabi/lib/thumb/v7-m/nofp/libc.a(libc_a-mprec.o)
                0x0000000000009cf8                __pow5mult
 .text.__lshift
                0x0000000000009dac       0xec /usr/local/mcuxpressoide-11.8.0_1165/ide/plugins/com.nxp.mcuxpresso.tools.linux_11.8.0.202306131047/tools/bin/../lib/gcc/arm-none-eabi/12.2.1/../../../../arm-none-eabi/lib/thumb/v7-m/nofp/libc.a(libc_a-mprec.o)
                0x0000000000009dac                __lshift
 .text.__mcmp   0x0000000000009e98       0x40 /usr/local/mcuxpressoide-11.8.0_1165/ide/plugins/com.nxp.mcuxpresso.tools.linux_11.8.0.202306131047/tools/bin/../lib/gcc/arm-none-eabi/12.2.1/../../../../arm-none-eabi/lib/thumb/v7-m/nofp/libc.a(libc_a-mprec.o)
                0x0000000000009e98                __mcmp
 .text.__mdiff  0x0000000000009ed8      0x160 /usr/local/mcuxpressoide-11.8.0_1165/ide/plugins/com.nxp.mcuxpresso.tools.linux_11.8.0.202306131047/tools/bin/../lib/gcc/arm-none-eabi/12.2.1/../../../../arm-none-eabi/lib/thumb/v7-m/nofp/libc.a(libc_a-mprec.o)
                0x0000000000009ed8                __mdiff
 .text.__d2b    0x000000000000a038       0xbc /usr/local/mcuxpressoide-11.8.0_1165/ide/plugins/com.nxp.mcuxpresso.tools.linux_11.8.0.202306131047/tools/bin/../lib/gcc/arm-none-eabi/12.2.1/../../../../arm-none-eabi/lib/thumb/v7-m/nofp/libc.a(libc_a-mprec.o)
                0x000000000000a038                __d2b
 .text._wcsrtombs_r
                0x000000000000a0f4       0x18 /usr/local/mcuxpressoide-11.8.0_1165/ide/plugins/com.nxp.mcuxpresso.tools.linux_11.8.0.202306131047/tools/bin/../lib/gcc/arm-none-eabi/12.2.1/../../../../arm-none-eabi/lib/thumb/v7-m/nofp/libc.a(libc_a-wcsrtombs.o)
                0x000000000000a0f4                _wcsrtombs_r
 .text.quorem   0x000000000000a10c      0x13c /usr/local/mcuxpressoide-11.8.0_1165/ide/plugins/com.nxp.mcuxpresso.tools.linux_11.8.0.202306131047/tools/bin/../lib/gcc/arm-none-eabi/12.2.1/../../../../arm-none-eabi/lib/thumb/v7-m/nofp/libc.a(libc_a-dtoa.o)
 .text._dtoa_r  0x000000000000a248      0xed0 /usr/local/mcuxpressoide-11.8.0_1165/ide/plugins/com.nxp.mcuxpresso.tools.linux_11.8.0.202306131047/tools/bin/../lib/gcc/arm-none-eabi/12.2.1/../../../../arm-none-eabi/lib/thumb/v7-m/nofp/libc.a(libc_a-dtoa.o)
                0x000000000000a248                _dtoa_r
 .text.memchr   0x000000000000b118       0x98 /usr/local/mcuxpressoide-11.8.0_1165/ide/plugins/com.nxp.mcuxpresso.tools.linux_11.8.0.202306131047/tools/bin/../lib/gcc/arm-none-eabi/12.2.1/../../../../arm-none-eabi/lib/thumb/v7-m/nofp/libc.a(libc_a-memchr-stub.o)
                0x000000000000b118                memchr
 .text.frexp    0x000000000000b1b0       0x70 /usr/local/mcuxpressoide-11.8.0_1165/ide/plugins/com.nxp.mcuxpresso.tools.linux_11.8.0.202306131047/tools/bin/../lib/gcc/arm-none-eabi/12.2.1/../../../../arm-none-eabi/lib/thumb/v7-m/nofp/libc.a(libm_a-s_frexp.o)
                0x000000000000b1b0                frexp
 .text._isatty_r
                0x000000000000b220       0x24 /usr/local/mcuxpressoide-11.8.0_1165/ide/plugins/com.nxp.mcuxpresso.tools.linux_11.8.0.202306131047/tools/bin/../lib/gcc/arm-none-eabi/12.2.1/../../../../arm-none-eabi/lib/thumb/v7-m/nofp/libc.a(libc_a-isattyr.o)
                0x000000000000b220                _isatty_r
 .text.fiprintf
                0x000000000000b244       0x28 /usr/local/mcuxpressoide-11.8.0_1165/ide/plugins/com.nxp.mcuxpresso.tools.linux_11.8.0.202306131047/tools/bin/../lib/gcc/arm-none-eabi/12.2.1/../../../../arm-none-eabi/lib/thumb/v7-m/nofp/libc.a(libc_a-fiprintf.o)
                0x000000000000b244                fiprintf
 .text.__fputwc
                0x000000000000b26c       0x7c /usr/local/mcuxpressoide-11.8.0_1165/ide/plugins/com.nxp.mcuxpresso.tools.linux_11.8.0.202306131047/tools/bin/../lib/gcc/arm-none-eabi/12.2.1/../../../../arm-none-eabi/lib/thumb/v7-m/nofp/libc.a(libc_a-fputwc.o)
                0x000000000000b26c                __fputwc
 .text._fputwc_r
                0x000000000000b2e8       0x64 /usr/local/mcuxpressoide-11.8.0_1165/ide/plugins/com.nxp.mcuxpresso.tools.linux_11.8.0.202306131047/tools/bin/../lib/gcc/arm-none-eabi/12.2.1/../../../../arm-none-eabi/lib/thumb/v7-m/nofp/libc.a(libc_a-fputwc.o)
                0x000000000000b2e8                _fputwc_r
 .text.__sfvwrite_r
                0x000000000000b34c      0x2dc /usr/local/mcuxpressoide-11.8.0_1165/ide/plugins/com.nxp.mcuxpresso.tools.linux_11.8.0.202306131047/tools/bin/../lib/gcc/arm-none-eabi/12.2.1/../../../../arm-none-eabi/lib/thumb/v7-m/nofp/libc.a(libc_a-fvwrite.o)
                0x000000000000b34c                __sfvwrite_r
 .text.__ssprint_r
                0x000000000000b628      0x100 /usr/local/mcuxpressoide-11.8.0_1165/ide/plugins/com.nxp.mcuxpresso.tools.linux_11.8.0.202306131047/tools/bin/../lib/gcc/arm-none-eabi/12.2.1/../../../../arm-none-eabi/lib/thumb/v7-m/nofp/libc.a(libc_a-svfiprintf.o)
                0x000000000000b628                __ssprint_r
 .text.__swbuf_r
                0x000000000000b728       0xac /usr/local/mcuxpressoide-11.8.0_1165/ide/plugins/com.nxp.mcuxpresso.tools.linux_11.8.0.202306131047/tools/bin/../lib/gcc/arm-none-eabi/12.2.1/../../../../arm-none-eabi/lib/thumb/v7-m/nofp/libc.a(libc_a-wbuf.o)
                0x000000000000b728                __swbuf_r
 .text.abort    0x000000000000b7d4       0x10 /usr/local/mcuxpressoide-11.8.0_1165/ide/plugins/com.nxp.mcuxpresso.tools.linux_11.8.0.202306131047/tools/bin/../lib/gcc/arm-none-eabi/12.2.1/../../../../arm-none-eabi/lib/thumb/v7-m/nofp/libc.a(libc_a-abort.o)
                0x000000000000b7d4                abort
 .text.memmove  0x000000000000b7e4       0xfc /usr/local/mcuxpressoide-11.8.0_1165/ide/plugins/com.nxp.mcuxpresso.tools.linux_11.8.0.202306131047/tools/bin/../lib/gcc/arm-none-eabi/12.2.1/../../../../arm-none-eabi/lib/thumb/v7-m/nofp/libc.a(libc_a-memmove.o)
                0x000000000000b7e4                memmove
 .text._wcsnrtombs_l
                0x000000000000b8e0       0xec /usr/local/mcuxpressoide-11.8.0_1165/ide/plugins/com.nxp.mcuxpresso.tools.linux_11.8.0.202306131047/tools/bin/../lib/gcc/arm-none-eabi/12.2.1/../../../../arm-none-eabi/lib/thumb/v7-m/nofp/libc.a(libc_a-wcsnrtombs.o)
                0x000000000000b8e0                _wcsnrtombs_l
 .text._wcsnrtombs_r
                0x000000000000b9cc       0x24 /usr/local/mcuxpressoide-11.8.0_1165/ide/plugins/com.nxp.mcuxpresso.tools.linux_11.8.0.202306131047/tools/bin/../lib/gcc/arm-none-eabi/12.2.1/../../../../arm-none-eabi/lib/thumb/v7-m/nofp/libc.a(libc_a-wcsnrtombs.o)
                0x000000000000b9cc                _wcsnrtombs_r
 .text.raise    0x000000000000b9f0       0x58 /usr/local/mcuxpressoide-11.8.0_1165/ide/plugins/com.nxp.mcuxpresso.tools.linux_11.8.0.202306131047/tools/bin/../lib/gcc/arm-none-eabi/12.2.1/../../../../arm-none-eabi/lib/thumb/v7-m/nofp/libc.a(libc_a-signal.o)
                0x000000000000b9f0                raise
 .text._kill_r  0x000000000000ba48       0x28 /usr/local/mcuxpressoide-11.8.0_1165/ide/plugins/com.nxp.mcuxpresso.tools.linux_11.8.0.202306131047/tools/bin/../lib/gcc/arm-none-eabi/12.2.1/../../../../arm-none-eabi/lib/thumb/v7-m/nofp/libc.a(libc_a-signalr.o)
                0x000000000000ba48                _kill_r
 .text._getpid_r
                0x000000000000ba70        0x4 /usr/local/mcuxpressoide-11.8.0_1165/ide/plugins/com.nxp.mcuxpresso.tools.linux_11.8.0.202306131047/tools/bin/../lib/gcc/arm-none-eabi/12.2.1/../../../../arm-none-eabi/lib/thumb/v7-m/nofp/libc.a(libc_a-signalr.o)
                0x000000000000ba70                _getpid_r
 .text          0x000000000000ba74      0x378 /usr/local/mcuxpressoide-11.8.0_1165/ide/plugins/com.nxp.mcuxpresso.tools.linux_11.8.0.202306131047/tools/bin/../lib/gcc/arm-none-eabi/12.2.1/thumb/v7-m/nofp/libgcc.a(_arm_addsubdf3.o)
                0x000000000000ba74                __aeabi_drsub
                0x000000000000ba7c                __aeabi_dsub
                0x000000000000ba7c                __subdf3
                0x000000000000ba80                __adddf3
                0x000000000000ba80                __aeabi_dadd
                0x000000000000bcf8                __aeabi_ui2d
                0x000000000000bcf8                __floatunsidf
                0x000000000000bd18                __floatsidf
                0x000000000000bd18                __aeabi_i2d
                0x000000000000bd3c                __extendsfdf2
                0x000000000000bd3c                __aeabi_f2d
                0x000000000000bd80                __aeabi_ul2d
                0x000000000000bd80                __floatundidf
                0x000000000000bd90                __floatdidf
                0x000000000000bd90                __aeabi_l2d
 .text          0x000000000000bdec      0x424 /usr/local/mcuxpressoide-11.8.0_1165/ide/plugins/com.nxp.mcuxpresso.tools.linux_11.8.0.202306131047/tools/bin/../lib/gcc/arm-none-eabi/12.2.1/thumb/v7-m/nofp/libgcc.a(_arm_muldivdf3.o)
                0x000000000000bdec                __aeabi_dmul
                0x000000000000bdec                __muldf3
                0x000000000000c040                __aeabi_ddiv
                0x000000000000c040                __divdf3
 .text          0x000000000000c210      0x110 /usr/local/mcuxpressoide-11.8.0_1165/ide/plugins/com.nxp.mcuxpresso.tools.linux_11.8.0.202306131047/tools/bin/../lib/gcc/arm-none-eabi/12.2.1/thumb/v7-m/nofp/libgcc.a(_arm_cmpdf2.o)
                0x000000000000c210                __gtdf2
                0x000000000000c210                __gedf2
                0x000000000000c218                __ltdf2
                0x000000000000c218                __ledf2
                0x000000000000c220                __cmpdf2
                0x000000000000c220                __eqdf2
                0x000000000000c220                __nedf2
                0x000000000000c29c                __aeabi_cdrcmple
                0x000000000000c2ac                __aeabi_cdcmple
                0x000000000000c2ac                __aeabi_cdcmpeq
                0x000000000000c2bc                __aeabi_dcmpeq
                0x000000000000c2d0                __aeabi_dcmplt
                0x000000000000c2e4                __aeabi_dcmple
                0x000000000000c2f8                __aeabi_dcmpge
                0x000000000000c30c                __aeabi_dcmpgt
 .text          0x000000000000c320       0x2c /usr/local/mcuxpressoide-11.8.0_1165/ide/plugins/com.nxp.mcuxpresso.tools.linux_11.8.0.202306131047/tools/bin/../lib/gcc/arm-none-eabi/12.2.1/thumb/v7-m/nofp/libgcc.a(_arm_unorddf2.o)
                0x000000000000c320                __aeabi_dcmpun
                0x000000000000c320                __unorddf2
 .text          0x000000000000c34c       0x50 /usr/local/mcuxpressoide-11.8.0_1165/ide/plugins/com.nxp.mcuxpresso.tools.linux_11.8.0.202306131047/tools/bin/../lib/gcc/arm-none-eabi/12.2.1/thumb/v7-m/nofp/libgcc.a(_arm_fixdfsi.o)
                0x000000000000c34c                __fixdfsi
                0x000000000000c34c                __aeabi_d2iz
 .text          0x000000000000c39c       0x40 /usr/local/mcuxpressoide-11.8.0_1165/ide/plugins/com.nxp.mcuxpresso.tools.linux_11.8.0.202306131047/tools/bin/../lib/gcc/arm-none-eabi/12.2.1/thumb/v7-m/nofp/libgcc.a(_arm_fixunsdfsi.o)
                0x000000000000c39c                __fixunsdfsi
                0x000000000000c39c                __aeabi_d2uiz
 .text.__fixunssfdi
                0x000000000000c3dc       0x40 /usr/local/mcuxpressoide-11.8.0_1165/ide/plugins/com.nxp.mcuxpresso.tools.linux_11.8.0.202306131047/tools/bin/../lib/gcc/arm-none-eabi/12.2.1/thumb/v7-m/nofp/libgcc.a(_fixunssfdi.o)
                0x000000000000c3dc                __aeabi_f2ulz
                0x000000000000c3dc                __fixunssfdi
 .text._getpid  0x000000000000c41c       0x10 /usr/local/mcuxpressoide-11.8.0_1165/ide/plugins/com.nxp.mcuxpresso.tools.linux_11.8.0.202306131047/tools/bin/../lib/gcc/arm-none-eabi/12.2.1/../../../../arm-none-eabi/lib/thumb/v7-m/nofp/libnosys.a(getpid.o)
                0x000000000000c41c                _getpid
 .text._kill    0x000000000000c42c       0x10 /usr/local/mcuxpressoide-11.8.0_1165/ide/plugins/com.nxp.mcuxpresso.tools.linux_11.8.0.202306131047/tools/bin/../lib/gcc/arm-none-eabi/12.2.1/../../../../arm-none-eabi/lib/thumb/v7-m/nofp/libnosys.a(kill.o)
                0x000000000000c42c                _kill
 .text.__wrap__malloc_r
                0x000000000000c43c       0x1e /home/pc/Desktop/Cours/micro_controller/labo1/mbed-os/Debug/libmbed-os.a(mbed_alloc_wrappers.o)
                0x000000000000c43c                __wrap__malloc_r
 .text.malloc_wrapper
                0x000000000000c45a       0x22 /home/pc/Desktop/Cours/micro_controller/labo1/mbed-os/Debug/libmbed-os.a(mbed_alloc_wrappers.o)
                0x000000000000c45a                malloc_wrapper
 .text.__wrap__realloc_r
                0x000000000000c47c       0x24 /home/pc/Desktop/Cours/micro_controller/labo1/mbed-os/Debug/libmbed-os.a(mbed_alloc_wrappers.o)
                0x000000000000c47c                __wrap__realloc_r
 .text.__wrap__free_r
                0x000000000000c4a0       0x1c /home/pc/Desktop/Cours/micro_controller/labo1/mbed-os/Debug/libmbed-os.a(mbed_alloc_wrappers.o)
                0x000000000000c4a0                __wrap__free_r
 .text.free_wrapper
                0x000000000000c4bc       0x1a /home/pc/Desktop/Cours/micro_controller/labo1/mbed-os/Debug/libmbed-os.a(mbed_alloc_wrappers.o)
                0x000000000000c4bc                free_wrapper
 .text.__wrap__calloc_r
                0x000000000000c4d6       0x24 /home/pc/Desktop/Cours/micro_controller/labo1/mbed-os/Debug/libmbed-os.a(mbed_alloc_wrappers.o)
                0x000000000000c4d6                __wrap__calloc_r
 *fill*         0x000000000000c4fa        0x2 
 .text._ZN4mbed11InterruptInC2E7PinName
                0x000000000000c4fc       0x74 /home/pc/Desktop/Cours/micro_controller/labo1/mbed-os/Debug/libmbed-os.a(InterruptIn.o)
                0x000000000000c4fc                mbed::InterruptIn::InterruptIn(PinName)
                0x000000000000c4fc                mbed::InterruptIn::InterruptIn(PinName)
 .text._ZN4mbed11InterruptIn8irq_initE7PinName
                0x000000000000c570       0x24 /home/pc/Desktop/Cours/micro_controller/labo1/mbed-os/Debug/libmbed-os.a(InterruptIn.o)
                0x000000000000c570                mbed::InterruptIn::irq_init(PinName)
 .text._ZN4mbed11InterruptInD2Ev
                0x000000000000c594       0x40 /home/pc/Desktop/Cours/micro_controller/labo1/mbed-os/Debug/libmbed-os.a(InterruptIn.o)
                0x000000000000c594                mbed::InterruptIn::~InterruptIn()
                0x000000000000c594                mbed::InterruptIn::~InterruptIn()
 .text._ZN4mbed11InterruptInD0Ev
                0x000000000000c5d4       0x1c /home/pc/Desktop/Cours/micro_controller/labo1/mbed-os/Debug/libmbed-os.a(InterruptIn.o)
                0x000000000000c5d4                mbed::InterruptIn::~InterruptIn()
 .text._ZN4mbed11InterruptIn4riseENS_8CallbackIFvvEEE
                0x000000000000c5f0       0x6e /home/pc/Desktop/Cours/micro_controller/labo1/mbed-os/Debug/libmbed-os.a(InterruptIn.o)
                0x000000000000c5f0                mbed::InterruptIn::rise(mbed::Callback<void ()>)
 .text._ZN4mbed11InterruptIn4fallENS_8CallbackIFvvEEE
                0x000000000000c65e       0x6e /home/pc/Desktop/Cours/micro_controller/labo1/mbed-os/Debug/libmbed-os.a(InterruptIn.o)
                0x000000000000c65e                mbed::InterruptIn::fall(mbed::Callback<void ()>)
 .text._ZN4mbed11InterruptIn12_irq_handlerEm14gpio_irq_event
                0x000000000000c6cc       0x6e /home/pc/Desktop/Cours/micro_controller/labo1/mbed-os/Debug/libmbed-os.a(InterruptIn.o)
                0x000000000000c6cc                mbed::InterruptIn::_irq_handler(unsigned long, gpio_irq_event)
 .text._ZN4mbed11NonCopyableINS_11InterruptInEEC2Ev
                0x000000000000c73a        0xc /home/pc/Desktop/Cours/micro_controller/labo1/mbed-os/Debug/libmbed-os.a(InterruptIn.o)
                0x000000000000c73a                mbed::NonCopyable<mbed::InterruptIn>::NonCopyable()
                0x000000000000c73a                mbed::NonCopyable<mbed::InterruptIn>::NonCopyable()
 .text._ZN4mbed11NonCopyableINS_11InterruptInEED2Ev
                0x000000000000c746        0xc /home/pc/Desktop/Cours/micro_controller/labo1/mbed-os/Debug/libmbed-os.a(InterruptIn.o)
                0x000000000000c746                mbed::NonCopyable<mbed::InterruptIn>::~NonCopyable()
                0x000000000000c746                mbed::NonCopyable<mbed::InterruptIn>::~NonCopyable()
 .text._ZNK4mbed8CallbackIFvvEEcvbEv
                0x000000000000c752       0x18 /home/pc/Desktop/Cours/micro_controller/labo1/mbed-os/Debug/libmbed-os.a(InterruptIn.o)
                0x000000000000c752                mbed::Callback<void ()>::operator bool() const
 .text._ZN4mbed8CallbackIFvvEEaSERKS2_
                0x000000000000c76a       0x34 /home/pc/Desktop/Cours/micro_controller/labo1/mbed-os/Debug/libmbed-os.a(InterruptIn.o)
                0x000000000000c76a                mbed::Callback<void ()>::operator=(mbed::Callback<void ()> const&)
 .text._ZNK4mbed8CallbackIFvvEEclEv
                0x000000000000c79e       0x14 /home/pc/Desktop/Cours/micro_controller/labo1/mbed-os/Debug/libmbed-os.a(InterruptIn.o)
                0x000000000000c79e                mbed::Callback<void ()>::operator()() const
 *fill*         0x000000000000c7b2        0x2 
 .text._ZNK4mbed8CallbackIFvvEE4callEv
                0x000000000000c7b4       0x34 /home/pc/Desktop/Cours/micro_controller/labo1/mbed-os/Debug/libmbed-os.a(InterruptIn.o)
                0x000000000000c7b4                mbed::Callback<void ()>::call() const
 .text._ZN4mbed6Ticker6detachEv
                0x000000000000c7e8       0x66 /home/pc/Desktop/Cours/micro_controller/labo1/mbed-os/Debug/libmbed-os.a(Ticker.o)
                0x000000000000c7e8                mbed::Ticker::detach()
 .text._ZN4mbed6Ticker5setupEy
                0x000000000000c84e       0x52 /home/pc/Desktop/Cours/micro_controller/labo1/mbed-os/Debug/libmbed-os.a(Ticker.o)
                0x000000000000c84e                mbed::Ticker::setup(unsigned long long)
 .text._ZN4mbed6Ticker7handlerEv
                0x000000000000c8a0       0x44 /home/pc/Desktop/Cours/micro_controller/labo1/mbed-os/Debug/libmbed-os.a(Ticker.o)
                0x000000000000c8a0                mbed::Ticker::handler()
 .text._ZN4mbed6Ticker9attach_usENS_8CallbackIFvvEEEy
                0x000000000000c8e4       0x60 /home/pc/Desktop/Cours/micro_controller/labo1/mbed-os/Debug/libmbed-os.a(Ticker.o)
                0x000000000000c8e4                mbed::Ticker::attach_us(mbed::Callback<void ()>, unsigned long long)
 .text._ZN4mbed10TimerEventC2Ev
                0x000000000000c944       0x54 /home/pc/Desktop/Cours/micro_controller/labo1/mbed-os/Debug/libmbed-os.a(TimerEvent.o)
                0x000000000000c944                mbed::TimerEvent::TimerEvent()
                0x000000000000c944                mbed::TimerEvent::TimerEvent()
 .text._ZN4mbed10TimerEvent3irqEm
                0x000000000000c998       0x1e /home/pc/Desktop/Cours/micro_controller/labo1/mbed-os/Debug/libmbed-os.a(TimerEvent.o)
                0x000000000000c998                mbed::TimerEvent::irq(unsigned long)
 *fill*         0x000000000000c9b6        0x2 
 .text._ZN4mbed10TimerEventD2Ev
                0x000000000000c9b8       0x28 /home/pc/Desktop/Cours/micro_controller/labo1/mbed-os/Debug/libmbed-os.a(TimerEvent.o)
                0x000000000000c9b8                mbed::TimerEvent::~TimerEvent()
                0x000000000000c9b8                mbed::TimerEvent::~TimerEvent()
 .text._ZN4mbed10TimerEvent15insert_absoluteEy
                0x000000000000c9e0       0x28 /home/pc/Desktop/Cours/micro_controller/labo1/mbed-os/Debug/libmbed-os.a(TimerEvent.o)
                0x000000000000c9e0                mbed::TimerEvent::insert_absolute(unsigned long long)
 .text._ZN4mbed10TimerEvent6removeEv
                0x000000000000ca08       0x1e /home/pc/Desktop/Cours/micro_controller/labo1/mbed-os/Debug/libmbed-os.a(TimerEvent.o)
                0x000000000000ca08                mbed::TimerEvent::remove()
 .text._ZN4mbed11NonCopyableINS_10TimerEventEEC2Ev
                0x000000000000ca26        0xc /home/pc/Desktop/Cours/micro_controller/labo1/mbed-os/Debug/libmbed-os.a(TimerEvent.o)
                0x000000000000ca26                mbed::NonCopyable<mbed::TimerEvent>::NonCopyable()
                0x000000000000ca26                mbed::NonCopyable<mbed::TimerEvent>::NonCopyable()
 .text._ZN4mbed11NonCopyableINS_10TimerEventEED2Ev
                0x000000000000ca32        0xc /home/pc/Desktop/Cours/micro_controller/labo1/mbed-os/Debug/libmbed-os.a(TimerEvent.o)
                0x000000000000ca32                mbed::NonCopyable<mbed::TimerEvent>::~NonCopyable()
                0x000000000000ca32                mbed::NonCopyable<mbed::TimerEvent>::~NonCopyable()
 *fill*         0x000000000000ca3e        0x2 
 .text.__NVIC_EnableIRQ
                0x000000000000ca40       0x34 /home/pc/Desktop/Cours/micro_controller/labo1/mbed-os/Debug/libmbed-os.a(gpio_irq_api.o)
 .text.__NVIC_SetVector
                0x000000000000ca74       0x2c /home/pc/Desktop/Cours/micro_controller/labo1/mbed-os/Debug/libmbed-os.a(gpio_irq_api.o)
 .text.handle_interrupt_in
                0x000000000000caa0      0x1ac /home/pc/Desktop/Cours/micro_controller/labo1/mbed-os/Debug/libmbed-os.a(gpio_irq_api.o)
 .text.gpio_irq_init
                0x000000000000cc4c       0xa8 /home/pc/Desktop/Cours/micro_controller/labo1/mbed-os/Debug/libmbed-os.a(gpio_irq_api.o)
                0x000000000000cc4c                gpio_irq_init
 .text.gpio_irq_free
                0x000000000000ccf4       0x1c /home/pc/Desktop/Cours/micro_controller/labo1/mbed-os/Debug/libmbed-os.a(gpio_irq_api.o)
                0x000000000000ccf4                gpio_irq_free
 .text.gpio_irq_set
                0x000000000000cd10      0x158 /home/pc/Desktop/Cours/micro_controller/labo1/mbed-os/Debug/libmbed-os.a(gpio_irq_api.o)
                0x000000000000cd10                gpio_irq_set
 .text._realloc_r
                0x000000000000ce68      0x358 /usr/local/mcuxpressoide-11.8.0_1165/ide/plugins/com.nxp.mcuxpresso.tools.linux_11.8.0.202306131047/tools/bin/../lib/gcc/arm-none-eabi/12.2.1/../../../../arm-none-eabi/lib/thumb/v7-m/nofp/libc.a(libc_a-reallocr.o)
                0x000000000000ce68                _realloc_r
 .text._malloc_trim_r
                0x000000000000d1c0       0xb8 /usr/local/mcuxpressoide-11.8.0_1165/ide/plugins/com.nxp.mcuxpresso.tools.linux_11.8.0.202306131047/tools/bin/../lib/gcc/arm-none-eabi/12.2.1/../../../../arm-none-eabi/lib/thumb/v7-m/nofp/libc.a(libc_a-freer.o)
                0x000000000000d1c0                _malloc_trim_r
 .text._free_r  0x000000000000d278      0x1f8 /usr/local/mcuxpressoide-11.8.0_1165/ide/plugins/com.nxp.mcuxpresso.tools.linux_11.8.0.202306131047/tools/bin/../lib/gcc/arm-none-eabi/12.2.1/../../../../arm-none-eabi/lib/thumb/v7-m/nofp/libc.a(libc_a-freer.o)
                0x000000000000d278                _free_r
 .text._sbrk_r  0x000000000000d470       0x24 /usr/local/mcuxpressoide-11.8.0_1165/ide/plugins/com.nxp.mcuxpresso.tools.linux_11.8.0.202306131047/tools/bin/../lib/gcc/arm-none-eabi/12.2.1/../../../../arm-none-eabi/lib/thumb/v7-m/nofp/libc.a(libc_a-sbrkr.o)
                0x000000000000d470                _sbrk_r
 .text._malloc_r
                0x000000000000d494      0x568 /usr/local/mcuxpressoide-11.8.0_1165/ide/plugins/com.nxp.mcuxpresso.tools.linux_11.8.0.202306131047/tools/bin/../lib/gcc/arm-none-eabi/12.2.1/../../../../arm-none-eabi/lib/thumb/v7-m/nofp/libc.a(libc_a-mallocr.o)
                0x000000000000d494                _malloc_r
 .text.sysconf  0x000000000000d9fc       0x1c /usr/local/mcuxpressoide-11.8.0_1165/ide/plugins/com.nxp.mcuxpresso.tools.linux_11.8.0.202306131047/tools/bin/../lib/gcc/arm-none-eabi/12.2.1/../../../../arm-none-eabi/lib/thumb/v7-m/nofp/libc.a(libc_a-sysconf.o)
                0x000000000000d9fc                sysconf
 .text._calloc_r
                0x000000000000da18       0x6c /usr/local/mcuxpressoide-11.8.0_1165/ide/plugins/com.nxp.mcuxpresso.tools.linux_11.8.0.202306131047/tools/bin/../lib/gcc/arm-none-eabi/12.2.1/../../../../arm-none-eabi/lib/thumb/v7-m/nofp/libc.a(libc_a-callocr.o)